[2025-04-03T09:38:24.591-0400][0.212s] CardTable entry size: 512
[2025-04-03T09:38:24.591-0400][0.213s] Using G1
[2025-04-03T09:38:24.822-0400][0.434s] Version: 18.0.1+10-24 (release)
[2025-04-03T09:38:24.822-0400][0.434s] CPUs: 8 total, 8 available
[2025-04-03T09:38:24.822-0400][0.434s] Memory: 7992M
[2025-04-03T09:38:24.822-0400][0.434s] Large Page Support: Disabled
[2025-04-03T09:38:24.822-0400][0.434s] NUMA Support: Disabled
[2025-04-03T09:38:24.822-0400][0.434s] Compressed Oops: Enabled (32-bit)
[2025-04-03T09:38:24.822-0400][0.434s] Heap Region Size: 1M
[2025-04-03T09:38:24.822-0400][0.434s] Heap Min Capacity: 512M
[2025-04-03T09:38:24.822-0400][0.434s] Heap Initial Capacity: 512M
[2025-04-03T09:38:24.822-0400][0.434s] Heap Max Capacity: 512M
[2025-04-03T09:38:24.822-0400][0.434s] Pre-touch: Enabled
[2025-04-03T09:38:24.822-0400][0.434s] Parallel Workers: 8
[2025-04-03T09:38:24.822-0400][0.434s] Concurrent Workers: 2
[2025-04-03T09:38:24.822-0400][0.434s] Concurrent Refinement Workers: 8
[2025-04-03T09:38:24.822-0400][0.434s] Periodic GC: Disabled
[2025-04-03T09:38:24.822-0400][0.436s] CDS archive(s) mapped at: [0x0000000800000000-0x0000000800b90000-0x0000000800b90000), size 12124160, SharedBaseAddress: 0x0000000800000000, ArchiveRelocationMode: 0.
[2025-04-03T09:38:24.822-0400][0.436s] Compressed class space mapped at: 0x0000000800c00000-0x0000000840c00000, reserved size: 1073741824
[2025-04-03T09:38:24.822-0400][0.436s] Narrow klass base: 0x0000000800000000, Narrow klass shift: 0, Narrow klass range: 0x100000000
[2025-04-03T09:38:36.276-0400][11.888s] GC(0) Pause Young (Normal) (G1 Evacuation Pause)
[2025-04-03T09:38:36.278-0400][11.890s] GC(0) Using 8 workers of 8 for evacuation
[2025-04-03T09:38:36.286-0400][11.898s] GC(0)   Pre Evacuate Collection Set: 0.2ms
[2025-04-03T09:38:36.286-0400][11.898s] GC(0)   Merge Heap Roots: 0.1ms
[2025-04-03T09:38:36.286-0400][11.898s] GC(0)   Evacuate Collection Set: 6.5ms
[2025-04-03T09:38:36.286-0400][11.898s] GC(0)   Post Evacuate Collection Set: 1.3ms
[2025-04-03T09:38:36.286-0400][11.898s] GC(0)   Other: 0.9ms
[2025-04-03T09:38:36.286-0400][11.898s] GC(0) Eden regions: 29->0(38)
[2025-04-03T09:38:36.286-0400][11.898s] GC(0) Survivor regions: 0->4(4)
[2025-04-03T09:38:36.286-0400][11.898s] GC(0) Old regions: 0->2
[2025-04-03T09:38:36.286-0400][11.898s] GC(0) Archive regions: 0->0
[2025-04-03T09:38:36.286-0400][11.898s] GC(0) Humongous regions: 0->0
[2025-04-03T09:38:36.286-0400][11.898s] GC(0) Metaspace: 10118K(10432K)->10118K(10432K) NonClass: 8934K(9088K)->8934K(9088K) Class: 1184K(1344K)->1184K(1344K)
[2025-04-03T09:38:36.286-0400][11.898s] GC(0) Pause Young (Normal) (G1 Evacuation Pause) 29M->5M(512M) 9.862ms
[2025-04-03T09:38:36.286-0400][11.898s] GC(0) User=0.00s Sys=0.02s Real=0.01s
[2025-04-03T09:38:40.088-0400][15.699s] GC(1) Pause Young (Normal) (G1 Evacuation Pause)
[2025-04-03T09:38:40.088-0400][15.699s] GC(1) Using 8 workers of 8 for evacuation
[2025-04-03T09:38:40.098-0400][15.710s] GC(1)   Pre Evacuate Collection Set: 0.1ms
[2025-04-03T09:38:40.098-0400][15.710s] GC(1)   Merge Heap Roots: 0.1ms
[2025-04-03T09:38:40.098-0400][15.710s] GC(1)   Evacuate Collection Set: 9.7ms
[2025-04-03T09:38:40.098-0400][15.710s] GC(1)   Post Evacuate Collection Set: 0.7ms
[2025-04-03T09:38:40.098-0400][15.710s] GC(1)   Other: 0.2ms
[2025-04-03T09:38:40.098-0400][15.710s] GC(1) Eden regions: 34->0(47)
[2025-04-03T09:38:40.098-0400][15.710s] GC(1) Survivor regions: 4->5(5)
[2025-04-03T09:38:40.098-0400][15.710s] GC(1) Old regions: 2->10
[2025-04-03T09:38:40.098-0400][15.710s] GC(1) Archive regions: 0->0
[2025-04-03T09:38:40.098-0400][15.710s] GC(1) Humongous regions: 4->4
[2025-04-03T09:38:40.098-0400][15.710s] GC(1) Metaspace: 18028K(18432K)->18028K(18432K) NonClass: 15926K(16128K)->15926K(16128K) Class: 2101K(2304K)->2101K(2304K)
[2025-04-03T09:38:40.098-0400][15.710s] GC(1) Pause Young (Normal) (G1 Evacuation Pause) 42M->18M(512M) 11.098ms
[2025-04-03T09:38:40.098-0400][15.710s] GC(1) User=0.06s Sys=0.03s Real=0.01s
[2025-04-03T09:38:41.787-0400][17.400s] GC(2) Pause Young (Concurrent Start) (Metadata GC Threshold)
[2025-04-03T09:38:41.787-0400][17.400s] GC(2) Using 8 workers of 8 for evacuation
[2025-04-03T09:38:41.793-0400][17.405s] GC(2)   Pre Evacuate Collection Set: 0.3ms
[2025-04-03T09:38:41.793-0400][17.405s] GC(2)   Merge Heap Roots: 0.1ms
[2025-04-03T09:38:41.793-0400][17.405s] GC(2)   Evacuate Collection Set: 3.8ms
[2025-04-03T09:38:41.793-0400][17.405s] GC(2)   Post Evacuate Collection Set: 0.8ms
[2025-04-03T09:38:41.793-0400][17.405s] GC(2)   Other: 0.1ms
[2025-04-03T09:38:41.793-0400][17.405s] GC(2) Eden regions: 31->0(55)
[2025-04-03T09:38:41.793-0400][17.405s] GC(2) Survivor regions: 5->5(7)
[2025-04-03T09:38:41.793-0400][17.405s] GC(2) Old regions: 10->15
[2025-04-03T09:38:41.793-0400][17.405s] GC(2) Archive regions: 0->0
[2025-04-03T09:38:41.793-0400][17.406s] GC(2) Humongous regions: 4->4
[2025-04-03T09:38:41.793-0400][17.406s] GC(2) Metaspace: 21086K(21504K)->21086K(21504K) NonClass: 18632K(18816K)->18632K(18816K) Class: 2454K(2688K)->2454K(2688K)
[2025-04-03T09:38:41.794-0400][17.406s] GC(2) Pause Young (Concurrent Start) (Metadata GC Threshold) 49M->23M(512M) 5.402ms
[2025-04-03T09:38:41.794-0400][17.406s] GC(2) User=0.08s Sys=0.05s Real=0.01s
[2025-04-03T09:38:41.794-0400][17.406s] GC(3) Concurrent Mark Cycle
[2025-04-03T09:38:41.794-0400][17.406s] GC(3) Concurrent Clear Claimed Marks
[2025-04-03T09:38:41.794-0400][17.406s] GC(3) Concurrent Clear Claimed Marks 0.046ms
[2025-04-03T09:38:41.794-0400][17.406s] GC(3) Concurrent Scan Root Regions
[2025-04-03T09:38:41.797-0400][17.410s] GC(3) Concurrent Scan Root Regions 3.800ms
[2025-04-03T09:38:41.799-0400][17.410s] GC(3) Concurrent Mark
[2025-04-03T09:38:41.799-0400][17.410s] GC(3) Concurrent Mark From Roots
[2025-04-03T09:38:41.799-0400][17.410s] GC(3) Using 2 workers of 2 for marking
[2025-04-03T09:38:41.817-0400][17.429s] GC(3) Concurrent Mark From Roots 19.713ms
[2025-04-03T09:38:41.817-0400][17.429s] GC(3) Concurrent Preclean
[2025-04-03T09:38:41.817-0400][17.430s] GC(3) Concurrent Preclean 0.049ms
[2025-04-03T09:38:41.817-0400][17.430s] GC(3) Pause Remark
[2025-04-03T09:38:41.821-0400][17.433s] GC(3) Pause Remark 24M->24M(512M) 3.186ms
[2025-04-03T09:38:41.821-0400][17.433s] GC(3) User=0.00s Sys=0.00s Real=0.00s
[2025-04-03T09:38:41.821-0400][17.433s] GC(3) Concurrent Mark 23.617ms
[2025-04-03T09:38:41.821-0400][17.433s] GC(3) Concurrent Rebuild Remembered Sets
[2025-04-03T09:38:41.821-0400][17.433s] GC(3) Concurrent Rebuild Remembered Sets 0.020ms
[2025-04-03T09:38:41.821-0400][17.434s] GC(3) Pause Cleanup
[2025-04-03T09:38:41.821-0400][17.434s] GC(3) Pause Cleanup 24M->24M(512M) 0.049ms
[2025-04-03T09:38:41.821-0400][17.434s] GC(3) User=0.00s Sys=0.00s Real=0.00s
[2025-04-03T09:38:41.821-0400][17.434s] GC(3) Concurrent Cleanup for Next Mark
[2025-04-03T09:38:41.823-0400][17.435s] GC(3) Concurrent Cleanup for Next Mark 1.447ms
[2025-04-03T09:38:41.823-0400][17.435s] GC(3) Concurrent Mark Cycle 29.829ms
[2025-04-03T09:38:44.673-0400][20.296s] GC(4) Pause Young (Normal) (G1 Evacuation Pause)
[2025-04-03T09:38:44.673-0400][20.296s] GC(4) Using 8 workers of 8 for evacuation
[2025-04-03T09:38:44.689-0400][20.300s] GC(4)   Pre Evacuate Collection Set: 0.2ms
[2025-04-03T09:38:44.689-0400][20.300s] GC(4)   Merge Heap Roots: 0.2ms
[2025-04-03T09:38:44.689-0400][20.300s] GC(4)   Evacuate Collection Set: 3.0ms
[2025-04-03T09:38:44.689-0400][20.300s] GC(4)   Post Evacuate Collection Set: 0.9ms
[2025-04-03T09:38:44.689-0400][20.300s] GC(4)   Other: 0.1ms
[2025-04-03T09:38:44.689-0400][20.300s] GC(4) Eden regions: 55->0(301)
[2025-04-03T09:38:44.689-0400][20.300s] GC(4) Survivor regions: 5->6(8)
[2025-04-03T09:38:44.689-0400][20.300s] GC(4) Old regions: 15->15
[2025-04-03T09:38:44.689-0400][20.300s] GC(4) Archive regions: 0->0
[2025-04-03T09:38:44.689-0400][20.300s] GC(4) Humongous regions: 4->4
[2025-04-03T09:38:44.689-0400][20.301s] GC(4) Metaspace: 28559K(28992K)->28559K(28992K) NonClass: 25207K(25408K)->25207K(25408K) Class: 3352K(3584K)->3352K(3584K)
[2025-04-03T09:38:44.689-0400][20.301s] GC(4) Pause Young (Normal) (G1 Evacuation Pause) 78M->24M(512M) 4.768ms
[2025-04-03T09:38:44.689-0400][20.301s] GC(4) User=0.00s Sys=0.00s Real=0.02s
[2025-04-03T09:38:47.572-0400][23.183s] GC(5) Pause Young (Concurrent Start) (Metadata GC Threshold)
[2025-04-03T09:38:47.572-0400][23.183s] GC(5) Using 8 workers of 8 for evacuation
[2025-04-03T09:38:47.594-0400][23.205s] GC(5)   Pre Evacuate Collection Set: 0.5ms
[2025-04-03T09:38:47.594-0400][23.206s] GC(5)   Merge Heap Roots: 0.3ms
[2025-04-03T09:38:47.594-0400][23.206s] GC(5)   Evacuate Collection Set: 18.0ms
[2025-04-03T09:38:47.594-0400][23.206s] GC(5)   Post Evacuate Collection Set: 2.9ms
[2025-04-03T09:38:47.594-0400][23.206s] GC(5)   Other: 0.4ms
[2025-04-03T09:38:47.594-0400][23.206s] GC(5) Eden regions: 33->0(297)
[2025-04-03T09:38:47.594-0400][23.206s] GC(5) Survivor regions: 6->10(39)
[2025-04-03T09:38:47.594-0400][23.206s] GC(5) Old regions: 15->15
[2025-04-03T09:38:47.594-0400][23.206s] GC(5) Archive regions: 0->0
[2025-04-03T09:38:47.594-0400][23.206s] GC(5) Humongous regions: 4->4
[2025-04-03T09:38:47.594-0400][23.206s] GC(5) Metaspace: 35649K(36096K)->35649K(36096K) NonClass: 31423K(31680K)->31423K(31680K) Class: 4225K(4416K)->4225K(4416K)
[2025-04-03T09:38:47.595-0400][23.206s] GC(5) Pause Young (Concurrent Start) (Metadata GC Threshold) 57M->28M(512M) 23.316ms
[2025-04-03T09:38:47.595-0400][23.207s] GC(5) User=0.17s Sys=0.08s Real=0.02s
[2025-04-03T09:38:47.595-0400][23.207s] GC(6) Concurrent Mark Cycle
[2025-04-03T09:38:47.595-0400][23.207s] GC(6) Concurrent Clear Claimed Marks
[2025-04-03T09:38:47.595-0400][23.207s] GC(6) Concurrent Clear Claimed Marks 0.122ms
[2025-04-03T09:38:47.595-0400][23.207s] GC(6) Concurrent Scan Root Regions
[2025-04-03T09:38:47.607-0400][23.220s] GC(6) Concurrent Scan Root Regions 13.252ms
[2025-04-03T09:38:47.607-0400][23.220s] GC(6) Concurrent Mark
[2025-04-03T09:38:47.607-0400][23.220s] GC(6) Concurrent Mark From Roots
[2025-04-03T09:38:47.607-0400][23.221s] GC(6) Using 2 workers of 2 for marking
[2025-04-03T09:38:47.664-0400][23.276s] GC(6) Concurrent Mark From Roots 55.274ms
[2025-04-03T09:38:47.664-0400][23.276s] GC(6) Concurrent Preclean
[2025-04-03T09:38:47.664-0400][23.276s] GC(6) Concurrent Preclean 0.097ms
[2025-04-03T09:38:47.665-0400][23.276s] GC(6) Pause Remark
[2025-04-03T09:38:47.671-0400][23.282s] GC(6) Pause Remark 30M->30M(512M) 5.640ms
[2025-04-03T09:38:47.671-0400][23.282s] GC(6) User=0.03s Sys=0.03s Real=0.01s
[2025-04-03T09:38:47.671-0400][23.282s] GC(6) Concurrent Mark 61.946ms
[2025-04-03T09:38:47.671-0400][23.283s] GC(6) Concurrent Rebuild Remembered Sets
[2025-04-03T09:38:47.684-0400][23.296s] GC(6) Concurrent Rebuild Remembered Sets 13.130ms
[2025-04-03T09:38:47.685-0400][23.296s] GC(6) Pause Cleanup
[2025-04-03T09:38:47.685-0400][23.296s] GC(6) Pause Cleanup 30M->30M(512M) 0.193ms
[2025-04-03T09:38:47.685-0400][23.296s] GC(6) User=0.00s Sys=0.00s Real=0.00s
[2025-04-03T09:38:47.685-0400][23.296s] GC(6) Concurrent Cleanup for Next Mark
[2025-04-03T09:38:47.686-0400][23.297s] GC(6) Concurrent Cleanup for Next Mark 1.096ms
[2025-04-03T09:38:47.686-0400][23.298s] GC(6) Concurrent Mark Cycle 90.938ms
[2025-04-03T09:38:54.831-0400][30.443s] GC(7) Pause Young (Normal) (G1 Evacuation Pause)
[2025-04-03T09:38:54.831-0400][30.443s] GC(7) Using 8 workers of 8 for evacuation
[2025-04-03T09:38:54.845-0400][30.456s] GC(7)   Pre Evacuate Collection Set: 0.1ms
[2025-04-03T09:38:54.845-0400][30.456s] GC(7)   Merge Heap Roots: 0.1ms
[2025-04-03T09:38:54.845-0400][30.456s] GC(7)   Evacuate Collection Set: 11.1ms
[2025-04-03T09:38:54.845-0400][30.456s] GC(7)   Post Evacuate Collection Set: 1.3ms
[2025-04-03T09:38:54.845-0400][30.456s] GC(7)   Other: 0.2ms
[2025-04-03T09:38:54.845-0400][30.456s] GC(7) Eden regions: 297->0(278)
[2025-04-03T09:38:54.845-0400][30.456s] GC(7) Survivor regions: 10->29(39)
[2025-04-03T09:38:54.845-0400][30.456s] GC(7) Old regions: 15->15
[2025-04-03T09:38:54.845-0400][30.456s] GC(7) Archive regions: 0->0
[2025-04-03T09:38:54.845-0400][30.456s] GC(7) Humongous regions: 4->4
[2025-04-03T09:38:54.845-0400][30.456s] GC(7) Metaspace: 47164K(47744K)->47164K(47744K) NonClass: 41440K(41728K)->41440K(41728K) Class: 5724K(6016K)->5724K(6016K)
[2025-04-03T09:38:54.845-0400][30.456s] GC(7) Pause Young (Normal) (G1 Evacuation Pause) 325M->47M(512M) 13.208ms
[2025-04-03T09:38:54.845-0400][30.456s] GC(7) User=0.11s Sys=0.02s Real=0.01s
[2025-04-03T09:39:09.938-0400][45.549s] GC(8) Pause Young (Normal) (G1 Evacuation Pause)
[2025-04-03T09:39:09.938-0400][45.549s] GC(8) Using 8 workers of 8 for evacuation
[2025-04-03T09:39:09.959-0400][45.570s] GC(8)   Pre Evacuate Collection Set: 0.2ms
[2025-04-03T09:39:09.959-0400][45.570s] GC(8)   Merge Heap Roots: 0.1ms
[2025-04-03T09:39:09.959-0400][45.570s] GC(8)   Evacuate Collection Set: 19.1ms
[2025-04-03T09:39:09.959-0400][45.570s] GC(8)   Post Evacuate Collection Set: 1.3ms
[2025-04-03T09:39:09.959-0400][45.570s] GC(8)   Other: 0.1ms
[2025-04-03T09:39:09.959-0400][45.570s] GC(8) Eden regions: 278->0(269)
[2025-04-03T09:39:09.959-0400][45.570s] GC(8) Survivor regions: 29->38(39)
[2025-04-03T09:39:09.959-0400][45.570s] GC(8) Old regions: 15->25
[2025-04-03T09:39:09.959-0400][45.570s] GC(8) Archive regions: 0->0
[2025-04-03T09:39:09.959-0400][45.570s] GC(8) Humongous regions: 4->4
[2025-04-03T09:39:09.959-0400][45.570s] GC(8) Metaspace: 54337K(55104K)->54337K(55104K) NonClass: 47707K(48128K)->47707K(48128K) Class: 6629K(6976K)->6629K(6976K)
[2025-04-03T09:39:09.959-0400][45.570s] GC(8) Pause Young (Normal) (G1 Evacuation Pause) 325M->66M(512M) 21.024ms
[2025-04-03T09:39:09.959-0400][45.570s] GC(8) User=0.12s Sys=0.00s Real=0.02s
[2025-04-03T09:39:10.798-0400][46.409s] GC(9) Pause Young (Normal) (G1 Evacuation Pause)
[2025-04-03T09:39:10.798-0400][46.409s] GC(9) Using 8 workers of 8 for evacuation
[2025-04-03T09:39:10.818-0400][46.430s] GC(9)   Pre Evacuate Collection Set: 0.1ms
[2025-04-03T09:39:10.818-0400][46.430s] GC(9)   Merge Heap Roots: 0.2ms
[2025-04-03T09:39:10.818-0400][46.430s] GC(9)   Evacuate Collection Set: 19.4ms
[2025-04-03T09:39:10.818-0400][46.430s] GC(9)   Post Evacuate Collection Set: 1.0ms
[2025-04-03T09:39:10.818-0400][46.430s] GC(9)   Other: 0.1ms
[2025-04-03T09:39:10.818-0400][46.430s] GC(9) Eden regions: 269->0(299)
[2025-04-03T09:39:10.818-0400][46.430s] GC(9) Survivor regions: 38->8(39)
[2025-04-03T09:39:10.818-0400][46.430s] GC(9) Old regions: 25->60
[2025-04-03T09:39:10.818-0400][46.430s] GC(9) Archive regions: 0->0
[2025-04-03T09:39:10.818-0400][46.430s] GC(9) Humongous regions: 5->5
[2025-04-03T09:39:10.818-0400][46.430s] GC(9) Metaspace: 54472K(55232K)->54472K(55232K) NonClass: 47816K(48192K)->47816K(48192K) Class: 6655K(7040K)->6655K(7040K)
[2025-04-03T09:39:10.818-0400][46.431s] GC(9) Pause Young (Normal) (G1 Evacuation Pause) 336M->71M(512M) 21.307ms
[2025-04-03T09:39:10.818-0400][46.431s] GC(9) User=0.12s Sys=0.00s Real=0.02s
[2025-04-03T09:39:11.696-0400][47.309s] GC(10) Pause Young (Normal) (G1 Evacuation Pause)
[2025-04-03T09:39:11.696-0400][47.309s] GC(10) Using 8 workers of 8 for evacuation
[2025-04-03T09:39:11.699-0400][47.312s] GC(10)   Pre Evacuate Collection Set: 0.1ms
[2025-04-03T09:39:11.699-0400][47.312s] GC(10)   Merge Heap Roots: 0.2ms
[2025-04-03T09:39:11.699-0400][47.312s] GC(10)   Evacuate Collection Set: 2.0ms
[2025-04-03T09:39:11.699-0400][47.312s] GC(10)   Post Evacuate Collection Set: 0.8ms
[2025-04-03T09:39:11.699-0400][47.312s] GC(10)   Other: 0.1ms
[2025-04-03T09:39:11.699-0400][47.312s] GC(10) Eden regions: 299->0(298)
[2025-04-03T09:39:11.699-0400][47.312s] GC(10) Survivor regions: 8->9(39)
[2025-04-03T09:39:11.699-0400][47.312s] GC(10) Old regions: 60->60
[2025-04-03T09:39:11.699-0400][47.312s] GC(10) Archive regions: 0->0
[2025-04-03T09:39:11.699-0400][47.312s] GC(10) Humongous regions: 5->5
[2025-04-03T09:39:11.699-0400][47.312s] GC(10) Metaspace: 55578K(56320K)->55578K(56320K) NonClass: 48771K(49152K)->48771K(49152K) Class: 6806K(7168K)->6806K(7168K)
[2025-04-03T09:39:11.699-0400][47.312s] GC(10) Pause Young (Normal) (G1 Evacuation Pause) 370M->73M(512M) 3.364ms
[2025-04-03T09:39:11.699-0400][47.312s] GC(10) User=0.12s Sys=0.00s Real=0.00s
[2025-04-03T09:43:09.647-0400][285.260s] GC(11) Pause Young (Concurrent Start) (Metadata GC Threshold)
[2025-04-03T09:43:09.647-0400][285.260s] GC(11) Using 8 workers of 8 for evacuation
[2025-04-03T09:43:09.653-0400][285.265s] GC(11)   Pre Evacuate Collection Set: 0.2ms
[2025-04-03T09:43:09.653-0400][285.265s] GC(11)   Merge Heap Roots: 0.1ms
[2025-04-03T09:43:09.653-0400][285.265s] GC(11)   Evacuate Collection Set: 4.5ms
[2025-04-03T09:43:09.653-0400][285.265s] GC(11)   Post Evacuate Collection Set: 0.7ms
[2025-04-03T09:43:09.653-0400][285.265s] GC(11)   Other: 0.1ms
[2025-04-03T09:43:09.653-0400][285.265s] GC(11) Eden regions: 177->0(295)
[2025-04-03T09:43:09.653-0400][285.265s] GC(11) Survivor regions: 9->12(39)
[2025-04-03T09:43:09.653-0400][285.265s] GC(11) Old regions: 60->60
[2025-04-03T09:43:09.653-0400][285.265s] GC(11) Archive regions: 0->0
[2025-04-03T09:43:09.653-0400][285.265s] GC(11) Humongous regions: 6->6
[2025-04-03T09:43:09.653-0400][285.265s] GC(11) Metaspace: 59707K(60416K)->59707K(60416K) NonClass: 52405K(52800K)->52405K(52800K) Class: 7301K(7616K)->7301K(7616K)
[2025-04-03T09:43:09.653-0400][285.265s] GC(11) Pause Young (Concurrent Start) (Metadata GC Threshold) 250M->77M(512M) 5.971ms
[2025-04-03T09:43:09.654-0400][285.266s] GC(11) User=0.12s Sys=0.00s Real=0.01s
[2025-04-03T09:43:09.654-0400][285.266s] GC(12) Concurrent Mark Cycle
[2025-04-03T09:43:09.654-0400][285.266s] GC(12) Concurrent Clear Claimed Marks
[2025-04-03T09:43:09.654-0400][285.266s] GC(12) Concurrent Clear Claimed Marks 0.068ms
[2025-04-03T09:43:09.654-0400][285.266s] GC(12) Concurrent Scan Root Regions
[2025-04-03T09:43:09.656-0400][285.268s] GC(12) Concurrent Scan Root Regions 2.257ms
[2025-04-03T09:43:09.656-0400][285.268s] GC(12) Concurrent Mark
[2025-04-03T09:43:09.656-0400][285.268s] GC(12) Concurrent Mark From Roots
[2025-04-03T09:43:09.656-0400][285.268s] GC(12) Using 2 workers of 2 for marking
[2025-04-03T09:43:09.723-0400][285.336s] GC(12) Concurrent Mark From Roots 68.136ms
[2025-04-03T09:43:09.723-0400][285.336s] GC(12) Concurrent Preclean
[2025-04-03T09:43:09.723-0400][285.336s] GC(12) Concurrent Preclean 0.177ms
[2025-04-03T09:43:09.723-0400][285.336s] GC(12) Pause Remark
[2025-04-03T09:43:09.739-0400][285.352s] GC(12) Pause Remark 78M->76M(512M) 15.464ms
[2025-04-03T09:43:09.739-0400][285.352s] GC(12) User=0.06s Sys=0.00s Real=0.02s
[2025-04-03T09:43:09.741-0400][285.352s] GC(12) Concurrent Mark 84.159ms
[2025-04-03T09:43:09.741-0400][285.352s] GC(12) Concurrent Rebuild Remembered Sets
[2025-04-03T09:43:09.769-0400][285.383s] GC(12) Concurrent Rebuild Remembered Sets 31.217ms
[2025-04-03T09:43:09.769-0400][285.384s] GC(12) Pause Cleanup
[2025-04-03T09:43:09.773-0400][285.384s] GC(12) Pause Cleanup 76M->76M(512M) 0.172ms
[2025-04-03T09:43:09.773-0400][285.384s] GC(12) User=0.00s Sys=0.00s Real=0.00s
[2025-04-03T09:43:09.773-0400][285.384s] GC(12) Concurrent Cleanup for Next Mark
[2025-04-03T09:43:09.773-0400][285.385s] GC(12) Concurrent Cleanup for Next Mark 0.732ms
[2025-04-03T09:43:09.773-0400][285.385s] GC(12) Concurrent Mark Cycle 119.075ms
[2025-04-03T10:34:55.555-0400][3391.166s] GC(13) Pause Young (Prepare Mixed) (G1 Evacuation Pause)
[2025-04-03T10:34:55.803-0400][3391.416s] GC(13) Using 8 workers of 8 for evacuation
[2025-04-03T10:35:02.673-0400][3398.288s] GC(13) MMU target violated: 251.0ms (250.0ms/251.0ms)
[2025-04-03T10:35:02.673-0400][3398.288s] GC(13)   Pre Evacuate Collection Set: 172.1ms
[2025-04-03T10:35:02.673-0400][3398.288s] GC(13)   Merge Heap Roots: 162.5ms
[2025-04-03T10:35:02.673-0400][3398.288s] GC(13)   Evacuate Collection Set: 5822.7ms
[2025-04-03T10:35:02.673-0400][3398.288s] GC(13)   Post Evacuate Collection Set: 634.3ms
[2025-04-03T10:35:02.673-0400][3398.289s] GC(13)   Other: 165.9ms
[2025-04-03T10:35:02.673-0400][3398.289s] GC(13) Eden regions: 295->0(19)
[2025-04-03T10:35:02.673-0400][3398.289s] GC(13) Survivor regions: 12->6(39)
[2025-04-03T10:35:02.673-0400][3398.289s] GC(13) Old regions: 60->60
[2025-04-03T10:35:02.673-0400][3398.289s] GC(13) Archive regions: 0->0
[2025-04-03T10:35:02.673-0400][3398.289s] GC(13) Humongous regions: 4->4
[2025-04-03T10:35:02.698-0400][3398.311s] GC(13) Metaspace: 60129K(60928K)->60129K(60928K) NonClass: 52850K(53248K)->52850K(53248K) Class: 7279K(7680K)->7279K(7680K)
[2025-04-03T10:35:02.743-0400][3398.357s] GC(13) Pause Young (Prepare Mixed) (G1 Evacuation Pause) 370M->69M(512M) 7191.372ms
[2025-04-03T10:35:02.743-0400][3398.357s] GC(13) User=1.02s Sys=0.52s Real=7.19s
[2025-04-03T10:43:00.341-0400][3875.953s] GC(14) Pause Young (Mixed) (G1 Evacuation Pause)
[2025-04-03T10:43:00.341-0400][3875.953s] GC(14) Using 8 workers of 8 for evacuation
[2025-04-03T10:43:02.416-0400][3878.027s] GC(14) MMU target violated: 251.0ms (250.0ms/251.0ms)
[2025-04-03T10:43:02.416-0400][3878.027s] GC(14)   Pre Evacuate Collection Set: 0.3ms
[2025-04-03T10:43:02.416-0400][3878.027s] GC(14)   Merge Heap Roots: 14.0ms
[2025-04-03T10:43:02.416-0400][3878.027s] GC(14)   Evacuate Collection Set: 2018.1ms
[2025-04-03T10:43:02.416-0400][3878.027s] GC(14)   Post Evacuate Collection Set: 25.2ms
[2025-04-03T10:43:02.416-0400][3878.027s] GC(14)   Other: 16.6ms
[2025-04-03T10:43:02.416-0400][3878.027s] GC(14) Eden regions: 19->0(23)
[2025-04-03T10:43:02.416-0400][3878.027s] GC(14) Survivor regions: 6->2(4)
[2025-04-03T10:43:02.416-0400][3878.027s] GC(14) Old regions: 60->65
[2025-04-03T10:43:02.416-0400][3878.027s] GC(14) Archive regions: 0->0
[2025-04-03T10:43:02.416-0400][3878.028s] GC(14) Humongous regions: 4->4
[2025-04-03T10:43:02.416-0400][3878.028s] GC(14) Metaspace: 60136K(60928K)->60136K(60928K) NonClass: 52857K(53248K)->52857K(53248K) Class: 7279K(7680K)->7279K(7680K)
[2025-04-03T10:43:02.424-0400][3878.036s] GC(14) Pause Young (Mixed) (G1 Evacuation Pause) 88M->69M(512M) 2075.042ms
[2025-04-03T10:43:02.424-0400][3878.036s] GC(14) User=0.53s Sys=0.30s Real=2.08s
[2025-04-03T10:59:31.271-0400][4866.883s] GC(15) Pause Young (Normal) (G1 Evacuation Pause)
[2025-04-03T10:59:31.271-0400][4866.883s] GC(15) Using 8 workers of 8 for evacuation
[2025-04-03T10:59:31.366-0400][4866.977s] GC(15)   Pre Evacuate Collection Set: 12.1ms
[2025-04-03T10:59:31.366-0400][4866.977s] GC(15)   Merge Heap Roots: 10.7ms
[2025-04-03T10:59:31.366-0400][4866.977s] GC(15)   Evacuate Collection Set: 61.0ms
[2025-04-03T10:59:31.366-0400][4866.977s] GC(15)   Post Evacuate Collection Set: 10.1ms
[2025-04-03T10:59:31.366-0400][4866.977s] GC(15)   Other: 0.3ms
[2025-04-03T10:59:31.366-0400][4866.977s] GC(15) Eden regions: 23->0(24)
[2025-04-03T10:59:31.366-0400][4866.977s] GC(15) Survivor regions: 2->1(4)
[2025-04-03T10:59:31.366-0400][4866.977s] GC(15) Old regions: 65->65
[2025-04-03T10:59:31.366-0400][4866.977s] GC(15) Archive regions: 0->0
[2025-04-03T10:59:31.366-0400][4866.977s] GC(15) Humongous regions: 4->4
[2025-04-03T10:59:31.366-0400][4866.977s] GC(15) Metaspace: 60140K(60928K)->60140K(60928K) NonClass: 52861K(53248K)->52861K(53248K) Class: 7279K(7680K)->7279K(7680K)
[2025-04-03T10:59:31.376-0400][4866.987s] GC(15) Pause Young (Normal) (G1 Evacuation Pause) 92M->68M(512M) 103.912ms
[2025-04-03T10:59:31.376-0400][4866.987s] GC(15) User=0.03s Sys=0.02s Real=0.11s
[2025-04-03T10:59:31.669-0400][4867.280s] GC(16) Pause Young (Normal) (G1 Evacuation Pause)
[2025-04-03T10:59:31.669-0400][4867.280s] GC(16) Using 8 workers of 8 for evacuation
[2025-04-03T10:59:31.726-0400][4867.337s] GC(16)   Pre Evacuate Collection Set: 10.7ms
[2025-04-03T10:59:31.726-0400][4867.337s] GC(16)   Merge Heap Roots: 0.2ms
[2025-04-03T10:59:31.726-0400][4867.337s] GC(16)   Evacuate Collection Set: 44.2ms
[2025-04-03T10:59:31.726-0400][4867.337s] GC(16)   Post Evacuate Collection Set: 1.1ms
[2025-04-03T10:59:31.726-0400][4867.337s] GC(16)   Other: 0.3ms
[2025-04-03T10:59:31.726-0400][4867.337s] GC(16) Eden regions: 24->0(24)
[2025-04-03T10:59:31.726-0400][4867.337s] GC(16) Survivor regions: 1->1(4)
[2025-04-03T10:59:31.726-0400][4867.337s] GC(16) Old regions: 65->65
[2025-04-03T10:59:31.726-0400][4867.337s] GC(16) Archive regions: 0->0
[2025-04-03T10:59:31.726-0400][4867.337s] GC(16) Humongous regions: 4->4
[2025-04-03T10:59:31.726-0400][4867.337s] GC(16) Metaspace: 60141K(60928K)->60141K(60928K) NonClass: 52862K(53248K)->52862K(53248K) Class: 7279K(7680K)->7279K(7680K)
[2025-04-03T10:59:31.726-0400][4867.337s] GC(16) Pause Young (Normal) (G1 Evacuation Pause) 92M->68M(512M) 57.052ms
[2025-04-03T10:59:31.726-0400][4867.337s] GC(16) User=0.02s Sys=0.00s Real=0.06s
[2025-04-03T11:04:15.187-0400][5150.798s] GC(17) Pause Young (Normal) (G1 Evacuation Pause)
[2025-04-03T11:04:15.187-0400][5150.799s] GC(17) Using 8 workers of 8 for evacuation
[2025-04-03T11:04:15.291-0400][5150.902s] GC(17)   Pre Evacuate Collection Set: 0.2ms
[2025-04-03T11:04:15.291-0400][5150.902s] GC(17)   Merge Heap Roots: 0.3ms
[2025-04-03T11:04:15.291-0400][5150.902s] GC(17)   Evacuate Collection Set: 92.9ms
[2025-04-03T11:04:15.291-0400][5150.902s] GC(17)   Post Evacuate Collection Set: 9.7ms
[2025-04-03T11:04:15.291-0400][5150.902s] GC(17)   Other: 0.2ms
[2025-04-03T11:04:15.291-0400][5150.902s] GC(17) Eden regions: 24->0(24)
[2025-04-03T11:04:15.291-0400][5150.902s] GC(17) Survivor regions: 1->1(4)
[2025-04-03T11:04:15.291-0400][5150.902s] GC(17) Old regions: 65->65
[2025-04-03T11:04:15.291-0400][5150.902s] GC(17) Archive regions: 0->0
[2025-04-03T11:04:15.291-0400][5150.902s] GC(17) Humongous regions: 4->4
[2025-04-03T11:04:15.291-0400][5150.902s] GC(17) Metaspace: 60152K(60928K)->60152K(60928K) NonClass: 52873K(53248K)->52873K(53248K) Class: 7279K(7680K)->7279K(7680K)
[2025-04-03T11:04:15.301-0400][5150.912s] GC(17) Pause Young (Normal) (G1 Evacuation Pause) 92M->68M(512M) 113.672ms
[2025-04-03T11:04:15.301-0400][5150.912s] GC(17) User=0.02s Sys=0.02s Real=0.11s
[2025-04-03T11:08:22.800-0400][5398.411s] GC(18) Pause Young (Normal) (G1 Evacuation Pause)
[2025-04-03T11:08:22.800-0400][5398.411s] GC(18) Using 8 workers of 8 for evacuation
[2025-04-03T11:08:22.930-0400][5398.541s] GC(18)   Pre Evacuate Collection Set: 0.2ms
[2025-04-03T11:08:22.930-0400][5398.541s] GC(18)   Merge Heap Roots: 0.2ms
[2025-04-03T11:08:22.930-0400][5398.541s] GC(18)   Evacuate Collection Set: 111.2ms
[2025-04-03T11:08:22.930-0400][5398.541s] GC(18)   Post Evacuate Collection Set: 18.2ms
[2025-04-03T11:08:22.930-0400][5398.541s] GC(18)   Other: 0.3ms
[2025-04-03T11:08:22.930-0400][5398.541s] GC(18) Eden regions: 24->0(24)
[2025-04-03T11:08:22.930-0400][5398.541s] GC(18) Survivor regions: 1->1(4)
[2025-04-03T11:08:22.930-0400][5398.541s] GC(18) Old regions: 65->65
[2025-04-03T11:08:22.930-0400][5398.542s] GC(18) Archive regions: 0->0
[2025-04-03T11:08:22.930-0400][5398.542s] GC(18) Humongous regions: 4->4
[2025-04-03T11:08:22.930-0400][5398.542s] GC(18) Metaspace: 60169K(60928K)->60169K(60928K) NonClass: 52890K(53248K)->52890K(53248K) Class: 7279K(7680K)->7279K(7680K)
[2025-04-03T11:08:22.930-0400][5398.542s] GC(18) Pause Young (Normal) (G1 Evacuation Pause) 92M->68M(512M) 130.619ms
[2025-04-03T11:08:22.930-0400][5398.542s] GC(18) User=0.00s Sys=0.00s Real=0.13s
[2025-04-03T11:13:09.215-0400][5684.826s] GC(19) Pause Young (Normal) (G1 Evacuation Pause)
[2025-04-03T11:13:09.227-0400][5684.839s] GC(19) Using 8 workers of 8 for evacuation
[2025-04-03T11:13:09.307-0400][5684.919s] GC(19)   Pre Evacuate Collection Set: 26.9ms
[2025-04-03T11:13:09.308-0400][5684.920s] GC(19)   Merge Heap Roots: 0.2ms
[2025-04-03T11:13:09.308-0400][5684.920s] GC(19)   Evacuate Collection Set: 51.7ms
[2025-04-03T11:13:09.308-0400][5684.920s] GC(19)   Post Evacuate Collection Set: 1.5ms
[2025-04-03T11:13:09.308-0400][5684.920s] GC(19)   Other: 0.3ms
[2025-04-03T11:13:09.308-0400][5684.920s] GC(19) Eden regions: 24->0(24)
[2025-04-03T11:13:09.308-0400][5684.920s] GC(19) Survivor regions: 1->1(4)
[2025-04-03T11:13:09.308-0400][5684.920s] GC(19) Old regions: 65->65
[2025-04-03T11:13:09.308-0400][5684.920s] GC(19) Archive regions: 0->0
[2025-04-03T11:13:09.308-0400][5684.920s] GC(19) Humongous regions: 4->4
[2025-04-03T11:13:09.308-0400][5684.920s] GC(19) Metaspace: 60176K(60928K)->60176K(60928K) NonClass: 52897K(53248K)->52897K(53248K) Class: 7279K(7680K)->7279K(7680K)
[2025-04-03T11:13:09.308-0400][5684.920s] GC(19) Pause Young (Normal) (G1 Evacuation Pause) 92M->68M(512M) 93.513ms
[2025-04-03T11:13:09.308-0400][5684.920s] GC(19) User=0.00s Sys=0.02s Real=0.09s
[2025-04-03T11:13:51.154-0400][5726.766s] GC(20) Pause Young (Normal) (G1 Evacuation Pause)
[2025-04-03T11:13:51.154-0400][5726.766s] GC(20) Using 8 workers of 8 for evacuation
[2025-04-03T11:13:51.186-0400][5726.800s] GC(20)   Pre Evacuate Collection Set: 0.6ms
[2025-04-03T11:13:51.186-0400][5726.800s] GC(20)   Merge Heap Roots: 0.4ms
[2025-04-03T11:13:51.186-0400][5726.800s] GC(20)   Evacuate Collection Set: 29.5ms
[2025-04-03T11:13:51.186-0400][5726.800s] GC(20)   Post Evacuate Collection Set: 3.0ms
[2025-04-03T11:13:51.186-0400][5726.800s] GC(20)   Other: 0.4ms
[2025-04-03T11:13:51.186-0400][5726.800s] GC(20) Eden regions: 24->0(67)
[2025-04-03T11:13:51.186-0400][5726.800s] GC(20) Survivor regions: 1->1(4)
[2025-04-03T11:13:51.186-0400][5726.801s] GC(20) Old regions: 65->65
[2025-04-03T11:13:51.186-0400][5726.801s] GC(20) Archive regions: 0->0
[2025-04-03T11:13:51.186-0400][5726.801s] GC(20) Humongous regions: 4->4
[2025-04-03T11:13:51.186-0400][5726.801s] GC(20) Metaspace: 60182K(60928K)->60182K(60928K) NonClass: 52903K(53248K)->52903K(53248K) Class: 7279K(7680K)->7279K(7680K)
[2025-04-03T11:13:51.202-0400][5726.816s] GC(20) Pause Young (Normal) (G1 Evacuation Pause) 92M->68M(512M) 34.923ms
[2025-04-03T11:13:51.202-0400][5726.817s] GC(20) User=0.03s Sys=0.00s Real=0.05s
[2025-04-03T11:20:26.493-0400][6122.105s] GC(21) Pause Young (Normal) (G1 Evacuation Pause)
[2025-04-03T11:20:26.494-0400][6122.105s] GC(21) Using 8 workers of 8 for evacuation
[2025-04-03T11:20:26.781-0400][6122.394s] GC(21) MMU target violated: 251.0ms (250.0ms/251.0ms)
[2025-04-03T11:20:26.781-0400][6122.394s] GC(21)   Pre Evacuate Collection Set: 0.5ms
[2025-04-03T11:20:26.781-0400][6122.394s] GC(21)   Merge Heap Roots: 0.2ms
[2025-04-03T11:20:26.781-0400][6122.394s] GC(21)   Evacuate Collection Set: 271.6ms
[2025-04-03T11:20:26.781-0400][6122.394s] GC(21)   Post Evacuate Collection Set: 16.1ms
[2025-04-03T11:20:26.781-0400][6122.394s] GC(21)   Other: 0.5ms
[2025-04-03T11:20:26.781-0400][6122.394s] GC(21) Eden regions: 67->0(24)
[2025-04-03T11:20:26.781-0400][6122.394s] GC(21) Survivor regions: 1->1(9)
[2025-04-03T11:20:26.781-0400][6122.394s] GC(21) Old regions: 65->65
[2025-04-03T11:20:26.781-0400][6122.394s] GC(21) Archive regions: 0->0
[2025-04-03T11:20:26.781-0400][6122.394s] GC(21) Humongous regions: 4->4
[2025-04-03T11:20:26.781-0400][6122.395s] GC(21) Metaspace: 60211K(60992K)->60211K(60992K) NonClass: 52932K(53312K)->52932K(53312K) Class: 7279K(7680K)->7279K(7680K)
[2025-04-03T11:20:26.781-0400][6122.395s] GC(21) Pause Young (Normal) (G1 Evacuation Pause) 135M->68M(512M) 289.569ms
[2025-04-03T11:20:26.781-0400][6122.395s] GC(21) User=0.06s Sys=0.00s Real=0.29s
[2025-04-03T11:24:12.239-0400][6347.850s] GC(22) Pause Young (Normal) (G1 Evacuation Pause)
[2025-04-03T11:24:12.239-0400][6347.850s] GC(22) Using 8 workers of 8 for evacuation
[2025-04-03T11:24:15.342-0400][6350.953s] GC(22) MMU target violated: 251.0ms (250.0ms/251.0ms)
[2025-04-03T11:24:15.342-0400][6350.953s] GC(22)   Pre Evacuate Collection Set: 0.2ms
[2025-04-03T11:24:15.342-0400][6350.953s] GC(22)   Merge Heap Roots: 0.3ms
[2025-04-03T11:24:15.342-0400][6350.953s] GC(22)   Evacuate Collection Set: 3100.3ms
[2025-04-03T11:24:15.342-0400][6350.953s] GC(22)   Post Evacuate Collection Set: 2.1ms
[2025-04-03T11:24:15.342-0400][6350.953s] GC(22)   Other: 0.3ms
[2025-04-03T11:24:15.342-0400][6350.953s] GC(22) Eden regions: 24->0(31)
[2025-04-03T11:24:15.342-0400][6350.953s] GC(22) Survivor regions: 1->1(4)
[2025-04-03T11:24:15.342-0400][6350.953s] GC(22) Old regions: 65->65
[2025-04-03T11:24:15.342-0400][6350.953s] GC(22) Archive regions: 0->0
[2025-04-03T11:24:15.342-0400][6350.954s] GC(22) Humongous regions: 4->4
[2025-04-03T11:24:15.343-0400][6350.954s] GC(22) Metaspace: 60214K(60992K)->60214K(60992K) NonClass: 52935K(53312K)->52935K(53312K) Class: 7279K(7680K)->7279K(7680K)
[2025-04-03T11:24:15.343-0400][6350.954s] GC(22) Pause Young (Normal) (G1 Evacuation Pause) 92M->68M(512M) 3103.968ms
[2025-04-03T11:24:15.343-0400][6350.954s] GC(22) User=1.98s Sys=0.05s Real=3.10s
[2025-04-03T11:25:38.477-0400][6434.088s] GC(23) Pause Young (Normal) (G1 Evacuation Pause)
[2025-04-03T11:25:38.477-0400][6434.088s] GC(23) Using 8 workers of 8 for evacuation
[2025-04-03T11:25:38.572-0400][6434.187s] GC(23)   Pre Evacuate Collection Set: 0.3ms
[2025-04-03T11:25:38.572-0400][6434.187s] GC(23)   Merge Heap Roots: 0.2ms
[2025-04-03T11:25:38.572-0400][6434.187s] GC(23)   Evacuate Collection Set: 89.8ms
[2025-04-03T11:25:38.572-0400][6434.187s] GC(23)   Post Evacuate Collection Set: 7.9ms
[2025-04-03T11:25:38.572-0400][6434.187s] GC(23)   Other: 0.2ms
[2025-04-03T11:25:38.572-0400][6434.187s] GC(23) Eden regions: 31->0(74)
[2025-04-03T11:25:38.572-0400][6434.187s] GC(23) Survivor regions: 1->1(4)
[2025-04-03T11:25:38.572-0400][6434.187s] GC(23) Old regions: 65->65
[2025-04-03T11:25:38.572-0400][6434.187s] GC(23) Archive regions: 0->0
[2025-04-03T11:25:38.572-0400][6434.187s] GC(23) Humongous regions: 4->4
[2025-04-03T11:25:38.572-0400][6434.187s] GC(23) Metaspace: 60222K(60992K)->60222K(60992K) NonClass: 52942K(53312K)->52942K(53312K) Class: 7279K(7680K)->7279K(7680K)
[2025-04-03T11:25:38.572-0400][6434.187s] GC(23) Pause Young (Normal) (G1 Evacuation Pause) 99M->68M(512M) 98.735ms
[2025-04-03T11:25:38.572-0400][6434.187s] GC(23) User=0.09s Sys=0.00s Real=0.10s
[2025-04-03T11:27:00.428-0400][6516.039s] GC(24) Pause Young (Normal) (G1 Evacuation Pause)
[2025-04-03T11:27:00.428-0400][6516.039s] GC(24) Using 8 workers of 8 for evacuation
[2025-04-03T11:27:01.037-0400][6516.649s] GC(24) MMU target violated: 251.0ms (250.0ms/251.0ms)
[2025-04-03T11:27:01.038-0400][6516.649s] GC(24)   Pre Evacuate Collection Set: 0.2ms
[2025-04-03T11:27:01.038-0400][6516.649s] GC(24)   Merge Heap Roots: 0.1ms
[2025-04-03T11:27:01.038-0400][6516.649s] GC(24)   Evacuate Collection Set: 514.9ms
[2025-04-03T11:27:01.038-0400][6516.649s] GC(24)   Post Evacuate Collection Set: 0.7ms
[2025-04-03T11:27:01.038-0400][6516.649s] GC(24)   Other: 93.4ms
[2025-04-03T11:27:01.038-0400][6516.649s] GC(24) Eden regions: 74->0(24)
[2025-04-03T11:27:01.038-0400][6516.649s] GC(24) Survivor regions: 1->1(10)
[2025-04-03T11:27:01.038-0400][6516.649s] GC(24) Old regions: 65->65
[2025-04-03T11:27:01.038-0400][6516.649s] GC(24) Archive regions: 0->0
[2025-04-03T11:27:01.038-0400][6516.649s] GC(24) Humongous regions: 4->4
[2025-04-03T11:27:01.038-0400][6516.649s] GC(24) Metaspace: 60245K(60992K)->60245K(60992K) NonClass: 52966K(53312K)->52966K(53312K) Class: 7279K(7680K)->7279K(7680K)
[2025-04-03T11:27:01.038-0400][6516.649s] GC(24) Pause Young (Normal) (G1 Evacuation Pause) 142M->68M(512M) 609.577ms
[2025-04-03T11:27:01.038-0400][6516.649s] GC(24) User=0.44s Sys=0.00s Real=0.61s
[2025-04-03T11:33:56.421-0400][6932.033s] GC(25) Pause Young (Normal) (G1 Evacuation Pause)
[2025-04-03T11:33:56.421-0400][6932.033s] GC(25) Using 8 workers of 8 for evacuation
[2025-04-03T11:33:56.439-0400][6932.054s] GC(25)   Pre Evacuate Collection Set: 0.2ms
[2025-04-03T11:33:56.439-0400][6932.054s] GC(25)   Merge Heap Roots: 0.1ms
[2025-04-03T11:33:56.439-0400][6932.055s] GC(25)   Evacuate Collection Set: 20.3ms
[2025-04-03T11:33:56.439-0400][6932.055s] GC(25)   Post Evacuate Collection Set: 0.8ms
[2025-04-03T11:33:56.439-0400][6932.055s] GC(25)   Other: 0.2ms
[2025-04-03T11:33:56.439-0400][6932.055s] GC(25) Eden regions: 24->0(42)
[2025-04-03T11:33:56.439-0400][6932.055s] GC(25) Survivor regions: 1->1(4)
[2025-04-03T11:33:56.439-0400][6932.055s] GC(25) Old regions: 65->65
[2025-04-03T11:33:56.439-0400][6932.055s] GC(25) Archive regions: 0->0
[2025-04-03T11:33:56.439-0400][6932.055s] GC(25) Humongous regions: 4->4
[2025-04-03T11:33:56.453-0400][6932.070s] GC(25) Metaspace: 60254K(60992K)->60254K(60992K) NonClass: 52975K(53312K)->52975K(53312K) Class: 7279K(7680K)->7279K(7680K)
[2025-04-03T11:33:56.453-0400][6932.070s] GC(25) Pause Young (Normal) (G1 Evacuation Pause) 92M->68M(512M) 36.932ms
[2025-04-03T11:33:56.453-0400][6932.070s] GC(25) User=0.05s Sys=0.00s Real=0.03s
[2025-04-03T11:34:55.525-0400][6991.136s] GC(26) Pause Young (Normal) (G1 Evacuation Pause)
[2025-04-03T11:34:55.525-0400][6991.136s] GC(26) Using 8 workers of 8 for evacuation
[2025-04-03T11:34:55.526-0400][6991.138s] GC(26)   Pre Evacuate Collection Set: 0.1ms
[2025-04-03T11:34:55.526-0400][6991.138s] GC(26)   Merge Heap Roots: 0.1ms
[2025-04-03T11:34:55.526-0400][6991.138s] GC(26)   Evacuate Collection Set: 0.8ms
[2025-04-03T11:34:55.526-0400][6991.138s] GC(26)   Post Evacuate Collection Set: 0.6ms
[2025-04-03T11:34:55.526-0400][6991.138s] GC(26)   Other: 0.1ms
[2025-04-03T11:34:55.526-0400][6991.138s] GC(26) Eden regions: 42->0(156)
[2025-04-03T11:34:55.526-0400][6991.138s] GC(26) Survivor regions: 1->1(6)
[2025-04-03T11:34:55.526-0400][6991.138s] GC(26) Old regions: 65->65
[2025-04-03T11:34:55.526-0400][6991.138s] GC(26) Archive regions: 0->0
[2025-04-03T11:34:55.526-0400][6991.138s] GC(26) Humongous regions: 4->4
[2025-04-03T11:34:55.526-0400][6991.138s] GC(26) Metaspace: 60264K(60992K)->60264K(60992K) NonClass: 52985K(53312K)->52985K(53312K) Class: 7279K(7680K)->7279K(7680K)
[2025-04-03T11:34:55.526-0400][6991.138s] GC(26) Pause Young (Normal) (G1 Evacuation Pause) 110M->68M(512M) 2.070ms
[2025-04-03T11:34:55.526-0400][6991.138s] GC(26) User=0.00s Sys=0.00s Real=0.00s
[2025-04-03T11:45:38.244-0400][7633.856s] GC(27) Pause Young (Normal) (G1 Evacuation Pause)
[2025-04-03T11:45:38.245-0400][7633.856s] GC(27) Using 8 workers of 8 for evacuation
[2025-04-03T11:45:38.330-0400][7633.941s] GC(27)   Pre Evacuate Collection Set: 1.0ms
[2025-04-03T11:45:38.330-0400][7633.942s] GC(27)   Merge Heap Roots: 0.4ms
[2025-04-03T11:45:38.330-0400][7633.942s] GC(27)   Evacuate Collection Set: 55.6ms
[2025-04-03T11:45:38.330-0400][7633.942s] GC(27)   Post Evacuate Collection Set: 2.2ms
[2025-04-03T11:45:38.330-0400][7633.942s] GC(27)   Other: 26.2ms
[2025-04-03T11:45:38.330-0400][7633.942s] GC(27) Eden regions: 156->0(297)
[2025-04-03T11:45:38.330-0400][7633.942s] GC(27) Survivor regions: 1->1(20)
[2025-04-03T11:45:38.330-0400][7633.942s] GC(27) Old regions: 65->65
[2025-04-03T11:45:38.330-0400][7633.942s] GC(27) Archive regions: 0->0
[2025-04-03T11:45:38.330-0400][7633.942s] GC(27) Humongous regions: 4->4
[2025-04-03T11:45:38.330-0400][7633.942s] GC(27) Metaspace: 60331K(61120K)->60331K(61120K) NonClass: 53052K(53440K)->53052K(53440K) Class: 7279K(7680K)->7279K(7680K)
[2025-04-03T11:45:38.330-0400][7633.942s] GC(27) Pause Young (Normal) (G1 Evacuation Pause) 224M->69M(512M) 86.086ms
[2025-04-03T11:45:38.330-0400][7633.942s] GC(27) User=0.02s Sys=0.00s Real=0.09s
[2025-04-03T12:52:05.664-0400][11621.275s] GC(28) Pause Young (Normal) (G1 Evacuation Pause)
[2025-04-03T12:52:06.512-0400][11622.123s] GC(28) Using 8 workers of 8 for evacuation
[2025-04-03T12:52:10.721-0400][11626.333s] GC(28) MMU target violated: 251.0ms (250.0ms/251.0ms)
[2025-04-03T12:52:10.721-0400][11626.333s] GC(28)   Pre Evacuate Collection Set: 294.0ms
[2025-04-03T12:52:10.721-0400][11626.333s] GC(28)   Merge Heap Roots: 24.3ms
[2025-04-03T12:52:10.721-0400][11626.333s] GC(28)   Evacuate Collection Set: 3303.1ms
[2025-04-03T12:52:10.721-0400][11626.333s] GC(28)   Post Evacuate Collection Set: 445.8ms
[2025-04-03T12:52:10.721-0400][11626.333s] GC(28)   Other: 300.3ms
[2025-04-03T12:52:10.721-0400][11626.333s] GC(28) Eden regions: 297->0(22)
[2025-04-03T12:52:10.721-0400][11626.333s] GC(28) Survivor regions: 1->3(38)
[2025-04-03T12:52:10.721-0400][11626.333s] GC(28) Old regions: 65->65
[2025-04-03T12:52:10.721-0400][11626.333s] GC(28) Archive regions: 0->0
[2025-04-03T12:52:10.721-0400][11626.333s] GC(28) Humongous regions: 4->4
[2025-04-03T12:52:10.856-0400][11626.473s] GC(28) Metaspace: 60434K(61184K)->60434K(61184K) NonClass: 53154K(53504K)->53154K(53504K) Class: 7279K(7680K)->7279K(7680K)
[2025-04-03T12:52:10.856-0400][11626.473s] GC(28) Pause Young (Normal) (G1 Evacuation Pause) 365M->70M(512M) 5214.175ms
[2025-04-03T12:52:10.856-0400][11626.473s] GC(28) User=0.38s Sys=0.06s Real=5.22s
[2025-04-03T12:52:13.250-0400][11628.861s] GC(29) Pause Young (Normal) (G1 Evacuation Pause)
[2025-04-03T12:52:13.299-0400][11628.910s] GC(29) Using 8 workers of 8 for evacuation
[2025-04-03T12:52:13.794-0400][11629.406s] GC(29) MMU target violated: 251.0ms (250.0ms/251.0ms)
[2025-04-03T12:52:13.794-0400][11629.406s] GC(29)   Pre Evacuate Collection Set: 0.1ms
[2025-04-03T12:52:13.794-0400][11629.406s] GC(29)   Merge Heap Roots: 11.2ms
[2025-04-03T12:52:13.794-0400][11629.406s] GC(29)   Evacuate Collection Set: 436.3ms
[2025-04-03T12:52:13.794-0400][11629.406s] GC(29)   Post Evacuate Collection Set: 35.6ms
[2025-04-03T12:52:13.794-0400][11629.406s] GC(29)   Other: 12.3ms
[2025-04-03T12:52:13.794-0400][11629.406s] GC(29) Eden regions: 22->0(22)
[2025-04-03T12:52:13.794-0400][11629.406s] GC(29) Survivor regions: 3->3(4)
[2025-04-03T12:52:13.794-0400][11629.406s] GC(29) Old regions: 65->65
[2025-04-03T12:52:13.794-0400][11629.406s] GC(29) Archive regions: 0->0
[2025-04-03T12:52:13.794-0400][11629.406s] GC(29) Humongous regions: 4->4
[2025-04-03T12:52:13.794-0400][11629.406s] GC(29) Metaspace: 60435K(61184K)->60435K(61184K) NonClass: 53156K(53504K)->53156K(53504K) Class: 7279K(7680K)->7279K(7680K)
[2025-04-03T12:52:13.795-0400][11629.406s] GC(29) Pause Young (Normal) (G1 Evacuation Pause) 92M->70M(512M) 544.813ms
[2025-04-03T12:52:13.795-0400][11629.406s] GC(29) User=0.08s Sys=0.05s Real=0.55s
[2025-04-03T12:56:02.280-0400][11857.891s] GC(30) Pause Young (Normal) (G1 Evacuation Pause)
[2025-04-03T12:56:02.280-0400][11857.891s] GC(30) Using 8 workers of 8 for evacuation
[2025-04-03T12:56:02.594-0400][11858.205s] GC(30) MMU target violated: 251.0ms (250.0ms/251.0ms)
[2025-04-03T12:56:02.594-0400][11858.205s] GC(30)   Pre Evacuate Collection Set: 0.2ms
[2025-04-03T12:56:02.594-0400][11858.205s] GC(30)   Merge Heap Roots: 0.2ms
[2025-04-03T12:56:02.594-0400][11858.205s] GC(30)   Evacuate Collection Set: 311.8ms
[2025-04-03T12:56:02.594-0400][11858.205s] GC(30)   Post Evacuate Collection Set: 1.2ms
[2025-04-03T12:56:02.594-0400][11858.205s] GC(30)   Other: 0.4ms
[2025-04-03T12:56:02.594-0400][11858.205s] GC(30) Eden regions: 22->0(22)
[2025-04-03T12:56:02.594-0400][11858.205s] GC(30) Survivor regions: 3->3(4)
[2025-04-03T12:56:02.594-0400][11858.205s] GC(30) Old regions: 65->65
[2025-04-03T12:56:02.594-0400][11858.205s] GC(30) Archive regions: 0->0
[2025-04-03T12:56:02.594-0400][11858.205s] GC(30) Humongous regions: 4->4
[2025-04-03T12:56:02.594-0400][11858.205s] GC(30) Metaspace: 60439K(61184K)->60439K(61184K) NonClass: 53160K(53504K)->53160K(53504K) Class: 7279K(7680K)->7279K(7680K)
[2025-04-03T12:56:02.594-0400][11858.205s] GC(30) Pause Young (Normal) (G1 Evacuation Pause) 92M->70M(512M) 314.353ms
[2025-04-03T12:56:02.594-0400][11858.205s] GC(30) User=0.14s Sys=0.03s Real=0.31s
[2025-04-03T12:56:02.983-0400][11858.594s] GC(31) Pause Young (Normal) (G1 Evacuation Pause)
[2025-04-03T12:56:02.983-0400][11858.594s] GC(31) Using 8 workers of 8 for evacuation
[2025-04-03T12:56:03.089-0400][11858.700s] GC(31)   Pre Evacuate Collection Set: 0.2ms
[2025-04-03T12:56:03.089-0400][11858.700s] GC(31)   Merge Heap Roots: 0.2ms
[2025-04-03T12:56:03.089-0400][11858.700s] GC(31)   Evacuate Collection Set: 104.2ms
[2025-04-03T12:56:03.089-0400][11858.700s] GC(31)   Post Evacuate Collection Set: 1.1ms
[2025-04-03T12:56:03.089-0400][11858.700s] GC(31)   Other: 0.2ms
[2025-04-03T12:56:03.089-0400][11858.700s] GC(31) Eden regions: 22->0(22)
[2025-04-03T12:56:03.089-0400][11858.701s] GC(31) Survivor regions: 3->3(4)
[2025-04-03T12:56:03.089-0400][11858.701s] GC(31) Old regions: 65->65
[2025-04-03T12:56:03.089-0400][11858.701s] GC(31) Archive regions: 0->0
[2025-04-03T12:56:03.089-0400][11858.701s] GC(31) Humongous regions: 4->4
[2025-04-03T12:56:03.089-0400][11858.701s] GC(31) Metaspace: 60442K(61184K)->60442K(61184K) NonClass: 53162K(53504K)->53162K(53504K) Class: 7279K(7680K)->7279K(7680K)
[2025-04-03T12:56:03.089-0400][11858.701s] GC(31) Pause Young (Normal) (G1 Evacuation Pause) 92M->70M(512M) 106.445ms
[2025-04-03T12:56:03.089-0400][11858.701s] GC(31) User=0.02s Sys=0.02s Real=0.11s
[2025-04-03T12:56:03.156-0400][11858.768s] GC(32) Pause Young (Normal) (G1 Evacuation Pause)
[2025-04-03T12:56:03.156-0400][11858.768s] GC(32) Using 8 workers of 8 for evacuation
[2025-04-03T12:56:03.254-0400][11858.865s] GC(32)   Pre Evacuate Collection Set: 0.2ms
[2025-04-03T12:56:03.254-0400][11858.865s] GC(32)   Merge Heap Roots: 0.3ms
[2025-04-03T12:56:03.254-0400][11858.865s] GC(32)   Evacuate Collection Set: 95.8ms
[2025-04-03T12:56:03.254-0400][11858.865s] GC(32)   Post Evacuate Collection Set: 1.0ms
[2025-04-03T12:56:03.254-0400][11858.865s] GC(32)   Other: 0.1ms
[2025-04-03T12:56:03.254-0400][11858.865s] GC(32) Eden regions: 22->0(23)
[2025-04-03T12:56:03.254-0400][11858.865s] GC(32) Survivor regions: 3->2(4)
[2025-04-03T12:56:03.254-0400][11858.865s] GC(32) Old regions: 65->65
[2025-04-03T12:56:03.254-0400][11858.865s] GC(32) Archive regions: 0->0
[2025-04-03T12:56:03.254-0400][11858.865s] GC(32) Humongous regions: 4->4
[2025-04-03T12:56:03.254-0400][11858.865s] GC(32) Metaspace: 60442K(61184K)->60442K(61184K) NonClass: 53162K(53504K)->53162K(53504K) Class: 7279K(7680K)->7279K(7680K)
[2025-04-03T12:56:03.254-0400][11858.865s] GC(32) Pause Young (Normal) (G1 Evacuation Pause) 92M->70M(512M) 97.675ms
[2025-04-03T12:56:03.254-0400][11858.865s] GC(32) User=0.05s Sys=0.00s Real=0.10s
[2025-04-03T13:54:22.043-0400][15357.664s] GC(33) Pause Young (Normal) (G1 Evacuation Pause)
[2025-04-03T13:54:22.124-0400][15357.739s] GC(33) Using 8 workers of 8 for evacuation
[2025-04-03T13:54:24.194-0400][15359.805s] GC(33) MMU target violated: 251.0ms (250.0ms/251.0ms)
[2025-04-03T13:54:24.194-0400][15359.806s] GC(33)   Pre Evacuate Collection Set: 106.9ms
[2025-04-03T13:54:24.194-0400][15359.806s] GC(33)   Merge Heap Roots: 28.5ms
[2025-04-03T13:54:24.194-0400][15359.806s] GC(33)   Evacuate Collection Set: 1416.6ms
[2025-04-03T13:54:24.194-0400][15359.806s] GC(33)   Post Evacuate Collection Set: 436.2ms
[2025-04-03T13:54:24.194-0400][15359.806s] GC(33)   Other: 109.2ms
[2025-04-03T13:54:24.194-0400][15359.806s] GC(33) Eden regions: 23->0(22)
[2025-04-03T13:54:24.195-0400][15359.806s] GC(33) Survivor regions: 2->3(4)
[2025-04-03T13:54:24.195-0400][15359.806s] GC(33) Old regions: 65->65
[2025-04-03T13:54:24.195-0400][15359.806s] GC(33) Archive regions: 0->0
[2025-04-03T13:54:24.195-0400][15359.806s] GC(33) Humongous regions: 4->4
[2025-04-03T13:54:24.195-0400][15359.806s] GC(33) Metaspace: 60461K(61248K)->60461K(61248K) NonClass: 53181K(53568K)->53181K(53568K) Class: 7279K(7680K)->7279K(7680K)
[2025-04-03T13:54:24.201-0400][15359.822s] GC(33) Pause Young (Normal) (G1 Evacuation Pause) 93M->70M(512M) 2157.694ms
[2025-04-03T13:54:24.201-0400][15359.822s] GC(33) User=0.11s Sys=0.03s Real=2.16s
[2025-04-03T13:54:25.265-0400][15360.877s] GC(34) Pause Young (Normal) (G1 Evacuation Pause)
[2025-04-03T13:54:25.265-0400][15360.877s] GC(34) Using 8 workers of 8 for evacuation
[2025-04-03T13:54:25.457-0400][15361.068s] GC(34)   Pre Evacuate Collection Set: 0.3ms
[2025-04-03T13:54:25.457-0400][15361.068s] GC(34)   Merge Heap Roots: 0.3ms
[2025-04-03T13:54:25.457-0400][15361.068s] GC(34)   Evacuate Collection Set: 142.1ms
[2025-04-03T13:54:25.457-0400][15361.068s] GC(34)   Post Evacuate Collection Set: 31.2ms
[2025-04-03T13:54:25.457-0400][15361.068s] GC(34)   Other: 16.6ms
[2025-04-03T13:54:25.457-0400][15361.068s] GC(34) Eden regions: 22->0(23)
[2025-04-03T13:54:25.457-0400][15361.068s] GC(34) Survivor regions: 3->2(4)
[2025-04-03T13:54:25.457-0400][15361.068s] GC(34) Old regions: 65->66
[2025-04-03T13:54:25.457-0400][15361.068s] GC(34) Archive regions: 0->0
[2025-04-03T13:54:25.457-0400][15361.068s] GC(34) Humongous regions: 4->4
[2025-04-03T13:54:25.457-0400][15361.068s] GC(34) Metaspace: 60461K(61248K)->60461K(61248K) NonClass: 53181K(53568K)->53181K(53568K) Class: 7279K(7680K)->7279K(7680K)
[2025-04-03T13:54:25.466-0400][15361.077s] GC(34) Pause Young (Normal) (G1 Evacuation Pause) 92M->70M(512M) 191.436ms
[2025-04-03T13:54:25.466-0400][15361.077s] GC(34) User=0.00s Sys=0.00s Real=0.20s
[2025-04-03T13:54:26.044-0400][15361.656s] GC(35) Pause Young (Normal) (G1 Evacuation Pause)
[2025-04-03T13:54:26.044-0400][15361.656s] GC(35) Using 8 workers of 8 for evacuation
[2025-04-03T13:54:26.154-0400][15361.766s] GC(35)   Pre Evacuate Collection Set: 0.2ms
[2025-04-03T13:54:26.154-0400][15361.766s] GC(35)   Merge Heap Roots: 0.2ms
[2025-04-03T13:54:26.154-0400][15361.766s] GC(35)   Evacuate Collection Set: 81.2ms
[2025-04-03T13:54:26.154-0400][15361.766s] GC(35)   Post Evacuate Collection Set: 28.2ms
[2025-04-03T13:54:26.154-0400][15361.766s] GC(35)   Other: 0.2ms
[2025-04-03T13:54:26.154-0400][15361.766s] GC(35) Eden regions: 23->0(23)
[2025-04-03T13:54:26.154-0400][15361.766s] GC(35) Survivor regions: 2->2(4)
[2025-04-03T13:54:26.154-0400][15361.766s] GC(35) Old regions: 66->66
[2025-04-03T13:54:26.154-0400][15361.766s] GC(35) Archive regions: 0->0
[2025-04-03T13:54:26.154-0400][15361.766s] GC(35) Humongous regions: 4->4
[2025-04-03T13:54:26.154-0400][15361.766s] GC(35) Metaspace: 60461K(61248K)->60461K(61248K) NonClass: 53181K(53568K)->53181K(53568K) Class: 7279K(7680K)->7279K(7680K)
[2025-04-03T13:54:26.166-0400][15361.777s] GC(35) Pause Young (Normal) (G1 Evacuation Pause) 93M->71M(512M) 121.162ms
[2025-04-03T13:54:26.166-0400][15361.777s] GC(35) User=0.05s Sys=0.00s Real=0.12s
[2025-04-03T13:54:26.315-0400][15361.926s] GC(36) Pause Young (Normal) (G1 Evacuation Pause)
[2025-04-03T13:54:26.315-0400][15361.927s] GC(36) Using 8 workers of 8 for evacuation
[2025-04-03T13:54:26.356-0400][15361.967s] GC(36)   Pre Evacuate Collection Set: 0.3ms
[2025-04-03T13:54:26.356-0400][15361.967s] GC(36)   Merge Heap Roots: 0.1ms
[2025-04-03T13:54:26.356-0400][15361.967s] GC(36)   Evacuate Collection Set: 39.2ms
[2025-04-03T13:54:26.356-0400][15361.967s] GC(36)   Post Evacuate Collection Set: 0.6ms
[2025-04-03T13:54:26.356-0400][15361.967s] GC(36)   Other: 0.3ms
[2025-04-03T13:54:26.356-0400][15361.967s] GC(36) Eden regions: 23->0(23)
[2025-04-03T13:54:26.356-0400][15361.967s] GC(36) Survivor regions: 2->2(4)
[2025-04-03T13:54:26.356-0400][15361.967s] GC(36) Old regions: 66->66
[2025-04-03T13:54:26.356-0400][15361.967s] GC(36) Archive regions: 0->0
[2025-04-03T13:54:26.356-0400][15361.967s] GC(36) Humongous regions: 4->4
[2025-04-03T13:54:26.356-0400][15361.967s] GC(36) Metaspace: 60461K(61248K)->60461K(61248K) NonClass: 53181K(53568K)->53181K(53568K) Class: 7279K(7680K)->7279K(7680K)
[2025-04-03T13:54:26.356-0400][15361.967s] GC(36) Pause Young (Normal) (G1 Evacuation Pause) 94M->71M(512M) 41.060ms
[2025-04-03T13:54:26.356-0400][15361.967s] GC(36) User=0.09s Sys=0.03s Real=0.04s
[2025-04-03T13:54:26.500-0400][15362.112s] GC(37) Pause Young (Normal) (G1 Evacuation Pause)
[2025-04-03T13:54:26.500-0400][15362.112s] GC(37) Using 8 workers of 8 for evacuation
[2025-04-03T13:54:26.616-0400][15362.227s] GC(37)   Pre Evacuate Collection Set: 8.3ms
[2025-04-03T13:54:26.616-0400][15362.228s] GC(37)   Merge Heap Roots: 0.1ms
[2025-04-03T13:54:26.616-0400][15362.228s] GC(37)   Evacuate Collection Set: 94.7ms
[2025-04-03T13:54:26.616-0400][15362.228s] GC(37)   Post Evacuate Collection Set: 1.0ms
[2025-04-03T13:54:26.616-0400][15362.228s] GC(37)   Other: 11.7ms
[2025-04-03T13:54:26.616-0400][15362.228s] GC(37) Eden regions: 23->0(23)
[2025-04-03T13:54:26.616-0400][15362.228s] GC(37) Survivor regions: 2->2(4)
[2025-04-03T13:54:26.616-0400][15362.228s] GC(37) Old regions: 66->66
[2025-04-03T13:54:26.616-0400][15362.228s] GC(37) Archive regions: 0->0
[2025-04-03T13:54:26.616-0400][15362.228s] GC(37) Humongous regions: 4->4
[2025-04-03T13:54:26.616-0400][15362.228s] GC(37) Metaspace: 60461K(61248K)->60461K(61248K) NonClass: 53181K(53568K)->53181K(53568K) Class: 7279K(7680K)->7279K(7680K)
[2025-04-03T13:54:26.616-0400][15362.228s] GC(37) Pause Young (Normal) (G1 Evacuation Pause) 94M->71M(512M) 116.170ms
[2025-04-03T13:54:26.616-0400][15362.228s] GC(37) User=0.02s Sys=0.02s Real=0.12s
[2025-04-03T14:02:54.626-0400][15870.239s] GC(38) Pause Young (Normal) (G1 Evacuation Pause)
[2025-04-03T14:02:54.626-0400][15870.241s] GC(38) Using 8 workers of 8 for evacuation
[2025-04-03T14:02:54.739-0400][15870.364s] GC(38)   Pre Evacuate Collection Set: 3.3ms
[2025-04-03T14:02:54.739-0400][15870.364s] GC(38)   Merge Heap Roots: 1.7ms
[2025-04-03T14:02:54.739-0400][15870.364s] GC(38)   Evacuate Collection Set: 114.5ms
[2025-04-03T14:02:54.739-0400][15870.364s] GC(38)   Post Evacuate Collection Set: 2.2ms
[2025-04-03T14:02:54.739-0400][15870.364s] GC(38)   Other: 2.3ms
[2025-04-03T14:02:54.739-0400][15870.364s] GC(38) Eden regions: 23->0(49)
[2025-04-03T14:02:54.739-0400][15870.365s] GC(38) Survivor regions: 2->1(4)
[2025-04-03T14:02:54.739-0400][15870.365s] GC(38) Old regions: 66->66
[2025-04-03T14:02:54.739-0400][15870.365s] GC(38) Archive regions: 0->0
[2025-04-03T14:02:54.739-0400][15870.365s] GC(38) Humongous regions: 4->4
[2025-04-03T14:02:54.739-0400][15870.365s] GC(38) Metaspace: 60475K(61248K)->60475K(61248K) NonClass: 53195K(53568K)->53195K(53568K) Class: 7279K(7680K)->7279K(7680K)
[2025-04-03T14:02:54.739-0400][15870.365s] GC(38) Pause Young (Normal) (G1 Evacuation Pause) 94M->70M(512M) 125.745ms
[2025-04-03T14:02:54.739-0400][15870.365s] GC(38) User=0.25s Sys=0.08s Real=0.11s
[2025-04-03T14:07:37.836-0400][16153.452s] GC(39) Pause Young (Normal) (G1 Evacuation Pause)
[2025-04-03T14:07:37.853-0400][16153.465s] GC(39) Using 8 workers of 8 for evacuation
[2025-04-03T14:07:38.095-0400][16153.709s] GC(39)   Pre Evacuate Collection Set: 0.3ms
[2025-04-03T14:07:38.095-0400][16153.709s] GC(39)   Merge Heap Roots: 0.1ms
[2025-04-03T14:07:38.095-0400][16153.709s] GC(39)   Evacuate Collection Set: 240.2ms
[2025-04-03T14:07:38.095-0400][16153.710s] GC(39)   Post Evacuate Collection Set: 3.4ms
[2025-04-03T14:07:38.095-0400][16153.710s] GC(39)   Other: 0.4ms
[2025-04-03T14:07:38.095-0400][16153.710s] GC(39) Eden regions: 49->0(33)
[2025-04-03T14:07:38.095-0400][16153.710s] GC(39) Survivor regions: 1->1(7)
[2025-04-03T14:07:38.095-0400][16153.710s] GC(39) Old regions: 66->66
[2025-04-03T14:07:38.095-0400][16153.710s] GC(39) Archive regions: 0->0
[2025-04-03T14:07:38.095-0400][16153.710s] GC(39) Humongous regions: 4->4
[2025-04-03T14:07:38.095-0400][16153.710s] GC(39) Metaspace: 60480K(61248K)->60480K(61248K) NonClass: 53201K(53568K)->53201K(53568K) Class: 7279K(7680K)->7279K(7680K)
[2025-04-03T14:07:38.095-0400][16153.710s] GC(39) Pause Young (Normal) (G1 Evacuation Pause) 119M->70M(512M) 258.012ms
[2025-04-03T14:07:38.095-0400][16153.710s] GC(39) User=0.02s Sys=0.02s Real=0.26s
[2025-04-03T14:11:16.996-0400][16372.608s] GC(40) Pause Young (Normal) (G1 Evacuation Pause)
[2025-04-03T14:11:16.996-0400][16372.609s] GC(40) Using 8 workers of 8 for evacuation
[2025-04-03T14:11:17.051-0400][16372.663s] GC(40)   Pre Evacuate Collection Set: 0.6ms
[2025-04-03T14:11:17.051-0400][16372.663s] GC(40)   Merge Heap Roots: 14.2ms
[2025-04-03T14:11:17.051-0400][16372.663s] GC(40)   Evacuate Collection Set: 20.6ms
[2025-04-03T14:11:17.051-0400][16372.663s] GC(40)   Post Evacuate Collection Set: 17.4ms
[2025-04-03T14:11:17.051-0400][16372.663s] GC(40)   Other: 1.0ms
[2025-04-03T14:11:17.051-0400][16372.663s] GC(40) Eden regions: 33->0(128)
[2025-04-03T14:11:17.051-0400][16372.663s] GC(40) Survivor regions: 1->1(5)
[2025-04-03T14:11:17.051-0400][16372.663s] GC(40) Old regions: 66->66
[2025-04-03T14:11:17.051-0400][16372.663s] GC(40) Archive regions: 0->0
[2025-04-03T14:11:17.051-0400][16372.663s] GC(40) Humongous regions: 4->4
[2025-04-03T14:11:17.051-0400][16372.664s] GC(40) Metaspace: 60494K(61248K)->60494K(61248K) NonClass: 53214K(53568K)->53214K(53568K) Class: 7279K(7680K)->7279K(7680K)
[2025-04-03T14:11:17.051-0400][16372.676s] GC(40) Pause Young (Normal) (G1 Evacuation Pause) 103M->70M(512M) 55.482ms
[2025-04-03T14:11:17.051-0400][16372.676s] GC(40) User=0.02s Sys=0.00s Real=0.06s
[2025-04-03T14:42:55.144-0400][18270.758s] GC(41) Pause Young (Normal) (G1 Evacuation Pause)
[2025-04-03T14:42:55.183-0400][18270.800s] GC(41) Using 8 workers of 8 for evacuation
[2025-04-03T14:42:55.701-0400][18271.327s] GC(41) MMU target violated: 251.0ms (250.0ms/251.0ms)
[2025-04-03T14:42:55.718-0400][18271.340s] GC(41)   Pre Evacuate Collection Set: 3.6ms
[2025-04-03T14:42:55.718-0400][18271.340s] GC(41)   Merge Heap Roots: 1.2ms
[2025-04-03T14:42:55.718-0400][18271.340s] GC(41)   Evacuate Collection Set: 309.2ms
[2025-04-03T14:42:55.718-0400][18271.340s] GC(41)   Post Evacuate Collection Set: 163.1ms
[2025-04-03T14:42:55.718-0400][18271.340s] GC(41)   Other: 51.2ms
[2025-04-03T14:42:55.718-0400][18271.340s] GC(41) Eden regions: 128->0(24)
[2025-04-03T14:42:55.718-0400][18271.340s] GC(41) Survivor regions: 1->1(17)
[2025-04-03T14:42:55.718-0400][18271.340s] GC(41) Old regions: 66->66
[2025-04-03T14:42:55.718-0400][18271.340s] GC(41) Archive regions: 0->0
[2025-04-03T14:42:55.718-0400][18271.340s] GC(41) Humongous regions: 4->4
[2025-04-03T14:42:55.734-0400][18271.352s] GC(41) Metaspace: 60515K(61248K)->60515K(61248K) NonClass: 53236K(53568K)->53236K(53568K) Class: 7279K(7680K)->7279K(7680K)
[2025-04-03T14:42:55.734-0400][18271.353s] GC(41) Pause Young (Normal) (G1 Evacuation Pause) 198M->70M(512M) 594.721ms
[2025-04-03T14:42:55.734-0400][18271.353s] GC(41) User=0.11s Sys=0.06s Real=0.59s
[2025-04-03T14:44:52.974-0400][18388.586s] GC(42) Pause Young (Normal) (G1 Evacuation Pause)
[2025-04-03T14:44:52.974-0400][18388.586s] GC(42) Using 8 workers of 8 for evacuation
[2025-04-03T14:44:53.055-0400][18388.677s] GC(42)   Pre Evacuate Collection Set: 0.2ms
[2025-04-03T14:44:53.055-0400][18388.678s] GC(42)   Merge Heap Roots: 0.2ms
[2025-04-03T14:44:53.055-0400][18388.678s] GC(42)   Evacuate Collection Set: 87.4ms
[2025-04-03T14:44:53.055-0400][18388.678s] GC(42)   Post Evacuate Collection Set: 3.0ms
[2025-04-03T14:44:53.055-0400][18388.678s] GC(42)   Other: 0.3ms
[2025-04-03T14:44:53.055-0400][18388.678s] GC(42) Eden regions: 24->0(23)
[2025-04-03T14:44:53.055-0400][18388.678s] GC(42) Survivor regions: 1->2(4)
[2025-04-03T14:44:53.055-0400][18388.678s] GC(42) Old regions: 66->66
[2025-04-03T14:44:53.055-0400][18388.678s] GC(42) Archive regions: 0->0
[2025-04-03T14:44:53.055-0400][18388.678s] GC(42) Humongous regions: 4->4
[2025-04-03T14:44:53.055-0400][18388.678s] GC(42) Metaspace: 60520K(61248K)->60520K(61248K) NonClass: 53241K(53568K)->53241K(53568K) Class: 7279K(7680K)->7279K(7680K)
[2025-04-03T14:44:53.055-0400][18388.678s] GC(42) Pause Young (Normal) (G1 Evacuation Pause) 94M->70M(512M) 92.203ms
[2025-04-03T14:44:53.055-0400][18388.678s] GC(42) User=0.08s Sys=0.02s Real=0.08s
[2025-04-03T14:46:43.072-0400][18498.683s] GC(43) Pause Young (Normal) (G1 Evacuation Pause)
[2025-04-03T14:46:43.072-0400][18498.683s] GC(43) Using 8 workers of 8 for evacuation
[2025-04-03T14:46:43.139-0400][18498.751s] GC(43)   Pre Evacuate Collection Set: 0.2ms
[2025-04-03T14:46:43.139-0400][18498.751s] GC(43)   Merge Heap Roots: 0.1ms
[2025-04-03T14:46:43.139-0400][18498.751s] GC(43)   Evacuate Collection Set: 66.1ms
[2025-04-03T14:46:43.139-0400][18498.751s] GC(43)   Post Evacuate Collection Set: 0.9ms
[2025-04-03T14:46:43.139-0400][18498.751s] GC(43)   Other: 0.2ms
[2025-04-03T14:46:43.139-0400][18498.751s] GC(43) Eden regions: 23->0(150)
[2025-04-03T14:46:43.139-0400][18498.751s] GC(43) Survivor regions: 2->2(4)
[2025-04-03T14:46:43.139-0400][18498.751s] GC(43) Old regions: 66->66
[2025-04-03T14:46:43.139-0400][18498.751s] GC(43) Archive regions: 0->0
[2025-04-03T14:46:43.139-0400][18498.751s] GC(43) Humongous regions: 4->4
[2025-04-03T14:46:43.139-0400][18498.751s] GC(43) Metaspace: 60523K(61248K)->60523K(61248K) NonClass: 53244K(53568K)->53244K(53568K) Class: 7279K(7680K)->7279K(7680K)
[2025-04-03T14:46:43.139-0400][18498.751s] GC(43) Pause Young (Normal) (G1 Evacuation Pause) 93M->70M(512M) 68.049ms
[2025-04-03T14:46:43.139-0400][18498.751s] GC(43) User=0.05s Sys=0.02s Real=0.07s
[2025-04-03T15:07:15.714-0400][19731.328s] GC(44) Pause Young (Normal) (G1 Evacuation Pause)
[2025-04-03T15:07:15.730-0400][19731.346s] GC(44) Using 8 workers of 8 for evacuation
[2025-04-03T15:07:16.250-0400][19731.863s] GC(44) MMU target violated: 251.0ms (250.0ms/251.0ms)
[2025-04-03T15:07:16.250-0400][19731.863s] GC(44)   Pre Evacuate Collection Set: 24.7ms
[2025-04-03T15:07:16.250-0400][19731.864s] GC(44)   Merge Heap Roots: 0.5ms
[2025-04-03T15:07:16.250-0400][19731.864s] GC(44)   Evacuate Collection Set: 489.5ms
[2025-04-03T15:07:16.250-0400][19731.864s] GC(44)   Post Evacuate Collection Set: 2.3ms
[2025-04-03T15:07:16.250-0400][19731.864s] GC(44)   Other: 0.9ms
[2025-04-03T15:07:16.250-0400][19731.864s] GC(44) Eden regions: 150->0(24)
[2025-04-03T15:07:16.250-0400][19731.864s] GC(44) Survivor regions: 2->1(19)
[2025-04-03T15:07:16.250-0400][19731.864s] GC(44) Old regions: 66->66
[2025-04-03T15:07:16.250-0400][19731.864s] GC(44) Archive regions: 0->0
[2025-04-03T15:07:16.250-0400][19731.864s] GC(44) Humongous regions: 4->4
[2025-04-03T15:07:16.266-0400][19731.881s] GC(44) Metaspace: 60580K(61376K)->60580K(61376K) NonClass: 53300K(53696K)->53300K(53696K) Class: 7279K(7680K)->7279K(7680K)
[2025-04-03T15:07:16.266-0400][19731.882s] GC(44) Pause Young (Normal) (G1 Evacuation Pause) 220M->70M(512M) 565.322ms
[2025-04-03T15:07:16.266-0400][19731.882s] GC(44) User=0.06s Sys=0.06s Real=0.57s
[2025-04-03T15:12:38.651-0400][20054.264s] GC(45) Pause Young (Normal) (G1 Evacuation Pause)
[2025-04-03T15:12:38.651-0400][20054.265s] GC(45) Using 8 workers of 8 for evacuation
[2025-04-03T15:12:38.769-0400][20054.391s] GC(45)   Pre Evacuate Collection Set: 11.8ms
[2025-04-03T15:12:38.769-0400][20054.391s] GC(45)   Merge Heap Roots: 0.2ms
[2025-04-03T15:12:38.769-0400][20054.391s] GC(45)   Evacuate Collection Set: 51.6ms
[2025-04-03T15:12:38.769-0400][20054.391s] GC(45)   Post Evacuate Collection Set: 13.0ms
[2025-04-03T15:12:38.769-0400][20054.391s] GC(45)   Other: 49.5ms
[2025-04-03T15:12:38.769-0400][20054.391s] GC(45) Eden regions: 24->0(24)
[2025-04-03T15:12:38.769-0400][20054.391s] GC(45) Survivor regions: 1->1(4)
[2025-04-03T15:12:38.769-0400][20054.391s] GC(45) Old regions: 66->66
[2025-04-03T15:12:38.769-0400][20054.391s] GC(45) Archive regions: 0->0
[2025-04-03T15:12:38.769-0400][20054.391s] GC(45) Humongous regions: 4->4
[2025-04-03T15:12:38.769-0400][20054.391s] GC(45) Metaspace: 60582K(61376K)->60582K(61376K) NonClass: 53302K(53696K)->53302K(53696K) Class: 7279K(7680K)->7279K(7680K)
[2025-04-03T15:12:38.769-0400][20054.392s] GC(45) Pause Young (Normal) (G1 Evacuation Pause) 94M->70M(512M) 127.259ms
[2025-04-03T15:12:38.769-0400][20054.392s] GC(45) User=0.03s Sys=0.00s Real=0.12s
[2025-04-03T15:13:51.465-0400][20127.084s] GC(46) Pause Young (Normal) (G1 Evacuation Pause)
[2025-04-03T15:13:51.465-0400][20127.085s] GC(46) Using 8 workers of 8 for evacuation
[2025-04-03T15:13:51.546-0400][20127.166s] GC(46)   Pre Evacuate Collection Set: 0.2ms
[2025-04-03T15:13:51.546-0400][20127.167s] GC(46)   Merge Heap Roots: 0.2ms
[2025-04-03T15:13:51.546-0400][20127.167s] GC(46)   Evacuate Collection Set: 37.6ms
[2025-04-03T15:13:51.546-0400][20127.167s] GC(46)   Post Evacuate Collection Set: 28.2ms
[2025-04-03T15:13:51.546-0400][20127.167s] GC(46)   Other: 15.7ms
[2025-04-03T15:13:51.546-0400][20127.167s] GC(46) Eden regions: 24->0(71)
[2025-04-03T15:13:51.546-0400][20127.167s] GC(46) Survivor regions: 1->2(4)
[2025-04-03T15:13:51.546-0400][20127.167s] GC(46) Old regions: 66->66
[2025-04-03T15:13:51.546-0400][20127.167s] GC(46) Archive regions: 0->0
[2025-04-03T15:13:51.546-0400][20127.167s] GC(46) Humongous regions: 4->4
[2025-04-03T15:13:51.546-0400][20127.167s] GC(46) Metaspace: 60582K(61376K)->60582K(61376K) NonClass: 53303K(53696K)->53303K(53696K) Class: 7279K(7680K)->7279K(7680K)
[2025-04-03T15:13:51.546-0400][20127.167s] GC(46) Pause Young (Normal) (G1 Evacuation Pause) 94M->70M(512M) 82.234ms
[2025-04-03T15:13:51.546-0400][20127.167s] GC(46) User=0.02s Sys=0.02s Real=0.08s
[2025-04-03T15:16:37.457-0400][20293.068s] GC(47) Pause Young (Normal) (G1 Evacuation Pause)
[2025-04-03T15:16:37.457-0400][20293.068s] GC(47) Using 8 workers of 8 for evacuation
[2025-04-03T15:16:37.473-0400][20293.094s] GC(47)   Pre Evacuate Collection Set: 0.3ms
[2025-04-03T15:16:37.473-0400][20293.094s] GC(47)   Merge Heap Roots: 0.2ms
[2025-04-03T15:16:37.473-0400][20293.094s] GC(47)   Evacuate Collection Set: 23.8ms
[2025-04-03T15:16:37.473-0400][20293.094s] GC(47)   Post Evacuate Collection Set: 1.1ms
[2025-04-03T15:16:37.473-0400][20293.094s] GC(47)   Other: 0.2ms
[2025-04-03T15:16:37.473-0400][20293.094s] GC(47) Eden regions: 71->0(306)
[2025-04-03T15:16:37.473-0400][20293.094s] GC(47) Survivor regions: 2->1(10)
[2025-04-03T15:16:37.473-0400][20293.094s] GC(47) Old regions: 66->66
[2025-04-03T15:16:37.473-0400][20293.094s] GC(47) Archive regions: 0->0
[2025-04-03T15:16:37.473-0400][20293.094s] GC(47) Humongous regions: 4->4
[2025-04-03T15:16:37.473-0400][20293.094s] GC(47) Metaspace: 60588K(61376K)->60588K(61376K) NonClass: 53309K(53696K)->53309K(53696K) Class: 7279K(7680K)->7279K(7680K)
[2025-04-03T15:16:37.473-0400][20293.094s] GC(47) Pause Young (Normal) (G1 Evacuation Pause) 141M->70M(512M) 26.219ms
[2025-04-03T15:16:37.473-0400][20293.094s] GC(47) User=0.02s Sys=0.02s Real=0.02s
