[2025-02-04T23:22:56.622-0500][0.037s] CardTable entry size: 512
[2025-02-04T23:22:56.622-0500][0.038s] Using G1
[2025-02-04T23:22:56.729-0500][0.156s] Version: 18.0.1+10-24 (release)
[2025-02-04T23:22:56.729-0500][0.156s] CPUs: 8 total, 8 available
[2025-02-04T23:22:56.729-0500][0.156s] Memory: 7992M
[2025-02-04T23:22:56.729-0500][0.156s] Large Page Support: Disabled
[2025-02-04T23:22:56.729-0500][0.156s] NUMA Support: Disabled
[2025-02-04T23:22:56.729-0500][0.156s] Compressed Oops: Enabled (32-bit)
[2025-02-04T23:22:56.729-0500][0.156s] Heap Region Size: 1M
[2025-02-04T23:22:56.729-0500][0.156s] Heap Min Capacity: 512M
[2025-02-04T23:22:56.729-0500][0.156s] Heap Initial Capacity: 512M
[2025-02-04T23:22:56.729-0500][0.156s] Heap Max Capacity: 512M
[2025-02-04T23:22:56.741-0500][0.157s] Pre-touch: Enabled
[2025-02-04T23:22:56.741-0500][0.157s] Parallel Workers: 8
[2025-02-04T23:22:56.741-0500][0.157s] Concurrent Workers: 2
[2025-02-04T23:22:56.741-0500][0.157s] Concurrent Refinement Workers: 8
[2025-02-04T23:22:56.741-0500][0.157s] Periodic GC: Disabled
[2025-02-04T23:22:56.741-0500][0.158s] CDS archive(s) mapped at: [0x0000000800000000-0x0000000800b90000-0x0000000800b90000), size 12124160, SharedBaseAddress: 0x0000000800000000, ArchiveRelocationMode: 0.
[2025-02-04T23:22:56.741-0500][0.158s] Compressed class space mapped at: 0x0000000800c00000-0x0000000840c00000, reserved size: 1073741824
[2025-02-04T23:22:56.741-0500][0.158s] Narrow klass base: 0x0000000800000000, Narrow klass shift: 0, Narrow klass range: 0x100000000
[2025-02-04T23:22:57.862-0500][1.278s] GC(0) Pause Young (Normal) (G1 Evacuation Pause)
[2025-02-04T23:22:57.862-0500][1.278s] GC(0) Using 8 workers of 8 for evacuation
[2025-02-04T23:22:57.867-0500][1.283s] GC(0)   Pre Evacuate Collection Set: 0.1ms
[2025-02-04T23:22:57.867-0500][1.283s] GC(0)   Merge Heap Roots: 0.1ms
[2025-02-04T23:22:57.867-0500][1.283s] GC(0)   Evacuate Collection Set: 3.8ms
[2025-02-04T23:22:57.867-0500][1.283s] GC(0)   Post Evacuate Collection Set: 0.6ms
[2025-02-04T23:22:57.867-0500][1.283s] GC(0)   Other: 0.5ms
[2025-02-04T23:22:57.867-0500][1.283s] GC(0) Eden regions: 29->0(40)
[2025-02-04T23:22:57.867-0500][1.283s] GC(0) Survivor regions: 0->4(4)
[2025-02-04T23:22:57.867-0500][1.283s] GC(0) Old regions: 0->1
[2025-02-04T23:22:57.867-0500][1.283s] GC(0) Archive regions: 0->0
[2025-02-04T23:22:57.867-0500][1.283s] GC(0) Humongous regions: 0->0
[2025-02-04T23:22:57.867-0500][1.283s] GC(0) Metaspace: 10020K(10304K)->10020K(10304K) NonClass: 8870K(9024K)->8870K(9024K) Class: 1150K(1280K)->1150K(1280K)
[2025-02-04T23:22:57.867-0500][1.283s] GC(0) Pause Young (Normal) (G1 Evacuation Pause) 29M->4M(512M) 5.276ms
[2025-02-04T23:22:57.867-0500][1.283s] GC(0) User=0.00s Sys=0.00s Real=0.01s
[2025-02-04T23:22:58.762-0500][2.179s] GC(1) Pause Young (Normal) (G1 Evacuation Pause)
[2025-02-04T23:22:58.762-0500][2.179s] GC(1) Using 8 workers of 8 for evacuation
[2025-02-04T23:22:58.772-0500][2.190s] GC(1)   Pre Evacuate Collection Set: 0.3ms
[2025-02-04T23:22:58.772-0500][2.190s] GC(1)   Merge Heap Roots: 0.2ms
[2025-02-04T23:22:58.772-0500][2.190s] GC(1)   Evacuate Collection Set: 8.9ms
[2025-02-04T23:22:58.772-0500][2.190s] GC(1)   Post Evacuate Collection Set: 1.0ms
[2025-02-04T23:22:58.772-0500][2.190s] GC(1)   Other: 0.1ms
[2025-02-04T23:22:58.772-0500][2.190s] GC(1) Eden regions: 37->0(186)
[2025-02-04T23:22:58.772-0500][2.190s] GC(1) Survivor regions: 4->6(6)
[2025-02-04T23:22:58.772-0500][2.190s] GC(1) Old regions: 1->9
[2025-02-04T23:22:58.772-0500][2.190s] GC(1) Archive regions: 0->0
[2025-02-04T23:22:58.772-0500][2.190s] GC(1) Humongous regions: 4->4
[2025-02-04T23:22:58.772-0500][2.190s] GC(1) Metaspace: 18527K(18880K)->18527K(18880K) NonClass: 16376K(16576K)->16376K(16576K) Class: 2151K(2304K)->2151K(2304K)
[2025-02-04T23:22:58.772-0500][2.190s] GC(1) Pause Young (Normal) (G1 Evacuation Pause) 45M->18M(512M) 10.884ms
[2025-02-04T23:22:58.772-0500][2.190s] GC(1) User=0.09s Sys=0.03s Real=0.01s
[2025-02-04T23:22:59.285-0500][2.702s] GC(2) Pause Young (Concurrent Start) (Metadata GC Threshold)
[2025-02-04T23:22:59.285-0500][2.702s] GC(2) Using 8 workers of 8 for evacuation
[2025-02-04T23:22:59.291-0500][2.707s] GC(2)   Pre Evacuate Collection Set: 0.2ms
[2025-02-04T23:22:59.291-0500][2.707s] GC(2)   Merge Heap Roots: 0.1ms
[2025-02-04T23:22:59.291-0500][2.707s] GC(2)   Evacuate Collection Set: 3.6ms
[2025-02-04T23:22:59.291-0500][2.707s] GC(2)   Post Evacuate Collection Set: 0.8ms
[2025-02-04T23:22:59.291-0500][2.707s] GC(2)   Other: 0.2ms
[2025-02-04T23:22:59.291-0500][2.707s] GC(2) Eden regions: 44->0(296)
[2025-02-04T23:22:59.291-0500][2.707s] GC(2) Survivor regions: 6->11(24)
[2025-02-04T23:22:59.291-0500][2.707s] GC(2) Old regions: 9->9
[2025-02-04T23:22:59.291-0500][2.707s] GC(2) Archive regions: 0->0
[2025-02-04T23:22:59.291-0500][2.707s] GC(2) Humongous regions: 4->4
[2025-02-04T23:22:59.291-0500][2.707s] GC(2) Metaspace: 21111K(21504K)->21111K(21504K) NonClass: 18677K(18880K)->18677K(18880K) Class: 2433K(2624K)->2433K(2624K)
[2025-02-04T23:22:59.291-0500][2.707s] GC(2) Pause Young (Concurrent Start) (Metadata GC Threshold) 62M->23M(512M) 5.189ms
[2025-02-04T23:22:59.291-0500][2.707s] GC(2) User=0.00s Sys=0.00s Real=0.01s
[2025-02-04T23:22:59.291-0500][2.707s] GC(3) Concurrent Mark Cycle
[2025-02-04T23:22:59.291-0500][2.707s] GC(3) Concurrent Clear Claimed Marks
[2025-02-04T23:22:59.291-0500][2.707s] GC(3) Concurrent Clear Claimed Marks 0.046ms
[2025-02-04T23:22:59.291-0500][2.707s] GC(3) Concurrent Scan Root Regions
[2025-02-04T23:22:59.291-0500][2.711s] GC(3) Concurrent Scan Root Regions 3.402ms
[2025-02-04T23:22:59.291-0500][2.711s] GC(3) Concurrent Mark
[2025-02-04T23:22:59.291-0500][2.711s] GC(3) Concurrent Mark From Roots
[2025-02-04T23:22:59.291-0500][2.711s] GC(3) Using 2 workers of 2 for marking
[2025-02-04T23:22:59.301-0500][2.720s] GC(3) Concurrent Mark From Roots 9.255ms
[2025-02-04T23:22:59.301-0500][2.720s] GC(3) Concurrent Preclean
[2025-02-04T23:22:59.301-0500][2.720s] GC(3) Concurrent Preclean 0.034ms
[2025-02-04T23:22:59.301-0500][2.720s] GC(3) Pause Remark
[2025-02-04T23:22:59.306-0500][2.722s] GC(3) Pause Remark 24M->24M(512M) 1.986ms
[2025-02-04T23:22:59.306-0500][2.722s] GC(3) User=0.00s Sys=0.00s Real=0.00s
[2025-02-04T23:22:59.306-0500][2.722s] GC(3) Concurrent Mark 11.637ms
[2025-02-04T23:22:59.306-0500][2.722s] GC(3) Concurrent Rebuild Remembered Sets
[2025-02-04T23:22:59.306-0500][2.727s] GC(3) Concurrent Rebuild Remembered Sets 4.706ms
[2025-02-04T23:22:59.306-0500][2.727s] GC(3) Pause Cleanup
[2025-02-04T23:22:59.306-0500][2.727s] GC(3) Pause Cleanup 24M->24M(512M) 0.134ms
[2025-02-04T23:22:59.306-0500][2.727s] GC(3) User=0.00s Sys=0.00s Real=0.00s
[2025-02-04T23:22:59.306-0500][2.728s] GC(3) Concurrent Cleanup for Next Mark
[2025-02-04T23:22:59.306-0500][2.728s] GC(3) Concurrent Cleanup for Next Mark 0.555ms
[2025-02-04T23:22:59.306-0500][2.728s] GC(3) Concurrent Mark Cycle 21.340ms
[2025-02-04T23:23:00.484-0500][3.900s] GC(4) Pause Young (Concurrent Start) (Metadata GC Threshold)
[2025-02-04T23:23:00.484-0500][3.900s] GC(4) Using 8 workers of 8 for evacuation
[2025-02-04T23:23:00.491-0500][3.908s] GC(4)   Pre Evacuate Collection Set: 0.1ms
[2025-02-04T23:23:00.491-0500][3.908s] GC(4)   Merge Heap Roots: 0.1ms
[2025-02-04T23:23:00.491-0500][3.908s] GC(4)   Evacuate Collection Set: 6.9ms
[2025-02-04T23:23:00.491-0500][3.908s] GC(4)   Post Evacuate Collection Set: 0.7ms
[2025-02-04T23:23:00.491-0500][3.908s] GC(4)   Other: 0.1ms
[2025-02-04T23:23:00.491-0500][3.908s] GC(4) Eden regions: 83->0(291)
[2025-02-04T23:23:00.491-0500][3.908s] GC(4) Survivor regions: 11->16(39)
[2025-02-04T23:23:00.491-0500][3.908s] GC(4) Old regions: 9->9
[2025-02-04T23:23:00.491-0500][3.908s] GC(4) Archive regions: 0->0
[2025-02-04T23:23:00.491-0500][3.908s] GC(4) Humongous regions: 4->4
[2025-02-04T23:23:00.491-0500][3.908s] GC(4) Metaspace: 35684K(36096K)->35684K(36096K) NonClass: 31472K(31680K)->31472K(31680K) Class: 4212K(4416K)->4212K(4416K)
[2025-02-04T23:23:00.491-0500][3.908s] GC(4) Pause Young (Concurrent Start) (Metadata GC Threshold) 105M->28M(512M) 8.110ms
[2025-02-04T23:23:00.491-0500][3.908s] GC(5) Concurrent Mark Cycle
[2025-02-04T23:23:00.491-0500][3.908s] GC(4) User=0.06s Sys=0.06s Real=0.01s
[2025-02-04T23:23:00.491-0500][3.908s] GC(5) Concurrent Clear Claimed Marks
[2025-02-04T23:23:00.491-0500][3.908s] GC(5) Concurrent Clear Claimed Marks 0.053ms
[2025-02-04T23:23:00.491-0500][3.908s] GC(5) Concurrent Scan Root Regions
[2025-02-04T23:23:00.497-0500][3.913s] GC(5) Concurrent Scan Root Regions 4.480ms
[2025-02-04T23:23:00.497-0500][3.913s] GC(5) Concurrent Mark
[2025-02-04T23:23:00.497-0500][3.913s] GC(5) Concurrent Mark From Roots
[2025-02-04T23:23:00.497-0500][3.913s] GC(5) Using 2 workers of 2 for marking
[2025-02-04T23:23:00.506-0500][3.925s] GC(5) Concurrent Mark From Roots 11.877ms
[2025-02-04T23:23:00.506-0500][3.925s] GC(5) Concurrent Preclean
[2025-02-04T23:23:00.506-0500][3.925s] GC(5) Concurrent Preclean 0.036ms
[2025-02-04T23:23:00.506-0500][3.925s] GC(5) Pause Remark
[2025-02-04T23:23:00.511-0500][3.927s] GC(5) Pause Remark 30M->30M(512M) 1.907ms
[2025-02-04T23:23:00.511-0500][3.927s] GC(5) User=0.00s Sys=0.00s Real=0.00s
[2025-02-04T23:23:00.511-0500][3.927s] GC(5) Concurrent Mark 14.113ms
[2025-02-04T23:23:00.511-0500][3.927s] GC(5) Concurrent Rebuild Remembered Sets
[2025-02-04T23:23:00.515-0500][3.932s] GC(5) Concurrent Rebuild Remembered Sets 5.449ms
[2025-02-04T23:23:00.515-0500][3.933s] GC(5) Pause Cleanup
[2025-02-04T23:23:00.515-0500][3.933s] GC(5) Pause Cleanup 30M->30M(512M) 0.100ms
[2025-02-04T23:23:00.515-0500][3.933s] GC(5) User=0.00s Sys=0.00s Real=0.00s
[2025-02-04T23:23:00.515-0500][3.933s] GC(5) Concurrent Cleanup for Next Mark
[2025-02-04T23:23:00.515-0500][3.933s] GC(5) Concurrent Cleanup for Next Mark 0.481ms
[2025-02-04T23:23:00.515-0500][3.933s] GC(5) Concurrent Mark Cycle 25.049ms
[2025-02-04T23:23:02.800-0500][6.216s] GC(6) Pause Young (Normal) (G1 Evacuation Pause)
[2025-02-04T23:23:02.800-0500][6.216s] GC(6) Using 8 workers of 8 for evacuation
[2025-02-04T23:23:02.827-0500][6.243s] GC(6)   Pre Evacuate Collection Set: 0.1ms
[2025-02-04T23:23:02.827-0500][6.243s] GC(6)   Merge Heap Roots: 0.1ms
[2025-02-04T23:23:02.827-0500][6.243s] GC(6)   Evacuate Collection Set: 25.0ms
[2025-02-04T23:23:02.827-0500][6.243s] GC(6)   Post Evacuate Collection Set: 1.5ms
[2025-02-04T23:23:02.827-0500][6.243s] GC(6)   Other: 0.1ms
[2025-02-04T23:23:02.827-0500][6.243s] GC(6) Eden regions: 291->0(246)
[2025-02-04T23:23:02.827-0500][6.243s] GC(6) Survivor regions: 16->39(39)
[2025-02-04T23:23:02.827-0500][6.243s] GC(6) Old regions: 9->16
[2025-02-04T23:23:02.827-0500][6.243s] GC(6) Archive regions: 0->0
[2025-02-04T23:23:02.827-0500][6.243s] GC(6) Humongous regions: 4->4
[2025-02-04T23:23:02.827-0500][6.243s] GC(6) Metaspace: 55831K(56576K)->55831K(56576K) NonClass: 48931K(49344K)->48931K(49344K) Class: 6899K(7232K)->6899K(7232K)
[2025-02-04T23:23:02.827-0500][6.243s] GC(6) Pause Young (Normal) (G1 Evacuation Pause) 319M->58M(512M) 27.035ms
[2025-02-04T23:23:02.827-0500][6.243s] GC(6) User=0.09s Sys=0.02s Real=0.03s
[2025-02-05T09:08:18.323-0500][0.016s] CardTable entry size: 512
[2025-02-05T09:08:18.339-0500][0.033s] Using G1
[2025-02-05T09:08:18.481-0500][0.166s] Version: 18.0.1+10-24 (release)
[2025-02-05T09:08:18.481-0500][0.167s] CPUs: 8 total, 8 available
[2025-02-05T09:08:18.481-0500][0.167s] Memory: 7992M
[2025-02-05T09:08:18.481-0500][0.167s] Large Page Support: Disabled
[2025-02-05T09:08:18.481-0500][0.167s] NUMA Support: Disabled
[2025-02-05T09:08:18.481-0500][0.167s] Compressed Oops: Enabled (32-bit)
[2025-02-05T09:08:18.481-0500][0.167s] Heap Region Size: 1M
[2025-02-05T09:08:18.481-0500][0.167s] Heap Min Capacity: 512M
[2025-02-05T09:08:18.481-0500][0.167s] Heap Initial Capacity: 512M
[2025-02-05T09:08:18.481-0500][0.167s] Heap Max Capacity: 512M
[2025-02-05T09:08:18.481-0500][0.167s] Pre-touch: Enabled
[2025-02-05T09:08:18.481-0500][0.167s] Parallel Workers: 8
[2025-02-05T09:08:18.481-0500][0.167s] Concurrent Workers: 2
[2025-02-05T09:08:18.481-0500][0.167s] Concurrent Refinement Workers: 8
[2025-02-05T09:08:18.481-0500][0.167s] Periodic GC: Disabled
[2025-02-05T09:08:18.481-0500][0.168s] CDS archive(s) mapped at: [0x0000000800000000-0x0000000800b90000-0x0000000800b90000), size 12124160, SharedBaseAddress: 0x0000000800000000, ArchiveRelocationMode: 0.
[2025-02-05T09:08:18.481-0500][0.168s] Compressed class space mapped at: 0x0000000800c00000-0x0000000840c00000, reserved size: 1073741824
[2025-02-05T09:08:18.481-0500][0.168s] Narrow klass base: 0x0000000800000000, Narrow klass shift: 0, Narrow klass range: 0x100000000
[2025-02-05T09:08:22.053-0500][3.737s] GC(0) Pause Young (Normal) (G1 Evacuation Pause)
[2025-02-05T09:08:22.053-0500][3.737s] GC(0) Using 8 workers of 8 for evacuation
[2025-02-05T09:08:22.061-0500][3.742s] GC(0)   Pre Evacuate Collection Set: 0.1ms
[2025-02-05T09:08:22.061-0500][3.742s] GC(0)   Merge Heap Roots: 0.1ms
[2025-02-05T09:08:22.061-0500][3.742s] GC(0)   Evacuate Collection Set: 3.8ms
[2025-02-05T09:08:22.061-0500][3.742s] GC(0)   Post Evacuate Collection Set: 0.7ms
[2025-02-05T09:08:22.061-0500][3.742s] GC(0)   Other: 0.6ms
[2025-02-05T09:08:22.061-0500][3.742s] GC(0) Eden regions: 29->0(40)
[2025-02-05T09:08:22.061-0500][3.742s] GC(0) Survivor regions: 0->4(4)
[2025-02-05T09:08:22.061-0500][3.742s] GC(0) Old regions: 0->1
[2025-02-05T09:08:22.061-0500][3.742s] GC(0) Archive regions: 0->0
[2025-02-05T09:08:22.061-0500][3.742s] GC(0) Humongous regions: 0->0
[2025-02-05T09:08:22.061-0500][3.742s] GC(0) Metaspace: 9983K(10240K)->9983K(10240K) NonClass: 8836K(8960K)->8836K(8960K) Class: 1147K(1280K)->1147K(1280K)
[2025-02-05T09:08:22.061-0500][3.742s] GC(0) Pause Young (Normal) (G1 Evacuation Pause) 29M->4M(512M) 5.718ms
[2025-02-05T09:08:22.061-0500][3.742s] GC(0) User=0.00s Sys=0.00s Real=0.01s
[2025-02-05T09:08:24.776-0500][6.458s] GC(1) Pause Young (Normal) (G1 Evacuation Pause)
[2025-02-05T09:08:24.776-0500][6.458s] GC(1) Using 8 workers of 8 for evacuation
[2025-02-05T09:08:24.788-0500][6.468s] GC(1)   Pre Evacuate Collection Set: 0.1ms
[2025-02-05T09:08:24.788-0500][6.468s] GC(1)   Merge Heap Roots: 0.2ms
[2025-02-05T09:08:24.788-0500][6.468s] GC(1)   Evacuate Collection Set: 9.3ms
[2025-02-05T09:08:24.788-0500][6.468s] GC(1)   Post Evacuate Collection Set: 0.9ms
[2025-02-05T09:08:24.788-0500][6.469s] GC(1)   Other: 0.1ms
[2025-02-05T09:08:24.788-0500][6.469s] GC(1) Eden regions: 37->0(133)
[2025-02-05T09:08:24.788-0500][6.469s] GC(1) Survivor regions: 4->6(6)
[2025-02-05T09:08:24.788-0500][6.469s] GC(1) Old regions: 1->9
[2025-02-05T09:08:24.788-0500][6.469s] GC(1) Archive regions: 0->0
[2025-02-05T09:08:24.788-0500][6.469s] GC(1) Humongous regions: 4->4
[2025-02-05T09:08:24.788-0500][6.469s] GC(1) Metaspace: 18544K(18944K)->18544K(18944K) NonClass: 16389K(16576K)->16389K(16576K) Class: 2155K(2368K)->2155K(2368K)
[2025-02-05T09:08:24.788-0500][6.469s] GC(1) Pause Young (Normal) (G1 Evacuation Pause) 45M->18M(512M) 11.036ms
[2025-02-05T09:08:24.788-0500][6.469s] GC(1) User=0.06s Sys=0.06s Real=0.01s
[2025-02-05T09:08:26.183-0500][7.865s] GC(2) Pause Young (Concurrent Start) (Metadata GC Threshold)
[2025-02-05T09:08:26.183-0500][7.865s] GC(2) Using 8 workers of 8 for evacuation
[2025-02-05T09:08:26.191-0500][7.873s] GC(2)   Pre Evacuate Collection Set: 0.4ms
[2025-02-05T09:08:26.191-0500][7.873s] GC(2)   Merge Heap Roots: 0.2ms
[2025-02-05T09:08:26.191-0500][7.873s] GC(2)   Evacuate Collection Set: 6.0ms
[2025-02-05T09:08:26.191-0500][7.873s] GC(2)   Post Evacuate Collection Set: 0.6ms
[2025-02-05T09:08:26.191-0500][7.873s] GC(2)   Other: 0.2ms
[2025-02-05T09:08:26.191-0500][7.873s] GC(2) Eden regions: 45->0(295)
[2025-02-05T09:08:26.191-0500][7.873s] GC(2) Survivor regions: 6->12(17)
[2025-02-05T09:08:26.191-0500][7.873s] GC(2) Old regions: 9->9
[2025-02-05T09:08:26.191-0500][7.873s] GC(2) Archive regions: 0->0
[2025-02-05T09:08:26.191-0500][7.873s] GC(2) Humongous regions: 4->4
[2025-02-05T09:08:26.191-0500][7.873s] GC(2) Metaspace: 21132K(21504K)->21132K(21504K) NonClass: 18693K(18880K)->18693K(18880K) Class: 2439K(2624K)->2439K(2624K)
[2025-02-05T09:08:26.191-0500][7.873s] GC(2) Pause Young (Concurrent Start) (Metadata GC Threshold) 62M->23M(512M) 7.817ms
[2025-02-05T09:08:26.191-0500][7.873s] GC(2) User=0.08s Sys=0.05s Real=0.01s
[2025-02-05T09:08:26.191-0500][7.873s] GC(3) Concurrent Mark Cycle
[2025-02-05T09:08:26.191-0500][7.873s] GC(3) Concurrent Clear Claimed Marks
[2025-02-05T09:08:26.191-0500][7.873s] GC(3) Concurrent Clear Claimed Marks 0.046ms
[2025-02-05T09:08:26.191-0500][7.873s] GC(3) Concurrent Scan Root Regions
[2025-02-05T09:08:26.196-0500][7.877s] GC(3) Concurrent Scan Root Regions 4.082ms
[2025-02-05T09:08:26.196-0500][7.877s] GC(3) Concurrent Mark
[2025-02-05T09:08:26.196-0500][7.877s] GC(3) Concurrent Mark From Roots
[2025-02-05T09:08:26.196-0500][7.877s] GC(3) Using 2 workers of 2 for marking
[2025-02-05T09:08:26.203-0500][7.887s] GC(3) Concurrent Mark From Roots 9.325ms
[2025-02-05T09:08:26.203-0500][7.887s] GC(3) Concurrent Preclean
[2025-02-05T09:08:26.203-0500][7.887s] GC(3) Concurrent Preclean 0.032ms
[2025-02-05T09:08:26.203-0500][7.887s] GC(3) Pause Remark
[2025-02-05T09:08:26.203-0500][7.889s] GC(3) Pause Remark 24M->24M(512M) 2.252ms
[2025-02-05T09:08:26.203-0500][7.889s] GC(3) User=0.00s Sys=0.00s Real=0.00s
[2025-02-05T09:08:26.203-0500][7.889s] GC(3) Concurrent Mark 11.999ms
[2025-02-05T09:08:26.203-0500][7.889s] GC(3) Concurrent Rebuild Remembered Sets
[2025-02-05T09:08:26.203-0500][7.893s] GC(3) Concurrent Rebuild Remembered Sets 3.905ms
[2025-02-05T09:08:26.203-0500][7.893s] GC(3) Pause Cleanup
[2025-02-05T09:08:26.203-0500][7.894s] GC(3) Pause Cleanup 24M->24M(512M) 0.119ms
[2025-02-05T09:08:26.203-0500][7.894s] GC(3) User=0.00s Sys=0.00s Real=0.00s
[2025-02-05T09:08:26.203-0500][7.894s] GC(3) Concurrent Cleanup for Next Mark
[2025-02-05T09:08:26.203-0500][7.894s] GC(3) Concurrent Cleanup for Next Mark 0.342ms
[2025-02-05T09:08:26.203-0500][7.894s] GC(3) Concurrent Mark Cycle 21.130ms
[2025-02-05T09:08:29.262-0500][10.951s] GC(4) Pause Young (Concurrent Start) (Metadata GC Threshold)
[2025-02-05T09:08:29.262-0500][10.951s] GC(4) Using 8 workers of 8 for evacuation
[2025-02-05T09:08:29.279-0500][10.960s] GC(4)   Pre Evacuate Collection Set: 0.2ms
[2025-02-05T09:08:29.279-0500][10.960s] GC(4)   Merge Heap Roots: 0.2ms
[2025-02-05T09:08:29.279-0500][10.960s] GC(4)   Evacuate Collection Set: 7.3ms
[2025-02-05T09:08:29.279-0500][10.960s] GC(4)   Post Evacuate Collection Set: 1.0ms
[2025-02-05T09:08:29.279-0500][10.960s] GC(4)   Other: 0.3ms
[2025-02-05T09:08:29.279-0500][10.961s] GC(4) Eden regions: 107->0(290)
[2025-02-05T09:08:29.279-0500][10.961s] GC(4) Survivor regions: 12->17(39)
[2025-02-05T09:08:29.279-0500][10.961s] GC(4) Old regions: 9->9
[2025-02-05T09:08:29.279-0500][10.961s] GC(4) Archive regions: 0->0
[2025-02-05T09:08:29.279-0500][10.961s] GC(4) Humongous regions: 4->4
[2025-02-05T09:08:29.279-0500][10.961s] GC(4) Metaspace: 35623K(36096K)->35623K(36096K) NonClass: 31428K(31680K)->31428K(31680K) Class: 4194K(4416K)->4194K(4416K)
[2025-02-05T09:08:29.279-0500][10.961s] GC(4) Pause Young (Concurrent Start) (Metadata GC Threshold) 130M->28M(512M) 9.372ms
[2025-02-05T09:08:29.279-0500][10.961s] GC(4) User=0.00s Sys=0.00s Real=0.02s
[2025-02-05T09:08:29.279-0500][10.961s] GC(5) Concurrent Mark Cycle
[2025-02-05T09:08:29.279-0500][10.961s] GC(5) Concurrent Clear Claimed Marks
[2025-02-05T09:08:29.279-0500][10.961s] GC(5) Concurrent Clear Claimed Marks 0.034ms
[2025-02-05T09:08:29.279-0500][10.961s] GC(5) Concurrent Scan Root Regions
[2025-02-05T09:08:29.287-0500][10.968s] GC(5) Concurrent Scan Root Regions 6.778ms
[2025-02-05T09:08:29.287-0500][10.968s] GC(5) Concurrent Mark
[2025-02-05T09:08:29.287-0500][10.968s] GC(5) Concurrent Mark From Roots
[2025-02-05T09:08:29.287-0500][10.968s] GC(5) Using 2 workers of 2 for marking
[2025-02-05T09:08:29.296-0500][10.980s] GC(5) Concurrent Mark From Roots 12.626ms
[2025-02-05T09:08:29.296-0500][10.980s] GC(5) Concurrent Preclean
[2025-02-05T09:08:29.296-0500][10.980s] GC(5) Concurrent Preclean 0.060ms
[2025-02-05T09:08:29.296-0500][10.981s] GC(5) Pause Remark
[2025-02-05T09:08:29.303-0500][10.985s] GC(5) Pause Remark 29M->29M(512M) 3.895ms
[2025-02-05T09:08:29.303-0500][10.985s] GC(5) User=0.02s Sys=0.00s Real=0.01s
[2025-02-05T09:08:29.303-0500][10.985s] GC(5) Concurrent Mark 16.969ms
[2025-02-05T09:08:29.303-0500][10.985s] GC(5) Concurrent Rebuild Remembered Sets
[2025-02-05T09:08:29.310-0500][10.992s] GC(5) Concurrent Rebuild Remembered Sets 6.777ms
[2025-02-05T09:08:29.310-0500][10.992s] GC(5) Pause Cleanup
[2025-02-05T09:08:29.310-0500][10.992s] GC(5) Pause Cleanup 29M->29M(512M) 0.180ms
[2025-02-05T09:08:29.310-0500][10.992s] GC(5) User=0.00s Sys=0.00s Real=0.00s
[2025-02-05T09:08:29.310-0500][10.992s] GC(5) Concurrent Cleanup for Next Mark
[2025-02-05T09:08:29.310-0500][10.992s] GC(5) Concurrent Cleanup for Next Mark 0.495ms
[2025-02-05T09:08:29.310-0500][10.993s] GC(5) Concurrent Mark Cycle 31.818ms
[2025-02-05T09:08:37.035-0500][18.715s] GC(6) Pause Young (Normal) (G1 Evacuation Pause)
[2025-02-05T09:08:37.035-0500][18.715s] GC(6) Using 8 workers of 8 for evacuation
[2025-02-05T09:08:37.059-0500][18.742s] GC(6)   Pre Evacuate Collection Set: 0.2ms
[2025-02-05T09:08:37.059-0500][18.742s] GC(6)   Merge Heap Roots: 0.3ms
[2025-02-05T09:08:37.059-0500][18.742s] GC(6)   Evacuate Collection Set: 24.1ms
[2025-02-05T09:08:37.059-0500][18.742s] GC(6)   Post Evacuate Collection Set: 2.0ms
[2025-02-05T09:08:37.059-0500][18.742s] GC(6)   Other: 0.3ms
[2025-02-05T09:08:37.059-0500][18.742s] GC(6) Eden regions: 290->0(268)
[2025-02-05T09:08:37.059-0500][18.742s] GC(6) Survivor regions: 17->39(39)
[2025-02-05T09:08:37.059-0500][18.742s] GC(6) Old regions: 9->16
[2025-02-05T09:08:37.059-0500][18.742s] GC(6) Archive regions: 0->0
[2025-02-05T09:08:37.059-0500][18.742s] GC(6) Humongous regions: 4->4
[2025-02-05T09:08:37.059-0500][18.742s] GC(6) Metaspace: 55857K(56512K)->55857K(56512K) NonClass: 48951K(49280K)->48951K(49280K) Class: 6906K(7232K)->6906K(7232K)
[2025-02-05T09:08:37.059-0500][18.742s] GC(6) Pause Young (Normal) (G1 Evacuation Pause) 318M->58M(512M) 27.285ms
[2025-02-05T09:08:37.059-0500][18.742s] GC(6) User=0.11s Sys=0.02s Real=0.02s
[2025-02-05T09:33:56.996-0500][1538.676s] Heap
[2025-02-05T09:33:56.996-0500][1538.677s]  garbage-first heap   total 524288K, used 125026K [0x00000000e0000000, 0x0000000100000000)
[2025-02-05T09:33:56.996-0500][1538.677s]   region size 1024K, 103 young (105472K), 39 survivors (39936K)
[2025-02-05T09:33:56.996-0500][1538.677s]  Metaspace       used 58965K, committed 59712K, reserved 1114112K
[2025-02-05T09:33:56.996-0500][1538.677s]   class space    used 7279K, committed 7616K, reserved 1048576K
[2025-02-05T09:34:04.319-0500][0.044s] CardTable entry size: 512
[2025-02-05T09:34:04.321-0500][0.045s] Using G1
[2025-02-05T09:34:04.478-0500][0.203s] Version: 18.0.1+10-24 (release)
[2025-02-05T09:34:04.478-0500][0.203s] CPUs: 8 total, 8 available
[2025-02-05T09:34:04.478-0500][0.203s] Memory: 7992M
[2025-02-05T09:34:04.478-0500][0.203s] Large Page Support: Disabled
[2025-02-05T09:34:04.478-0500][0.203s] NUMA Support: Disabled
[2025-02-05T09:34:04.478-0500][0.203s] Compressed Oops: Enabled (32-bit)
[2025-02-05T09:34:04.478-0500][0.203s] Heap Region Size: 1M
[2025-02-05T09:34:04.478-0500][0.203s] Heap Min Capacity: 512M
[2025-02-05T09:34:04.478-0500][0.203s] Heap Initial Capacity: 512M
[2025-02-05T09:34:04.478-0500][0.203s] Heap Max Capacity: 512M
[2025-02-05T09:34:04.478-0500][0.203s] Pre-touch: Enabled
[2025-02-05T09:34:04.478-0500][0.203s] Parallel Workers: 8
[2025-02-05T09:34:04.478-0500][0.203s] Concurrent Workers: 2
[2025-02-05T09:34:04.478-0500][0.203s] Concurrent Refinement Workers: 8
[2025-02-05T09:34:04.478-0500][0.203s] Periodic GC: Disabled
[2025-02-05T09:34:04.478-0500][0.204s] CDS archive(s) mapped at: [0x0000000800000000-0x0000000800b90000-0x0000000800b90000), size 12124160, SharedBaseAddress: 0x0000000800000000, ArchiveRelocationMode: 0.
[2025-02-05T09:34:04.478-0500][0.204s] Compressed class space mapped at: 0x0000000800c00000-0x0000000840c00000, reserved size: 1073741824
[2025-02-05T09:34:04.478-0500][0.204s] Narrow klass base: 0x0000000800000000, Narrow klass shift: 0, Narrow klass range: 0x100000000
[2025-02-05T09:34:11.027-0500][6.756s] GC(0) Pause Young (Normal) (G1 Evacuation Pause)
[2025-02-05T09:34:11.027-0500][6.757s] GC(0) Using 8 workers of 8 for evacuation
[2025-02-05T09:34:11.036-0500][6.761s] GC(0)   Pre Evacuate Collection Set: 0.1ms
[2025-02-05T09:34:11.036-0500][6.761s] GC(0)   Merge Heap Roots: 0.1ms
[2025-02-05T09:34:11.036-0500][6.761s] GC(0)   Evacuate Collection Set: 3.7ms
[2025-02-05T09:34:11.036-0500][6.761s] GC(0)   Post Evacuate Collection Set: 0.7ms
[2025-02-05T09:34:11.036-0500][6.761s] GC(0)   Other: 0.5ms
[2025-02-05T09:34:11.036-0500][6.761s] GC(0) Eden regions: 29->0(40)
[2025-02-05T09:34:11.036-0500][6.761s] GC(0) Survivor regions: 0->4(4)
[2025-02-05T09:34:11.036-0500][6.762s] GC(0) Old regions: 0->1
[2025-02-05T09:34:11.036-0500][6.762s] GC(0) Archive regions: 0->0
[2025-02-05T09:34:11.036-0500][6.762s] GC(0) Humongous regions: 0->0
[2025-02-05T09:34:11.036-0500][6.762s] GC(0) Metaspace: 10005K(10240K)->10005K(10240K) NonClass: 8855K(8960K)->8855K(8960K) Class: 1150K(1280K)->1150K(1280K)
[2025-02-05T09:34:11.036-0500][6.762s] GC(0) Pause Young (Normal) (G1 Evacuation Pause) 29M->4M(512M) 5.595ms
[2025-02-05T09:34:11.038-0500][6.762s] GC(0) User=0.06s Sys=0.03s Real=0.01s
[2025-02-05T09:34:11.963-0500][7.688s] GC(1) Pause Young (Normal) (G1 Evacuation Pause)
[2025-02-05T09:34:11.963-0500][7.688s] GC(1) Using 8 workers of 8 for evacuation
[2025-02-05T09:34:11.972-0500][7.698s] GC(1)   Pre Evacuate Collection Set: 0.1ms
[2025-02-05T09:34:11.972-0500][7.698s] GC(1)   Merge Heap Roots: 0.2ms
[2025-02-05T09:34:11.972-0500][7.698s] GC(1)   Evacuate Collection Set: 9.1ms
[2025-02-05T09:34:11.972-0500][7.698s] GC(1)   Post Evacuate Collection Set: 0.9ms
[2025-02-05T09:34:11.972-0500][7.698s] GC(1)   Other: 0.1ms
[2025-02-05T09:34:11.972-0500][7.698s] GC(1) Eden regions: 37->0(175)
[2025-02-05T09:34:11.972-0500][7.698s] GC(1) Survivor regions: 4->6(6)
[2025-02-05T09:34:11.972-0500][7.698s] GC(1) Old regions: 1->9
[2025-02-05T09:34:11.972-0500][7.698s] GC(1) Archive regions: 0->0
[2025-02-05T09:34:11.972-0500][7.698s] GC(1) Humongous regions: 4->4
[2025-02-05T09:34:11.972-0500][7.698s] GC(1) Metaspace: 18530K(18944K)->18530K(18944K) NonClass: 16375K(16576K)->16375K(16576K) Class: 2154K(2368K)->2154K(2368K)
[2025-02-05T09:34:11.972-0500][7.699s] GC(1) Pause Young (Normal) (G1 Evacuation Pause) 45M->18M(512M) 10.663ms
[2025-02-05T09:34:11.972-0500][7.699s] GC(1) User=0.03s Sys=0.09s Real=0.01s
[2025-02-05T09:34:14.462-0500][10.188s] GC(2) Pause Young (Concurrent Start) (Metadata GC Threshold)
[2025-02-05T09:34:14.462-0500][10.188s] GC(2) Using 8 workers of 8 for evacuation
[2025-02-05T09:34:14.472-0500][10.199s] GC(2)   Pre Evacuate Collection Set: 0.3ms
[2025-02-05T09:34:14.472-0500][10.199s] GC(2)   Merge Heap Roots: 0.1ms
[2025-02-05T09:34:14.472-0500][10.199s] GC(2)   Evacuate Collection Set: 9.6ms
[2025-02-05T09:34:14.472-0500][10.199s] GC(2)   Post Evacuate Collection Set: 1.0ms
[2025-02-05T09:34:14.472-0500][10.199s] GC(2)   Other: 0.2ms
[2025-02-05T09:34:14.472-0500][10.199s] GC(2) Eden regions: 44->0(295)
[2025-02-05T09:34:14.472-0500][10.200s] GC(2) Survivor regions: 6->12(22)
[2025-02-05T09:34:14.472-0500][10.200s] GC(2) Old regions: 9->9
[2025-02-05T09:34:14.472-0500][10.200s] GC(2) Archive regions: 0->0
[2025-02-05T09:34:14.472-0500][10.200s] GC(2) Humongous regions: 4->4
[2025-02-05T09:34:14.472-0500][10.200s] GC(2) Metaspace: 21115K(21504K)->21115K(21504K) NonClass: 18677K(18880K)->18677K(18880K) Class: 2437K(2624K)->2437K(2624K)
[2025-02-05T09:34:14.472-0500][10.200s] GC(2) Pause Young (Concurrent Start) (Metadata GC Threshold) 62M->23M(512M) 12.011ms
[2025-02-05T09:34:14.476-0500][10.200s] GC(2) User=0.06s Sys=0.05s Real=0.01s
[2025-02-05T09:34:14.476-0500][10.200s] GC(3) Concurrent Mark Cycle
[2025-02-05T09:34:14.476-0500][10.200s] GC(3) Concurrent Clear Claimed Marks
[2025-02-05T09:34:14.476-0500][10.200s] GC(3) Concurrent Clear Claimed Marks 0.085ms
[2025-02-05T09:34:14.476-0500][10.200s] GC(3) Concurrent Scan Root Regions
[2025-02-05T09:34:14.481-0500][10.205s] GC(3) Concurrent Scan Root Regions 4.737ms
[2025-02-05T09:34:14.481-0500][10.205s] GC(3) Concurrent Mark
[2025-02-05T09:34:14.481-0500][10.205s] GC(3) Concurrent Mark From Roots
[2025-02-05T09:34:14.481-0500][10.205s] GC(3) Using 2 workers of 2 for marking
[2025-02-05T09:34:14.510-0500][10.234s] GC(3) Concurrent Mark From Roots 29.020ms
[2025-02-05T09:34:14.510-0500][10.234s] GC(3) Concurrent Preclean
[2025-02-05T09:34:14.510-0500][10.234s] GC(3) Concurrent Preclean 0.132ms
[2025-02-05T09:34:14.510-0500][10.235s] GC(3) Pause Remark
[2025-02-05T09:34:14.513-0500][10.239s] GC(3) Pause Remark 24M->24M(512M) 3.996ms
[2025-02-05T09:34:14.513-0500][10.239s] GC(3) User=0.00s Sys=0.00s Real=0.00s
[2025-02-05T09:34:14.513-0500][10.239s] GC(3) Concurrent Mark 33.982ms
[2025-02-05T09:34:14.513-0500][10.239s] GC(3) Concurrent Rebuild Remembered Sets
[2025-02-05T09:34:14.526-0500][10.253s] GC(3) Concurrent Rebuild Remembered Sets 13.517ms
[2025-02-05T09:34:14.526-0500][10.253s] GC(3) Pause Cleanup
[2025-02-05T09:34:14.526-0500][10.253s] GC(3) Pause Cleanup 25M->25M(512M) 0.274ms
[2025-02-05T09:34:14.526-0500][10.253s] GC(3) User=0.00s Sys=0.00s Real=0.00s
[2025-02-05T09:34:14.526-0500][10.254s] GC(3) Concurrent Cleanup for Next Mark
[2025-02-05T09:34:14.526-0500][10.254s] GC(3) Concurrent Cleanup for Next Mark 0.781ms
[2025-02-05T09:34:14.526-0500][10.254s] GC(3) Concurrent Mark Cycle 54.548ms
[2025-02-05T09:34:18.392-0500][14.116s] GC(4) Pause Young (Concurrent Start) (Metadata GC Threshold)
[2025-02-05T09:34:18.392-0500][14.116s] GC(4) Using 8 workers of 8 for evacuation
[2025-02-05T09:34:18.407-0500][14.132s] GC(4)   Pre Evacuate Collection Set: 0.3ms
[2025-02-05T09:34:18.411-0500][14.142s] GC(4)   Merge Heap Roots: 0.2ms
[2025-02-05T09:34:18.411-0500][14.142s] GC(4)   Evacuate Collection Set: 13.3ms
[2025-02-05T09:34:18.411-0500][14.142s] GC(4)   Post Evacuate Collection Set: 1.5ms
[2025-02-05T09:34:18.411-0500][14.142s] GC(4)   Other: 0.2ms
[2025-02-05T09:34:18.411-0500][14.142s] GC(4) Eden regions: 98->0(290)
[2025-02-05T09:34:18.411-0500][14.142s] GC(4) Survivor regions: 12->17(39)
[2025-02-05T09:34:18.411-0500][14.142s] GC(4) Old regions: 9->9
[2025-02-05T09:34:18.411-0500][14.142s] GC(4) Archive regions: 0->0
[2025-02-05T09:34:18.411-0500][14.142s] GC(4) Humongous regions: 4->4
[2025-02-05T09:34:18.411-0500][14.142s] GC(4) Metaspace: 35709K(36160K)->35709K(36160K) NonClass: 31500K(31744K)->31500K(31744K) Class: 4208K(4416K)->4208K(4416K)
[2025-02-05T09:34:18.411-0500][14.142s] GC(4) Pause Young (Concurrent Start) (Metadata GC Threshold) 121M->29M(512M) 26.374ms
[2025-02-05T09:34:18.419-0500][14.143s] GC(4) User=0.11s Sys=0.03s Real=0.03s
[2025-02-05T09:34:18.419-0500][14.143s] GC(5) Concurrent Mark Cycle
[2025-02-05T09:34:18.419-0500][14.143s] GC(5) Concurrent Clear Claimed Marks
[2025-02-05T09:34:18.419-0500][14.143s] GC(5) Concurrent Clear Claimed Marks 0.072ms
[2025-02-05T09:34:18.419-0500][14.143s] GC(5) Concurrent Scan Root Regions
[2025-02-05T09:34:18.429-0500][14.154s] GC(5) Concurrent Scan Root Regions 10.864ms
[2025-02-05T09:34:18.429-0500][14.154s] GC(5) Concurrent Mark
[2025-02-05T09:34:18.429-0500][14.154s] GC(5) Concurrent Mark From Roots
[2025-02-05T09:34:18.429-0500][14.154s] GC(5) Using 2 workers of 2 for marking
[2025-02-05T09:34:18.456-0500][14.181s] GC(5) Concurrent Mark From Roots 26.828ms
[2025-02-05T09:34:18.456-0500][14.181s] GC(5) Concurrent Preclean
[2025-02-05T09:34:18.456-0500][14.181s] GC(5) Concurrent Preclean 0.066ms
[2025-02-05T09:34:18.456-0500][14.181s] GC(5) Pause Remark
[2025-02-05T09:34:18.459-0500][14.185s] GC(5) Pause Remark 30M->30M(512M) 4.490ms
[2025-02-05T09:34:18.459-0500][14.186s] GC(5) User=0.02s Sys=0.00s Real=0.00s
[2025-02-05T09:34:18.459-0500][14.186s] GC(5) Concurrent Mark 31.962ms
[2025-02-05T09:34:18.459-0500][14.186s] GC(5) Concurrent Rebuild Remembered Sets
[2025-02-05T09:34:18.470-0500][14.194s] GC(5) Concurrent Rebuild Remembered Sets 8.678ms
[2025-02-05T09:34:18.470-0500][14.195s] GC(5) Pause Cleanup
[2025-02-05T09:34:18.470-0500][14.195s] GC(5) Pause Cleanup 30M->30M(512M) 0.228ms
[2025-02-05T09:34:18.470-0500][14.195s] GC(5) User=0.00s Sys=0.00s Real=0.00s
[2025-02-05T09:34:18.470-0500][14.195s] GC(5) Concurrent Cleanup for Next Mark
[2025-02-05T09:34:18.470-0500][14.196s] GC(5) Concurrent Cleanup for Next Mark 0.630ms
[2025-02-05T09:34:18.470-0500][14.196s] GC(5) Concurrent Mark Cycle 53.391ms
[2025-02-05T09:34:24.276-0500][20.001s] GC(6) Pause Young (Normal) (G1 Evacuation Pause)
[2025-02-05T09:34:24.276-0500][20.002s] GC(6) Using 8 workers of 8 for evacuation
[2025-02-05T09:34:24.322-0500][20.048s] GC(6)   Pre Evacuate Collection Set: 0.1ms
[2025-02-05T09:34:24.324-0500][20.048s] GC(6)   Merge Heap Roots: 0.2ms
[2025-02-05T09:34:24.324-0500][20.048s] GC(6)   Evacuate Collection Set: 43.3ms
[2025-02-05T09:34:24.324-0500][20.048s] GC(6)   Post Evacuate Collection Set: 2.2ms
[2025-02-05T09:34:24.324-0500][20.048s] GC(6)   Other: 0.3ms
[2025-02-05T09:34:24.324-0500][20.048s] GC(6) Eden regions: 290->0(256)
[2025-02-05T09:34:24.324-0500][20.048s] GC(6) Survivor regions: 17->39(39)
[2025-02-05T09:34:24.324-0500][20.048s] GC(6) Old regions: 9->15
[2025-02-05T09:34:24.324-0500][20.048s] GC(6) Archive regions: 0->0
[2025-02-05T09:34:24.324-0500][20.048s] GC(6) Humongous regions: 4->4
[2025-02-05T09:34:24.324-0500][20.048s] GC(6) Metaspace: 55836K(56576K)->55836K(56576K) NonClass: 48951K(49344K)->48951K(49344K) Class: 6885K(7232K)->6885K(7232K)
[2025-02-05T09:34:24.324-0500][20.048s] GC(6) Pause Young (Normal) (G1 Evacuation Pause) 319M->57M(512M) 46.794ms
[2025-02-05T09:34:24.324-0500][20.048s] GC(6) User=0.31s Sys=0.03s Real=0.05s
[2025-02-05T09:44:40.456-0500][636.191s] Heap
[2025-02-05T09:44:40.473-0500][636.205s]  garbage-first heap   total 524288K, used 129914K [0x00000000e0000000, 0x0000000100000000)
[2025-02-05T09:44:40.473-0500][636.205s]   region size 1024K, 109 young (111616K), 39 survivors (39936K)
[2025-02-05T09:44:40.473-0500][636.205s]  Metaspace       used 59105K, committed 59904K, reserved 1114112K
[2025-02-05T09:44:40.473-0500][636.205s]   class space    used 7262K, committed 7616K, reserved 1048576K
[2025-02-05T09:45:02.423-0500][0.031s] CardTable entry size: 512
[2025-02-05T09:45:02.423-0500][0.032s] Using G1
[2025-02-05T09:45:02.621-0500][0.226s] Version: 18.0.1+10-24 (release)
[2025-02-05T09:45:02.621-0500][0.226s] CPUs: 8 total, 8 available
[2025-02-05T09:45:02.621-0500][0.226s] Memory: 7992M
[2025-02-05T09:45:02.621-0500][0.226s] Large Page Support: Disabled
[2025-02-05T09:45:02.621-0500][0.226s] NUMA Support: Disabled
[2025-02-05T09:45:02.621-0500][0.226s] Compressed Oops: Enabled (32-bit)
[2025-02-05T09:45:02.621-0500][0.226s] Heap Region Size: 1M
[2025-02-05T09:45:02.621-0500][0.226s] Heap Min Capacity: 512M
[2025-02-05T09:45:02.621-0500][0.226s] Heap Initial Capacity: 512M
[2025-02-05T09:45:02.621-0500][0.226s] Heap Max Capacity: 512M
[2025-02-05T09:45:02.621-0500][0.226s] Pre-touch: Enabled
[2025-02-05T09:45:02.621-0500][0.226s] Parallel Workers: 8
[2025-02-05T09:45:02.621-0500][0.226s] Concurrent Workers: 2
[2025-02-05T09:45:02.621-0500][0.226s] Concurrent Refinement Workers: 8
[2025-02-05T09:45:02.621-0500][0.226s] Periodic GC: Disabled
[2025-02-05T09:45:02.622-0500][0.227s] CDS archive(s) mapped at: [0x0000000800000000-0x0000000800b90000-0x0000000800b90000), size 12124160, SharedBaseAddress: 0x0000000800000000, ArchiveRelocationMode: 0.
[2025-02-05T09:45:02.622-0500][0.227s] Compressed class space mapped at: 0x0000000800c00000-0x0000000840c00000, reserved size: 1073741824
[2025-02-05T09:45:02.622-0500][0.227s] Narrow klass base: 0x0000000800000000, Narrow klass shift: 0, Narrow klass range: 0x100000000
[2025-02-05T09:45:26.997-0500][24.609s] GC(0) Pause Young (Normal) (G1 Evacuation Pause)
[2025-02-05T09:45:26.997-0500][24.610s] GC(0) Using 8 workers of 8 for evacuation
[2025-02-05T09:45:27.013-0500][24.619s] GC(0)   Pre Evacuate Collection Set: 0.2ms
[2025-02-05T09:45:27.013-0500][24.620s] GC(0)   Merge Heap Roots: 0.1ms
[2025-02-05T09:45:27.013-0500][24.620s] GC(0)   Evacuate Collection Set: 8.0ms
[2025-02-05T09:45:27.013-0500][24.620s] GC(0)   Post Evacuate Collection Set: 1.2ms
[2025-02-05T09:45:27.013-0500][24.620s] GC(0)   Other: 1.0ms
[2025-02-05T09:45:27.013-0500][24.620s] GC(0) Eden regions: 29->0(39)
[2025-02-05T09:45:27.013-0500][24.620s] GC(0) Survivor regions: 0->4(4)
[2025-02-05T09:45:27.013-0500][24.620s] GC(0) Old regions: 0->1
[2025-02-05T09:45:27.013-0500][24.620s] GC(0) Archive regions: 0->0
[2025-02-05T09:45:27.013-0500][24.620s] GC(0) Humongous regions: 0->0
[2025-02-05T09:45:27.013-0500][24.620s] GC(0) Metaspace: 10047K(10304K)->10047K(10304K) NonClass: 8896K(9024K)->8896K(9024K) Class: 1150K(1280K)->1150K(1280K)
[2025-02-05T09:45:27.013-0500][24.620s] GC(0) Pause Young (Normal) (G1 Evacuation Pause) 29M->4M(512M) 11.581ms
[2025-02-05T09:45:27.013-0500][24.620s] GC(0) User=0.00s Sys=0.00s Real=0.02s
[2025-02-05T09:45:31.732-0500][29.351s] GC(1) Pause Young (Normal) (G1 Evacuation Pause)
[2025-02-05T09:45:31.732-0500][29.351s] GC(1) Using 8 workers of 8 for evacuation
[2025-02-05T09:45:31.763-0500][29.373s] GC(1)   Pre Evacuate Collection Set: 0.2ms
[2025-02-05T09:45:31.763-0500][29.373s] GC(1)   Merge Heap Roots: 0.1ms
[2025-02-05T09:45:31.763-0500][29.373s] GC(1)   Evacuate Collection Set: 19.3ms
[2025-02-05T09:45:31.763-0500][29.373s] GC(1)   Post Evacuate Collection Set: 1.5ms
[2025-02-05T09:45:31.763-0500][29.373s] GC(1)   Other: 0.2ms
[2025-02-05T09:45:31.763-0500][29.373s] GC(1) Eden regions: 37->0(164)
[2025-02-05T09:45:31.763-0500][29.373s] GC(1) Survivor regions: 4->6(6)
[2025-02-05T09:45:31.763-0500][29.373s] GC(1) Old regions: 1->10
[2025-02-05T09:45:31.763-0500][29.373s] GC(1) Archive regions: 0->0
[2025-02-05T09:45:31.763-0500][29.373s] GC(1) Humongous regions: 4->4
[2025-02-05T09:45:31.763-0500][29.373s] GC(1) Metaspace: 18592K(19008K)->18592K(19008K) NonClass: 16436K(16640K)->16436K(16640K) Class: 2156K(2368K)->2156K(2368K)
[2025-02-05T09:45:31.763-0500][29.373s] GC(1) Pause Young (Normal) (G1 Evacuation Pause) 45M->19M(512M) 22.127ms
[2025-02-05T09:45:31.763-0500][29.373s] GC(1) User=0.06s Sys=0.05s Real=0.03s
[2025-02-05T09:45:34.176-0500][31.784s] GC(2) Pause Young (Concurrent Start) (Metadata GC Threshold)
[2025-02-05T09:45:34.176-0500][31.784s] GC(2) Using 8 workers of 8 for evacuation
[2025-02-05T09:45:34.200-0500][31.806s] GC(2)   Pre Evacuate Collection Set: 0.8ms
[2025-02-05T09:45:34.200-0500][31.807s] GC(2)   Merge Heap Roots: 0.3ms
[2025-02-05T09:45:34.200-0500][31.807s] GC(2)   Evacuate Collection Set: 18.4ms
[2025-02-05T09:45:34.200-0500][31.807s] GC(2)   Post Evacuate Collection Set: 2.0ms
[2025-02-05T09:45:34.200-0500][31.807s] GC(2)   Other: 0.6ms
[2025-02-05T09:45:34.200-0500][31.807s] GC(2) Eden regions: 44->0(296)
[2025-02-05T09:45:34.200-0500][31.807s] GC(2) Survivor regions: 6->11(20)
[2025-02-05T09:45:34.200-0500][31.807s] GC(2) Old regions: 10->10
[2025-02-05T09:45:34.200-0500][31.807s] GC(2) Archive regions: 0->0
[2025-02-05T09:45:34.200-0500][31.807s] GC(2) Humongous regions: 4->4
[2025-02-05T09:45:34.200-0500][31.807s] GC(2) Metaspace: 21104K(21504K)->21104K(21504K) NonClass: 18673K(18880K)->18673K(18880K) Class: 2430K(2624K)->2430K(2624K)
[2025-02-05T09:45:34.200-0500][31.807s] GC(2) Pause Young (Concurrent Start) (Metadata GC Threshold) 62M->23M(512M) 23.351ms
[2025-02-05T09:45:34.200-0500][31.808s] GC(2) User=0.09s Sys=0.03s Real=0.02s
[2025-02-05T09:45:34.200-0500][31.808s] GC(3) Concurrent Mark Cycle
[2025-02-05T09:45:34.204-0500][31.808s] GC(3) Concurrent Clear Claimed Marks
[2025-02-05T09:45:34.204-0500][31.808s] GC(3) Concurrent Clear Claimed Marks 0.165ms
[2025-02-05T09:45:34.204-0500][31.808s] GC(3) Concurrent Scan Root Regions
[2025-02-05T09:45:34.212-0500][31.817s] GC(3) Concurrent Scan Root Regions 8.704ms
[2025-02-05T09:45:34.212-0500][31.817s] GC(3) Concurrent Mark
[2025-02-05T09:45:34.212-0500][31.817s] GC(3) Concurrent Mark From Roots
[2025-02-05T09:45:34.212-0500][31.817s] GC(3) Using 2 workers of 2 for marking
[2025-02-05T09:45:34.247-0500][31.853s] GC(3) Concurrent Mark From Roots 35.346ms
[2025-02-05T09:45:34.247-0500][31.853s] GC(3) Concurrent Preclean
[2025-02-05T09:45:34.247-0500][31.853s] GC(3) Concurrent Preclean 0.103ms
[2025-02-05T09:45:34.247-0500][31.853s] GC(3) Pause Remark
[2025-02-05T09:45:34.247-0500][31.856s] GC(3) Pause Remark 24M->24M(512M) 3.085ms
[2025-02-05T09:45:34.247-0500][31.856s] GC(3) User=0.00s Sys=0.00s Real=0.00s
[2025-02-05T09:45:34.247-0500][31.857s] GC(3) Concurrent Mark 39.267ms
[2025-02-05T09:45:34.247-0500][31.857s] GC(3) Concurrent Rebuild Remembered Sets
[2025-02-05T09:45:34.261-0500][31.870s] GC(3) Concurrent Rebuild Remembered Sets 13.480ms
[2025-02-05T09:45:34.261-0500][31.870s] GC(3) Pause Cleanup
[2025-02-05T09:45:34.266-0500][31.871s] GC(3) Pause Cleanup 24M->24M(512M) 0.299ms
[2025-02-05T09:45:34.266-0500][31.871s] GC(3) User=0.00s Sys=0.00s Real=0.01s
[2025-02-05T09:45:34.266-0500][31.871s] GC(3) Concurrent Cleanup for Next Mark
[2025-02-05T09:45:34.266-0500][31.872s] GC(3) Concurrent Cleanup for Next Mark 1.443ms
[2025-02-05T09:45:34.266-0500][31.873s] GC(3) Concurrent Mark Cycle 64.870ms
[2025-02-05T09:45:40.013-0500][37.618s] GC(4) Pause Young (Prepare Mixed) (Metadata GC Threshold)
[2025-02-05T09:45:40.013-0500][37.618s] GC(4) Using 8 workers of 8 for evacuation
[2025-02-05T09:45:40.026-0500][37.631s] GC(4)   Pre Evacuate Collection Set: 0.1ms
[2025-02-05T09:45:40.026-0500][37.631s] GC(4)   Merge Heap Roots: 0.1ms
[2025-02-05T09:45:40.026-0500][37.631s] GC(4)   Evacuate Collection Set: 11.9ms
[2025-02-05T09:45:40.026-0500][37.631s] GC(4)   Post Evacuate Collection Set: 0.9ms
[2025-02-05T09:45:40.026-0500][37.631s] GC(4)   Other: 0.2ms
[2025-02-05T09:45:40.026-0500][37.631s] GC(4) Eden regions: 97->0(9)
[2025-02-05T09:45:40.026-0500][37.631s] GC(4) Survivor regions: 11->16(39)
[2025-02-05T09:45:40.026-0500][37.631s] GC(4) Old regions: 10->10
[2025-02-05T09:45:40.026-0500][37.631s] GC(4) Archive regions: 0->0
[2025-02-05T09:45:40.026-0500][37.631s] GC(4) Humongous regions: 4->4
[2025-02-05T09:45:40.026-0500][37.632s] GC(4) Metaspace: 35504K(35968K)->35504K(35968K) NonClass: 31326K(31552K)->31326K(31552K) Class: 4177K(4416K)->4177K(4416K)
[2025-02-05T09:45:40.026-0500][37.632s] GC(4) Pause Young (Prepare Mixed) (Metadata GC Threshold) 120M->28M(512M) 13.510ms
[2025-02-05T09:45:40.026-0500][37.632s] GC(4) User=0.11s Sys=0.00s Real=0.01s
[2025-02-05T09:45:40.243-0500][37.850s] GC(5) Pause Young (Mixed) (Metadata GC Threshold)
[2025-02-05T09:45:40.243-0500][37.850s] GC(5) Using 8 workers of 8 for evacuation
[2025-02-05T09:45:40.260-0500][37.866s] GC(5)   Pre Evacuate Collection Set: 0.1ms
[2025-02-05T09:45:40.260-0500][37.866s] GC(5)   Merge Heap Roots: 0.1ms
[2025-02-05T09:45:40.260-0500][37.866s] GC(5)   Evacuate Collection Set: 15.0ms
[2025-02-05T09:45:40.260-0500][37.866s] GC(5)   Post Evacuate Collection Set: 0.7ms
[2025-02-05T09:45:40.260-0500][37.866s] GC(5)   Other: 0.1ms
[2025-02-05T09:45:40.260-0500][37.866s] GC(5) Eden regions: 5->0(305)
[2025-02-05T09:45:40.260-0500][37.866s] GC(5) Survivor regions: 16->2(4)
[2025-02-05T09:45:40.260-0500][37.866s] GC(5) Old regions: 10->24
[2025-02-05T09:45:40.260-0500][37.866s] GC(5) Archive regions: 0->0
[2025-02-05T09:45:40.260-0500][37.866s] GC(5) Humongous regions: 4->4
[2025-02-05T09:45:40.260-0500][37.866s] GC(5) Metaspace: 35812K(36288K)->35812K(36288K) NonClass: 31593K(31808K)->31593K(31808K) Class: 4219K(4480K)->4219K(4480K)
[2025-02-05T09:45:40.260-0500][37.866s] GC(5) Pause Young (Mixed) (Metadata GC Threshold) 33M->29M(512M) 16.492ms
[2025-02-05T09:45:40.260-0500][37.866s] GC(5) User=0.09s Sys=0.02s Real=0.02s
[2025-02-05T09:45:41.247-0500][38.858s] GC(6) Pause Young (Concurrent Start) (Metadata GC Threshold)
[2025-02-05T09:45:41.247-0500][38.858s] GC(6) Using 8 workers of 8 for evacuation
[2025-02-05T09:45:41.255-0500][38.862s] GC(6)   Pre Evacuate Collection Set: 0.3ms
[2025-02-05T09:45:41.255-0500][38.862s] GC(6)   Merge Heap Roots: 0.2ms
[2025-02-05T09:45:41.255-0500][38.863s] GC(6)   Evacuate Collection Set: 2.5ms
[2025-02-05T09:45:41.255-0500][38.863s] GC(6)   Post Evacuate Collection Set: 0.9ms
[2025-02-05T09:45:41.255-0500][38.863s] GC(6)   Other: 0.3ms
[2025-02-05T09:45:41.255-0500][38.863s] GC(6) Eden regions: 7->0(305)
[2025-02-05T09:45:41.255-0500][38.863s] GC(6) Survivor regions: 2->2(39)
[2025-02-05T09:45:41.255-0500][38.863s] GC(6) Old regions: 24->24
[2025-02-05T09:45:41.255-0500][38.863s] GC(6) Archive regions: 0->0
[2025-02-05T09:45:41.255-0500][38.863s] GC(6) Humongous regions: 4->4
[2025-02-05T09:45:41.255-0500][38.863s] GC(6) Metaspace: 36169K(36608K)->36169K(36608K) NonClass: 31902K(32128K)->31902K(32128K) Class: 4266K(4480K)->4266K(4480K)
[2025-02-05T09:45:41.255-0500][38.863s] GC(6) Pause Young (Concurrent Start) (Metadata GC Threshold) 36M->29M(512M) 5.244ms
[2025-02-05T09:45:41.255-0500][38.863s] GC(6) User=0.02s Sys=0.03s Real=0.01s
[2025-02-05T09:45:41.255-0500][38.863s] GC(7) Concurrent Mark Cycle
[2025-02-05T09:45:41.255-0500][38.863s] GC(7) Concurrent Clear Claimed Marks
[2025-02-05T09:45:41.255-0500][38.863s] GC(7) Concurrent Clear Claimed Marks 0.098ms
[2025-02-05T09:45:41.255-0500][38.864s] GC(7) Concurrent Scan Root Regions
[2025-02-05T09:45:41.255-0500][38.866s] GC(7) Concurrent Scan Root Regions 2.857ms
[2025-02-05T09:45:41.255-0500][38.867s] GC(7) Concurrent Mark
[2025-02-05T09:45:41.255-0500][38.867s] GC(7) Concurrent Mark From Roots
[2025-02-05T09:45:41.255-0500][38.867s] GC(7) Using 2 workers of 2 for marking
[2025-02-05T09:45:41.320-0500][38.926s] GC(7) Concurrent Mark From Roots 59.523ms
[2025-02-05T09:45:41.320-0500][38.926s] GC(7) Concurrent Preclean
[2025-02-05T09:45:41.320-0500][38.926s] GC(7) Concurrent Preclean 0.099ms
[2025-02-05T09:45:41.320-0500][38.927s] GC(7) Pause Remark
[2025-02-05T09:45:41.325-0500][38.931s] GC(7) Pause Remark 31M->31M(512M) 4.409ms
[2025-02-05T09:45:41.325-0500][38.931s] GC(7) User=0.00s Sys=0.00s Real=0.01s
[2025-02-05T09:45:41.325-0500][38.931s] GC(7) Concurrent Mark 64.626ms
[2025-02-05T09:45:41.325-0500][38.931s] GC(7) Concurrent Rebuild Remembered Sets
[2025-02-05T09:45:41.350-0500][38.956s] GC(7) Concurrent Rebuild Remembered Sets 25.014ms
[2025-02-05T09:45:41.350-0500][38.957s] GC(7) Pause Cleanup
[2025-02-05T09:45:41.350-0500][38.957s] GC(7) Pause Cleanup 32M->32M(512M) 0.326ms
[2025-02-05T09:45:41.350-0500][38.957s] GC(7) User=0.00s Sys=0.00s Real=0.00s
[2025-02-05T09:45:41.350-0500][38.957s] GC(7) Concurrent Cleanup for Next Mark
[2025-02-05T09:45:41.350-0500][38.959s] GC(7) Concurrent Cleanup for Next Mark 1.327ms
[2025-02-05T09:45:41.350-0500][38.959s] GC(7) Concurrent Mark Cycle 95.603ms
[2025-02-05T09:45:53.487-0500][51.093s] GC(8) Pause Young (Prepare Mixed) (G1 Evacuation Pause)
[2025-02-05T09:45:53.489-0500][51.094s] GC(8) Using 8 workers of 8 for evacuation
[2025-02-05T09:45:53.574-0500][51.181s] GC(8)   Pre Evacuate Collection Set: 0.5ms
[2025-02-05T09:45:53.574-0500][51.182s] GC(8)   Merge Heap Roots: 0.6ms
[2025-02-05T09:45:53.574-0500][51.182s] GC(8)   Evacuate Collection Set: 83.4ms
[2025-02-05T09:45:53.574-0500][51.182s] GC(8)   Post Evacuate Collection Set: 2.2ms
[2025-02-05T09:45:53.574-0500][51.182s] GC(8)   Other: 1.0ms
[2025-02-05T09:45:53.574-0500][51.182s] GC(8) Eden regions: 305->0(1)
[2025-02-05T09:45:53.574-0500][51.182s] GC(8) Survivor regions: 2->34(39)
[2025-02-05T09:45:53.574-0500][51.182s] GC(8) Old regions: 24->24
[2025-02-05T09:45:53.574-0500][51.182s] GC(8) Archive regions: 0->0
[2025-02-05T09:45:53.574-0500][51.182s] GC(8) Humongous regions: 4->4
[2025-02-05T09:45:53.574-0500][51.182s] GC(8) Metaspace: 58030K(58688K)->58030K(58688K) NonClass: 50857K(51200K)->50857K(51200K) Class: 7173K(7488K)->7173K(7488K)
[2025-02-05T09:45:53.574-0500][51.182s] GC(8) Pause Young (Prepare Mixed) (G1 Evacuation Pause) 334M->61M(512M) 88.673ms
[2025-02-05T09:45:53.574-0500][51.182s] GC(8) User=0.59s Sys=0.02s Real=0.09s
[2025-02-05T09:45:53.597-0500][51.202s] GC(9) Pause Young (Mixed) (G1 Evacuation Pause)
[2025-02-05T09:45:53.597-0500][51.202s] GC(9) Using 8 workers of 8 for evacuation
[2025-02-05T09:45:53.629-0500][51.234s] GC(9)   Pre Evacuate Collection Set: 0.2ms
[2025-02-05T09:45:53.629-0500][51.234s] GC(9)   Merge Heap Roots: 0.2ms
[2025-02-05T09:45:53.629-0500][51.234s] GC(9)   Evacuate Collection Set: 30.3ms
[2025-02-05T09:45:53.629-0500][51.234s] GC(9)   Post Evacuate Collection Set: 1.1ms
[2025-02-05T09:45:53.629-0500][51.234s] GC(9)   Other: 0.2ms
[2025-02-05T09:45:53.629-0500][51.234s] GC(9) Eden regions: 1->0(282)
[2025-02-05T09:45:53.629-0500][51.234s] GC(9) Survivor regions: 34->2(5)
[2025-02-05T09:45:53.629-0500][51.234s] GC(9) Old regions: 24->57
[2025-02-05T09:45:53.629-0500][51.234s] GC(9) Archive regions: 0->0
[2025-02-05T09:45:53.629-0500][51.234s] GC(9) Humongous regions: 4->4
[2025-02-05T09:45:53.629-0500][51.234s] GC(9) Metaspace: 58033K(58688K)->58033K(58688K) NonClass: 50859K(51200K)->50859K(51200K) Class: 7173K(7488K)->7173K(7488K)
[2025-02-05T09:45:53.629-0500][51.234s] GC(9) Pause Young (Mixed) (G1 Evacuation Pause) 62M->62M(512M) 32.489ms
[2025-02-05T09:45:53.629-0500][51.234s] GC(9) User=0.27s Sys=0.00s Real=0.03s
[2025-02-05T10:51:51.418-0500][4009.027s] Heap
[2025-02-05T10:51:51.418-0500][4009.027s]  garbage-first heap   total 524288K, used 119612K [0x00000000e0000000, 0x0000000100000000)
[2025-02-05T10:51:51.418-0500][4009.028s]   region size 1024K, 56 young (57344K), 2 survivors (2048K)
[2025-02-05T10:51:51.418-0500][4009.028s]  Metaspace       used 60522K, committed 61376K, reserved 1114112K
[2025-02-05T10:51:51.418-0500][4009.028s]   class space    used 7446K, committed 7872K, reserved 1048576K
[2025-02-05T10:52:11.001-0500][0.029s] CardTable entry size: 512
[2025-02-05T10:52:11.001-0500][0.029s] Using G1
[2025-02-05T10:52:11.198-0500][0.221s] Version: 18.0.1+10-24 (release)
[2025-02-05T10:52:11.198-0500][0.221s] CPUs: 8 total, 8 available
[2025-02-05T10:52:11.198-0500][0.222s] Memory: 7992M
[2025-02-05T10:52:11.198-0500][0.222s] Large Page Support: Disabled
[2025-02-05T10:52:11.198-0500][0.222s] NUMA Support: Disabled
[2025-02-05T10:52:11.198-0500][0.222s] Compressed Oops: Enabled (32-bit)
[2025-02-05T10:52:11.198-0500][0.222s] Heap Region Size: 1M
[2025-02-05T10:52:11.198-0500][0.222s] Heap Min Capacity: 512M
[2025-02-05T10:52:11.198-0500][0.222s] Heap Initial Capacity: 512M
[2025-02-05T10:52:11.198-0500][0.222s] Heap Max Capacity: 512M
[2025-02-05T10:52:11.198-0500][0.222s] Pre-touch: Enabled
[2025-02-05T10:52:11.198-0500][0.222s] Parallel Workers: 8
[2025-02-05T10:52:11.198-0500][0.222s] Concurrent Workers: 2
[2025-02-05T10:52:11.198-0500][0.222s] Concurrent Refinement Workers: 8
[2025-02-05T10:52:11.198-0500][0.222s] Periodic GC: Disabled
[2025-02-05T10:52:11.199-0500][0.223s] CDS archive(s) mapped at: [0x0000000800000000-0x0000000800b90000-0x0000000800b90000), size 12124160, SharedBaseAddress: 0x0000000800000000, ArchiveRelocationMode: 0.
[2025-02-05T10:52:11.199-0500][0.223s] Compressed class space mapped at: 0x0000000800c00000-0x0000000840c00000, reserved size: 1073741824
[2025-02-05T10:52:11.199-0500][0.223s] Narrow klass base: 0x0000000800000000, Narrow klass shift: 0, Narrow klass range: 0x100000000
[2025-02-05T10:52:13.877-0500][2.901s] GC(0) Pause Young (Normal) (G1 Evacuation Pause)
[2025-02-05T10:52:13.877-0500][2.902s] GC(0) Using 8 workers of 8 for evacuation
[2025-02-05T10:52:13.884-0500][2.907s] GC(0)   Pre Evacuate Collection Set: 0.1ms
[2025-02-05T10:52:13.884-0500][2.907s] GC(0)   Merge Heap Roots: 0.1ms
[2025-02-05T10:52:13.884-0500][2.907s] GC(0)   Evacuate Collection Set: 4.4ms
[2025-02-05T10:52:13.884-0500][2.907s] GC(0)   Post Evacuate Collection Set: 0.8ms
[2025-02-05T10:52:13.884-0500][2.907s] GC(0)   Other: 0.6ms
[2025-02-05T10:52:13.884-0500][2.907s] GC(0) Eden regions: 29->0(39)
[2025-02-05T10:52:13.884-0500][2.907s] GC(0) Survivor regions: 0->4(4)
[2025-02-05T10:52:13.884-0500][2.907s] GC(0) Old regions: 0->1
[2025-02-05T10:52:13.884-0500][2.907s] GC(0) Archive regions: 0->0
[2025-02-05T10:52:13.884-0500][2.907s] GC(0) Humongous regions: 0->0
[2025-02-05T10:52:13.884-0500][2.908s] GC(0) Metaspace: 9990K(10240K)->9990K(10240K) NonClass: 8840K(8960K)->8840K(8960K) Class: 1150K(1280K)->1150K(1280K)
[2025-02-05T10:52:13.884-0500][2.908s] GC(0) Pause Young (Normal) (G1 Evacuation Pause) 29M->4M(512M) 6.533ms
[2025-02-05T10:52:13.884-0500][2.908s] GC(0) User=0.03s Sys=0.03s Real=0.01s
[2025-02-05T10:52:16.564-0500][5.588s] GC(1) Pause Young (Normal) (G1 Evacuation Pause)
[2025-02-05T10:52:16.564-0500][5.588s] GC(1) Using 8 workers of 8 for evacuation
[2025-02-05T10:52:16.574-0500][5.599s] GC(1)   Pre Evacuate Collection Set: 0.1ms
[2025-02-05T10:52:16.574-0500][5.599s] GC(1)   Merge Heap Roots: 0.2ms
[2025-02-05T10:52:16.574-0500][5.599s] GC(1)   Evacuate Collection Set: 9.6ms
[2025-02-05T10:52:16.574-0500][5.599s] GC(1)   Post Evacuate Collection Set: 0.8ms
[2025-02-05T10:52:16.574-0500][5.599s] GC(1)   Other: 0.1ms
[2025-02-05T10:52:16.574-0500][5.599s] GC(1) Eden regions: 37->0(178)
[2025-02-05T10:52:16.574-0500][5.599s] GC(1) Survivor regions: 4->6(6)
[2025-02-05T10:52:16.574-0500][5.599s] GC(1) Old regions: 1->9
[2025-02-05T10:52:16.574-0500][5.599s] GC(1) Archive regions: 0->0
[2025-02-05T10:52:16.574-0500][5.599s] GC(1) Humongous regions: 4->4
[2025-02-05T10:52:16.574-0500][5.599s] GC(1) Metaspace: 18546K(18944K)->18546K(18944K) NonClass: 16390K(16576K)->16390K(16576K) Class: 2155K(2368K)->2155K(2368K)
[2025-02-05T10:52:16.574-0500][5.599s] GC(1) Pause Young (Normal) (G1 Evacuation Pause) 45M->18M(512M) 11.203ms
[2025-02-05T10:52:16.574-0500][5.599s] GC(1) User=0.02s Sys=0.02s Real=0.01s
[2025-02-05T10:52:18.122-0500][7.146s] GC(2) Pause Young (Concurrent Start) (Metadata GC Threshold)
[2025-02-05T10:52:18.122-0500][7.146s] GC(2) Using 8 workers of 8 for evacuation
[2025-02-05T10:52:18.129-0500][7.154s] GC(2)   Pre Evacuate Collection Set: 0.3ms
[2025-02-05T10:52:18.131-0500][7.154s] GC(2)   Merge Heap Roots: 0.1ms
[2025-02-05T10:52:18.131-0500][7.154s] GC(2)   Evacuate Collection Set: 6.2ms
[2025-02-05T10:52:18.131-0500][7.154s] GC(2)   Post Evacuate Collection Set: 0.8ms
[2025-02-05T10:52:18.131-0500][7.154s] GC(2)   Other: 0.3ms
[2025-02-05T10:52:18.131-0500][7.154s] GC(2) Eden regions: 44->0(296)
[2025-02-05T10:52:18.131-0500][7.154s] GC(2) Survivor regions: 6->11(22)
[2025-02-05T10:52:18.131-0500][7.154s] GC(2) Old regions: 9->9
[2025-02-05T10:52:18.131-0500][7.154s] GC(2) Archive regions: 0->0
[2025-02-05T10:52:18.131-0500][7.154s] GC(2) Humongous regions: 4->4
[2025-02-05T10:52:18.131-0500][7.154s] GC(2) Metaspace: 21132K(21504K)->21132K(21504K) NonClass: 18694K(18880K)->18694K(18880K) Class: 2437K(2624K)->2437K(2624K)
[2025-02-05T10:52:18.131-0500][7.154s] GC(2) Pause Young (Concurrent Start) (Metadata GC Threshold) 62M->23M(512M) 8.290ms
[2025-02-05T10:52:18.131-0500][7.154s] GC(2) User=0.08s Sys=0.05s Real=0.01s
[2025-02-05T10:52:18.131-0500][7.154s] GC(3) Concurrent Mark Cycle
[2025-02-05T10:52:18.131-0500][7.154s] GC(3) Concurrent Clear Claimed Marks
[2025-02-05T10:52:18.131-0500][7.155s] GC(3) Concurrent Clear Claimed Marks 0.059ms
[2025-02-05T10:52:18.131-0500][7.155s] GC(3) Concurrent Scan Root Regions
[2025-02-05T10:52:18.135-0500][7.159s] GC(3) Concurrent Scan Root Regions 4.473ms
[2025-02-05T10:52:18.135-0500][7.159s] GC(3) Concurrent Mark
[2025-02-05T10:52:18.135-0500][7.159s] GC(3) Concurrent Mark From Roots
[2025-02-05T10:52:18.135-0500][7.159s] GC(3) Using 2 workers of 2 for marking
[2025-02-05T10:52:18.137-0500][7.174s] GC(3) Concurrent Mark From Roots 14.392ms
[2025-02-05T10:52:18.137-0500][7.174s] GC(3) Concurrent Preclean
[2025-02-05T10:52:18.137-0500][7.174s] GC(3) Concurrent Preclean 0.051ms
[2025-02-05T10:52:18.137-0500][7.174s] GC(3) Pause Remark
[2025-02-05T10:52:18.153-0500][7.177s] GC(3) Pause Remark 23M->23M(512M) 2.648ms
[2025-02-05T10:52:18.153-0500][7.177s] GC(3) User=0.00s Sys=0.00s Real=0.02s
[2025-02-05T10:52:18.153-0500][7.177s] GC(3) Concurrent Mark 18.020ms
[2025-02-05T10:52:18.153-0500][7.177s] GC(3) Concurrent Rebuild Remembered Sets
[2025-02-05T10:52:18.160-0500][7.184s] GC(3) Concurrent Rebuild Remembered Sets 7.107ms
[2025-02-05T10:52:18.160-0500][7.185s] GC(3) Pause Cleanup
[2025-02-05T10:52:18.160-0500][7.185s] GC(3) Pause Cleanup 24M->24M(512M) 0.257ms
[2025-02-05T10:52:18.160-0500][7.185s] GC(3) User=0.00s Sys=0.00s Real=0.00s
[2025-02-05T10:52:18.160-0500][7.185s] GC(3) Concurrent Cleanup for Next Mark
[2025-02-05T10:52:18.162-0500][7.186s] GC(3) Concurrent Cleanup for Next Mark 0.584ms
[2025-02-05T10:52:18.162-0500][7.186s] GC(3) Concurrent Mark Cycle 31.420ms
[2025-02-05T10:52:22.945-0500][11.969s] GC(4) Pause Young (Concurrent Start) (Metadata GC Threshold)
[2025-02-05T10:52:22.945-0500][11.969s] GC(4) Using 8 workers of 8 for evacuation
[2025-02-05T10:52:22.960-0500][11.986s] GC(4)   Pre Evacuate Collection Set: 0.3ms
[2025-02-05T10:52:22.960-0500][11.986s] GC(4)   Merge Heap Roots: 0.2ms
[2025-02-05T10:52:22.960-0500][11.986s] GC(4)   Evacuate Collection Set: 15.7ms
[2025-02-05T10:52:22.960-0500][11.986s] GC(4)   Post Evacuate Collection Set: 1.1ms
[2025-02-05T10:52:22.960-0500][11.986s] GC(4)   Other: 0.2ms
[2025-02-05T10:52:22.960-0500][11.987s] GC(4) Eden regions: 81->0(291)
[2025-02-05T10:52:22.960-0500][11.987s] GC(4) Survivor regions: 11->16(39)
[2025-02-05T10:52:22.960-0500][11.987s] GC(4) Old regions: 9->9
[2025-02-05T10:52:22.960-0500][11.987s] GC(4) Archive regions: 0->0
[2025-02-05T10:52:22.960-0500][11.987s] GC(4) Humongous regions: 4->4
[2025-02-05T10:52:22.960-0500][11.987s] GC(4) Metaspace: 35573K(35968K)->35573K(35968K) NonClass: 31378K(31552K)->31378K(31552K) Class: 4195K(4416K)->4195K(4416K)
[2025-02-05T10:52:22.960-0500][11.987s] GC(4) Pause Young (Concurrent Start) (Metadata GC Threshold) 104M->28M(512M) 18.056ms
[2025-02-05T10:52:22.960-0500][11.987s] GC(5) Concurrent Mark Cycle
[2025-02-05T10:52:22.960-0500][11.987s] GC(4) User=0.11s Sys=0.02s Real=0.02s
[2025-02-05T10:52:22.960-0500][11.987s] GC(5) Concurrent Clear Claimed Marks
[2025-02-05T10:52:22.960-0500][11.987s] GC(5) Concurrent Clear Claimed Marks 0.168ms
[2025-02-05T10:52:22.960-0500][11.987s] GC(5) Concurrent Scan Root Regions
[2025-02-05T10:52:22.968-0500][11.999s] GC(5) Concurrent Scan Root Regions 11.594ms
[2025-02-05T10:52:22.968-0500][11.999s] GC(5) Concurrent Mark
[2025-02-05T10:52:22.968-0500][11.999s] GC(5) Concurrent Mark From Roots
[2025-02-05T10:52:22.968-0500][11.999s] GC(5) Using 2 workers of 2 for marking
[2025-02-05T10:52:22.999-0500][12.023s] GC(5) Concurrent Mark From Roots 24.274ms
[2025-02-05T10:52:22.999-0500][12.023s] GC(5) Concurrent Preclean
[2025-02-05T10:52:22.999-0500][12.023s] GC(5) Concurrent Preclean 0.065ms
[2025-02-05T10:52:22.999-0500][12.023s] GC(5) Pause Remark
[2025-02-05T10:52:22.999-0500][12.029s] GC(5) Pause Remark 29M->29M(512M) 5.344ms
[2025-02-05T10:52:22.999-0500][12.029s] GC(5) User=0.03s Sys=0.00s Real=0.00s
[2025-02-05T10:52:22.999-0500][12.029s] GC(5) Concurrent Mark 30.366ms
[2025-02-05T10:52:22.999-0500][12.029s] GC(5) Concurrent Rebuild Remembered Sets
[2025-02-05T10:52:23.015-0500][12.040s] GC(5) Concurrent Rebuild Remembered Sets 11.235ms
[2025-02-05T10:52:23.031-0500][12.055s] GC(5) Pause Cleanup
[2025-02-05T10:52:23.031-0500][12.055s] GC(5) Pause Cleanup 29M->29M(512M) 0.300ms
[2025-02-05T10:52:23.031-0500][12.055s] GC(5) User=0.00s Sys=0.00s Real=0.00s
[2025-02-05T10:52:23.031-0500][12.055s] GC(5) Concurrent Cleanup for Next Mark
[2025-02-05T10:52:23.031-0500][12.056s] GC(5) Concurrent Cleanup for Next Mark 0.573ms
[2025-02-05T10:52:23.031-0500][12.056s] GC(5) Concurrent Mark Cycle 69.047ms
[2025-02-05T10:52:32.866-0500][21.889s] GC(6) Pause Young (Normal) (G1 Evacuation Pause)
[2025-02-05T10:52:32.866-0500][21.890s] GC(6) Using 8 workers of 8 for evacuation
[2025-02-05T10:52:32.901-0500][21.926s] GC(6)   Pre Evacuate Collection Set: 0.1ms
[2025-02-05T10:52:32.901-0500][21.926s] GC(6)   Merge Heap Roots: 0.2ms
[2025-02-05T10:52:32.901-0500][21.926s] GC(6)   Evacuate Collection Set: 34.1ms
[2025-02-05T10:52:32.901-0500][21.926s] GC(6)   Post Evacuate Collection Set: 1.8ms
[2025-02-05T10:52:32.901-0500][21.926s] GC(6)   Other: 0.3ms
[2025-02-05T10:52:32.901-0500][21.926s] GC(6) Eden regions: 291->0(219)
[2025-02-05T10:52:32.901-0500][21.926s] GC(6) Survivor regions: 16->39(39)
[2025-02-05T10:52:32.901-0500][21.927s] GC(6) Old regions: 9->16
[2025-02-05T10:52:32.901-0500][21.927s] GC(6) Archive regions: 0->0
[2025-02-05T10:52:32.901-0500][21.927s] GC(6) Humongous regions: 4->4
[2025-02-05T10:52:32.901-0500][21.927s] GC(6) Metaspace: 56140K(56896K)->56140K(56896K) NonClass: 49193K(49600K)->49193K(49600K) Class: 6946K(7296K)->6946K(7296K)
[2025-02-05T10:52:32.901-0500][21.927s] GC(6) Pause Young (Normal) (G1 Evacuation Pause) 319M->58M(512M) 37.402ms
[2025-02-05T10:52:32.901-0500][21.927s] GC(6) User=0.25s Sys=0.00s Real=0.04s
[2025-02-05T10:54:16.467-0500][125.492s] Heap
[2025-02-05T10:54:16.469-0500][125.492s]  garbage-first heap   total 524288K, used 123137K [0x00000000e0000000, 0x0000000100000000)
[2025-02-05T10:54:16.469-0500][125.492s]   region size 1024K, 101 young (103424K), 39 survivors (39936K)
[2025-02-05T10:54:16.469-0500][125.492s]  Metaspace       used 58848K, committed 59584K, reserved 1114112K
[2025-02-05T10:54:16.469-0500][125.492s]   class space    used 7276K, committed 7616K, reserved 1048576K
[2025-02-05T10:55:51.802-0500][0.103s] CardTable entry size: 512
[2025-02-05T10:55:51.802-0500][0.105s] Using G1
[2025-02-05T10:55:52.019-0500][0.314s] Version: 18.0.1+10-24 (release)
[2025-02-05T10:55:52.019-0500][0.314s] CPUs: 8 total, 8 available
[2025-02-05T10:55:52.019-0500][0.314s] Memory: 7992M
[2025-02-05T10:55:52.019-0500][0.314s] Large Page Support: Disabled
[2025-02-05T10:55:52.019-0500][0.314s] NUMA Support: Disabled
[2025-02-05T10:55:52.019-0500][0.314s] Compressed Oops: Enabled (32-bit)
[2025-02-05T10:55:52.019-0500][0.314s] Heap Region Size: 1M
[2025-02-05T10:55:52.019-0500][0.314s] Heap Min Capacity: 512M
[2025-02-05T10:55:52.019-0500][0.314s] Heap Initial Capacity: 512M
[2025-02-05T10:55:52.019-0500][0.314s] Heap Max Capacity: 512M
[2025-02-05T10:55:52.019-0500][0.314s] Pre-touch: Enabled
[2025-02-05T10:55:52.019-0500][0.314s] Parallel Workers: 8
[2025-02-05T10:55:52.019-0500][0.314s] Concurrent Workers: 2
[2025-02-05T10:55:52.019-0500][0.314s] Concurrent Refinement Workers: 8
[2025-02-05T10:55:52.019-0500][0.314s] Periodic GC: Disabled
[2025-02-05T10:55:52.019-0500][0.315s] CDS archive(s) mapped at: [0x0000000800000000-0x0000000800b90000-0x0000000800b90000), size 12124160, SharedBaseAddress: 0x0000000800000000, ArchiveRelocationMode: 0.
[2025-02-05T10:55:52.019-0500][0.315s] Compressed class space mapped at: 0x0000000800c00000-0x0000000840c00000, reserved size: 1073741824
[2025-02-05T10:55:52.019-0500][0.315s] Narrow klass base: 0x0000000800000000, Narrow klass shift: 0, Narrow klass range: 0x100000000
[2025-02-05T10:55:53.340-0500][1.636s] GC(0) Pause Young (Normal) (G1 Evacuation Pause)
[2025-02-05T10:55:53.342-0500][1.637s] GC(0) Using 8 workers of 8 for evacuation
[2025-02-05T10:55:53.345-0500][1.641s] GC(0)   Pre Evacuate Collection Set: 0.1ms
[2025-02-05T10:55:53.345-0500][1.641s] GC(0)   Merge Heap Roots: 0.1ms
[2025-02-05T10:55:53.345-0500][1.641s] GC(0)   Evacuate Collection Set: 3.9ms
[2025-02-05T10:55:53.345-0500][1.641s] GC(0)   Post Evacuate Collection Set: 0.6ms
[2025-02-05T10:55:53.345-0500][1.641s] GC(0)   Other: 0.6ms
[2025-02-05T10:55:53.345-0500][1.641s] GC(0) Eden regions: 29->0(40)
[2025-02-05T10:55:53.345-0500][1.642s] GC(0) Survivor regions: 0->4(4)
[2025-02-05T10:55:53.345-0500][1.642s] GC(0) Old regions: 0->1
[2025-02-05T10:55:53.345-0500][1.642s] GC(0) Archive regions: 0->0
[2025-02-05T10:55:53.345-0500][1.642s] GC(0) Humongous regions: 0->0
[2025-02-05T10:55:53.345-0500][1.642s] GC(0) Metaspace: 10021K(10304K)->10021K(10304K) NonClass: 8872K(9024K)->8872K(9024K) Class: 1149K(1280K)->1149K(1280K)
[2025-02-05T10:55:53.345-0500][1.642s] GC(0) Pause Young (Normal) (G1 Evacuation Pause) 29M->4M(512M) 5.706ms
[2025-02-05T10:55:53.345-0500][1.642s] GC(0) User=0.00s Sys=0.00s Real=0.01s
[2025-02-05T10:55:54.363-0500][2.659s] GC(1) Pause Young (Normal) (G1 Evacuation Pause)
[2025-02-05T10:55:54.363-0500][2.659s] GC(1) Using 8 workers of 8 for evacuation
[2025-02-05T10:55:54.375-0500][2.671s] GC(1)   Pre Evacuate Collection Set: 0.1ms
[2025-02-05T10:55:54.375-0500][2.671s] GC(1)   Merge Heap Roots: 0.2ms
[2025-02-05T10:55:54.375-0500][2.671s] GC(1)   Evacuate Collection Set: 11.0ms
[2025-02-05T10:55:54.375-0500][2.671s] GC(1)   Post Evacuate Collection Set: 0.8ms
[2025-02-05T10:55:54.375-0500][2.671s] GC(1)   Other: 0.1ms
[2025-02-05T10:55:54.375-0500][2.671s] GC(1) Eden regions: 37->0(163)
[2025-02-05T10:55:54.375-0500][2.671s] GC(1) Survivor regions: 4->6(6)
[2025-02-05T10:55:54.375-0500][2.671s] GC(1) Old regions: 1->9
[2025-02-05T10:55:54.375-0500][2.671s] GC(1) Archive regions: 0->0
[2025-02-05T10:55:54.375-0500][2.672s] GC(1) Humongous regions: 4->4
[2025-02-05T10:55:54.375-0500][2.672s] GC(1) Metaspace: 18528K(18944K)->18528K(18944K) NonClass: 16372K(16576K)->16372K(16576K) Class: 2156K(2368K)->2156K(2368K)
[2025-02-05T10:55:54.375-0500][2.672s] GC(1) Pause Young (Normal) (G1 Evacuation Pause) 45M->18M(512M) 12.641ms
[2025-02-05T10:55:54.375-0500][2.672s] GC(1) User=0.00s Sys=0.00s Real=0.01s
[2025-02-05T10:55:55.498-0500][3.795s] GC(2) Pause Young (Concurrent Start) (Metadata GC Threshold)
[2025-02-05T10:55:55.498-0500][3.795s] GC(2) Using 8 workers of 8 for evacuation
[2025-02-05T10:55:55.504-0500][3.801s] GC(2)   Pre Evacuate Collection Set: 0.2ms
[2025-02-05T10:55:55.504-0500][3.801s] GC(2)   Merge Heap Roots: 0.1ms
[2025-02-05T10:55:55.504-0500][3.801s] GC(2)   Evacuate Collection Set: 5.2ms
[2025-02-05T10:55:55.504-0500][3.801s] GC(2)   Post Evacuate Collection Set: 0.5ms
[2025-02-05T10:55:55.504-0500][3.801s] GC(2)   Other: 0.1ms
[2025-02-05T10:55:55.504-0500][3.801s] GC(2) Eden regions: 44->0(296)
[2025-02-05T10:55:55.504-0500][3.801s] GC(2) Survivor regions: 6->11(21)
[2025-02-05T10:55:55.504-0500][3.801s] GC(2) Old regions: 9->9
[2025-02-05T10:55:55.504-0500][3.801s] GC(2) Archive regions: 0->0
[2025-02-05T10:55:55.504-0500][3.801s] GC(2) Humongous regions: 4->4
[2025-02-05T10:55:55.504-0500][3.801s] GC(2) Metaspace: 21128K(21504K)->21128K(21504K) NonClass: 18683K(18880K)->18683K(18880K) Class: 2444K(2624K)->2444K(2624K)
[2025-02-05T10:55:55.504-0500][3.801s] GC(2) Pause Young (Concurrent Start) (Metadata GC Threshold) 62M->23M(512M) 6.394ms
[2025-02-05T10:55:55.504-0500][3.801s] GC(2) User=0.06s Sys=0.05s Real=0.01s
[2025-02-05T10:55:55.504-0500][3.801s] GC(3) Concurrent Mark Cycle
[2025-02-05T10:55:55.504-0500][3.801s] GC(3) Concurrent Clear Claimed Marks
[2025-02-05T10:55:55.507-0500][3.801s] GC(3) Concurrent Clear Claimed Marks 0.077ms
[2025-02-05T10:55:55.507-0500][3.801s] GC(3) Concurrent Scan Root Regions
[2025-02-05T10:55:55.507-0500][3.804s] GC(3) Concurrent Scan Root Regions 2.757ms
[2025-02-05T10:55:55.507-0500][3.804s] GC(3) Concurrent Mark
[2025-02-05T10:55:55.510-0500][3.804s] GC(3) Concurrent Mark From Roots
[2025-02-05T10:55:55.510-0500][3.804s] GC(3) Using 2 workers of 2 for marking
[2025-02-05T10:55:55.511-0500][3.814s] GC(3) Concurrent Mark From Roots 10.166ms
[2025-02-05T10:55:55.511-0500][3.814s] GC(3) Concurrent Preclean
[2025-02-05T10:55:55.511-0500][3.815s] GC(3) Concurrent Preclean 0.041ms
[2025-02-05T10:55:55.511-0500][3.815s] GC(3) Pause Remark
[2025-02-05T10:55:55.523-0500][3.818s] GC(3) Pause Remark 24M->24M(512M) 2.963ms
[2025-02-05T10:55:55.523-0500][3.818s] GC(3) User=0.00s Sys=0.00s Real=0.01s
[2025-02-05T10:55:55.523-0500][3.818s] GC(3) Concurrent Mark 13.627ms
[2025-02-05T10:55:55.523-0500][3.818s] GC(3) Concurrent Rebuild Remembered Sets
[2025-02-05T10:55:55.527-0500][3.823s] GC(3) Concurrent Rebuild Remembered Sets 4.700ms
[2025-02-05T10:55:55.527-0500][3.823s] GC(3) Pause Cleanup
[2025-02-05T10:55:55.527-0500][3.823s] GC(3) Pause Cleanup 24M->24M(512M) 0.235ms
[2025-02-05T10:55:55.527-0500][3.823s] GC(3) User=0.00s Sys=0.00s Real=0.00s
[2025-02-05T10:55:55.527-0500][3.823s] GC(3) Concurrent Cleanup for Next Mark
[2025-02-05T10:55:55.527-0500][3.824s] GC(3) Concurrent Cleanup for Next Mark 0.444ms
[2025-02-05T10:55:55.527-0500][3.824s] GC(3) Concurrent Mark Cycle 22.599ms
[2025-02-05T10:55:58.633-0500][6.931s] GC(4) Pause Young (Concurrent Start) (Metadata GC Threshold)
[2025-02-05T10:55:58.633-0500][6.931s] GC(4) Using 8 workers of 8 for evacuation
[2025-02-05T10:55:58.644-0500][6.940s] GC(4)   Pre Evacuate Collection Set: 0.1ms
[2025-02-05T10:55:58.644-0500][6.940s] GC(4)   Merge Heap Roots: 0.1ms
[2025-02-05T10:55:58.645-0500][6.940s] GC(4)   Evacuate Collection Set: 8.1ms
[2025-02-05T10:55:58.645-0500][6.940s] GC(4)   Post Evacuate Collection Set: 0.8ms
[2025-02-05T10:55:58.645-0500][6.940s] GC(4)   Other: 0.1ms
[2025-02-05T10:55:58.645-0500][6.940s] GC(4) Eden regions: 87->0(291)
[2025-02-05T10:55:58.645-0500][6.940s] GC(4) Survivor regions: 11->16(39)
[2025-02-05T10:55:58.645-0500][6.940s] GC(4) Old regions: 9->9
[2025-02-05T10:55:58.645-0500][6.940s] GC(4) Archive regions: 0->0
[2025-02-05T10:55:58.645-0500][6.940s] GC(4) Humongous regions: 4->4
[2025-02-05T10:55:58.645-0500][6.940s] GC(4) Metaspace: 35690K(36160K)->35690K(36160K) NonClass: 31472K(31680K)->31472K(31680K) Class: 4217K(4480K)->4217K(4480K)
[2025-02-05T10:55:58.645-0500][6.940s] GC(4) Pause Young (Concurrent Start) (Metadata GC Threshold) 110M->28M(512M) 9.651ms
[2025-02-05T10:55:58.645-0500][6.940s] GC(4) User=0.08s Sys=0.00s Real=0.01s
[2025-02-05T10:55:58.645-0500][6.940s] GC(5) Concurrent Mark Cycle
[2025-02-05T10:55:58.645-0500][6.940s] GC(5) Concurrent Clear Claimed Marks
[2025-02-05T10:55:58.645-0500][6.941s] GC(5) Concurrent Clear Claimed Marks 0.049ms
[2025-02-05T10:55:58.645-0500][6.941s] GC(5) Concurrent Scan Root Regions
[2025-02-05T10:55:58.651-0500][6.946s] GC(5) Concurrent Scan Root Regions 5.706ms
[2025-02-05T10:55:58.651-0500][6.946s] GC(5) Concurrent Mark
[2025-02-05T10:55:58.651-0500][6.946s] GC(5) Concurrent Mark From Roots
[2025-02-05T10:55:58.651-0500][6.946s] GC(5) Using 2 workers of 2 for marking
[2025-02-05T10:55:58.660-0500][6.959s] GC(5) Concurrent Mark From Roots 12.895ms
[2025-02-05T10:55:58.660-0500][6.959s] GC(5) Concurrent Preclean
[2025-02-05T10:55:58.660-0500][6.959s] GC(5) Concurrent Preclean 0.040ms
[2025-02-05T10:55:58.660-0500][6.959s] GC(5) Pause Remark
[2025-02-05T10:55:58.667-0500][6.963s] GC(5) Pause Remark 30M->30M(512M) 3.252ms
[2025-02-05T10:55:58.667-0500][6.963s] GC(5) User=0.00s Sys=0.00s Real=0.01s
[2025-02-05T10:55:58.667-0500][6.963s] GC(5) Concurrent Mark 16.513ms
[2025-02-05T10:55:58.667-0500][6.963s] GC(5) Concurrent Rebuild Remembered Sets
[2025-02-05T10:55:58.673-0500][6.970s] GC(5) Concurrent Rebuild Remembered Sets 7.521ms
[2025-02-05T10:55:58.673-0500][6.971s] GC(5) Pause Cleanup
[2025-02-05T10:55:58.673-0500][6.971s] GC(5) Pause Cleanup 30M->30M(512M) 0.170ms
[2025-02-05T10:55:58.673-0500][6.971s] GC(5) User=0.02s Sys=0.00s Real=0.00s
[2025-02-05T10:55:58.673-0500][6.971s] GC(5) Concurrent Cleanup for Next Mark
[2025-02-05T10:55:58.673-0500][6.971s] GC(5) Concurrent Cleanup for Next Mark 0.385ms
[2025-02-05T10:55:58.673-0500][6.971s] GC(5) Concurrent Mark Cycle 30.846ms
[2025-02-05T11:01:29.982-0500][338.277s] GC(6) Pause Young (Normal) (G1 Evacuation Pause)
[2025-02-05T11:01:29.982-0500][338.277s] GC(6) Using 8 workers of 8 for evacuation
[2025-02-05T11:01:30.027-0500][338.323s] GC(6)   Pre Evacuate Collection Set: 0.1ms
[2025-02-05T11:01:30.027-0500][338.323s] GC(6)   Merge Heap Roots: 0.1ms
[2025-02-05T11:01:30.027-0500][338.323s] GC(6)   Evacuate Collection Set: 43.9ms
[2025-02-05T11:01:30.027-0500][338.323s] GC(6)   Post Evacuate Collection Set: 2.0ms
[2025-02-05T11:01:30.027-0500][338.323s] GC(6)   Other: 0.3ms
[2025-02-05T11:01:30.027-0500][338.323s] GC(6) Eden regions: 291->0(257)
[2025-02-05T11:01:30.027-0500][338.323s] GC(6) Survivor regions: 16->39(39)
[2025-02-05T11:01:30.027-0500][338.323s] GC(6) Old regions: 9->13
[2025-02-05T11:01:30.027-0500][338.324s] GC(6) Archive regions: 0->0
[2025-02-05T11:01:30.027-0500][338.324s] GC(6) Humongous regions: 4->4
[2025-02-05T11:01:30.027-0500][338.324s] GC(6) Metaspace: 56854K(57664K)->56854K(57664K) NonClass: 49789K(50240K)->49789K(50240K) Class: 7065K(7424K)->7065K(7424K)
[2025-02-05T11:01:30.027-0500][338.324s] GC(6) Pause Young (Normal) (G1 Evacuation Pause) 319M->55M(512M) 46.856ms
[2025-02-05T11:01:30.027-0500][338.324s] GC(6) User=0.33s Sys=0.03s Real=0.04s
[2025-02-05T11:01:30.325-0500][338.622s] Heap
[2025-02-05T11:01:30.325-0500][338.622s]  garbage-first heap   total 524288K, used 81511K [0x00000000e0000000, 0x0000000100000000)
[2025-02-05T11:01:30.325-0500][338.622s]   region size 1024K, 63 young (64512K), 39 survivors (39936K)
[2025-02-05T11:01:30.325-0500][338.622s]  Metaspace       used 57037K, committed 57792K, reserved 1114112K
[2025-02-05T11:01:30.325-0500][338.622s]   class space    used 7095K, committed 7424K, reserved 1048576K
[2025-02-05T11:01:35.041-0500][0.065s] CardTable entry size: 512
[2025-02-05T11:01:35.050-0500][0.066s] Using G1
[2025-02-05T11:01:35.227-0500][0.243s] Version: 18.0.1+10-24 (release)
[2025-02-05T11:01:35.227-0500][0.243s] CPUs: 8 total, 8 available
[2025-02-05T11:01:35.227-0500][0.243s] Memory: 7992M
[2025-02-05T11:01:35.227-0500][0.243s] Large Page Support: Disabled
[2025-02-05T11:01:35.227-0500][0.243s] NUMA Support: Disabled
[2025-02-05T11:01:35.227-0500][0.243s] Compressed Oops: Enabled (32-bit)
[2025-02-05T11:01:35.227-0500][0.243s] Heap Region Size: 1M
[2025-02-05T11:01:35.227-0500][0.243s] Heap Min Capacity: 512M
[2025-02-05T11:01:35.227-0500][0.243s] Heap Initial Capacity: 512M
[2025-02-05T11:01:35.227-0500][0.243s] Heap Max Capacity: 512M
[2025-02-05T11:01:35.227-0500][0.243s] Pre-touch: Enabled
[2025-02-05T11:01:35.227-0500][0.243s] Parallel Workers: 8
[2025-02-05T11:01:35.227-0500][0.243s] Concurrent Workers: 2
[2025-02-05T11:01:35.227-0500][0.243s] Concurrent Refinement Workers: 8
[2025-02-05T11:01:35.227-0500][0.243s] Periodic GC: Disabled
[2025-02-05T11:01:35.229-0500][0.245s] CDS archive(s) mapped at: [0x0000000800000000-0x0000000800b90000-0x0000000800b90000), size 12124160, SharedBaseAddress: 0x0000000800000000, ArchiveRelocationMode: 0.
[2025-02-05T11:01:35.229-0500][0.245s] Compressed class space mapped at: 0x0000000800c00000-0x0000000840c00000, reserved size: 1073741824
[2025-02-05T11:01:35.229-0500][0.245s] Narrow klass base: 0x0000000800000000, Narrow klass shift: 0, Narrow klass range: 0x100000000
[2025-02-05T11:01:36.544-0500][1.560s] GC(0) Pause Young (Normal) (G1 Evacuation Pause)
[2025-02-05T11:01:36.546-0500][1.560s] GC(0) Using 8 workers of 8 for evacuation
[2025-02-05T11:01:36.549-0500][1.566s] GC(0)   Pre Evacuate Collection Set: 0.1ms
[2025-02-05T11:01:36.551-0500][1.566s] GC(0)   Merge Heap Roots: 0.1ms
[2025-02-05T11:01:36.551-0500][1.566s] GC(0)   Evacuate Collection Set: 4.0ms
[2025-02-05T11:01:36.551-0500][1.566s] GC(0)   Post Evacuate Collection Set: 0.8ms
[2025-02-05T11:01:36.551-0500][1.566s] GC(0)   Other: 0.5ms
[2025-02-05T11:01:36.551-0500][1.566s] GC(0) Eden regions: 29->0(39)
[2025-02-05T11:01:36.551-0500][1.566s] GC(0) Survivor regions: 0->4(4)
[2025-02-05T11:01:36.551-0500][1.566s] GC(0) Old regions: 0->1
[2025-02-05T11:01:36.551-0500][1.566s] GC(0) Archive regions: 0->0
[2025-02-05T11:01:36.551-0500][1.566s] GC(0) Humongous regions: 0->0
[2025-02-05T11:01:36.551-0500][1.566s] GC(0) Metaspace: 10020K(10304K)->10020K(10304K) NonClass: 8870K(9024K)->8870K(9024K) Class: 1150K(1280K)->1150K(1280K)
[2025-02-05T11:01:36.551-0500][1.566s] GC(0) Pause Young (Normal) (G1 Evacuation Pause) 29M->4M(512M) 5.916ms
[2025-02-05T11:01:36.551-0500][1.566s] GC(0) User=0.02s Sys=0.00s Real=0.01s
[2025-02-05T11:01:37.604-0500][2.619s] GC(1) Pause Young (Normal) (G1 Evacuation Pause)
[2025-02-05T11:01:37.604-0500][2.619s] GC(1) Using 8 workers of 8 for evacuation
[2025-02-05T11:01:37.613-0500][2.631s] GC(1)   Pre Evacuate Collection Set: 0.1ms
[2025-02-05T11:01:37.613-0500][2.631s] GC(1)   Merge Heap Roots: 0.3ms
[2025-02-05T11:01:37.613-0500][2.631s] GC(1)   Evacuate Collection Set: 10.5ms
[2025-02-05T11:01:37.613-0500][2.631s] GC(1)   Post Evacuate Collection Set: 0.8ms
[2025-02-05T11:01:37.616-0500][2.631s] GC(1)   Other: 0.1ms
[2025-02-05T11:01:37.616-0500][2.631s] GC(1) Eden regions: 37->0(182)
[2025-02-05T11:01:37.616-0500][2.631s] GC(1) Survivor regions: 4->6(6)
[2025-02-05T11:01:37.616-0500][2.631s] GC(1) Old regions: 1->9
[2025-02-05T11:01:37.616-0500][2.631s] GC(1) Archive regions: 0->0
[2025-02-05T11:01:37.616-0500][2.631s] GC(1) Humongous regions: 4->4
[2025-02-05T11:01:37.616-0500][2.631s] GC(1) Metaspace: 18528K(18944K)->18528K(18944K) NonClass: 16373K(16576K)->16373K(16576K) Class: 2154K(2368K)->2154K(2368K)
[2025-02-05T11:01:37.616-0500][2.631s] GC(1) Pause Young (Normal) (G1 Evacuation Pause) 45M->18M(512M) 12.207ms
[2025-02-05T11:01:37.616-0500][2.631s] GC(1) User=0.05s Sys=0.08s Real=0.01s
[2025-02-05T11:01:38.457-0500][3.474s] GC(2) Pause Young (Concurrent Start) (Metadata GC Threshold)
[2025-02-05T11:01:38.457-0500][3.474s] GC(2) Using 8 workers of 8 for evacuation
[2025-02-05T11:01:38.469-0500][3.485s] GC(2)   Pre Evacuate Collection Set: 0.4ms
[2025-02-05T11:01:38.471-0500][3.485s] GC(2)   Merge Heap Roots: 0.1ms
[2025-02-05T11:01:38.471-0500][3.485s] GC(2)   Evacuate Collection Set: 9.4ms
[2025-02-05T11:01:38.471-0500][3.485s] GC(2)   Post Evacuate Collection Set: 0.9ms
[2025-02-05T11:01:38.471-0500][3.485s] GC(2)   Other: 0.3ms
[2025-02-05T11:01:38.471-0500][3.485s] GC(2) Eden regions: 44->0(295)
[2025-02-05T11:01:38.471-0500][3.485s] GC(2) Survivor regions: 6->12(22)
[2025-02-05T11:01:38.471-0500][3.485s] GC(2) Old regions: 9->9
[2025-02-05T11:01:38.471-0500][3.485s] GC(2) Archive regions: 0->0
[2025-02-05T11:01:38.471-0500][3.486s] GC(2) Humongous regions: 4->4
[2025-02-05T11:01:38.471-0500][3.486s] GC(2) Metaspace: 21114K(21504K)->21114K(21504K) NonClass: 18677K(18880K)->18677K(18880K) Class: 2437K(2624K)->2437K(2624K)
[2025-02-05T11:01:38.471-0500][3.486s] GC(2) Pause Young (Concurrent Start) (Metadata GC Threshold) 62M->24M(512M) 11.550ms
[2025-02-05T11:01:38.471-0500][3.486s] GC(2) User=0.00s Sys=0.00s Real=0.01s
[2025-02-05T11:01:38.471-0500][3.486s] GC(3) Concurrent Mark Cycle
[2025-02-05T11:01:38.471-0500][3.486s] GC(3) Concurrent Clear Claimed Marks
[2025-02-05T11:01:38.471-0500][3.486s] GC(3) Concurrent Clear Claimed Marks 0.066ms
[2025-02-05T11:01:38.471-0500][3.486s] GC(3) Concurrent Scan Root Regions
[2025-02-05T11:01:38.477-0500][3.493s] GC(3) Concurrent Scan Root Regions 7.022ms
[2025-02-05T11:01:38.477-0500][3.493s] GC(3) Concurrent Mark
[2025-02-05T11:01:38.477-0500][3.493s] GC(3) Concurrent Mark From Roots
[2025-02-05T11:01:38.477-0500][3.493s] GC(3) Using 2 workers of 2 for marking
[2025-02-05T11:01:38.494-0500][3.510s] GC(3) Concurrent Mark From Roots 17.179ms
[2025-02-05T11:01:38.494-0500][3.510s] GC(3) Concurrent Preclean
[2025-02-05T11:01:38.496-0500][3.510s] GC(3) Concurrent Preclean 0.080ms
[2025-02-05T11:01:38.496-0500][3.511s] GC(3) Pause Remark
[2025-02-05T11:01:38.497-0500][3.514s] GC(3) Pause Remark 25M->25M(512M) 3.286ms
[2025-02-05T11:01:38.497-0500][3.514s] GC(3) User=0.00s Sys=0.00s Real=0.00s
[2025-02-05T11:01:38.497-0500][3.514s] GC(3) Concurrent Mark 21.248ms
[2025-02-05T11:01:38.497-0500][3.514s] GC(3) Concurrent Rebuild Remembered Sets
[2025-02-05T11:01:38.507-0500][3.523s] GC(3) Concurrent Rebuild Remembered Sets 8.579ms
[2025-02-05T11:01:38.507-0500][3.523s] GC(3) Pause Cleanup
[2025-02-05T11:01:38.507-0500][3.524s] GC(3) Pause Cleanup 25M->25M(512M) 0.252ms
[2025-02-05T11:01:38.507-0500][3.524s] GC(3) User=0.00s Sys=0.00s Real=0.00s
[2025-02-05T11:01:38.507-0500][3.524s] GC(3) Concurrent Cleanup for Next Mark
[2025-02-05T11:01:38.509-0500][3.524s] GC(3) Concurrent Cleanup for Next Mark 0.615ms
[2025-02-05T11:01:38.509-0500][3.525s] GC(3) Concurrent Mark Cycle 38.783ms
[2025-02-05T11:01:41.137-0500][6.154s] GC(4) Pause Young (Prepare Mixed) (Metadata GC Threshold)
[2025-02-05T11:01:41.137-0500][6.154s] GC(4) Using 8 workers of 8 for evacuation
[2025-02-05T11:01:41.146-0500][6.163s] GC(4)   Pre Evacuate Collection Set: 0.1ms
[2025-02-05T11:01:41.146-0500][6.163s] GC(4)   Merge Heap Roots: 0.1ms
[2025-02-05T11:01:41.146-0500][6.164s] GC(4)   Evacuate Collection Set: 8.0ms
[2025-02-05T11:01:41.146-0500][6.164s] GC(4)   Post Evacuate Collection Set: 0.9ms
[2025-02-05T11:01:41.146-0500][6.164s] GC(4)   Other: 0.1ms
[2025-02-05T11:01:41.146-0500][6.164s] GC(4) Eden regions: 84->0(8)
[2025-02-05T11:01:41.146-0500][6.164s] GC(4) Survivor regions: 12->17(39)
[2025-02-05T11:01:41.146-0500][6.164s] GC(4) Old regions: 9->9
[2025-02-05T11:01:41.146-0500][6.164s] GC(4) Archive regions: 0->0
[2025-02-05T11:01:41.146-0500][6.164s] GC(4) Humongous regions: 4->4
[2025-02-05T11:01:41.146-0500][6.164s] GC(4) Metaspace: 35690K(36160K)->35690K(36160K) NonClass: 31475K(31680K)->31475K(31680K) Class: 4214K(4480K)->4214K(4480K)
[2025-02-05T11:01:41.146-0500][6.164s] GC(4) Pause Young (Prepare Mixed) (Metadata GC Threshold) 108M->29M(512M) 9.474ms
[2025-02-05T11:01:41.146-0500][6.164s] GC(4) User=0.09s Sys=0.03s Real=0.01s
[2025-02-05T11:01:41.267-0500][6.282s] GC(5) Pause Young (Mixed) (Metadata GC Threshold)
[2025-02-05T11:01:41.267-0500][6.283s] GC(5) Using 8 workers of 8 for evacuation
[2025-02-05T11:01:41.276-0500][6.293s] GC(5)   Pre Evacuate Collection Set: 0.1ms
[2025-02-05T11:01:41.276-0500][6.293s] GC(5)   Merge Heap Roots: 0.1ms
[2025-02-05T11:01:41.276-0500][6.293s] GC(5)   Evacuate Collection Set: 9.2ms
[2025-02-05T11:01:41.276-0500][6.293s] GC(5)   Post Evacuate Collection Set: 0.7ms
[2025-02-05T11:01:41.276-0500][6.293s] GC(5)   Other: 0.1ms
[2025-02-05T11:01:41.276-0500][6.293s] GC(5) Eden regions: 7->0(304)
[2025-02-05T11:01:41.276-0500][6.293s] GC(5) Survivor regions: 17->3(4)
[2025-02-05T11:01:41.276-0500][6.293s] GC(5) Old regions: 9->25
[2025-02-05T11:01:41.276-0500][6.293s] GC(5) Archive regions: 0->0
[2025-02-05T11:01:41.276-0500][6.293s] GC(5) Humongous regions: 4->4
[2025-02-05T11:01:41.276-0500][6.293s] GC(5) Metaspace: 36027K(36480K)->36027K(36480K) NonClass: 31767K(32000K)->31767K(32000K) Class: 4259K(4480K)->4259K(4480K)
[2025-02-05T11:01:41.276-0500][6.293s] GC(5) Pause Young (Mixed) (Metadata GC Threshold) 35M->30M(512M) 10.485ms
[2025-02-05T11:01:41.276-0500][6.293s] GC(5) User=0.05s Sys=0.08s Real=0.01s
[2025-02-05T11:01:41.307-0500][6.323s] GC(6) Pause Young (Concurrent Start) (Metadata GC Threshold)
[2025-02-05T11:01:41.307-0500][6.323s] GC(6) Using 8 workers of 8 for evacuation
[2025-02-05T11:01:41.309-0500][6.324s] GC(6)   Pre Evacuate Collection Set: 0.1ms
[2025-02-05T11:01:41.309-0500][6.324s] GC(6)   Merge Heap Roots: 0.2ms
[2025-02-05T11:01:41.309-0500][6.324s] GC(6)   Evacuate Collection Set: 0.8ms
[2025-02-05T11:01:41.309-0500][6.324s] GC(6)   Post Evacuate Collection Set: 0.3ms
[2025-02-05T11:01:41.309-0500][6.324s] GC(6)   Other: 0.2ms
[2025-02-05T11:01:41.309-0500][6.324s] GC(6) Eden regions: 3->0(306)
[2025-02-05T11:01:41.309-0500][6.324s] GC(6) Survivor regions: 3->1(39)
[2025-02-05T11:01:41.309-0500][6.324s] GC(6) Old regions: 25->25
[2025-02-05T11:01:41.309-0500][6.324s] GC(6) Archive regions: 0->0
[2025-02-05T11:01:41.309-0500][6.324s] GC(6) Humongous regions: 4->4
[2025-02-05T11:01:41.309-0500][6.324s] GC(6) Metaspace: 36318K(36800K)->36318K(36800K) NonClass: 32024K(32256K)->32024K(32256K) Class: 4294K(4544K)->4294K(4544K)
[2025-02-05T11:01:41.309-0500][6.324s] GC(6) Pause Young (Concurrent Start) (Metadata GC Threshold) 32M->28M(512M) 1.971ms
[2025-02-05T11:01:41.309-0500][6.325s] GC(6) User=0.00s Sys=0.00s Real=0.00s
[2025-02-05T11:01:41.309-0500][6.325s] GC(7) Concurrent Mark Cycle
[2025-02-05T11:01:41.309-0500][6.325s] GC(7) Concurrent Clear Claimed Marks
[2025-02-05T11:01:41.309-0500][6.325s] GC(7) Concurrent Clear Claimed Marks 0.033ms
[2025-02-05T11:01:41.309-0500][6.325s] GC(7) Concurrent Scan Root Regions
[2025-02-05T11:01:41.310-0500][6.325s] GC(7) Concurrent Scan Root Regions 0.843ms
[2025-02-05T11:01:41.310-0500][6.326s] GC(7) Concurrent Mark
[2025-02-05T11:01:41.310-0500][6.326s] GC(7) Concurrent Mark From Roots
[2025-02-05T11:01:41.310-0500][6.326s] GC(7) Using 2 workers of 2 for marking
[2025-02-05T11:01:41.345-0500][6.361s] GC(7) Concurrent Mark From Roots 35.101ms
[2025-02-05T11:01:41.345-0500][6.361s] GC(7) Concurrent Preclean
[2025-02-05T11:01:41.345-0500][6.361s] GC(7) Concurrent Preclean 0.125ms
[2025-02-05T11:01:41.345-0500][6.361s] GC(7) Pause Remark
[2025-02-05T11:01:41.345-0500][6.364s] GC(7) Pause Remark 32M->32M(512M) 2.540ms
[2025-02-05T11:01:41.345-0500][6.364s] GC(7) User=0.11s Sys=0.02s Real=0.00s
[2025-02-05T11:01:41.345-0500][6.364s] GC(7) Concurrent Mark 38.261ms
[2025-02-05T11:01:41.345-0500][6.364s] GC(7) Concurrent Rebuild Remembered Sets
[2025-02-05T11:01:41.365-0500][6.379s] GC(7) Concurrent Rebuild Remembered Sets 15.393ms
[2025-02-05T11:01:41.365-0500][6.379s] GC(7) Pause Cleanup
[2025-02-05T11:01:41.365-0500][6.380s] GC(7) Pause Cleanup 33M->33M(512M) 0.182ms
[2025-02-05T11:01:41.365-0500][6.380s] GC(7) User=0.00s Sys=0.00s Real=0.00s
[2025-02-05T11:01:41.365-0500][6.380s] GC(7) Concurrent Cleanup for Next Mark
[2025-02-05T11:01:41.365-0500][6.380s] GC(7) Concurrent Cleanup for Next Mark 0.525ms
[2025-02-05T11:01:41.366-0500][6.380s] GC(7) Concurrent Mark Cycle 55.838ms
[2025-02-05T11:02:15.279-0500][40.295s] GC(8) Pause Young (Prepare Mixed) (G1 Evacuation Pause)
[2025-02-05T11:02:15.279-0500][40.295s] GC(8) Using 8 workers of 8 for evacuation
[2025-02-05T11:02:15.307-0500][40.323s] GC(8)   Pre Evacuate Collection Set: 0.2ms
[2025-02-05T11:02:15.307-0500][40.323s] GC(8)   Merge Heap Roots: 0.1ms
[2025-02-05T11:02:15.307-0500][40.323s] GC(8)   Evacuate Collection Set: 26.2ms
[2025-02-05T11:02:15.307-0500][40.323s] GC(8)   Post Evacuate Collection Set: 1.6ms
[2025-02-05T11:02:15.307-0500][40.323s] GC(8)   Other: 0.3ms
[2025-02-05T11:02:15.307-0500][40.323s] GC(8) Eden regions: 306->0(1)
[2025-02-05T11:02:15.307-0500][40.323s] GC(8) Survivor regions: 1->34(39)
[2025-02-05T11:02:15.307-0500][40.323s] GC(8) Old regions: 25->25
[2025-02-05T11:02:15.307-0500][40.323s] GC(8) Archive regions: 0->0
[2025-02-05T11:02:15.307-0500][40.323s] GC(8) Humongous regions: 4->4
[2025-02-05T11:02:15.307-0500][40.323s] GC(8) Metaspace: 56984K(57792K)->56984K(57792K) NonClass: 49900K(50304K)->49900K(50304K) Class: 7084K(7488K)->7084K(7488K)
[2025-02-05T11:02:15.307-0500][40.323s] GC(8) Pause Young (Prepare Mixed) (G1 Evacuation Pause) 334M->61M(512M) 28.716ms
[2025-02-05T11:02:15.307-0500][40.323s] GC(8) User=0.19s Sys=0.02s Real=0.03s
[2025-02-05T11:02:30.800-0500][55.815s] GC(9) Pause Young (Mixed) (G1 Evacuation Pause)
[2025-02-05T11:02:30.800-0500][55.815s] GC(9) Using 8 workers of 8 for evacuation
[2025-02-05T11:02:30.831-0500][55.847s] GC(9)   Pre Evacuate Collection Set: 0.2ms
[2025-02-05T11:02:30.831-0500][55.848s] GC(9)   Merge Heap Roots: 0.2ms
[2025-02-05T11:02:30.831-0500][55.848s] GC(9)   Evacuate Collection Set: 30.5ms
[2025-02-05T11:02:30.831-0500][55.848s] GC(9)   Post Evacuate Collection Set: 1.0ms
[2025-02-05T11:02:30.831-0500][55.848s] GC(9)   Other: 0.2ms
[2025-02-05T11:02:30.831-0500][55.848s] GC(9) Eden regions: 1->0(274)
[2025-02-05T11:02:30.831-0500][55.848s] GC(9) Survivor regions: 34->2(5)
[2025-02-05T11:02:30.833-0500][55.848s] GC(9) Old regions: 25->57
[2025-02-05T11:02:30.833-0500][55.848s] GC(9) Archive regions: 0->0
[2025-02-05T11:02:30.833-0500][55.848s] GC(9) Humongous regions: 4->4
[2025-02-05T11:02:30.833-0500][55.848s] GC(9) Metaspace: 56984K(57792K)->56984K(57792K) NonClass: 49900K(50304K)->49900K(50304K) Class: 7084K(7488K)->7084K(7488K)
[2025-02-05T11:02:30.833-0500][55.848s] GC(9) Pause Young (Mixed) (G1 Evacuation Pause) 62M->62M(512M) 32.471ms
[2025-02-05T11:02:30.833-0500][55.848s] GC(9) User=0.14s Sys=0.02s Real=0.03s
[2025-02-05T11:11:13.964-0500][578.981s] Heap
[2025-02-05T11:11:13.964-0500][578.981s]  garbage-first heap   total 524288K, used 112104K [0x00000000e0000000, 0x0000000100000000)
[2025-02-05T11:11:13.964-0500][578.981s]   region size 1024K, 49 young (50176K), 2 survivors (2048K)
[2025-02-05T11:11:13.964-0500][578.981s]  Metaspace       used 59291K, committed 60032K, reserved 1114112K
[2025-02-05T11:11:13.964-0500][578.981s]   class space    used 7340K, committed 7680K, reserved 1048576K
[2025-02-05T11:11:23.388-0500][0.064s] CardTable entry size: 512
[2025-02-05T11:11:23.388-0500][0.064s] Using G1
[2025-02-05T11:11:23.530-0500][0.210s] Version: 18.0.1+10-24 (release)
[2025-02-05T11:11:23.530-0500][0.210s] CPUs: 8 total, 8 available
[2025-02-05T11:11:23.530-0500][0.210s] Memory: 7992M
[2025-02-05T11:11:23.530-0500][0.210s] Large Page Support: Disabled
[2025-02-05T11:11:23.530-0500][0.210s] NUMA Support: Disabled
[2025-02-05T11:11:23.530-0500][0.210s] Compressed Oops: Enabled (32-bit)
[2025-02-05T11:11:23.530-0500][0.210s] Heap Region Size: 1M
[2025-02-05T11:11:23.530-0500][0.210s] Heap Min Capacity: 512M
[2025-02-05T11:11:23.530-0500][0.210s] Heap Initial Capacity: 512M
[2025-02-05T11:11:23.530-0500][0.210s] Heap Max Capacity: 512M
[2025-02-05T11:11:23.530-0500][0.210s] Pre-touch: Enabled
[2025-02-05T11:11:23.530-0500][0.210s] Parallel Workers: 8
[2025-02-05T11:11:23.530-0500][0.210s] Concurrent Workers: 2
[2025-02-05T11:11:23.530-0500][0.210s] Concurrent Refinement Workers: 8
[2025-02-05T11:11:23.530-0500][0.210s] Periodic GC: Disabled
[2025-02-05T11:11:23.536-0500][0.211s] CDS archive(s) mapped at: [0x0000000800000000-0x0000000800b90000-0x0000000800b90000), size 12124160, SharedBaseAddress: 0x0000000800000000, ArchiveRelocationMode: 0.
[2025-02-05T11:11:23.536-0500][0.211s] Compressed class space mapped at: 0x0000000800c00000-0x0000000840c00000, reserved size: 1073741824
[2025-02-05T11:11:23.536-0500][0.211s] Narrow klass base: 0x0000000800000000, Narrow klass shift: 0, Narrow klass range: 0x100000000
[2025-02-05T11:11:26.011-0500][2.686s] GC(0) Pause Young (Normal) (G1 Evacuation Pause)
[2025-02-05T11:11:26.011-0500][2.686s] GC(0) Using 8 workers of 8 for evacuation
[2025-02-05T11:11:26.015-0500][2.691s] GC(0)   Pre Evacuate Collection Set: 0.1ms
[2025-02-05T11:11:26.015-0500][2.691s] GC(0)   Merge Heap Roots: 0.1ms
[2025-02-05T11:11:26.015-0500][2.691s] GC(0)   Evacuate Collection Set: 3.9ms
[2025-02-05T11:11:26.015-0500][2.691s] GC(0)   Post Evacuate Collection Set: 0.7ms
[2025-02-05T11:11:26.015-0500][2.691s] GC(0)   Other: 0.6ms
[2025-02-05T11:11:26.015-0500][2.691s] GC(0) Eden regions: 29->0(39)
[2025-02-05T11:11:26.015-0500][2.691s] GC(0) Survivor regions: 0->4(4)
[2025-02-05T11:11:26.015-0500][2.691s] GC(0) Old regions: 0->1
[2025-02-05T11:11:26.015-0500][2.691s] GC(0) Archive regions: 0->0
[2025-02-05T11:11:26.015-0500][2.691s] GC(0) Humongous regions: 0->0
[2025-02-05T11:11:26.015-0500][2.691s] GC(0) Metaspace: 9993K(10240K)->9993K(10240K) NonClass: 8843K(8960K)->8843K(8960K) Class: 1150K(1280K)->1150K(1280K)
[2025-02-05T11:11:26.015-0500][2.691s] GC(0) Pause Young (Normal) (G1 Evacuation Pause) 29M->4M(512M) 5.778ms
[2025-02-05T11:11:26.015-0500][2.691s] GC(0) User=0.00s Sys=0.00s Real=0.00s
[2025-02-05T11:11:28.264-0500][4.938s] GC(1) Pause Young (Normal) (G1 Evacuation Pause)
[2025-02-05T11:11:28.264-0500][4.938s] GC(1) Using 8 workers of 8 for evacuation
[2025-02-05T11:11:28.272-0500][4.948s] GC(1)   Pre Evacuate Collection Set: 0.1ms
[2025-02-05T11:11:28.272-0500][4.948s] GC(1)   Merge Heap Roots: 0.1ms
[2025-02-05T11:11:28.272-0500][4.948s] GC(1)   Evacuate Collection Set: 8.8ms
[2025-02-05T11:11:28.272-0500][4.948s] GC(1)   Post Evacuate Collection Set: 0.7ms
[2025-02-05T11:11:28.272-0500][4.948s] GC(1)   Other: 0.1ms
[2025-02-05T11:11:28.272-0500][4.948s] GC(1) Eden regions: 37->0(178)
[2025-02-05T11:11:28.272-0500][4.948s] GC(1) Survivor regions: 4->6(6)
[2025-02-05T11:11:28.272-0500][4.948s] GC(1) Old regions: 1->9
[2025-02-05T11:11:28.272-0500][4.948s] GC(1) Archive regions: 0->0
[2025-02-05T11:11:28.272-0500][4.949s] GC(1) Humongous regions: 4->4
[2025-02-05T11:11:28.272-0500][4.949s] GC(1) Metaspace: 18532K(18944K)->18532K(18944K) NonClass: 16376K(16576K)->16376K(16576K) Class: 2155K(2368K)->2155K(2368K)
[2025-02-05T11:11:28.272-0500][4.949s] GC(1) Pause Young (Normal) (G1 Evacuation Pause) 45M->18M(512M) 10.234ms
[2025-02-05T11:11:28.272-0500][4.949s] GC(1) User=0.08s Sys=0.05s Real=0.01s
[2025-02-05T11:11:29.858-0500][6.533s] GC(2) Pause Young (Concurrent Start) (Metadata GC Threshold)
[2025-02-05T11:11:29.858-0500][6.533s] GC(2) Using 8 workers of 8 for evacuation
[2025-02-05T11:11:29.869-0500][6.546s] GC(2)   Pre Evacuate Collection Set: 0.4ms
[2025-02-05T11:11:29.869-0500][6.546s] GC(2)   Merge Heap Roots: 0.1ms
[2025-02-05T11:11:29.869-0500][6.546s] GC(2)   Evacuate Collection Set: 11.6ms
[2025-02-05T11:11:29.869-0500][6.546s] GC(2)   Post Evacuate Collection Set: 0.9ms
[2025-02-05T11:11:29.869-0500][6.546s] GC(2)   Other: 0.2ms
[2025-02-05T11:11:29.869-0500][6.546s] GC(2) Eden regions: 45->0(295)
[2025-02-05T11:11:29.872-0500][6.546s] GC(2) Survivor regions: 6->12(22)
[2025-02-05T11:11:29.872-0500][6.546s] GC(2) Old regions: 9->9
[2025-02-05T11:11:29.872-0500][6.546s] GC(2) Archive regions: 0->0
[2025-02-05T11:11:29.872-0500][6.546s] GC(2) Humongous regions: 4->4
[2025-02-05T11:11:29.872-0500][6.546s] GC(2) Metaspace: 21119K(21504K)->21119K(21504K) NonClass: 18680K(18880K)->18680K(18880K) Class: 2438K(2624K)->2438K(2624K)
[2025-02-05T11:11:29.872-0500][6.546s] GC(2) Pause Young (Concurrent Start) (Metadata GC Threshold) 63M->23M(512M) 13.871ms
[2025-02-05T11:11:29.872-0500][6.547s] GC(3) Concurrent Mark Cycle
[2025-02-05T11:11:29.872-0500][6.547s] GC(2) User=0.09s Sys=0.02s Real=0.01s
[2025-02-05T11:11:29.872-0500][6.547s] GC(3) Concurrent Clear Claimed Marks
[2025-02-05T11:11:29.872-0500][6.547s] GC(3) Concurrent Clear Claimed Marks 0.235ms
[2025-02-05T11:11:29.872-0500][6.547s] GC(3) Concurrent Scan Root Regions
[2025-02-05T11:11:29.873-0500][6.553s] GC(3) Concurrent Scan Root Regions 5.630ms
[2025-02-05T11:11:29.878-0500][6.553s] GC(3) Concurrent Mark
[2025-02-05T11:11:29.878-0500][6.553s] GC(3) Concurrent Mark From Roots
[2025-02-05T11:11:29.878-0500][6.553s] GC(3) Using 2 workers of 2 for marking
[2025-02-05T11:11:29.897-0500][6.573s] GC(3) Concurrent Mark From Roots 19.897ms
[2025-02-05T11:11:29.897-0500][6.573s] GC(3) Concurrent Preclean
[2025-02-05T11:11:29.897-0500][6.573s] GC(3) Concurrent Preclean 0.076ms
[2025-02-05T11:11:29.897-0500][6.573s] GC(3) Pause Remark
[2025-02-05T11:11:29.900-0500][6.577s] GC(3) Pause Remark 24M->24M(512M) 3.461ms
[2025-02-05T11:11:29.900-0500][6.577s] GC(3) User=0.00s Sys=0.00s Real=0.00s
[2025-02-05T11:11:29.900-0500][6.577s] GC(3) Concurrent Mark 24.074ms
[2025-02-05T11:11:29.900-0500][6.577s] GC(3) Concurrent Rebuild Remembered Sets
[2025-02-05T11:11:29.910-0500][6.585s] GC(3) Concurrent Rebuild Remembered Sets 7.767ms
[2025-02-05T11:11:29.910-0500][6.585s] GC(3) Pause Cleanup
[2025-02-05T11:11:29.910-0500][6.585s] GC(3) Pause Cleanup 24M->24M(512M) 0.162ms
[2025-02-05T11:11:29.910-0500][6.585s] GC(3) User=0.00s Sys=0.00s Real=0.00s
[2025-02-05T11:11:29.910-0500][6.585s] GC(3) Concurrent Cleanup for Next Mark
[2025-02-05T11:11:29.910-0500][6.586s] GC(3) Concurrent Cleanup for Next Mark 0.518ms
[2025-02-05T11:11:29.910-0500][6.586s] GC(3) Concurrent Mark Cycle 39.394ms
[2025-02-05T11:11:35.357-0500][12.042s] GC(4) Pause Young (Concurrent Start) (Metadata GC Threshold)
[2025-02-05T11:11:35.357-0500][12.042s] GC(4) Using 8 workers of 8 for evacuation
[2025-02-05T11:11:35.379-0500][12.057s] GC(4)   Pre Evacuate Collection Set: 0.2ms
[2025-02-05T11:11:35.379-0500][12.057s] GC(4)   Merge Heap Roots: 0.2ms
[2025-02-05T11:11:35.379-0500][12.057s] GC(4)   Evacuate Collection Set: 13.6ms
[2025-02-05T11:11:35.379-0500][12.057s] GC(4)   Post Evacuate Collection Set: 1.3ms
[2025-02-05T11:11:35.379-0500][12.058s] GC(4)   Other: 0.2ms
[2025-02-05T11:11:35.379-0500][12.058s] GC(4) Eden regions: 84->0(291)
[2025-02-05T11:11:35.379-0500][12.058s] GC(4) Survivor regions: 12->16(39)
[2025-02-05T11:11:35.379-0500][12.058s] GC(4) Old regions: 9->9
[2025-02-05T11:11:35.379-0500][12.058s] GC(4) Archive regions: 0->0
[2025-02-05T11:11:35.379-0500][12.058s] GC(4) Humongous regions: 4->4
[2025-02-05T11:11:35.379-0500][12.058s] GC(4) Metaspace: 35695K(36160K)->35695K(36160K) NonClass: 31485K(31744K)->31485K(31744K) Class: 4210K(4416K)->4210K(4416K)
[2025-02-05T11:11:35.379-0500][12.058s] GC(4) Pause Young (Concurrent Start) (Metadata GC Threshold) 107M->28M(512M) 16.217ms
[2025-02-05T11:11:35.379-0500][12.058s] GC(4) User=0.09s Sys=0.03s Real=0.02s
[2025-02-05T11:11:35.379-0500][12.058s] GC(5) Concurrent Mark Cycle
[2025-02-05T11:11:35.379-0500][12.058s] GC(5) Concurrent Clear Claimed Marks
[2025-02-05T11:11:35.379-0500][12.058s] GC(5) Concurrent Clear Claimed Marks 0.071ms
[2025-02-05T11:11:35.379-0500][12.058s] GC(5) Concurrent Scan Root Regions
[2025-02-05T11:11:35.391-0500][12.066s] GC(5) Concurrent Scan Root Regions 7.552ms
[2025-02-05T11:11:35.391-0500][12.066s] GC(5) Concurrent Mark
[2025-02-05T11:11:35.391-0500][12.066s] GC(5) Concurrent Mark From Roots
[2025-02-05T11:11:35.391-0500][12.066s] GC(5) Using 2 workers of 2 for marking
[2025-02-05T11:11:35.403-0500][12.084s] GC(5) Concurrent Mark From Roots 17.785ms
[2025-02-05T11:11:35.403-0500][12.084s] GC(5) Concurrent Preclean
[2025-02-05T11:11:35.403-0500][12.084s] GC(5) Concurrent Preclean 0.066ms
[2025-02-05T11:11:35.403-0500][12.084s] GC(5) Pause Remark
[2025-02-05T11:11:35.403-0500][12.088s] GC(5) Pause Remark 29M->29M(512M) 4.120ms
[2025-02-05T11:11:35.403-0500][12.088s] GC(5) User=0.02s Sys=0.02s Real=0.00s
[2025-02-05T11:11:35.403-0500][12.088s] GC(5) Concurrent Mark 22.639ms
[2025-02-05T11:11:35.403-0500][12.089s] GC(5) Concurrent Rebuild Remembered Sets
[2025-02-05T11:11:35.420-0500][12.099s] GC(5) Concurrent Rebuild Remembered Sets 10.532ms
[2025-02-05T11:11:35.420-0500][12.099s] GC(5) Pause Cleanup
[2025-02-05T11:11:35.420-0500][12.100s] GC(5) Pause Cleanup 29M->29M(512M) 0.260ms
[2025-02-05T11:11:35.420-0500][12.100s] GC(5) User=0.00s Sys=0.00s Real=0.00s
[2025-02-05T11:11:35.420-0500][12.100s] GC(5) Concurrent Cleanup for Next Mark
[2025-02-05T11:11:35.420-0500][12.100s] GC(5) Concurrent Cleanup for Next Mark 0.592ms
[2025-02-05T11:11:35.420-0500][12.101s] GC(5) Concurrent Mark Cycle 42.556ms
[2025-02-05T11:11:42.681-0500][19.356s] GC(6) Pause Young (Normal) (G1 Evacuation Pause)
[2025-02-05T11:11:42.681-0500][19.357s] GC(6) Using 8 workers of 8 for evacuation
[2025-02-05T11:11:42.726-0500][19.401s] GC(6)   Pre Evacuate Collection Set: 0.2ms
[2025-02-05T11:11:42.726-0500][19.401s] GC(6)   Merge Heap Roots: 0.2ms
[2025-02-05T11:11:42.726-0500][19.401s] GC(6)   Evacuate Collection Set: 41.1ms
[2025-02-05T11:11:42.726-0500][19.401s] GC(6)   Post Evacuate Collection Set: 2.3ms
[2025-02-05T11:11:42.726-0500][19.401s] GC(6)   Other: 0.4ms
[2025-02-05T11:11:42.726-0500][19.401s] GC(6) Eden regions: 291->0(224)
[2025-02-05T11:11:42.726-0500][19.401s] GC(6) Survivor regions: 16->39(39)
[2025-02-05T11:11:42.726-0500][19.401s] GC(6) Old regions: 9->14
[2025-02-05T11:11:42.726-0500][19.401s] GC(6) Archive regions: 0->0
[2025-02-05T11:11:42.726-0500][19.401s] GC(6) Humongous regions: 4->4
[2025-02-05T11:11:42.726-0500][19.401s] GC(6) Metaspace: 56918K(57728K)->56918K(57728K) NonClass: 49883K(50304K)->49883K(50304K) Class: 7035K(7424K)->7035K(7424K)
[2025-02-05T11:11:42.726-0500][19.401s] GC(6) Pause Young (Normal) (G1 Evacuation Pause) 319M->56M(512M) 44.749ms
[2025-02-05T11:11:42.726-0500][19.401s] GC(6) User=0.34s Sys=0.02s Real=0.05s
[2025-02-05T11:18:16.612-0500][413.289s] Heap
[2025-02-05T11:18:16.612-0500][413.289s]  garbage-first heap   total 524288K, used 129245K [0x00000000e0000000, 0x0000000100000000)
[2025-02-05T11:18:16.614-0500][413.289s]   region size 1024K, 109 young (111616K), 39 survivors (39936K)
[2025-02-05T11:18:16.614-0500][413.289s]  Metaspace       used 59639K, committed 60416K, reserved 1114112K
[2025-02-05T11:18:16.614-0500][413.289s]   class space    used 7337K, committed 7680K, reserved 1048576K
[2025-02-05T11:18:22.846-0500][0.017s] CardTable entry size: 512
[2025-02-05T11:18:22.846-0500][0.017s] Using G1
[2025-02-05T11:18:22.953-0500][0.125s] Version: 18.0.1+10-24 (release)
[2025-02-05T11:18:22.953-0500][0.125s] CPUs: 8 total, 8 available
[2025-02-05T11:18:22.953-0500][0.125s] Memory: 7992M
[2025-02-05T11:18:22.953-0500][0.125s] Large Page Support: Disabled
[2025-02-05T11:18:22.953-0500][0.125s] NUMA Support: Disabled
[2025-02-05T11:18:22.953-0500][0.125s] Compressed Oops: Enabled (32-bit)
[2025-02-05T11:18:22.953-0500][0.125s] Heap Region Size: 1M
[2025-02-05T11:18:22.953-0500][0.125s] Heap Min Capacity: 512M
[2025-02-05T11:18:22.953-0500][0.125s] Heap Initial Capacity: 512M
[2025-02-05T11:18:22.953-0500][0.125s] Heap Max Capacity: 512M
[2025-02-05T11:18:22.953-0500][0.125s] Pre-touch: Enabled
[2025-02-05T11:18:22.953-0500][0.125s] Parallel Workers: 8
[2025-02-05T11:18:22.953-0500][0.125s] Concurrent Workers: 2
[2025-02-05T11:18:22.953-0500][0.125s] Concurrent Refinement Workers: 8
[2025-02-05T11:18:22.953-0500][0.125s] Periodic GC: Disabled
[2025-02-05T11:18:22.953-0500][0.127s] CDS archive(s) mapped at: [0x0000000800000000-0x0000000800b90000-0x0000000800b90000), size 12124160, SharedBaseAddress: 0x0000000800000000, ArchiveRelocationMode: 0.
[2025-02-05T11:18:22.953-0500][0.127s] Compressed class space mapped at: 0x0000000800c00000-0x0000000840c00000, reserved size: 1073741824
[2025-02-05T11:18:22.953-0500][0.127s] Narrow klass base: 0x0000000800000000, Narrow klass shift: 0, Narrow klass range: 0x100000000
[2025-02-05T11:18:24.223-0500][1.399s] GC(0) Pause Young (Normal) (G1 Evacuation Pause)
[2025-02-05T11:18:24.223-0500][1.400s] GC(0) Using 8 workers of 8 for evacuation
[2025-02-05T11:18:24.233-0500][1.405s] GC(0)   Pre Evacuate Collection Set: 0.1ms
[2025-02-05T11:18:24.233-0500][1.405s] GC(0)   Merge Heap Roots: 0.1ms
[2025-02-05T11:18:24.233-0500][1.405s] GC(0)   Evacuate Collection Set: 4.2ms
[2025-02-05T11:18:24.233-0500][1.405s] GC(0)   Post Evacuate Collection Set: 0.7ms
[2025-02-05T11:18:24.233-0500][1.405s] GC(0)   Other: 0.6ms
[2025-02-05T11:18:24.233-0500][1.405s] GC(0) Eden regions: 29->0(40)
[2025-02-05T11:18:24.233-0500][1.405s] GC(0) Survivor regions: 0->4(4)
[2025-02-05T11:18:24.233-0500][1.405s] GC(0) Old regions: 0->1
[2025-02-05T11:18:24.233-0500][1.405s] GC(0) Archive regions: 0->0
[2025-02-05T11:18:24.233-0500][1.405s] GC(0) Humongous regions: 0->0
[2025-02-05T11:18:24.233-0500][1.405s] GC(0) Metaspace: 10031K(10304K)->10031K(10304K) NonClass: 8881K(9024K)->8881K(9024K) Class: 1150K(1280K)->1150K(1280K)
[2025-02-05T11:18:24.233-0500][1.405s] GC(0) Pause Young (Normal) (G1 Evacuation Pause) 29M->4M(512M) 6.221ms
[2025-02-05T11:18:24.233-0500][1.405s] GC(0) User=0.00s Sys=0.00s Real=0.01s
[2025-02-05T11:18:25.185-0500][2.362s] GC(1) Pause Young (Normal) (G1 Evacuation Pause)
[2025-02-05T11:18:25.185-0500][2.362s] GC(1) Using 8 workers of 8 for evacuation
[2025-02-05T11:18:25.201-0500][2.373s] GC(1)   Pre Evacuate Collection Set: 0.1ms
[2025-02-05T11:18:25.201-0500][2.373s] GC(1)   Merge Heap Roots: 0.2ms
[2025-02-05T11:18:25.201-0500][2.373s] GC(1)   Evacuate Collection Set: 9.5ms
[2025-02-05T11:18:25.201-0500][2.373s] GC(1)   Post Evacuate Collection Set: 0.9ms
[2025-02-05T11:18:25.201-0500][2.373s] GC(1)   Other: 0.1ms
[2025-02-05T11:18:25.201-0500][2.373s] GC(1) Eden regions: 37->0(176)
[2025-02-05T11:18:25.201-0500][2.373s] GC(1) Survivor regions: 4->6(6)
[2025-02-05T11:18:25.201-0500][2.373s] GC(1) Old regions: 1->9
[2025-02-05T11:18:25.201-0500][2.373s] GC(1) Archive regions: 0->0
[2025-02-05T11:18:25.201-0500][2.373s] GC(1) Humongous regions: 4->4
[2025-02-05T11:18:25.201-0500][2.373s] GC(1) Metaspace: 18563K(18944K)->18563K(18944K) NonClass: 16408K(16576K)->16408K(16576K) Class: 2154K(2368K)->2154K(2368K)
[2025-02-05T11:18:25.201-0500][2.373s] GC(1) Pause Young (Normal) (G1 Evacuation Pause) 45M->18M(512M) 11.257ms
[2025-02-05T11:18:25.201-0500][2.373s] GC(1) User=0.00s Sys=0.02s Real=0.02s
[2025-02-05T11:18:25.974-0500][3.145s] GC(2) Pause Young (Concurrent Start) (Metadata GC Threshold)
[2025-02-05T11:18:25.974-0500][3.145s] GC(2) Using 8 workers of 8 for evacuation
[2025-02-05T11:18:25.980-0500][3.152s] GC(2)   Pre Evacuate Collection Set: 0.2ms
[2025-02-05T11:18:25.980-0500][3.152s] GC(2)   Merge Heap Roots: 0.2ms
[2025-02-05T11:18:25.980-0500][3.152s] GC(2)   Evacuate Collection Set: 5.4ms
[2025-02-05T11:18:25.980-0500][3.152s] GC(2)   Post Evacuate Collection Set: 0.7ms
[2025-02-05T11:18:25.980-0500][3.152s] GC(2)   Other: 0.2ms
[2025-02-05T11:18:25.980-0500][3.152s] GC(2) Eden regions: 45->0(296)
[2025-02-05T11:18:25.980-0500][3.152s] GC(2) Survivor regions: 6->11(23)
[2025-02-05T11:18:25.980-0500][3.152s] GC(2) Old regions: 9->9
[2025-02-05T11:18:25.980-0500][3.152s] GC(2) Archive regions: 0->0
[2025-02-05T11:18:25.980-0500][3.152s] GC(2) Humongous regions: 4->4
[2025-02-05T11:18:25.980-0500][3.152s] GC(2) Metaspace: 21110K(21504K)->21110K(21504K) NonClass: 18679K(18880K)->18679K(18880K) Class: 2431K(2624K)->2431K(2624K)
[2025-02-05T11:18:25.980-0500][3.152s] GC(2) Pause Young (Concurrent Start) (Metadata GC Threshold) 63M->23M(512M) 7.292ms
[2025-02-05T11:18:25.980-0500][3.152s] GC(2) User=0.00s Sys=0.00s Real=0.01s
[2025-02-05T11:18:25.980-0500][3.153s] GC(3) Concurrent Mark Cycle
[2025-02-05T11:18:25.980-0500][3.153s] GC(3) Concurrent Clear Claimed Marks
[2025-02-05T11:18:25.980-0500][3.153s] GC(3) Concurrent Clear Claimed Marks 0.052ms
[2025-02-05T11:18:25.980-0500][3.153s] GC(3) Concurrent Scan Root Regions
[2025-02-05T11:18:25.985-0500][3.157s] GC(3) Concurrent Scan Root Regions 4.393ms
[2025-02-05T11:18:25.985-0500][3.157s] GC(3) Concurrent Mark
[2025-02-05T11:18:25.985-0500][3.157s] GC(3) Concurrent Mark From Roots
[2025-02-05T11:18:25.985-0500][3.157s] GC(3) Using 2 workers of 2 for marking
[2025-02-05T11:18:25.997-0500][3.169s] GC(3) Concurrent Mark From Roots 11.356ms
[2025-02-05T11:18:25.997-0500][3.169s] GC(3) Concurrent Preclean
[2025-02-05T11:18:25.997-0500][3.169s] GC(3) Concurrent Preclean 0.045ms
[2025-02-05T11:18:25.997-0500][3.169s] GC(3) Pause Remark
[2025-02-05T11:18:25.999-0500][3.171s] GC(3) Pause Remark 24M->24M(512M) 2.308ms
[2025-02-05T11:18:25.999-0500][3.171s] GC(3) User=0.00s Sys=0.00s Real=0.00s
[2025-02-05T11:18:25.999-0500][3.171s] GC(3) Concurrent Mark 14.262ms
[2025-02-05T11:18:25.999-0500][3.171s] GC(3) Concurrent Rebuild Remembered Sets
[2025-02-05T11:18:26.001-0500][3.177s] GC(3) Concurrent Rebuild Remembered Sets 5.145ms
[2025-02-05T11:18:26.001-0500][3.177s] GC(3) Pause Cleanup
[2025-02-05T11:18:26.001-0500][3.177s] GC(3) Pause Cleanup 24M->24M(512M) 0.158ms
[2025-02-05T11:18:26.001-0500][3.177s] GC(3) User=0.00s Sys=0.00s Real=0.00s
[2025-02-05T11:18:26.001-0500][3.177s] GC(3) Concurrent Cleanup for Next Mark
[2025-02-05T11:18:26.001-0500][3.178s] GC(3) Concurrent Cleanup for Next Mark 0.488ms
[2025-02-05T11:18:26.001-0500][3.178s] GC(3) Concurrent Mark Cycle 25.284ms
[2025-02-05T11:18:28.293-0500][5.470s] GC(4) Pause Young (Concurrent Start) (Metadata GC Threshold)
[2025-02-05T11:18:28.293-0500][5.470s] GC(4) Using 8 workers of 8 for evacuation
[2025-02-05T11:18:28.306-0500][5.479s] GC(4)   Pre Evacuate Collection Set: 0.1ms
[2025-02-05T11:18:28.306-0500][5.479s] GC(4)   Merge Heap Roots: 0.1ms
[2025-02-05T11:18:28.306-0500][5.479s] GC(4)   Evacuate Collection Set: 7.6ms
[2025-02-05T11:18:28.306-0500][5.479s] GC(4)   Post Evacuate Collection Set: 1.0ms
[2025-02-05T11:18:28.306-0500][5.479s] GC(4)   Other: 0.2ms
[2025-02-05T11:18:28.306-0500][5.479s] GC(4) Eden regions: 84->0(290)
[2025-02-05T11:18:28.306-0500][5.479s] GC(4) Survivor regions: 11->17(39)
[2025-02-05T11:18:28.306-0500][5.479s] GC(4) Old regions: 9->9
[2025-02-05T11:18:28.306-0500][5.479s] GC(4) Archive regions: 0->0
[2025-02-05T11:18:28.309-0500][5.479s] GC(4) Humongous regions: 4->4
[2025-02-05T11:18:28.309-0500][5.479s] GC(4) Metaspace: 35692K(36096K)->35692K(36096K) NonClass: 31484K(31680K)->31484K(31680K) Class: 4208K(4416K)->4208K(4416K)
[2025-02-05T11:18:28.309-0500][5.479s] GC(4) Pause Young (Concurrent Start) (Metadata GC Threshold) 106M->29M(512M) 9.339ms
[2025-02-05T11:18:28.309-0500][5.479s] GC(4) User=0.06s Sys=0.06s Real=0.02s
[2025-02-05T11:18:28.309-0500][5.479s] GC(5) Concurrent Mark Cycle
[2025-02-05T11:18:28.309-0500][5.479s] GC(5) Concurrent Clear Claimed Marks
[2025-02-05T11:18:28.309-0500][5.480s] GC(5) Concurrent Clear Claimed Marks 0.050ms
[2025-02-05T11:18:28.309-0500][5.480s] GC(5) Concurrent Scan Root Regions
[2025-02-05T11:18:28.314-0500][5.485s] GC(5) Concurrent Scan Root Regions 5.855ms
[2025-02-05T11:18:28.314-0500][5.485s] GC(5) Concurrent Mark
[2025-02-05T11:18:28.314-0500][5.485s] GC(5) Concurrent Mark From Roots
[2025-02-05T11:18:28.314-0500][5.486s] GC(5) Using 2 workers of 2 for marking
[2025-02-05T11:18:28.328-0500][5.500s] GC(5) Concurrent Mark From Roots 14.392ms
[2025-02-05T11:18:28.328-0500][5.500s] GC(5) Concurrent Preclean
[2025-02-05T11:18:28.329-0500][5.500s] GC(5) Concurrent Preclean 0.065ms
[2025-02-05T11:18:28.329-0500][5.500s] GC(5) Pause Remark
[2025-02-05T11:18:28.329-0500][5.503s] GC(5) Pause Remark 30M->30M(512M) 2.559ms
[2025-02-05T11:18:28.329-0500][5.503s] GC(5) User=0.06s Sys=0.00s Real=0.00s
[2025-02-05T11:18:28.329-0500][5.503s] GC(5) Concurrent Mark 17.380ms
[2025-02-05T11:18:28.329-0500][5.503s] GC(5) Concurrent Rebuild Remembered Sets
[2025-02-05T11:18:28.338-0500][5.509s] GC(5) Concurrent Rebuild Remembered Sets 6.420ms
[2025-02-05T11:18:28.338-0500][5.509s] GC(5) Pause Cleanup
[2025-02-05T11:18:28.338-0500][5.510s] GC(5) Pause Cleanup 31M->31M(512M) 0.148ms
[2025-02-05T11:18:28.338-0500][5.510s] GC(5) User=0.00s Sys=0.00s Real=0.00s
[2025-02-05T11:18:28.338-0500][5.510s] GC(5) Concurrent Cleanup for Next Mark
[2025-02-05T11:18:28.338-0500][5.510s] GC(5) Concurrent Cleanup for Next Mark 0.445ms
[2025-02-05T11:18:28.338-0500][5.510s] GC(5) Concurrent Mark Cycle 30.822ms
[2025-02-05T11:18:32.432-0500][9.603s] GC(6) Pause Young (Normal) (G1 Evacuation Pause)
[2025-02-05T11:18:32.432-0500][9.603s] GC(6) Using 8 workers of 8 for evacuation
[2025-02-05T11:18:32.468-0500][9.641s] GC(6)   Pre Evacuate Collection Set: 0.1ms
[2025-02-05T11:18:32.468-0500][9.641s] GC(6)   Merge Heap Roots: 0.1ms
[2025-02-05T11:18:32.468-0500][9.641s] GC(6)   Evacuate Collection Set: 35.8ms
[2025-02-05T11:18:32.468-0500][9.641s] GC(6)   Post Evacuate Collection Set: 1.9ms
[2025-02-05T11:18:32.468-0500][9.641s] GC(6)   Other: 0.2ms
[2025-02-05T11:18:32.468-0500][9.641s] GC(6) Eden regions: 290->0(244)
[2025-02-05T11:18:32.468-0500][9.641s] GC(6) Survivor regions: 17->39(39)
[2025-02-05T11:18:32.468-0500][9.641s] GC(6) Old regions: 9->15
[2025-02-05T11:18:32.468-0500][9.641s] GC(6) Archive regions: 0->0
[2025-02-05T11:18:32.468-0500][9.641s] GC(6) Humongous regions: 4->4
[2025-02-05T11:18:32.468-0500][9.641s] GC(6) Metaspace: 56782K(57600K)->56782K(57600K) NonClass: 49691K(50112K)->49691K(50112K) Class: 7090K(7488K)->7090K(7488K)
[2025-02-05T11:18:32.468-0500][9.641s] GC(6) Pause Young (Normal) (G1 Evacuation Pause) 319M->57M(512M) 38.660ms
[2025-02-05T11:18:32.468-0500][9.641s] GC(6) User=0.12s Sys=0.11s Real=0.04s
[2025-02-05T11:25:32.670-0500][429.849s] Heap
[2025-02-05T11:25:32.670-0500][429.849s]  garbage-first heap   total 524288K, used 130797K [0x00000000e0000000, 0x0000000100000000)
[2025-02-05T11:25:32.670-0500][429.849s]   region size 1024K, 110 young (112640K), 39 survivors (39936K)
[2025-02-05T11:25:32.670-0500][429.849s]  Metaspace       used 59097K, committed 59840K, reserved 1114112K
[2025-02-05T11:25:32.670-0500][429.849s]   class space    used 7346K, committed 7680K, reserved 1048576K
[2025-02-05T11:25:57.823-0500][0.056s] CardTable entry size: 512
[2025-02-05T11:25:57.835-0500][0.057s] Using G1
[2025-02-05T11:25:57.978-0500][0.198s] Version: 18.0.1+10-24 (release)
[2025-02-05T11:25:57.978-0500][0.199s] CPUs: 8 total, 8 available
[2025-02-05T11:25:57.978-0500][0.199s] Memory: 7992M
[2025-02-05T11:25:57.978-0500][0.199s] Large Page Support: Disabled
[2025-02-05T11:25:57.978-0500][0.199s] NUMA Support: Disabled
[2025-02-05T11:25:57.978-0500][0.199s] Compressed Oops: Enabled (32-bit)
[2025-02-05T11:25:57.978-0500][0.199s] Heap Region Size: 1M
[2025-02-05T11:25:57.978-0500][0.199s] Heap Min Capacity: 512M
[2025-02-05T11:25:57.978-0500][0.199s] Heap Initial Capacity: 512M
[2025-02-05T11:25:57.978-0500][0.199s] Heap Max Capacity: 512M
[2025-02-05T11:25:57.978-0500][0.199s] Pre-touch: Enabled
[2025-02-05T11:25:57.978-0500][0.199s] Parallel Workers: 8
[2025-02-05T11:25:57.978-0500][0.199s] Concurrent Workers: 2
[2025-02-05T11:25:57.978-0500][0.199s] Concurrent Refinement Workers: 8
[2025-02-05T11:25:57.978-0500][0.199s] Periodic GC: Disabled
[2025-02-05T11:25:57.978-0500][0.200s] CDS archive(s) mapped at: [0x0000000800000000-0x0000000800b90000-0x0000000800b90000), size 12124160, SharedBaseAddress: 0x0000000800000000, ArchiveRelocationMode: 0.
[2025-02-05T11:25:57.978-0500][0.200s] Compressed class space mapped at: 0x0000000800c00000-0x0000000840c00000, reserved size: 1073741824
[2025-02-05T11:25:57.978-0500][0.200s] Narrow klass base: 0x0000000800000000, Narrow klass shift: 0, Narrow klass range: 0x100000000
[2025-02-05T11:25:59.222-0500][1.443s] GC(0) Pause Young (Normal) (G1 Evacuation Pause)
[2025-02-05T11:25:59.222-0500][1.444s] GC(0) Using 8 workers of 8 for evacuation
[2025-02-05T11:25:59.229-0500][1.450s] GC(0)   Pre Evacuate Collection Set: 0.1ms
[2025-02-05T11:25:59.229-0500][1.450s] GC(0)   Merge Heap Roots: 0.1ms
[2025-02-05T11:25:59.229-0500][1.450s] GC(0)   Evacuate Collection Set: 4.9ms
[2025-02-05T11:25:59.229-0500][1.450s] GC(0)   Post Evacuate Collection Set: 0.6ms
[2025-02-05T11:25:59.229-0500][1.450s] GC(0)   Other: 0.5ms
[2025-02-05T11:25:59.229-0500][1.450s] GC(0) Eden regions: 29->0(40)
[2025-02-05T11:25:59.229-0500][1.450s] GC(0) Survivor regions: 0->4(4)
[2025-02-05T11:25:59.229-0500][1.450s] GC(0) Old regions: 0->1
[2025-02-05T11:25:59.229-0500][1.450s] GC(0) Archive regions: 0->0
[2025-02-05T11:25:59.229-0500][1.450s] GC(0) Humongous regions: 0->0
[2025-02-05T11:25:59.229-0500][1.450s] GC(0) Metaspace: 10023K(10304K)->10023K(10304K) NonClass: 8872K(9024K)->8872K(9024K) Class: 1150K(1280K)->1150K(1280K)
[2025-02-05T11:25:59.229-0500][1.450s] GC(0) Pause Young (Normal) (G1 Evacuation Pause) 29M->4M(512M) 6.754ms
[2025-02-05T11:25:59.229-0500][1.450s] GC(0) User=0.00s Sys=0.00s Real=0.01s
[2025-02-05T11:26:00.480-0500][2.701s] GC(1) Pause Young (Normal) (G1 Evacuation Pause)
[2025-02-05T11:26:00.480-0500][2.701s] GC(1) Using 8 workers of 8 for evacuation
[2025-02-05T11:26:00.498-0500][2.721s] GC(1)   Pre Evacuate Collection Set: 0.3ms
[2025-02-05T11:26:00.498-0500][2.721s] GC(1)   Merge Heap Roots: 0.2ms
[2025-02-05T11:26:00.498-0500][2.721s] GC(1)   Evacuate Collection Set: 17.7ms
[2025-02-05T11:26:00.498-0500][2.721s] GC(1)   Post Evacuate Collection Set: 1.2ms
[2025-02-05T11:26:00.498-0500][2.721s] GC(1)   Other: 0.2ms
[2025-02-05T11:26:00.498-0500][2.721s] GC(1) Eden regions: 37->0(173)
[2025-02-05T11:26:00.498-0500][2.721s] GC(1) Survivor regions: 4->6(6)
[2025-02-05T11:26:00.498-0500][2.721s] GC(1) Old regions: 1->9
[2025-02-05T11:26:00.498-0500][2.721s] GC(1) Archive regions: 0->0
[2025-02-05T11:26:00.498-0500][2.721s] GC(1) Humongous regions: 4->4
[2025-02-05T11:26:00.498-0500][2.721s] GC(1) Metaspace: 18564K(19008K)->18564K(19008K) NonClass: 16409K(16640K)->16409K(16640K) Class: 2155K(2368K)->2155K(2368K)
[2025-02-05T11:26:00.498-0500][2.721s] GC(1) Pause Young (Normal) (G1 Evacuation Pause) 45M->18M(512M) 20.150ms
[2025-02-05T11:26:00.498-0500][2.721s] GC(1) User=0.05s Sys=0.08s Real=0.02s
[2025-02-05T11:26:01.212-0500][3.433s] GC(2) Pause Young (Concurrent Start) (Metadata GC Threshold)
[2025-02-05T11:26:01.212-0500][3.433s] GC(2) Using 8 workers of 8 for evacuation
[2025-02-05T11:26:01.218-0500][3.439s] GC(2)   Pre Evacuate Collection Set: 0.3ms
[2025-02-05T11:26:01.218-0500][3.439s] GC(2)   Merge Heap Roots: 0.1ms
[2025-02-05T11:26:01.218-0500][3.439s] GC(2)   Evacuate Collection Set: 5.2ms
[2025-02-05T11:26:01.218-0500][3.439s] GC(2)   Post Evacuate Collection Set: 0.5ms
[2025-02-05T11:26:01.218-0500][3.439s] GC(2)   Other: 0.2ms
[2025-02-05T11:26:01.218-0500][3.439s] GC(2) Eden regions: 45->0(296)
[2025-02-05T11:26:01.218-0500][3.440s] GC(2) Survivor regions: 6->11(21)
[2025-02-05T11:26:01.218-0500][3.440s] GC(2) Old regions: 9->9
[2025-02-05T11:26:01.218-0500][3.440s] GC(2) Archive regions: 0->0
[2025-02-05T11:26:01.218-0500][3.440s] GC(2) Humongous regions: 4->4
[2025-02-05T11:26:01.218-0500][3.440s] GC(2) Metaspace: 21078K(21504K)->21078K(21504K) NonClass: 18648K(18880K)->18648K(18880K) Class: 2429K(2624K)->2429K(2624K)
[2025-02-05T11:26:01.218-0500][3.440s] GC(2) Pause Young (Concurrent Start) (Metadata GC Threshold) 63M->23M(512M) 6.707ms
[2025-02-05T11:26:01.218-0500][3.440s] GC(2) User=0.00s Sys=0.00s Real=0.01s
[2025-02-05T11:26:01.218-0500][3.440s] GC(3) Concurrent Mark Cycle
[2025-02-05T11:26:01.218-0500][3.440s] GC(3) Concurrent Clear Claimed Marks
[2025-02-05T11:26:01.218-0500][3.440s] GC(3) Concurrent Clear Claimed Marks 0.034ms
[2025-02-05T11:26:01.218-0500][3.440s] GC(3) Concurrent Scan Root Regions
[2025-02-05T11:26:01.222-0500][3.443s] GC(3) Concurrent Scan Root Regions 3.060ms
[2025-02-05T11:26:01.222-0500][3.443s] GC(3) Concurrent Mark
[2025-02-05T11:26:01.222-0500][3.443s] GC(3) Concurrent Mark From Roots
[2025-02-05T11:26:01.222-0500][3.443s] GC(3) Using 2 workers of 2 for marking
[2025-02-05T11:26:01.233-0500][3.454s] GC(3) Concurrent Mark From Roots 11.260ms
[2025-02-05T11:26:01.233-0500][3.454s] GC(3) Concurrent Preclean
[2025-02-05T11:26:01.233-0500][3.454s] GC(3) Concurrent Preclean 0.060ms
[2025-02-05T11:26:01.233-0500][3.454s] GC(3) Pause Remark
[2025-02-05T11:26:01.235-0500][3.458s] GC(3) Pause Remark 24M->24M(512M) 3.092ms
[2025-02-05T11:26:01.235-0500][3.458s] GC(3) User=0.00s Sys=0.00s Real=0.00s
[2025-02-05T11:26:01.235-0500][3.458s] GC(3) Concurrent Mark 14.900ms
[2025-02-05T11:26:01.235-0500][3.458s] GC(3) Concurrent Rebuild Remembered Sets
[2025-02-05T11:26:01.238-0500][3.462s] GC(3) Concurrent Rebuild Remembered Sets 4.673ms
[2025-02-05T11:26:01.238-0500][3.463s] GC(3) Pause Cleanup
[2025-02-05T11:26:01.238-0500][3.463s] GC(3) Pause Cleanup 24M->24M(512M) 0.139ms
[2025-02-05T11:26:01.238-0500][3.463s] GC(3) User=0.00s Sys=0.00s Real=0.00s
[2025-02-05T11:26:01.238-0500][3.463s] GC(3) Concurrent Cleanup for Next Mark
[2025-02-05T11:26:01.243-0500][3.464s] GC(3) Concurrent Cleanup for Next Mark 0.534ms
[2025-02-05T11:26:01.243-0500][3.464s] GC(3) Concurrent Mark Cycle 24.208ms
[2025-02-05T11:26:04.054-0500][6.276s] GC(4) Pause Young (Concurrent Start) (Metadata GC Threshold)
[2025-02-05T11:26:04.054-0500][6.276s] GC(4) Using 8 workers of 8 for evacuation
[2025-02-05T11:26:04.062-0500][6.286s] GC(4)   Pre Evacuate Collection Set: 0.2ms
[2025-02-05T11:26:04.062-0500][6.286s] GC(4)   Merge Heap Roots: 0.1ms
[2025-02-05T11:26:04.062-0500][6.286s] GC(4)   Evacuate Collection Set: 7.9ms
[2025-02-05T11:26:04.062-0500][6.286s] GC(4)   Post Evacuate Collection Set: 0.9ms
[2025-02-05T11:26:04.062-0500][6.286s] GC(4)   Other: 0.2ms
[2025-02-05T11:26:04.062-0500][6.286s] GC(4) Eden regions: 104->0(290)
[2025-02-05T11:26:04.062-0500][6.286s] GC(4) Survivor regions: 11->17(39)
[2025-02-05T11:26:04.062-0500][6.286s] GC(4) Old regions: 9->9
[2025-02-05T11:26:04.062-0500][6.286s] GC(4) Archive regions: 0->0
[2025-02-05T11:26:04.062-0500][6.286s] GC(4) Humongous regions: 4->4
[2025-02-05T11:26:04.062-0500][6.286s] GC(4) Metaspace: 35541K(35968K)->35541K(35968K) NonClass: 31360K(31552K)->31360K(31552K) Class: 4180K(4416K)->4180K(4416K)
[2025-02-05T11:26:04.062-0500][6.286s] GC(4) Pause Young (Concurrent Start) (Metadata GC Threshold) 127M->29M(512M) 9.593ms
[2025-02-05T11:26:04.066-0500][6.286s] GC(4) User=0.00s Sys=0.00s Real=0.01s
[2025-02-05T11:26:04.066-0500][6.286s] GC(5) Concurrent Mark Cycle
[2025-02-05T11:26:04.066-0500][6.286s] GC(5) Concurrent Clear Claimed Marks
[2025-02-05T11:26:04.066-0500][6.286s] GC(5) Concurrent Clear Claimed Marks 0.051ms
[2025-02-05T11:26:04.066-0500][6.286s] GC(5) Concurrent Scan Root Regions
[2025-02-05T11:26:04.069-0500][6.292s] GC(5) Concurrent Scan Root Regions 6.254ms
[2025-02-05T11:26:04.069-0500][6.292s] GC(5) Concurrent Mark
[2025-02-05T11:26:04.069-0500][6.292s] GC(5) Concurrent Mark From Roots
[2025-02-05T11:26:04.069-0500][6.292s] GC(5) Using 2 workers of 2 for marking
[2025-02-05T11:26:04.084-0500][6.305s] GC(5) Concurrent Mark From Roots 12.645ms
[2025-02-05T11:26:04.084-0500][6.305s] GC(5) Concurrent Preclean
[2025-02-05T11:26:04.084-0500][6.305s] GC(5) Concurrent Preclean 0.079ms
[2025-02-05T11:26:04.084-0500][6.305s] GC(5) Pause Remark
[2025-02-05T11:26:04.084-0500][6.308s] GC(5) Pause Remark 30M->30M(512M) 2.765ms
[2025-02-05T11:26:04.088-0500][6.308s] GC(5) User=0.00s Sys=0.00s Real=0.00s
[2025-02-05T11:26:04.088-0500][6.308s] GC(5) Concurrent Mark 15.891ms
[2025-02-05T11:26:04.088-0500][6.308s] GC(5) Concurrent Rebuild Remembered Sets
[2025-02-05T11:26:04.093-0500][6.314s] GC(5) Concurrent Rebuild Remembered Sets 5.738ms
[2025-02-05T11:26:04.093-0500][6.314s] GC(5) Pause Cleanup
[2025-02-05T11:26:04.093-0500][6.314s] GC(5) Pause Cleanup 30M->30M(512M) 0.157ms
[2025-02-05T11:26:04.093-0500][6.315s] GC(5) User=0.00s Sys=0.00s Real=0.00s
[2025-02-05T11:26:04.093-0500][6.315s] GC(5) Concurrent Cleanup for Next Mark
[2025-02-05T11:26:04.093-0500][6.315s] GC(5) Concurrent Cleanup for Next Mark 0.486ms
[2025-02-05T11:26:04.093-0500][6.315s] GC(5) Concurrent Mark Cycle 29.224ms
[2025-02-05T11:26:08.713-0500][10.944s] GC(6) Pause Young (Normal) (G1 Evacuation Pause)
[2025-02-05T11:26:08.713-0500][10.944s] GC(6) Using 8 workers of 8 for evacuation
[2025-02-05T11:26:08.770-0500][10.991s] GC(6)   Pre Evacuate Collection Set: 0.2ms
[2025-02-05T11:26:08.770-0500][10.992s] GC(6)   Merge Heap Roots: 0.2ms
[2025-02-05T11:26:08.770-0500][10.992s] GC(6)   Evacuate Collection Set: 45.0ms
[2025-02-05T11:26:08.770-0500][10.992s] GC(6)   Post Evacuate Collection Set: 2.0ms
[2025-02-05T11:26:08.770-0500][10.992s] GC(6)   Other: 0.3ms
[2025-02-05T11:26:08.770-0500][10.992s] GC(6) Eden regions: 290->0(264)
[2025-02-05T11:26:08.770-0500][10.992s] GC(6) Survivor regions: 17->39(39)
[2025-02-05T11:26:08.770-0500][10.992s] GC(6) Old regions: 9->15
[2025-02-05T11:26:08.770-0500][10.992s] GC(6) Archive regions: 0->0
[2025-02-05T11:26:08.770-0500][10.992s] GC(6) Humongous regions: 4->4
[2025-02-05T11:26:08.770-0500][10.992s] GC(6) Metaspace: 56862K(57600K)->56862K(57600K) NonClass: 49790K(50176K)->49790K(50176K) Class: 7071K(7424K)->7071K(7424K)
[2025-02-05T11:26:08.770-0500][10.992s] GC(6) Pause Young (Normal) (G1 Evacuation Pause) 319M->57M(512M) 48.161ms
[2025-02-05T11:26:08.770-0500][10.992s] GC(6) User=0.25s Sys=0.06s Real=0.06s
[2025-02-05T11:34:57.867-0500][540.088s] Heap
[2025-02-05T11:34:57.867-0500][540.088s]  garbage-first heap   total 524288K, used 131679K [0x00000000e0000000, 0x0000000100000000)
[2025-02-05T11:34:57.867-0500][540.088s]   region size 1024K, 111 young (113664K), 39 survivors (39936K)
[2025-02-05T11:34:57.867-0500][540.088s]  Metaspace       used 59125K, committed 59904K, reserved 1114112K
[2025-02-05T11:34:57.867-0500][540.088s]   class space    used 7337K, committed 7680K, reserved 1048576K
[2025-02-05T11:35:04.184-0500][0.031s] CardTable entry size: 512
[2025-02-05T11:35:04.184-0500][0.032s] Using G1
[2025-02-05T11:35:04.306-0500][0.152s] Version: 18.0.1+10-24 (release)
[2025-02-05T11:35:04.306-0500][0.152s] CPUs: 8 total, 8 available
[2025-02-05T11:35:04.306-0500][0.152s] Memory: 7992M
[2025-02-05T11:35:04.306-0500][0.152s] Large Page Support: Disabled
[2025-02-05T11:35:04.306-0500][0.152s] NUMA Support: Disabled
[2025-02-05T11:35:04.306-0500][0.152s] Compressed Oops: Enabled (32-bit)
[2025-02-05T11:35:04.306-0500][0.152s] Heap Region Size: 1M
[2025-02-05T11:35:04.306-0500][0.152s] Heap Min Capacity: 512M
[2025-02-05T11:35:04.306-0500][0.152s] Heap Initial Capacity: 512M
[2025-02-05T11:35:04.306-0500][0.152s] Heap Max Capacity: 512M
[2025-02-05T11:35:04.306-0500][0.152s] Pre-touch: Enabled
[2025-02-05T11:35:04.306-0500][0.152s] Parallel Workers: 8
[2025-02-05T11:35:04.306-0500][0.152s] Concurrent Workers: 2
[2025-02-05T11:35:04.306-0500][0.152s] Concurrent Refinement Workers: 8
[2025-02-05T11:35:04.306-0500][0.152s] Periodic GC: Disabled
[2025-02-05T11:35:04.306-0500][0.153s] CDS archive(s) mapped at: [0x0000000800000000-0x0000000800b90000-0x0000000800b90000), size 12124160, SharedBaseAddress: 0x0000000800000000, ArchiveRelocationMode: 0.
[2025-02-05T11:35:04.306-0500][0.153s] Compressed class space mapped at: 0x0000000800c00000-0x0000000840c00000, reserved size: 1073741824
[2025-02-05T11:35:04.306-0500][0.153s] Narrow klass base: 0x0000000800000000, Narrow klass shift: 0, Narrow klass range: 0x100000000
[2025-02-05T11:35:05.580-0500][1.425s] GC(0) Pause Young (Normal) (G1 Evacuation Pause)
[2025-02-05T11:35:05.580-0500][1.425s] GC(0) Using 8 workers of 8 for evacuation
[2025-02-05T11:35:05.587-0500][1.431s] GC(0)   Pre Evacuate Collection Set: 0.1ms
[2025-02-05T11:35:05.587-0500][1.431s] GC(0)   Merge Heap Roots: 0.1ms
[2025-02-05T11:35:05.587-0500][1.431s] GC(0)   Evacuate Collection Set: 4.5ms
[2025-02-05T11:35:05.587-0500][1.431s] GC(0)   Post Evacuate Collection Set: 0.7ms
[2025-02-05T11:35:05.587-0500][1.431s] GC(0)   Other: 0.5ms
[2025-02-05T11:35:05.587-0500][1.431s] GC(0) Eden regions: 29->0(40)
[2025-02-05T11:35:05.588-0500][1.431s] GC(0) Survivor regions: 0->4(4)
[2025-02-05T11:35:05.588-0500][1.431s] GC(0) Old regions: 0->1
[2025-02-05T11:35:05.588-0500][1.431s] GC(0) Archive regions: 0->0
[2025-02-05T11:35:05.588-0500][1.431s] GC(0) Humongous regions: 0->0
[2025-02-05T11:35:05.588-0500][1.431s] GC(0) Metaspace: 10020K(10304K)->10020K(10304K) NonClass: 8870K(9024K)->8870K(9024K) Class: 1150K(1280K)->1150K(1280K)
[2025-02-05T11:35:05.588-0500][1.431s] GC(0) Pause Young (Normal) (G1 Evacuation Pause) 29M->4M(512M) 6.457ms
[2025-02-05T11:35:05.588-0500][1.431s] GC(0) User=0.00s Sys=0.00s Real=0.01s
[2025-02-05T11:35:06.566-0500][2.410s] GC(1) Pause Young (Normal) (G1 Evacuation Pause)
[2025-02-05T11:35:06.566-0500][2.410s] GC(1) Using 8 workers of 8 for evacuation
[2025-02-05T11:35:06.578-0500][2.421s] GC(1)   Pre Evacuate Collection Set: 0.1ms
[2025-02-05T11:35:06.578-0500][2.421s] GC(1)   Merge Heap Roots: 0.3ms
[2025-02-05T11:35:06.578-0500][2.421s] GC(1)   Evacuate Collection Set: 9.4ms
[2025-02-05T11:35:06.578-0500][2.421s] GC(1)   Post Evacuate Collection Set: 0.9ms
[2025-02-05T11:35:06.578-0500][2.421s] GC(1)   Other: 0.1ms
[2025-02-05T11:35:06.578-0500][2.421s] GC(1) Eden regions: 37->0(170)
[2025-02-05T11:35:06.578-0500][2.421s] GC(1) Survivor regions: 4->6(6)
[2025-02-05T11:35:06.578-0500][2.421s] GC(1) Old regions: 1->9
[2025-02-05T11:35:06.578-0500][2.421s] GC(1) Archive regions: 0->0
[2025-02-05T11:35:06.578-0500][2.421s] GC(1) Humongous regions: 4->4
[2025-02-05T11:35:06.578-0500][2.421s] GC(1) Metaspace: 18541K(18944K)->18541K(18944K) NonClass: 16386K(16576K)->16386K(16576K) Class: 2155K(2368K)->2155K(2368K)
[2025-02-05T11:35:06.578-0500][2.421s] GC(1) Pause Young (Normal) (G1 Evacuation Pause) 45M->18M(512M) 11.130ms
[2025-02-05T11:35:06.578-0500][2.421s] GC(1) User=0.00s Sys=0.00s Real=0.01s
[2025-02-05T11:35:07.261-0500][3.104s] GC(2) Pause Young (Concurrent Start) (Metadata GC Threshold)
[2025-02-05T11:35:07.261-0500][3.104s] GC(2) Using 8 workers of 8 for evacuation
[2025-02-05T11:35:07.266-0500][3.110s] GC(2)   Pre Evacuate Collection Set: 0.2ms
[2025-02-05T11:35:07.266-0500][3.110s] GC(2)   Merge Heap Roots: 0.1ms
[2025-02-05T11:35:07.266-0500][3.110s] GC(2)   Evacuate Collection Set: 4.8ms
[2025-02-05T11:35:07.266-0500][3.110s] GC(2)   Post Evacuate Collection Set: 0.6ms
[2025-02-05T11:35:07.266-0500][3.110s] GC(2)   Other: 0.2ms
[2025-02-05T11:35:07.266-0500][3.110s] GC(2) Eden regions: 45->0(296)
[2025-02-05T11:35:07.266-0500][3.110s] GC(2) Survivor regions: 6->11(22)
[2025-02-05T11:35:07.266-0500][3.110s] GC(2) Old regions: 9->9
[2025-02-05T11:35:07.266-0500][3.110s] GC(2) Archive regions: 0->0
[2025-02-05T11:35:07.266-0500][3.110s] GC(2) Humongous regions: 4->4
[2025-02-05T11:35:07.266-0500][3.110s] GC(2) Metaspace: 21136K(21504K)->21136K(21504K) NonClass: 18696K(18880K)->18696K(18880K) Class: 2440K(2624K)->2440K(2624K)
[2025-02-05T11:35:07.267-0500][3.110s] GC(2) Pause Young (Concurrent Start) (Metadata GC Threshold) 63M->23M(512M) 6.348ms
[2025-02-05T11:35:07.267-0500][3.110s] GC(2) User=0.00s Sys=0.00s Real=0.01s
[2025-02-05T11:35:07.267-0500][3.110s] GC(3) Concurrent Mark Cycle
[2025-02-05T11:35:07.267-0500][3.110s] GC(3) Concurrent Clear Claimed Marks
[2025-02-05T11:35:07.267-0500][3.110s] GC(3) Concurrent Clear Claimed Marks 0.041ms
[2025-02-05T11:35:07.267-0500][3.110s] GC(3) Concurrent Scan Root Regions
[2025-02-05T11:35:07.269-0500][3.113s] GC(3) Concurrent Scan Root Regions 3.277ms
[2025-02-05T11:35:07.269-0500][3.113s] GC(3) Concurrent Mark
[2025-02-05T11:35:07.269-0500][3.113s] GC(3) Concurrent Mark From Roots
[2025-02-05T11:35:07.269-0500][3.113s] GC(3) Using 2 workers of 2 for marking
[2025-02-05T11:35:07.280-0500][3.123s] GC(3) Concurrent Mark From Roots 9.460ms
[2025-02-05T11:35:07.280-0500][3.123s] GC(3) Concurrent Preclean
[2025-02-05T11:35:07.280-0500][3.123s] GC(3) Concurrent Preclean 0.045ms
[2025-02-05T11:35:07.280-0500][3.123s] GC(3) Pause Remark
[2025-02-05T11:35:07.282-0500][3.125s] GC(3) Pause Remark 24M->24M(512M) 2.277ms
[2025-02-05T11:35:07.282-0500][3.126s] GC(3) User=0.00s Sys=0.00s Real=0.00s
[2025-02-05T11:35:07.282-0500][3.126s] GC(3) Concurrent Mark 12.230ms
[2025-02-05T11:35:07.282-0500][3.126s] GC(3) Concurrent Rebuild Remembered Sets
[2025-02-05T11:35:07.284-0500][3.131s] GC(3) Concurrent Rebuild Remembered Sets 5.687ms
[2025-02-05T11:35:07.284-0500][3.132s] GC(3) Pause Cleanup
[2025-02-05T11:35:07.284-0500][3.132s] GC(3) Pause Cleanup 24M->24M(512M) 0.152ms
[2025-02-05T11:35:07.284-0500][3.132s] GC(3) User=0.00s Sys=0.00s Real=0.00s
[2025-02-05T11:35:07.284-0500][3.132s] GC(3) Concurrent Cleanup for Next Mark
[2025-02-05T11:35:07.284-0500][3.132s] GC(3) Concurrent Cleanup for Next Mark 0.640ms
[2025-02-05T11:35:07.284-0500][3.133s] GC(3) Concurrent Mark Cycle 22.613ms
[2025-02-05T11:35:10.183-0500][6.027s] GC(4) Pause Young (Concurrent Start) (Metadata GC Threshold)
[2025-02-05T11:35:10.183-0500][6.027s] GC(4) Using 8 workers of 8 for evacuation
[2025-02-05T11:35:10.193-0500][6.036s] GC(4)   Pre Evacuate Collection Set: 0.2ms
[2025-02-05T11:35:10.193-0500][6.036s] GC(4)   Merge Heap Roots: 0.2ms
[2025-02-05T11:35:10.193-0500][6.036s] GC(4)   Evacuate Collection Set: 7.8ms
[2025-02-05T11:35:10.193-0500][6.036s] GC(4)   Post Evacuate Collection Set: 0.8ms
[2025-02-05T11:35:10.193-0500][6.036s] GC(4)   Other: 0.2ms
[2025-02-05T11:35:10.193-0500][6.036s] GC(4) Eden regions: 100->0(291)
[2025-02-05T11:35:10.193-0500][6.036s] GC(4) Survivor regions: 11->16(39)
[2025-02-05T11:35:10.193-0500][6.036s] GC(4) Old regions: 9->9
[2025-02-05T11:35:10.193-0500][6.036s] GC(4) Archive regions: 0->0
[2025-02-05T11:35:10.193-0500][6.036s] GC(4) Humongous regions: 4->4
[2025-02-05T11:35:10.193-0500][6.036s] GC(4) Metaspace: 35688K(36160K)->35688K(36160K) NonClass: 31478K(31744K)->31478K(31744K) Class: 4209K(4416K)->4209K(4416K)
[2025-02-05T11:35:10.193-0500][6.036s] GC(4) Pause Young (Concurrent Start) (Metadata GC Threshold) 122M->28M(512M) 9.458ms
[2025-02-05T11:35:10.193-0500][6.036s] GC(4) User=0.11s Sys=0.02s Real=0.01s
[2025-02-05T11:35:10.193-0500][6.036s] GC(5) Concurrent Mark Cycle
[2025-02-05T11:35:10.193-0500][6.036s] GC(5) Concurrent Clear Claimed Marks
[2025-02-05T11:35:10.193-0500][6.036s] GC(5) Concurrent Clear Claimed Marks 0.041ms
[2025-02-05T11:35:10.193-0500][6.036s] GC(5) Concurrent Scan Root Regions
[2025-02-05T11:35:10.200-0500][6.042s] GC(5) Concurrent Scan Root Regions 6.052ms
[2025-02-05T11:35:10.200-0500][6.042s] GC(5) Concurrent Mark
[2025-02-05T11:35:10.200-0500][6.043s] GC(5) Concurrent Mark From Roots
[2025-02-05T11:35:10.200-0500][6.043s] GC(5) Using 2 workers of 2 for marking
[2025-02-05T11:35:10.209-0500][6.055s] GC(5) Concurrent Mark From Roots 12.493ms
[2025-02-05T11:35:10.209-0500][6.055s] GC(5) Concurrent Preclean
[2025-02-05T11:35:10.209-0500][6.055s] GC(5) Concurrent Preclean 0.057ms
[2025-02-05T11:35:10.213-0500][6.055s] GC(5) Pause Remark
[2025-02-05T11:35:10.215-0500][6.058s] GC(5) Pause Remark 29M->29M(512M) 2.392ms
[2025-02-05T11:35:10.215-0500][6.058s] GC(5) User=0.00s Sys=0.00s Real=0.00s
[2025-02-05T11:35:10.215-0500][6.058s] GC(5) Concurrent Mark 15.319ms
[2025-02-05T11:35:10.215-0500][6.058s] GC(5) Concurrent Rebuild Remembered Sets
[2025-02-05T11:35:10.219-0500][6.063s] GC(5) Concurrent Rebuild Remembered Sets 5.297ms
[2025-02-05T11:35:10.219-0500][6.063s] GC(5) Pause Cleanup
[2025-02-05T11:35:10.219-0500][6.063s] GC(5) Pause Cleanup 29M->29M(512M) 0.136ms
[2025-02-05T11:35:10.219-0500][6.063s] GC(5) User=0.00s Sys=0.00s Real=0.00s
[2025-02-05T11:35:10.219-0500][6.064s] GC(5) Concurrent Cleanup for Next Mark
[2025-02-05T11:35:10.219-0500][6.064s] GC(5) Concurrent Cleanup for Next Mark 0.489ms
[2025-02-05T11:35:10.219-0500][6.064s] GC(5) Concurrent Mark Cycle 27.826ms
[2025-02-05T11:35:14.573-0500][10.429s] GC(6) Pause Young (Normal) (G1 Evacuation Pause)
[2025-02-05T11:35:14.573-0500][10.429s] GC(6) Using 8 workers of 8 for evacuation
[2025-02-05T11:35:14.629-0500][10.474s] GC(6)   Pre Evacuate Collection Set: 0.2ms
[2025-02-05T11:35:14.629-0500][10.474s] GC(6)   Merge Heap Roots: 0.2ms
[2025-02-05T11:35:14.629-0500][10.474s] GC(6)   Evacuate Collection Set: 41.8ms
[2025-02-05T11:35:14.629-0500][10.474s] GC(6)   Post Evacuate Collection Set: 2.1ms
[2025-02-05T11:35:14.629-0500][10.474s] GC(6)   Other: 0.4ms
[2025-02-05T11:35:14.629-0500][10.474s] GC(6) Eden regions: 291->0(268)
[2025-02-05T11:35:14.629-0500][10.474s] GC(6) Survivor regions: 16->39(39)
[2025-02-05T11:35:14.629-0500][10.474s] GC(6) Old regions: 9->15
[2025-02-05T11:35:14.629-0500][10.474s] GC(6) Archive regions: 0->0
[2025-02-05T11:35:14.629-0500][10.474s] GC(6) Humongous regions: 4->4
[2025-02-05T11:35:14.629-0500][10.474s] GC(6) Metaspace: 56852K(57664K)->56852K(57664K) NonClass: 49763K(50176K)->49763K(50176K) Class: 7088K(7488K)->7088K(7488K)
[2025-02-05T11:35:14.629-0500][10.474s] GC(6) Pause Young (Normal) (G1 Evacuation Pause) 319M->57M(512M) 45.267ms
[2025-02-05T11:35:14.629-0500][10.474s] GC(6) User=0.27s Sys=0.09s Real=0.06s
[2025-02-05T11:43:50.143-0500][525.990s] Heap
[2025-02-05T11:43:50.143-0500][525.990s]  garbage-first heap   total 524288K, used 132523K [0x00000000e0000000, 0x0000000100000000)
[2025-02-05T11:43:50.143-0500][525.990s]   region size 1024K, 112 young (114688K), 39 survivors (39936K)
[2025-02-05T11:43:50.143-0500][525.990s]  Metaspace       used 59060K, committed 59840K, reserved 1114112K
[2025-02-05T11:43:50.143-0500][525.990s]   class space    used 7350K, committed 7680K, reserved 1048576K
[2025-02-05T11:43:55.426-0500][0.040s] CardTable entry size: 512
[2025-02-05T11:43:55.427-0500][0.041s] Using G1
[2025-02-05T11:43:55.560-0500][0.179s] Version: 18.0.1+10-24 (release)
[2025-02-05T11:43:55.560-0500][0.179s] CPUs: 8 total, 8 available
[2025-02-05T11:43:55.560-0500][0.179s] Memory: 7992M
[2025-02-05T11:43:55.560-0500][0.179s] Large Page Support: Disabled
[2025-02-05T11:43:55.560-0500][0.179s] NUMA Support: Disabled
[2025-02-05T11:43:55.560-0500][0.179s] Compressed Oops: Enabled (32-bit)
[2025-02-05T11:43:55.560-0500][0.179s] Heap Region Size: 1M
[2025-02-05T11:43:55.560-0500][0.179s] Heap Min Capacity: 512M
[2025-02-05T11:43:55.560-0500][0.179s] Heap Initial Capacity: 512M
[2025-02-05T11:43:55.560-0500][0.179s] Heap Max Capacity: 512M
[2025-02-05T11:43:55.560-0500][0.179s] Pre-touch: Enabled
[2025-02-05T11:43:55.560-0500][0.179s] Parallel Workers: 8
[2025-02-05T11:43:55.560-0500][0.179s] Concurrent Workers: 2
[2025-02-05T11:43:55.560-0500][0.179s] Concurrent Refinement Workers: 8
[2025-02-05T11:43:55.560-0500][0.179s] Periodic GC: Disabled
[2025-02-05T11:43:55.560-0500][0.180s] CDS archive(s) mapped at: [0x0000000800000000-0x0000000800b90000-0x0000000800b90000), size 12124160, SharedBaseAddress: 0x0000000800000000, ArchiveRelocationMode: 0.
[2025-02-05T11:43:55.560-0500][0.181s] Compressed class space mapped at: 0x0000000800c00000-0x0000000840c00000, reserved size: 1073741824
[2025-02-05T11:43:55.560-0500][0.181s] Narrow klass base: 0x0000000800000000, Narrow klass shift: 0, Narrow klass range: 0x100000000
[2025-02-05T11:43:56.774-0500][1.387s] GC(0) Pause Young (Normal) (G1 Evacuation Pause)
[2025-02-05T11:43:56.774-0500][1.387s] GC(0) Using 8 workers of 8 for evacuation
[2025-02-05T11:43:56.778-0500][1.392s] GC(0)   Pre Evacuate Collection Set: 0.1ms
[2025-02-05T11:43:56.778-0500][1.392s] GC(0)   Merge Heap Roots: 0.1ms
[2025-02-05T11:43:56.778-0500][1.392s] GC(0)   Evacuate Collection Set: 4.2ms
[2025-02-05T11:43:56.778-0500][1.392s] GC(0)   Post Evacuate Collection Set: 0.6ms
[2025-02-05T11:43:56.778-0500][1.392s] GC(0)   Other: 0.5ms
[2025-02-05T11:43:56.778-0500][1.392s] GC(0) Eden regions: 29->0(40)
[2025-02-05T11:43:56.778-0500][1.392s] GC(0) Survivor regions: 0->4(4)
[2025-02-05T11:43:56.778-0500][1.392s] GC(0) Old regions: 0->1
[2025-02-05T11:43:56.778-0500][1.392s] GC(0) Archive regions: 0->0
[2025-02-05T11:43:56.778-0500][1.393s] GC(0) Humongous regions: 0->0
[2025-02-05T11:43:56.778-0500][1.393s] GC(0) Metaspace: 10024K(10304K)->10024K(10304K) NonClass: 8874K(9024K)->8874K(9024K) Class: 1150K(1280K)->1150K(1280K)
[2025-02-05T11:43:56.778-0500][1.393s] GC(0) Pause Young (Normal) (G1 Evacuation Pause) 29M->4M(512M) 6.075ms
[2025-02-05T11:43:56.778-0500][1.393s] GC(0) User=0.00s Sys=0.00s Real=0.00s
[2025-02-05T11:43:58.421-0500][3.035s] GC(1) Pause Young (Normal) (G1 Evacuation Pause)
[2025-02-05T11:43:58.421-0500][3.035s] GC(1) Using 8 workers of 8 for evacuation
[2025-02-05T11:43:58.431-0500][3.046s] GC(1)   Pre Evacuate Collection Set: 0.2ms
[2025-02-05T11:43:58.431-0500][3.046s] GC(1)   Merge Heap Roots: 0.1ms
[2025-02-05T11:43:58.431-0500][3.046s] GC(1)   Evacuate Collection Set: 9.1ms
[2025-02-05T11:43:58.431-0500][3.046s] GC(1)   Post Evacuate Collection Set: 1.3ms
[2025-02-05T11:43:58.431-0500][3.046s] GC(1)   Other: 0.1ms
[2025-02-05T11:43:58.431-0500][3.046s] GC(1) Eden regions: 37->0(183)
[2025-02-05T11:43:58.431-0500][3.046s] GC(1) Survivor regions: 4->6(6)
[2025-02-05T11:43:58.431-0500][3.046s] GC(1) Old regions: 1->9
[2025-02-05T11:43:58.431-0500][3.046s] GC(1) Archive regions: 0->0
[2025-02-05T11:43:58.431-0500][3.046s] GC(1) Humongous regions: 4->4
[2025-02-05T11:43:58.431-0500][3.046s] GC(1) Metaspace: 18524K(18944K)->18524K(18944K) NonClass: 16368K(16576K)->16368K(16576K) Class: 2155K(2368K)->2155K(2368K)
[2025-02-05T11:43:58.431-0500][3.046s] GC(1) Pause Young (Normal) (G1 Evacuation Pause) 45M->18M(512M) 11.071ms
[2025-02-05T11:43:58.431-0500][3.046s] GC(1) User=0.09s Sys=0.03s Real=0.01s
[2025-02-05T11:43:59.187-0500][3.800s] GC(2) Pause Young (Concurrent Start) (Metadata GC Threshold)
[2025-02-05T11:43:59.187-0500][3.800s] GC(2) Using 8 workers of 8 for evacuation
[2025-02-05T11:43:59.190-0500][3.806s] GC(2)   Pre Evacuate Collection Set: 0.2ms
[2025-02-05T11:43:59.190-0500][3.806s] GC(2)   Merge Heap Roots: 0.1ms
[2025-02-05T11:43:59.190-0500][3.806s] GC(2)   Evacuate Collection Set: 5.0ms
[2025-02-05T11:43:59.190-0500][3.806s] GC(2)   Post Evacuate Collection Set: 0.6ms
[2025-02-05T11:43:59.190-0500][3.806s] GC(2)   Other: 0.1ms
[2025-02-05T11:43:59.190-0500][3.806s] GC(2) Eden regions: 46->0(296)
[2025-02-05T11:43:59.190-0500][3.806s] GC(2) Survivor regions: 6->11(23)
[2025-02-05T11:43:59.190-0500][3.806s] GC(2) Old regions: 9->9
[2025-02-05T11:43:59.190-0500][3.806s] GC(2) Archive regions: 0->0
[2025-02-05T11:43:59.190-0500][3.806s] GC(2) Humongous regions: 4->4
[2025-02-05T11:43:59.190-0500][3.806s] GC(2) Metaspace: 21105K(21504K)->21105K(21504K) NonClass: 18667K(18880K)->18667K(18880K) Class: 2437K(2624K)->2437K(2624K)
[2025-02-05T11:43:59.190-0500][3.806s] GC(2) Pause Young (Concurrent Start) (Metadata GC Threshold) 64M->23M(512M) 6.236ms
[2025-02-05T11:43:59.190-0500][3.806s] GC(2) User=0.09s Sys=0.03s Real=0.00s
[2025-02-05T11:43:59.190-0500][3.806s] GC(3) Concurrent Mark Cycle
[2025-02-05T11:43:59.190-0500][3.806s] GC(3) Concurrent Clear Claimed Marks
[2025-02-05T11:43:59.190-0500][3.806s] GC(3) Concurrent Clear Claimed Marks 0.048ms
[2025-02-05T11:43:59.190-0500][3.806s] GC(3) Concurrent Scan Root Regions
[2025-02-05T11:43:59.196-0500][3.809s] GC(3) Concurrent Scan Root Regions 2.512ms
[2025-02-05T11:43:59.196-0500][3.809s] GC(3) Concurrent Mark
[2025-02-05T11:43:59.196-0500][3.809s] GC(3) Concurrent Mark From Roots
[2025-02-05T11:43:59.196-0500][3.809s] GC(3) Using 2 workers of 2 for marking
[2025-02-05T11:43:59.204-0500][3.817s] GC(3) Concurrent Mark From Roots 8.339ms
[2025-02-05T11:43:59.204-0500][3.817s] GC(3) Concurrent Preclean
[2025-02-05T11:43:59.204-0500][3.817s] GC(3) Concurrent Preclean 0.038ms
[2025-02-05T11:43:59.204-0500][3.818s] GC(3) Pause Remark
[2025-02-05T11:43:59.206-0500][3.819s] GC(3) Pause Remark 24M->24M(512M) 1.591ms
[2025-02-05T11:43:59.206-0500][3.819s] GC(3) User=0.00s Sys=0.00s Real=0.00s
[2025-02-05T11:43:59.206-0500][3.819s] GC(3) Concurrent Mark 10.411ms
[2025-02-05T11:43:59.206-0500][3.819s] GC(3) Concurrent Rebuild Remembered Sets
[2025-02-05T11:43:59.207-0500][3.823s] GC(3) Concurrent Rebuild Remembered Sets 4.068ms
[2025-02-05T11:43:59.207-0500][3.824s] GC(3) Pause Cleanup
[2025-02-05T11:43:59.207-0500][3.824s] GC(3) Pause Cleanup 24M->24M(512M) 0.179ms
[2025-02-05T11:43:59.207-0500][3.824s] GC(3) User=0.00s Sys=0.00s Real=0.00s
[2025-02-05T11:43:59.207-0500][3.824s] GC(3) Concurrent Cleanup for Next Mark
[2025-02-05T11:43:59.211-0500][3.824s] GC(3) Concurrent Cleanup for Next Mark 0.363ms
[2025-02-05T11:43:59.211-0500][3.824s] GC(3) Concurrent Mark Cycle 18.263ms
[2025-02-05T11:44:01.571-0500][6.186s] GC(4) Pause Young (Concurrent Start) (Metadata GC Threshold)
[2025-02-05T11:44:01.571-0500][6.186s] GC(4) Using 8 workers of 8 for evacuation
[2025-02-05T11:44:01.580-0500][6.195s] GC(4)   Pre Evacuate Collection Set: 0.1ms
[2025-02-05T11:44:01.580-0500][6.195s] GC(4)   Merge Heap Roots: 0.1ms
[2025-02-05T11:44:01.580-0500][6.195s] GC(4)   Evacuate Collection Set: 7.2ms
[2025-02-05T11:44:01.580-0500][6.195s] GC(4)   Post Evacuate Collection Set: 1.5ms
[2025-02-05T11:44:01.580-0500][6.195s] GC(4)   Other: 0.1ms
[2025-02-05T11:44:01.580-0500][6.195s] GC(4) Eden regions: 99->0(290)
[2025-02-05T11:44:01.580-0500][6.195s] GC(4) Survivor regions: 11->17(39)
[2025-02-05T11:44:01.580-0500][6.195s] GC(4) Old regions: 9->9
[2025-02-05T11:44:01.580-0500][6.195s] GC(4) Archive regions: 0->0
[2025-02-05T11:44:01.580-0500][6.195s] GC(4) Humongous regions: 4->4
[2025-02-05T11:44:01.580-0500][6.195s] GC(4) Metaspace: 35715K(36160K)->35715K(36160K) NonClass: 31495K(31680K)->31495K(31680K) Class: 4220K(4480K)->4220K(4480K)
[2025-02-05T11:44:01.580-0500][6.195s] GC(4) Pause Young (Concurrent Start) (Metadata GC Threshold) 122M->29M(512M) 9.471ms
[2025-02-05T11:44:01.580-0500][6.195s] GC(4) User=0.03s Sys=0.00s Real=0.01s
[2025-02-05T11:44:01.580-0500][6.195s] GC(5) Concurrent Mark Cycle
[2025-02-05T11:44:01.580-0500][6.196s] GC(5) Concurrent Clear Claimed Marks
[2025-02-05T11:44:01.580-0500][6.196s] GC(5) Concurrent Clear Claimed Marks 0.083ms
[2025-02-05T11:44:01.580-0500][6.196s] GC(5) Concurrent Scan Root Regions
[2025-02-05T11:44:01.588-0500][6.201s] GC(5) Concurrent Scan Root Regions 5.633ms
[2025-02-05T11:44:01.588-0500][6.201s] GC(5) Concurrent Mark
[2025-02-05T11:44:01.588-0500][6.201s] GC(5) Concurrent Mark From Roots
[2025-02-05T11:44:01.588-0500][6.201s] GC(5) Using 2 workers of 2 for marking
[2025-02-05T11:44:01.604-0500][6.217s] GC(5) Concurrent Mark From Roots 15.779ms
[2025-02-05T11:44:01.604-0500][6.217s] GC(5) Concurrent Preclean
[2025-02-05T11:44:01.604-0500][6.217s] GC(5) Concurrent Preclean 0.053ms
[2025-02-05T11:44:01.604-0500][6.217s] GC(5) Pause Remark
[2025-02-05T11:44:01.605-0500][6.221s] GC(5) Pause Remark 30M->30M(512M) 3.308ms
[2025-02-05T11:44:01.605-0500][6.221s] GC(5) User=0.00s Sys=0.00s Real=0.00s
[2025-02-05T11:44:01.605-0500][6.221s] GC(5) Concurrent Mark 19.468ms
[2025-02-05T11:44:01.605-0500][6.221s] GC(5) Concurrent Rebuild Remembered Sets
[2025-02-05T11:44:01.613-0500][6.226s] GC(5) Concurrent Rebuild Remembered Sets 5.614ms
[2025-02-05T11:44:01.613-0500][6.227s] GC(5) Pause Cleanup
[2025-02-05T11:44:01.613-0500][6.227s] GC(5) Pause Cleanup 31M->31M(512M) 0.133ms
[2025-02-05T11:44:01.613-0500][6.227s] GC(5) User=0.00s Sys=0.00s Real=0.00s
[2025-02-05T11:44:01.613-0500][6.227s] GC(5) Concurrent Cleanup for Next Mark
[2025-02-05T11:44:01.613-0500][6.227s] GC(5) Concurrent Cleanup for Next Mark 0.512ms
[2025-02-05T11:44:01.613-0500][6.228s] GC(5) Concurrent Mark Cycle 32.046ms
[2025-02-05T11:44:06.249-0500][10.862s] GC(6) Pause Young (Normal) (G1 Evacuation Pause)
[2025-02-05T11:44:06.249-0500][10.863s] GC(6) Using 8 workers of 8 for evacuation
[2025-02-05T11:44:06.293-0500][10.908s] GC(6)   Pre Evacuate Collection Set: 0.2ms
[2025-02-05T11:44:06.293-0500][10.908s] GC(6)   Merge Heap Roots: 0.2ms
[2025-02-05T11:44:06.293-0500][10.908s] GC(6)   Evacuate Collection Set: 42.8ms
[2025-02-05T11:44:06.293-0500][10.908s] GC(6)   Post Evacuate Collection Set: 2.2ms
[2025-02-05T11:44:06.293-0500][10.909s] GC(6)   Other: 0.4ms
[2025-02-05T11:44:06.293-0500][10.909s] GC(6) Eden regions: 290->0(260)
[2025-02-05T11:44:06.293-0500][10.909s] GC(6) Survivor regions: 17->39(39)
[2025-02-05T11:44:06.293-0500][10.909s] GC(6) Old regions: 9->15
[2025-02-05T11:44:06.293-0500][10.909s] GC(6) Archive regions: 0->0
[2025-02-05T11:44:06.293-0500][10.909s] GC(6) Humongous regions: 4->4
[2025-02-05T11:44:06.293-0500][10.909s] GC(6) Metaspace: 56728K(57472K)->56728K(57472K) NonClass: 49647K(50048K)->49647K(50048K) Class: 7081K(7424K)->7081K(7424K)
[2025-02-05T11:44:06.293-0500][10.909s] GC(6) Pause Young (Normal) (G1 Evacuation Pause) 319M->57M(512M) 46.550ms
[2025-02-05T11:44:06.293-0500][10.909s] GC(6) User=0.34s Sys=0.02s Real=0.04s
[2025-02-05T11:47:38.578-0500][223.191s] GC(7) Pause Young (Concurrent Start) (Metadata GC Threshold)
[2025-02-05T11:47:38.578-0500][223.192s] GC(7) Using 8 workers of 8 for evacuation
[2025-02-05T11:47:38.669-0500][223.283s] GC(7)   Pre Evacuate Collection Set: 0.8ms
[2025-02-05T11:47:38.669-0500][223.283s] GC(7)   Merge Heap Roots: 0.6ms
[2025-02-05T11:47:38.669-0500][223.283s] GC(7)   Evacuate Collection Set: 86.7ms
[2025-02-05T11:47:38.669-0500][223.283s] GC(7)   Post Evacuate Collection Set: 2.1ms
[2025-02-05T11:47:38.669-0500][223.283s] GC(7)   Other: 0.7ms
[2025-02-05T11:47:38.669-0500][223.283s] GC(7) Eden regions: 45->0(263)
[2025-02-05T11:47:38.669-0500][223.283s] GC(7) Survivor regions: 39->6(33)
[2025-02-05T11:47:38.669-0500][223.283s] GC(7) Old regions: 15->54
[2025-02-05T11:47:38.669-0500][223.283s] GC(7) Archive regions: 0->0
[2025-02-05T11:47:38.669-0500][223.283s] GC(7) Humongous regions: 4->4
[2025-02-05T11:47:38.669-0500][223.283s] GC(7) Metaspace: 59687K(60480K)->59687K(60480K) NonClass: 52249K(52672K)->52249K(52672K) Class: 7437K(7808K)->7437K(7808K)
[2025-02-05T11:47:38.669-0500][223.284s] GC(7) Pause Young (Concurrent Start) (Metadata GC Threshold) 101M->63M(512M) 92.149ms
[2025-02-05T11:47:38.669-0500][223.284s] GC(7) User=0.69s Sys=0.00s Real=0.09s
[2025-02-05T11:47:38.669-0500][223.284s] GC(8) Concurrent Mark Cycle
[2025-02-05T11:47:38.669-0500][223.284s] GC(8) Concurrent Clear Claimed Marks
[2025-02-05T11:47:38.669-0500][223.284s] GC(8) Concurrent Clear Claimed Marks 0.168ms
[2025-02-05T11:47:38.669-0500][223.284s] GC(8) Concurrent Scan Root Regions
[2025-02-05T11:47:38.694-0500][223.309s] GC(8) Concurrent Scan Root Regions 25.436ms
[2025-02-05T11:47:38.694-0500][223.310s] GC(8) Concurrent Mark
[2025-02-05T11:47:38.694-0500][223.310s] GC(8) Concurrent Mark From Roots
[2025-02-05T11:47:38.694-0500][223.310s] GC(8) Using 2 workers of 2 for marking
[2025-02-05T11:47:38.723-0500][223.341s] GC(8) Concurrent Mark From Roots 31.739ms
[2025-02-05T11:47:38.723-0500][223.341s] GC(8) Concurrent Preclean
[2025-02-05T11:47:38.723-0500][223.342s] GC(8) Concurrent Preclean 0.085ms
[2025-02-05T11:47:38.749-0500][223.362s] GC(8) Pause Remark
[2025-02-05T11:47:38.754-0500][223.368s] GC(8) Pause Remark 64M->64M(512M) 6.341ms
[2025-02-05T11:47:38.754-0500][223.368s] GC(8) User=0.06s Sys=0.00s Real=0.00s
[2025-02-05T11:47:38.754-0500][223.369s] GC(8) Concurrent Mark 58.955ms
[2025-02-05T11:47:38.754-0500][223.369s] GC(8) Concurrent Rebuild Remembered Sets
[2025-02-05T11:47:38.806-0500][223.420s] GC(8) Concurrent Rebuild Remembered Sets 51.521ms
[2025-02-05T11:47:38.816-0500][223.429s] GC(8) Pause Cleanup
[2025-02-05T11:47:38.816-0500][223.429s] GC(8) Pause Cleanup 64M->64M(512M) 0.197ms
[2025-02-05T11:47:38.816-0500][223.430s] GC(8) User=0.00s Sys=0.00s Real=0.00s
[2025-02-05T11:47:38.816-0500][223.430s] GC(8) Concurrent Cleanup for Next Mark
[2025-02-05T11:47:38.816-0500][223.431s] GC(8) Concurrent Cleanup for Next Mark 1.185ms
[2025-02-05T11:47:38.816-0500][223.431s] GC(8) Concurrent Mark Cycle 147.323ms
[2025-02-05T11:59:26.477-0500][931.094s] Heap
[2025-02-05T11:59:26.477-0500][931.095s]  garbage-first heap   total 524288K, used 107299K [0x00000000e0000000, 0x0000000100000000)
[2025-02-05T11:59:26.477-0500][931.095s]   region size 1024K, 48 young (49152K), 6 survivors (6144K)
[2025-02-05T11:59:26.477-0500][931.095s]  Metaspace       used 60454K, committed 61312K, reserved 1114112K
[2025-02-05T11:59:26.477-0500][931.095s]   class space    used 7543K, committed 7936K, reserved 1048576K
[2025-02-05T12:01:10.645-0500][0.016s] CardTable entry size: 512
[2025-02-05T12:01:10.645-0500][0.016s] Using G1
[2025-02-05T12:01:10.795-0500][0.159s] Version: 18.0.1+10-24 (release)
[2025-02-05T12:01:10.795-0500][0.159s] CPUs: 8 total, 8 available
[2025-02-05T12:01:10.795-0500][0.159s] Memory: 7992M
[2025-02-05T12:01:10.795-0500][0.159s] Large Page Support: Disabled
[2025-02-05T12:01:10.795-0500][0.159s] NUMA Support: Disabled
[2025-02-05T12:01:10.795-0500][0.159s] Compressed Oops: Enabled (32-bit)
[2025-02-05T12:01:10.795-0500][0.159s] Heap Region Size: 1M
[2025-02-05T12:01:10.795-0500][0.159s] Heap Min Capacity: 512M
[2025-02-05T12:01:10.795-0500][0.159s] Heap Initial Capacity: 512M
[2025-02-05T12:01:10.795-0500][0.159s] Heap Max Capacity: 512M
[2025-02-05T12:01:10.795-0500][0.159s] Pre-touch: Enabled
[2025-02-05T12:01:10.795-0500][0.159s] Parallel Workers: 8
[2025-02-05T12:01:10.795-0500][0.159s] Concurrent Workers: 2
[2025-02-05T12:01:10.795-0500][0.159s] Concurrent Refinement Workers: 8
[2025-02-05T12:01:10.795-0500][0.159s] Periodic GC: Disabled
[2025-02-05T12:01:10.795-0500][0.161s] CDS archive(s) mapped at: [0x0000000800000000-0x0000000800b90000-0x0000000800b90000), size 12124160, SharedBaseAddress: 0x0000000800000000, ArchiveRelocationMode: 0.
[2025-02-05T12:01:10.795-0500][0.161s] Compressed class space mapped at: 0x0000000800c00000-0x0000000840c00000, reserved size: 1073741824
[2025-02-05T12:01:10.795-0500][0.161s] Narrow klass base: 0x0000000800000000, Narrow klass shift: 0, Narrow klass range: 0x100000000
[2025-02-05T12:01:11.973-0500][1.341s] GC(0) Pause Young (Normal) (G1 Evacuation Pause)
[2025-02-05T12:01:11.973-0500][1.342s] GC(0) Using 8 workers of 8 for evacuation
[2025-02-05T12:01:11.984-0500][1.346s] GC(0)   Pre Evacuate Collection Set: 0.1ms
[2025-02-05T12:01:11.984-0500][1.346s] GC(0)   Merge Heap Roots: 0.1ms
[2025-02-05T12:01:11.984-0500][1.346s] GC(0)   Evacuate Collection Set: 3.6ms
[2025-02-05T12:01:11.984-0500][1.347s] GC(0)   Post Evacuate Collection Set: 0.5ms
[2025-02-05T12:01:11.984-0500][1.347s] GC(0)   Other: 0.5ms
[2025-02-05T12:01:11.984-0500][1.347s] GC(0) Eden regions: 29->0(39)
[2025-02-05T12:01:11.984-0500][1.347s] GC(0) Survivor regions: 0->4(4)
[2025-02-05T12:01:11.984-0500][1.347s] GC(0) Old regions: 0->1
[2025-02-05T12:01:11.984-0500][1.347s] GC(0) Archive regions: 0->0
[2025-02-05T12:01:11.984-0500][1.347s] GC(0) Humongous regions: 0->0
[2025-02-05T12:01:11.984-0500][1.347s] GC(0) Metaspace: 10028K(10304K)->10028K(10304K) NonClass: 8878K(9024K)->8878K(9024K) Class: 1150K(1280K)->1150K(1280K)
[2025-02-05T12:01:11.984-0500][1.347s] GC(0) Pause Young (Normal) (G1 Evacuation Pause) 29M->4M(512M) 5.221ms
[2025-02-05T12:01:12.014-0500][1.379s] GC(0) User=0.00s Sys=0.00s Real=0.04s
[2025-02-05T12:01:12.965-0500][2.335s] GC(1) Pause Young (Normal) (G1 Evacuation Pause)
[2025-02-05T12:01:12.965-0500][2.335s] GC(1) Using 8 workers of 8 for evacuation
[2025-02-05T12:01:12.984-0500][2.347s] GC(1)   Pre Evacuate Collection Set: 0.1ms
[2025-02-05T12:01:12.984-0500][2.347s] GC(1)   Merge Heap Roots: 0.1ms
[2025-02-05T12:01:12.984-0500][2.347s] GC(1)   Evacuate Collection Set: 10.4ms
[2025-02-05T12:01:12.984-0500][2.347s] GC(1)   Post Evacuate Collection Set: 0.8ms
[2025-02-05T12:01:12.984-0500][2.347s] GC(1)   Other: 0.1ms
[2025-02-05T12:01:12.984-0500][2.347s] GC(1) Eden regions: 38->0(179)
[2025-02-05T12:01:12.984-0500][2.347s] GC(1) Survivor regions: 4->6(6)
[2025-02-05T12:01:12.984-0500][2.347s] GC(1) Old regions: 1->9
[2025-02-05T12:01:12.984-0500][2.347s] GC(1) Archive regions: 0->0
[2025-02-05T12:01:12.984-0500][2.347s] GC(1) Humongous regions: 4->4
[2025-02-05T12:01:12.984-0500][2.347s] GC(1) Metaspace: 18544K(18944K)->18544K(18944K) NonClass: 16389K(16576K)->16389K(16576K) Class: 2155K(2368K)->2155K(2368K)
[2025-02-05T12:01:12.984-0500][2.347s] GC(1) Pause Young (Normal) (G1 Evacuation Pause) 46M->18M(512M) 11.723ms
[2025-02-05T12:01:12.984-0500][2.347s] GC(1) User=0.00s Sys=0.00s Real=0.02s
[2025-02-05T12:01:13.526-0500][2.892s] GC(2) Pause Young (Concurrent Start) (Metadata GC Threshold)
[2025-02-05T12:01:13.526-0500][2.892s] GC(2) Using 8 workers of 8 for evacuation
[2025-02-05T12:01:13.537-0500][2.898s] GC(2)   Pre Evacuate Collection Set: 0.2ms
[2025-02-05T12:01:13.537-0500][2.898s] GC(2)   Merge Heap Roots: 0.1ms
[2025-02-05T12:01:13.537-0500][2.898s] GC(2)   Evacuate Collection Set: 4.3ms
[2025-02-05T12:01:13.537-0500][2.898s] GC(2)   Post Evacuate Collection Set: 0.6ms
[2025-02-05T12:01:13.537-0500][2.898s] GC(2)   Other: 0.3ms
[2025-02-05T12:01:13.537-0500][2.898s] GC(2) Eden regions: 43->0(295)
[2025-02-05T12:01:13.537-0500][2.898s] GC(2) Survivor regions: 6->12(22)
[2025-02-05T12:01:13.537-0500][2.898s] GC(2) Old regions: 9->9
[2025-02-05T12:01:13.537-0500][2.898s] GC(2) Archive regions: 0->0
[2025-02-05T12:01:13.537-0500][2.898s] GC(2) Humongous regions: 4->4
[2025-02-05T12:01:13.537-0500][2.898s] GC(2) Metaspace: 21149K(21504K)->21149K(21504K) NonClass: 18706K(18880K)->18706K(18880K) Class: 2442K(2624K)->2442K(2624K)
[2025-02-05T12:01:13.537-0500][2.898s] GC(2) Pause Young (Concurrent Start) (Metadata GC Threshold) 61M->23M(512M) 5.850ms
[2025-02-05T12:01:13.537-0500][2.898s] GC(2) User=0.06s Sys=0.06s Real=0.01s
[2025-02-05T12:01:13.537-0500][2.898s] GC(3) Concurrent Mark Cycle
[2025-02-05T12:01:13.537-0500][2.898s] GC(3) Concurrent Clear Claimed Marks
[2025-02-05T12:01:13.537-0500][2.898s] GC(3) Concurrent Clear Claimed Marks 0.050ms
[2025-02-05T12:01:13.537-0500][2.898s] GC(3) Concurrent Scan Root Regions
[2025-02-05T12:01:13.537-0500][2.901s] GC(3) Concurrent Scan Root Regions 2.550ms
[2025-02-05T12:01:13.537-0500][2.901s] GC(3) Concurrent Mark
[2025-02-05T12:01:13.537-0500][2.901s] GC(3) Concurrent Mark From Roots
[2025-02-05T12:01:13.537-0500][2.901s] GC(3) Using 2 workers of 2 for marking
[2025-02-05T12:01:13.537-0500][2.909s] GC(3) Concurrent Mark From Roots 8.322ms
[2025-02-05T12:01:13.537-0500][2.909s] GC(3) Concurrent Preclean
[2025-02-05T12:01:13.537-0500][2.909s] GC(3) Concurrent Preclean 0.043ms
[2025-02-05T12:01:13.537-0500][2.910s] GC(3) Pause Remark
[2025-02-05T12:01:13.537-0500][2.912s] GC(3) Pause Remark 24M->24M(512M) 2.612ms
[2025-02-05T12:01:13.537-0500][2.912s] GC(3) User=0.06s Sys=0.06s Real=0.00s
[2025-02-05T12:01:13.537-0500][2.912s] GC(3) Concurrent Mark 11.380ms
[2025-02-05T12:01:13.537-0500][2.912s] GC(3) Concurrent Rebuild Remembered Sets
[2025-02-05T12:01:13.553-0500][2.917s] GC(3) Concurrent Rebuild Remembered Sets 4.112ms
[2025-02-05T12:01:13.553-0500][2.917s] GC(3) Pause Cleanup
[2025-02-05T12:01:13.553-0500][2.917s] GC(3) Pause Cleanup 25M->25M(512M) 0.148ms
[2025-02-05T12:01:13.553-0500][2.917s] GC(3) User=0.00s Sys=0.00s Real=0.00s
[2025-02-05T12:01:13.553-0500][2.917s] GC(3) Concurrent Cleanup for Next Mark
[2025-02-05T12:01:13.553-0500][2.918s] GC(3) Concurrent Cleanup for Next Mark 0.403ms
[2025-02-05T12:01:13.553-0500][2.918s] GC(3) Concurrent Mark Cycle 19.395ms
[2025-02-05T12:01:15.187-0500][4.548s] GC(4) Pause Young (Concurrent Start) (Metadata GC Threshold)
[2025-02-05T12:01:15.187-0500][4.548s] GC(4) Using 8 workers of 8 for evacuation
[2025-02-05T12:01:15.195-0500][4.558s] GC(4)   Pre Evacuate Collection Set: 0.1ms
[2025-02-05T12:01:15.195-0500][4.558s] GC(4)   Merge Heap Roots: 0.1ms
[2025-02-05T12:01:15.195-0500][4.558s] GC(4)   Evacuate Collection Set: 8.8ms
[2025-02-05T12:01:15.195-0500][4.558s] GC(4)   Post Evacuate Collection Set: 0.8ms
[2025-02-05T12:01:15.195-0500][4.558s] GC(4)   Other: 0.1ms
[2025-02-05T12:01:15.195-0500][4.558s] GC(4) Eden regions: 93->0(290)
[2025-02-05T12:01:15.195-0500][4.558s] GC(4) Survivor regions: 12->17(39)
[2025-02-05T12:01:15.195-0500][4.558s] GC(4) Old regions: 9->9
[2025-02-05T12:01:15.195-0500][4.558s] GC(4) Archive regions: 0->0
[2025-02-05T12:01:15.195-0500][4.558s] GC(4) Humongous regions: 4->4
[2025-02-05T12:01:15.195-0500][4.558s] GC(4) Metaspace: 35833K(36288K)->35833K(36288K) NonClass: 31599K(31808K)->31599K(31808K) Class: 4233K(4480K)->4233K(4480K)
[2025-02-05T12:01:15.195-0500][4.558s] GC(4) Pause Young (Concurrent Start) (Metadata GC Threshold) 116M->28M(512M) 10.233ms
[2025-02-05T12:01:15.195-0500][4.558s] GC(5) Concurrent Mark Cycle
[2025-02-05T12:01:15.195-0500][4.558s] GC(4) User=0.09s Sys=0.03s Real=0.01s
[2025-02-05T12:01:15.195-0500][4.558s] GC(5) Concurrent Clear Claimed Marks
[2025-02-05T12:01:15.195-0500][4.558s] GC(5) Concurrent Clear Claimed Marks 0.083ms
[2025-02-05T12:01:15.195-0500][4.558s] GC(5) Concurrent Scan Root Regions
[2025-02-05T12:01:15.201-0500][4.565s] GC(5) Concurrent Scan Root Regions 7.173ms
[2025-02-05T12:01:15.201-0500][4.565s] GC(5) Concurrent Mark
[2025-02-05T12:01:15.201-0500][4.565s] GC(5) Concurrent Mark From Roots
[2025-02-05T12:01:15.201-0500][4.565s] GC(5) Using 2 workers of 2 for marking
[2025-02-05T12:01:15.211-0500][4.579s] GC(5) Concurrent Mark From Roots 14.111ms
[2025-02-05T12:01:15.211-0500][4.579s] GC(5) Concurrent Preclean
[2025-02-05T12:01:15.211-0500][4.579s] GC(5) Concurrent Preclean 0.073ms
[2025-02-05T12:01:15.211-0500][4.580s] GC(5) Pause Remark
[2025-02-05T12:01:15.211-0500][4.582s] GC(5) Pause Remark 30M->30M(512M) 2.689ms
[2025-02-05T12:01:15.211-0500][4.582s] GC(5) User=0.00s Sys=0.00s Real=0.00s
[2025-02-05T12:01:15.211-0500][4.583s] GC(5) Concurrent Mark 17.430ms
[2025-02-05T12:01:15.211-0500][4.583s] GC(5) Concurrent Rebuild Remembered Sets
[2025-02-05T12:01:15.228-0500][4.590s] GC(5) Concurrent Rebuild Remembered Sets 6.929ms
[2025-02-05T12:01:15.228-0500][4.590s] GC(5) Pause Cleanup
[2025-02-05T12:01:15.228-0500][4.590s] GC(5) Pause Cleanup 30M->30M(512M) 0.146ms
[2025-02-05T12:01:15.228-0500][4.590s] GC(5) User=0.00s Sys=0.00s Real=0.00s
[2025-02-05T12:01:15.230-0500][4.590s] GC(5) Concurrent Cleanup for Next Mark
[2025-02-05T12:01:15.230-0500][4.591s] GC(5) Concurrent Cleanup for Next Mark 0.482ms
[2025-02-05T12:01:15.230-0500][4.591s] GC(5) Concurrent Mark Cycle 33.138ms
[2025-02-05T12:01:17.776-0500][7.137s] GC(6) Pause Young (Normal) (G1 Evacuation Pause)
[2025-02-05T12:01:17.776-0500][7.137s] GC(6) Using 8 workers of 8 for evacuation
[2025-02-05T12:01:17.805-0500][7.167s] GC(6)   Pre Evacuate Collection Set: 0.1ms
[2025-02-05T12:01:17.805-0500][7.167s] GC(6)   Merge Heap Roots: 0.1ms
[2025-02-05T12:01:17.805-0500][7.167s] GC(6)   Evacuate Collection Set: 28.4ms
[2025-02-05T12:01:17.805-0500][7.167s] GC(6)   Post Evacuate Collection Set: 1.7ms
[2025-02-05T12:01:17.807-0500][7.167s] GC(6)   Other: 0.2ms
[2025-02-05T12:01:17.807-0500][7.167s] GC(6) Eden regions: 290->0(257)
[2025-02-05T12:01:17.807-0500][7.167s] GC(6) Survivor regions: 17->39(39)
[2025-02-05T12:01:17.807-0500][7.168s] GC(6) Old regions: 9->15
[2025-02-05T12:01:17.807-0500][7.168s] GC(6) Archive regions: 0->0
[2025-02-05T12:01:17.807-0500][7.168s] GC(6) Humongous regions: 4->4
[2025-02-05T12:01:17.807-0500][7.168s] GC(6) Metaspace: 56891K(57664K)->56891K(57664K) NonClass: 49816K(50240K)->49816K(50240K) Class: 7075K(7424K)->7075K(7424K)
[2025-02-05T12:01:17.807-0500][7.168s] GC(6) Pause Young (Normal) (G1 Evacuation Pause) 318M->57M(512M) 31.047ms
[2025-02-05T12:01:17.807-0500][7.168s] GC(6) User=0.14s Sys=0.05s Real=0.03s
[2025-02-05T18:30:22.138-0500][23375.260s] GC(7) Pause Young (Concurrent Start) (Metadata GC Threshold)
[2025-02-05T18:30:22.170-0500][23375.294s] GC(7) Using 8 workers of 8 for evacuation
[2025-02-05T18:30:26.195-0500][23379.316s] GC(7) MMU target violated: 251.0ms (250.0ms/251.0ms)
[2025-02-05T18:30:26.197-0500][23379.317s] GC(7)   Pre Evacuate Collection Set: 49.2ms
[2025-02-05T18:30:26.197-0500][23379.317s] GC(7)   Merge Heap Roots: 30.6ms
[2025-02-05T18:30:26.197-0500][23379.317s] GC(7)   Evacuate Collection Set: 3899.8ms
[2025-02-05T18:30:26.197-0500][23379.317s] GC(7)   Post Evacuate Collection Set: 42.6ms
[2025-02-05T18:30:26.197-0500][23379.317s] GC(7)   Other: 15.7ms
[2025-02-05T18:30:26.197-0500][23379.317s] GC(7) Eden regions: 49->0(19)
[2025-02-05T18:30:26.197-0500][23379.317s] GC(7) Survivor regions: 39->6(30)
[2025-02-05T18:30:26.197-0500][23379.318s] GC(7) Old regions: 15->54
[2025-02-05T18:30:26.197-0500][23379.318s] GC(7) Archive regions: 0->0
[2025-02-05T18:30:26.197-0500][23379.318s] GC(7) Humongous regions: 4->4
[2025-02-05T18:30:26.210-0500][23379.336s] GC(7) Metaspace: 60041K(60800K)->60041K(60800K) NonClass: 52652K(53056K)->52652K(53056K) Class: 7389K(7744K)->7389K(7744K)
[2025-02-05T18:30:26.210-0500][23379.336s] GC(7) Pause Young (Concurrent Start) (Metadata GC Threshold) 106M->63M(512M) 4096.145ms
[2025-02-05T18:30:26.210-0500][23379.337s] GC(7) User=0.97s Sys=0.73s Real=4.10s
[2025-02-05T18:30:26.242-0500][23379.366s] GC(8) Concurrent Mark Cycle
[2025-02-05T18:30:26.242-0500][23379.366s] GC(8) Concurrent Clear Claimed Marks
[2025-02-05T18:30:26.242-0500][23379.367s] GC(8) Concurrent Clear Claimed Marks 0.362ms
[2025-02-05T18:30:26.242-0500][23379.367s] GC(8) Concurrent Scan Root Regions
[2025-02-05T18:30:26.371-0500][23379.495s] GC(8) Concurrent Scan Root Regions 127.752ms
[2025-02-05T18:30:26.371-0500][23379.495s] GC(8) Concurrent Mark
[2025-02-05T18:30:26.371-0500][23379.495s] GC(8) Concurrent Mark From Roots
[2025-02-05T18:30:26.375-0500][23379.495s] GC(8) Using 2 workers of 2 for marking
[2025-02-05T18:30:26.470-0500][23379.598s] GC(8) Concurrent Mark From Roots 102.979ms
[2025-02-05T18:30:26.470-0500][23379.598s] GC(8) Concurrent Preclean
[2025-02-05T18:30:26.470-0500][23379.598s] GC(8) Concurrent Preclean 0.229ms
[2025-02-05T18:30:26.543-0500][23379.663s] GC(8) Pause Remark
[2025-02-05T18:30:29.607-0500][23382.728s] GC(8) MMU target violated: 251.0ms (250.0ms/251.0ms)
[2025-02-05T18:30:29.607-0500][23382.728s] GC(8) Pause Remark 64M->64M(512M) 3064.937ms
[2025-02-05T18:30:29.607-0500][23382.728s] GC(8) User=0.81s Sys=0.62s Real=3.06s
[2025-02-05T18:30:29.609-0500][23382.729s] GC(8) Concurrent Mark 3234.439ms
[2025-02-05T18:30:29.609-0500][23382.729s] GC(8) Concurrent Rebuild Remembered Sets
[2025-02-05T18:30:29.676-0500][23382.798s] GC(8) Concurrent Rebuild Remembered Sets 68.886ms
[2025-02-05T18:30:29.701-0500][23382.822s] GC(8) Pause Cleanup
[2025-02-05T18:30:29.701-0500][23382.822s] GC(8) Pause Cleanup 64M->64M(512M) 0.392ms
[2025-02-05T18:30:29.701-0500][23382.822s] GC(8) User=0.00s Sys=0.00s Real=0.00s
[2025-02-05T18:30:29.701-0500][23382.822s] GC(8) Concurrent Cleanup for Next Mark
[2025-02-05T18:30:29.706-0500][23382.826s] GC(8) Concurrent Cleanup for Next Mark 3.838ms
[2025-02-05T18:30:29.706-0500][23382.826s] GC(8) Concurrent Mark Cycle 3460.459ms
[2025-02-05T20:24:44.399-0500][30237.559s] GC(9) Pause Young (Normal) (G1 Evacuation Pause)
[2025-02-05T20:24:44.735-0500][30237.895s] GC(9) Using 8 workers of 8 for evacuation
[2025-02-05T20:24:48.355-0500][30241.515s] GC(9) MMU target violated: 251.0ms (250.0ms/251.0ms)
[2025-02-05T20:24:48.356-0500][30241.516s] GC(9)   Pre Evacuate Collection Set: 124.8ms
[2025-02-05T20:24:48.356-0500][30241.516s] GC(9)   Merge Heap Roots: 295.6ms
[2025-02-05T20:24:48.356-0500][30241.516s] GC(9)   Evacuate Collection Set: 3003.2ms
[2025-02-05T20:24:48.356-0500][30241.516s] GC(9)   Post Evacuate Collection Set: 149.8ms
[2025-02-05T20:24:48.356-0500][30241.516s] GC(9)   Other: 147.1ms
[2025-02-05T20:24:48.357-0500][30241.517s] GC(9) Eden regions: 19->0(22)
[2025-02-05T20:24:48.357-0500][30241.517s] GC(9) Survivor regions: 6->3(4)
[2025-02-05T20:24:48.357-0500][30241.517s] GC(9) Old regions: 54->60
[2025-02-05T20:24:48.357-0500][30241.517s] GC(9) Archive regions: 0->0
[2025-02-05T20:24:48.357-0500][30241.517s] GC(9) Humongous regions: 4->4
[2025-02-05T20:24:48.374-0500][30241.535s] GC(9) Metaspace: 61244K(62080K)->61244K(62080K) NonClass: 53721K(54144K)->53721K(54144K) Class: 7522K(7936K)->7522K(7936K)
[2025-02-05T20:24:48.387-0500][30241.547s] GC(9) Pause Young (Normal) (G1 Evacuation Pause) 82M->65M(512M) 4006.582ms
[2025-02-05T20:24:48.387-0500][30241.548s] GC(9) User=0.39s Sys=0.59s Real=4.02s
[2025-02-05T20:25:41.101-0500][30294.272s] GC(10) Pause Young (Normal) (G1 Evacuation Pause)
[2025-02-05T20:25:41.101-0500][30294.272s] GC(10) Using 8 workers of 8 for evacuation
[2025-02-05T20:25:41.421-0500][30294.594s] GC(10) MMU target violated: 251.0ms (250.0ms/251.0ms)
[2025-02-05T20:25:41.421-0500][30294.594s] GC(10)   Pre Evacuate Collection Set: 0.9ms
[2025-02-05T20:25:41.421-0500][30294.594s] GC(10)   Merge Heap Roots: 0.6ms
[2025-02-05T20:25:41.421-0500][30294.594s] GC(10)   Evacuate Collection Set: 258.2ms
[2025-02-05T20:25:41.421-0500][30294.594s] GC(10)   Post Evacuate Collection Set: 61.6ms
[2025-02-05T20:25:41.435-0500][30294.595s] GC(10)   Other: 0.7ms
[2025-02-05T20:25:41.435-0500][30294.595s] GC(10) Eden regions: 22->0(24)
[2025-02-05T20:25:41.435-0500][30294.595s] GC(10) Survivor regions: 3->1(4)
[2025-02-05T20:25:41.435-0500][30294.595s] GC(10) Old regions: 60->60
[2025-02-05T20:25:41.435-0500][30294.595s] GC(10) Archive regions: 0->0
[2025-02-05T20:25:41.435-0500][30294.595s] GC(10) Humongous regions: 4->4
[2025-02-05T20:25:41.435-0500][30294.595s] GC(10) Metaspace: 61432K(62336K)->61432K(62336K) NonClass: 53888K(54336K)->53888K(54336K) Class: 7544K(8000K)->7544K(8000K)
[2025-02-05T20:25:41.435-0500][30294.596s] GC(10) Pause Young (Normal) (G1 Evacuation Pause) 87M->64M(512M) 323.892ms
[2025-02-05T20:25:41.435-0500][30294.596s] GC(10) User=0.03s Sys=0.00s Real=0.33s
[2025-02-05T20:25:46.408-0500][30299.568s] Heap
[2025-02-05T20:25:46.408-0500][30299.568s]  garbage-first heap   total 524288K, used 70428K [0x00000000e0000000, 0x0000000100000000)
[2025-02-05T20:25:46.408-0500][30299.568s]   region size 1024K, 6 young (6144K), 1 survivors (1024K)
[2025-02-05T20:25:46.408-0500][30299.568s]  Metaspace       used 61525K, committed 62400K, reserved 1114112K
[2025-02-05T20:25:46.408-0500][30299.568s]   class space    used 7562K, committed 8000K, reserved 1048576K
[2025-02-05T20:28:36.972-0500][0.170s] CardTable entry size: 512
[2025-02-05T20:28:36.974-0500][0.171s] Using G1
[2025-02-05T20:28:37.213-0500][0.420s] Version: 18.0.1+10-24 (release)
[2025-02-05T20:28:37.213-0500][0.420s] CPUs: 8 total, 8 available
[2025-02-05T20:28:37.213-0500][0.420s] Memory: 7992M
[2025-02-05T20:28:37.213-0500][0.420s] Large Page Support: Disabled
[2025-02-05T20:28:37.213-0500][0.420s] NUMA Support: Disabled
[2025-02-05T20:28:37.213-0500][0.420s] Compressed Oops: Enabled (32-bit)
[2025-02-05T20:28:37.213-0500][0.420s] Heap Region Size: 1M
[2025-02-05T20:28:37.213-0500][0.420s] Heap Min Capacity: 512M
[2025-02-05T20:28:37.213-0500][0.420s] Heap Initial Capacity: 512M
[2025-02-05T20:28:37.213-0500][0.420s] Heap Max Capacity: 512M
[2025-02-05T20:28:37.213-0500][0.420s] Pre-touch: Enabled
[2025-02-05T20:28:37.213-0500][0.420s] Parallel Workers: 8
[2025-02-05T20:28:37.213-0500][0.420s] Concurrent Workers: 2
[2025-02-05T20:28:37.258-0500][0.465s] Concurrent Refinement Workers: 8
[2025-02-05T20:28:37.258-0500][0.466s] Periodic GC: Disabled
[2025-02-05T20:28:37.274-0500][0.470s] CDS archive(s) mapped at: [0x0000000800000000-0x0000000800b90000-0x0000000800b90000), size 12124160, SharedBaseAddress: 0x0000000800000000, ArchiveRelocationMode: 0.
[2025-02-05T20:28:37.274-0500][0.470s] Compressed class space mapped at: 0x0000000800c00000-0x0000000840c00000, reserved size: 1073741824
[2025-02-05T20:28:37.274-0500][0.470s] Narrow klass base: 0x0000000800000000, Narrow klass shift: 0, Narrow klass range: 0x100000000
[2025-02-05T20:29:15.082-0500][38.289s] GC(0) Pause Young (Normal) (G1 Evacuation Pause)
[2025-02-05T20:29:15.121-0500][38.320s] GC(0) Using 8 workers of 8 for evacuation
[2025-02-05T20:29:15.133-0500][38.329s] GC(0)   Pre Evacuate Collection Set: 0.2ms
[2025-02-05T20:29:15.133-0500][38.329s] GC(0)   Merge Heap Roots: 0.3ms
[2025-02-05T20:29:15.133-0500][38.329s] GC(0)   Evacuate Collection Set: 6.4ms
[2025-02-05T20:29:15.133-0500][38.329s] GC(0)   Post Evacuate Collection Set: 1.3ms
[2025-02-05T20:29:15.133-0500][38.329s] GC(0)   Other: 1.1ms
[2025-02-05T20:29:15.133-0500][38.329s] GC(0) Eden regions: 29->0(39)
[2025-02-05T20:29:15.133-0500][38.329s] GC(0) Survivor regions: 0->4(4)
[2025-02-05T20:29:15.133-0500][38.329s] GC(0) Old regions: 0->1
[2025-02-05T20:29:15.133-0500][38.329s] GC(0) Archive regions: 0->0
[2025-02-05T20:29:15.133-0500][38.329s] GC(0) Humongous regions: 0->0
[2025-02-05T20:29:15.133-0500][38.329s] GC(0) Metaspace: 10019K(10304K)->10019K(10304K) NonClass: 8869K(9024K)->8869K(9024K) Class: 1150K(1280K)->1150K(1280K)
[2025-02-05T20:29:15.133-0500][38.329s] GC(0) Pause Young (Normal) (G1 Evacuation Pause) 29M->4M(512M) 39.974ms
[2025-02-05T20:29:15.133-0500][38.329s] GC(0) User=0.08s Sys=0.05s Real=0.05s
[2025-02-05T20:29:19.861-0500][43.056s] GC(1) Pause Young (Normal) (G1 Evacuation Pause)
[2025-02-05T20:29:19.861-0500][43.056s] GC(1) Using 8 workers of 8 for evacuation
[2025-02-05T20:29:19.876-0500][43.073s] GC(1)   Pre Evacuate Collection Set: 0.2ms
[2025-02-05T20:29:19.876-0500][43.073s] GC(1)   Merge Heap Roots: 0.1ms
[2025-02-05T20:29:19.876-0500][43.073s] GC(1)   Evacuate Collection Set: 14.8ms
[2025-02-05T20:29:19.876-0500][43.073s] GC(1)   Post Evacuate Collection Set: 1.0ms
[2025-02-05T20:29:19.876-0500][43.073s] GC(1)   Other: 0.1ms
[2025-02-05T20:29:19.876-0500][43.073s] GC(1) Eden regions: 37->0(167)
[2025-02-05T20:29:19.876-0500][43.073s] GC(1) Survivor regions: 4->6(6)
[2025-02-05T20:29:19.876-0500][43.073s] GC(1) Old regions: 1->9
[2025-02-05T20:29:19.876-0500][43.073s] GC(1) Archive regions: 0->0
[2025-02-05T20:29:19.876-0500][43.073s] GC(1) Humongous regions: 4->4
[2025-02-05T20:29:19.876-0500][43.073s] GC(1) Metaspace: 18572K(18944K)->18572K(18944K) NonClass: 16416K(16576K)->16416K(16576K) Class: 2156K(2368K)->2156K(2368K)
[2025-02-05T20:29:19.876-0500][43.073s] GC(1) Pause Young (Normal) (G1 Evacuation Pause) 45M->18M(512M) 16.669ms
[2025-02-05T20:29:19.876-0500][43.073s] GC(1) User=0.02s Sys=0.11s Real=0.01s
[2025-02-05T20:29:22.665-0500][45.862s] GC(2) Pause Young (Concurrent Start) (Metadata GC Threshold)
[2025-02-05T20:29:22.665-0500][45.862s] GC(2) Using 8 workers of 8 for evacuation
[2025-02-05T20:29:22.684-0500][45.880s] GC(2)   Pre Evacuate Collection Set: 0.8ms
[2025-02-05T20:29:22.684-0500][45.880s] GC(2)   Merge Heap Roots: 0.3ms
[2025-02-05T20:29:22.684-0500][45.880s] GC(2)   Evacuate Collection Set: 14.9ms
[2025-02-05T20:29:22.684-0500][45.881s] GC(2)   Post Evacuate Collection Set: 1.6ms
[2025-02-05T20:29:22.684-0500][45.881s] GC(2)   Other: 0.5ms
[2025-02-05T20:29:22.684-0500][45.881s] GC(2) Eden regions: 45->0(296)
[2025-02-05T20:29:22.684-0500][45.881s] GC(2) Survivor regions: 6->11(22)
[2025-02-05T20:29:22.684-0500][45.881s] GC(2) Old regions: 9->9
[2025-02-05T20:29:22.684-0500][45.881s] GC(2) Archive regions: 0->0
[2025-02-05T20:29:22.684-0500][45.881s] GC(2) Humongous regions: 4->4
[2025-02-05T20:29:22.700-0500][45.895s] GC(2) Metaspace: 21085K(21504K)->21085K(21504K) NonClass: 18654K(18880K)->18654K(18880K) Class: 2430K(2624K)->2430K(2624K)
[2025-02-05T20:29:22.700-0500][45.896s] GC(2) Pause Young (Concurrent Start) (Metadata GC Threshold) 63M->23M(512M) 33.820ms
[2025-02-05T20:29:22.700-0500][45.896s] GC(2) User=0.09s Sys=0.03s Real=0.04s
[2025-02-05T20:29:22.700-0500][45.896s] GC(3) Concurrent Mark Cycle
[2025-02-05T20:29:22.700-0500][45.896s] GC(3) Concurrent Clear Claimed Marks
[2025-02-05T20:29:22.700-0500][45.896s] GC(3) Concurrent Clear Claimed Marks 0.113ms
[2025-02-05T20:29:22.700-0500][45.896s] GC(3) Concurrent Scan Root Regions
[2025-02-05T20:29:22.706-0500][45.903s] GC(3) Concurrent Scan Root Regions 6.651ms
[2025-02-05T20:29:22.706-0500][45.903s] GC(3) Concurrent Mark
[2025-02-05T20:29:22.706-0500][45.903s] GC(3) Concurrent Mark From Roots
[2025-02-05T20:29:22.706-0500][45.903s] GC(3) Using 2 workers of 2 for marking
[2025-02-05T20:29:22.729-0500][45.939s] GC(3) Concurrent Mark From Roots 36.093ms
[2025-02-05T20:29:22.729-0500][45.939s] GC(3) Concurrent Preclean
[2025-02-05T20:29:22.729-0500][45.939s] GC(3) Concurrent Preclean 0.093ms
[2025-02-05T20:29:22.729-0500][45.940s] GC(3) Pause Remark
[2025-02-05T20:29:22.749-0500][45.944s] GC(3) Pause Remark 24M->24M(512M) 4.796ms
[2025-02-05T20:29:22.749-0500][45.944s] GC(3) User=0.00s Sys=0.00s Real=0.02s
[2025-02-05T20:29:22.749-0500][45.945s] GC(3) Concurrent Mark 41.654ms
[2025-02-05T20:29:22.749-0500][45.945s] GC(3) Concurrent Rebuild Remembered Sets
[2025-02-05T20:29:22.750-0500][45.954s] GC(3) Concurrent Rebuild Remembered Sets 9.135ms
[2025-02-05T20:29:22.750-0500][45.954s] GC(3) Pause Cleanup
[2025-02-05T20:29:22.750-0500][45.954s] GC(3) Pause Cleanup 24M->24M(512M) 0.280ms
[2025-02-05T20:29:22.750-0500][45.954s] GC(3) User=0.00s Sys=0.00s Real=0.00s
[2025-02-05T20:29:22.750-0500][45.954s] GC(3) Concurrent Cleanup for Next Mark
[2025-02-05T20:29:22.760-0500][45.956s] GC(3) Concurrent Cleanup for Next Mark 1.399ms
[2025-02-05T20:29:22.760-0500][45.956s] GC(3) Concurrent Mark Cycle 60.209ms
[2025-02-05T20:29:30.909-0500][54.105s] GC(4) Pause Young (Concurrent Start) (Metadata GC Threshold)
[2025-02-05T20:29:30.909-0500][54.105s] GC(4) Using 8 workers of 8 for evacuation
[2025-02-05T20:29:30.921-0500][54.120s] GC(4)   Pre Evacuate Collection Set: 0.2ms
[2025-02-05T20:29:30.921-0500][54.120s] GC(4)   Merge Heap Roots: 0.2ms
[2025-02-05T20:29:30.921-0500][54.120s] GC(4)   Evacuate Collection Set: 12.4ms
[2025-02-05T20:29:30.921-0500][54.120s] GC(4)   Post Evacuate Collection Set: 1.4ms
[2025-02-05T20:29:30.921-0500][54.120s] GC(4)   Other: 0.2ms
[2025-02-05T20:29:30.921-0500][54.120s] GC(4) Eden regions: 86->0(291)
[2025-02-05T20:29:30.921-0500][54.120s] GC(4) Survivor regions: 11->16(39)
[2025-02-05T20:29:30.921-0500][54.120s] GC(4) Old regions: 9->9
[2025-02-05T20:29:30.921-0500][54.120s] GC(4) Archive regions: 0->0
[2025-02-05T20:29:30.921-0500][54.120s] GC(4) Humongous regions: 4->4
[2025-02-05T20:29:30.921-0500][54.120s] GC(4) Metaspace: 35508K(35968K)->35508K(35968K) NonClass: 31328K(31552K)->31328K(31552K) Class: 4179K(4416K)->4179K(4416K)
[2025-02-05T20:29:30.921-0500][54.120s] GC(4) Pause Young (Concurrent Start) (Metadata GC Threshold) 109M->28M(512M) 15.064ms
[2025-02-05T20:29:30.921-0500][54.120s] GC(5) Concurrent Mark Cycle
[2025-02-05T20:29:30.921-0500][54.120s] GC(4) User=0.12s Sys=0.00s Real=0.01s
[2025-02-05T20:29:30.921-0500][54.120s] GC(5) Concurrent Clear Claimed Marks
[2025-02-05T20:29:30.921-0500][54.120s] GC(5) Concurrent Clear Claimed Marks 0.167ms
[2025-02-05T20:29:30.921-0500][54.120s] GC(5) Concurrent Scan Root Regions
[2025-02-05T20:29:30.933-0500][54.129s] GC(5) Concurrent Scan Root Regions 9.159ms
[2025-02-05T20:29:30.933-0500][54.130s] GC(5) Concurrent Mark
[2025-02-05T20:29:30.933-0500][54.130s] GC(5) Concurrent Mark From Roots
[2025-02-05T20:29:30.933-0500][54.130s] GC(5) Using 2 workers of 2 for marking
[2025-02-05T20:29:30.953-0500][54.149s] GC(5) Concurrent Mark From Roots 19.808ms
[2025-02-05T20:29:30.953-0500][54.149s] GC(5) Concurrent Preclean
[2025-02-05T20:29:30.953-0500][54.150s] GC(5) Concurrent Preclean 0.098ms
[2025-02-05T20:29:30.953-0500][54.150s] GC(5) Pause Remark
[2025-02-05T20:29:30.953-0500][54.153s] GC(5) Pause Remark 29M->29M(512M) 3.465ms
[2025-02-05T20:29:30.953-0500][54.153s] GC(5) User=0.12s Sys=0.00s Real=0.00s
[2025-02-05T20:29:30.953-0500][54.153s] GC(5) Concurrent Mark 23.748ms
[2025-02-05T20:29:30.953-0500][54.153s] GC(5) Concurrent Rebuild Remembered Sets
[2025-02-05T20:29:30.963-0500][54.160s] GC(5) Concurrent Rebuild Remembered Sets 6.864ms
[2025-02-05T20:29:30.965-0500][54.160s] GC(5) Pause Cleanup
[2025-02-05T20:29:30.965-0500][54.161s] GC(5) Pause Cleanup 30M->30M(512M) 0.229ms
[2025-02-05T20:29:30.965-0500][54.161s] GC(5) User=0.00s Sys=0.00s Real=0.00s
[2025-02-05T20:29:30.965-0500][54.161s] GC(5) Concurrent Cleanup for Next Mark
[2025-02-05T20:29:30.965-0500][54.162s] GC(5) Concurrent Cleanup for Next Mark 0.770ms
[2025-02-05T20:29:30.965-0500][54.162s] GC(5) Concurrent Mark Cycle 41.613ms
[2025-02-05T20:29:55.961-0500][79.157s] GC(6) Pause Young (Normal) (G1 Evacuation Pause)
[2025-02-05T20:29:55.961-0500][79.157s] GC(6) Using 8 workers of 8 for evacuation
[2025-02-05T20:29:55.995-0500][79.194s] GC(6)   Pre Evacuate Collection Set: 0.2ms
[2025-02-05T20:29:55.995-0500][79.194s] GC(6)   Merge Heap Roots: 0.2ms
[2025-02-05T20:29:55.995-0500][79.194s] GC(6)   Evacuate Collection Set: 34.8ms
[2025-02-05T20:29:55.995-0500][79.194s] GC(6)   Post Evacuate Collection Set: 2.2ms
[2025-02-05T20:29:55.995-0500][79.194s] GC(6)   Other: 0.2ms
[2025-02-05T20:29:55.995-0500][79.195s] GC(6) Eden regions: 291->0(230)
[2025-02-05T20:29:55.995-0500][79.195s] GC(6) Survivor regions: 16->39(39)
[2025-02-05T20:29:55.995-0500][79.195s] GC(6) Old regions: 9->14
[2025-02-05T20:29:55.995-0500][79.195s] GC(6) Archive regions: 0->0
[2025-02-05T20:29:55.995-0500][79.195s] GC(6) Humongous regions: 4->4
[2025-02-05T20:29:55.995-0500][79.195s] GC(6) Metaspace: 57087K(57856K)->57087K(57856K) NonClass: 50031K(50432K)->50031K(50432K) Class: 7056K(7424K)->7056K(7424K)
[2025-02-05T20:29:55.995-0500][79.195s] GC(6) Pause Young (Normal) (G1 Evacuation Pause) 319M->56M(512M) 38.137ms
[2025-02-05T20:29:55.995-0500][79.195s] GC(6) User=0.22s Sys=0.03s Real=0.03s
[2025-02-05T20:30:11.414-0500][94.615s] GC(7) Pause Young (Concurrent Start) (Metadata GC Threshold)
[2025-02-05T20:30:11.414-0500][94.616s] GC(7) Using 8 workers of 8 for evacuation
[2025-02-05T20:30:11.470-0500][94.671s] GC(7)   Pre Evacuate Collection Set: 0.3ms
[2025-02-05T20:30:11.475-0500][94.671s] GC(7)   Merge Heap Roots: 0.2ms
[2025-02-05T20:30:11.475-0500][94.671s] GC(7)   Evacuate Collection Set: 52.4ms
[2025-02-05T20:30:11.475-0500][94.671s] GC(7)   Post Evacuate Collection Set: 1.9ms
[2025-02-05T20:30:11.475-0500][94.671s] GC(7)   Other: 0.2ms
[2025-02-05T20:30:11.475-0500][94.671s] GC(7) Eden regions: 42->0(286)
[2025-02-05T20:30:11.475-0500][94.671s] GC(7) Survivor regions: 39->7(31)
[2025-02-05T20:30:11.475-0500][94.671s] GC(7) Old regions: 14->53
[2025-02-05T20:30:11.475-0500][94.671s] GC(7) Archive regions: 0->0
[2025-02-05T20:30:11.475-0500][94.671s] GC(7) Humongous regions: 4->4
[2025-02-05T20:30:11.475-0500][94.671s] GC(7) Metaspace: 59354K(60096K)->59354K(60096K) NonClass: 52028K(52416K)->52028K(52416K) Class: 7325K(7680K)->7325K(7680K)
[2025-02-05T20:30:11.475-0500][94.671s] GC(7) Pause Young (Concurrent Start) (Metadata GC Threshold) 98M->64M(512M) 55.545ms
[2025-02-05T20:30:11.475-0500][94.671s] GC(8) Concurrent Mark Cycle
[2025-02-05T20:30:11.475-0500][94.671s] GC(7) User=0.39s Sys=0.05s Real=0.06s
[2025-02-05T20:30:11.475-0500][94.671s] GC(8) Concurrent Clear Claimed Marks
[2025-02-05T20:30:11.475-0500][94.671s] GC(8) Concurrent Clear Claimed Marks 0.182ms
[2025-02-05T20:30:11.475-0500][94.671s] GC(8) Concurrent Scan Root Regions
[2025-02-05T20:30:11.507-0500][94.704s] GC(8) Concurrent Scan Root Regions 32.901ms
[2025-02-05T20:30:11.507-0500][94.704s] GC(8) Concurrent Mark
[2025-02-05T20:30:11.507-0500][94.704s] GC(8) Concurrent Mark From Roots
[2025-02-05T20:30:11.507-0500][94.704s] GC(8) Using 2 workers of 2 for marking
[2025-02-05T20:30:11.535-0500][94.731s] GC(8) Concurrent Mark From Roots 26.492ms
[2025-02-05T20:30:11.535-0500][94.731s] GC(8) Concurrent Preclean
[2025-02-05T20:30:11.535-0500][94.731s] GC(8) Concurrent Preclean 0.118ms
[2025-02-05T20:30:11.555-0500][94.751s] GC(8) Pause Remark
[2025-02-05T20:30:11.558-0500][94.755s] GC(8) Pause Remark 66M->66M(512M) 4.618ms
[2025-02-05T20:30:11.558-0500][94.755s] GC(8) User=0.00s Sys=0.00s Real=0.00s
[2025-02-05T20:30:11.558-0500][94.755s] GC(8) Concurrent Mark 51.082ms
[2025-02-05T20:30:11.558-0500][94.755s] GC(8) Concurrent Rebuild Remembered Sets
[2025-02-05T20:30:11.558-0500][94.755s] GC(8) Concurrent Rebuild Remembered Sets 0.050ms
[2025-02-05T20:30:11.561-0500][94.756s] GC(8) Pause Cleanup
[2025-02-05T20:30:11.561-0500][94.756s] GC(8) Pause Cleanup 66M->66M(512M) 0.044ms
[2025-02-05T20:30:11.561-0500][94.756s] GC(8) User=0.00s Sys=0.00s Real=0.00s
[2025-02-05T20:30:11.561-0500][94.757s] GC(8) Concurrent Cleanup for Next Mark
[2025-02-05T20:30:11.562-0500][94.758s] GC(8) Concurrent Cleanup for Next Mark 1.474ms
[2025-02-05T20:30:11.562-0500][94.758s] GC(8) Concurrent Mark Cycle 87.093ms
[2025-02-19T11:01:43.729-0500][0.448s] CardTable entry size: 512
[2025-02-19T11:01:43.792-0500][0.499s] Using G1
[2025-02-19T11:01:43.967-0500][0.675s] Version: 18.0.1+10-24 (release)
[2025-02-19T11:01:43.967-0500][0.675s] CPUs: 8 total, 8 available
[2025-02-19T11:01:43.967-0500][0.676s] Memory: 7992M
[2025-02-19T11:01:43.967-0500][0.676s] Large Page Support: Disabled
[2025-02-19T11:01:43.967-0500][0.676s] NUMA Support: Disabled
[2025-02-19T11:01:43.967-0500][0.676s] Compressed Oops: Enabled (32-bit)
[2025-02-19T11:01:43.967-0500][0.676s] Heap Region Size: 1M
[2025-02-19T11:01:43.967-0500][0.676s] Heap Min Capacity: 512M
[2025-02-19T11:01:43.967-0500][0.676s] Heap Initial Capacity: 512M
[2025-02-19T11:01:43.967-0500][0.676s] Heap Max Capacity: 512M
[2025-02-19T11:01:43.967-0500][0.676s] Pre-touch: Enabled
[2025-02-19T11:01:43.967-0500][0.676s] Parallel Workers: 8
[2025-02-19T11:01:43.967-0500][0.676s] Concurrent Workers: 2
[2025-02-19T11:01:43.967-0500][0.676s] Concurrent Refinement Workers: 8
[2025-02-19T11:01:43.967-0500][0.676s] Periodic GC: Disabled
[2025-02-19T11:01:43.967-0500][0.677s] CDS archive(s) mapped at: [0x0000000800000000-0x0000000800b90000-0x0000000800b90000), size 12124160, SharedBaseAddress: 0x0000000800000000, ArchiveRelocationMode: 0.
[2025-02-19T11:01:43.967-0500][0.677s] Compressed class space mapped at: 0x0000000800c00000-0x0000000840c00000, reserved size: 1073741824
[2025-02-19T11:01:43.967-0500][0.677s] Narrow klass base: 0x0000000800000000, Narrow klass shift: 0, Narrow klass range: 0x100000000
[2025-02-19T11:02:18.629-0500][35.349s] GC(0) Pause Young (Normal) (G1 Evacuation Pause)
[2025-02-19T11:02:18.629-0500][35.350s] GC(0) Using 8 workers of 8 for evacuation
[2025-02-19T11:02:18.652-0500][35.359s] GC(0)   Pre Evacuate Collection Set: 0.2ms
[2025-02-19T11:02:18.652-0500][35.359s] GC(0)   Merge Heap Roots: 0.1ms
[2025-02-19T11:02:18.652-0500][35.359s] GC(0)   Evacuate Collection Set: 7.2ms
[2025-02-19T11:02:18.652-0500][35.359s] GC(0)   Post Evacuate Collection Set: 1.3ms
[2025-02-19T11:02:18.652-0500][35.359s] GC(0)   Other: 1.0ms
[2025-02-19T11:02:18.652-0500][35.359s] GC(0) Eden regions: 29->0(39)
[2025-02-19T11:02:18.652-0500][35.359s] GC(0) Survivor regions: 0->4(4)
[2025-02-19T11:02:18.652-0500][35.359s] GC(0) Old regions: 0->1
[2025-02-19T11:02:18.652-0500][35.359s] GC(0) Archive regions: 0->0
[2025-02-19T11:02:18.652-0500][35.359s] GC(0) Humongous regions: 0->0
[2025-02-19T11:02:18.652-0500][35.359s] GC(0) Metaspace: 10049K(10304K)->10049K(10304K) NonClass: 8898K(9024K)->8898K(9024K) Class: 1150K(1280K)->1150K(1280K)
[2025-02-19T11:02:18.652-0500][35.359s] GC(0) Pause Young (Normal) (G1 Evacuation Pause) 29M->4M(512M) 10.738ms
[2025-02-19T11:02:18.652-0500][35.360s] GC(0) User=0.06s Sys=0.05s Real=0.02s
[2025-02-19T11:02:25.037-0500][41.743s] GC(1) Pause Young (Normal) (G1 Evacuation Pause)
[2025-02-19T11:02:25.037-0500][41.744s] GC(1) Using 8 workers of 8 for evacuation
[2025-02-19T11:02:25.054-0500][41.762s] GC(1)   Pre Evacuate Collection Set: 0.2ms
[2025-02-19T11:02:25.054-0500][41.762s] GC(1)   Merge Heap Roots: 0.2ms
[2025-02-19T11:02:25.054-0500][41.762s] GC(1)   Evacuate Collection Set: 16.4ms
[2025-02-19T11:02:25.054-0500][41.762s] GC(1)   Post Evacuate Collection Set: 1.0ms
[2025-02-19T11:02:25.054-0500][41.762s] GC(1)   Other: 0.2ms
[2025-02-19T11:02:25.054-0500][41.762s] GC(1) Eden regions: 37->0(168)
[2025-02-19T11:02:25.054-0500][41.762s] GC(1) Survivor regions: 4->6(6)
[2025-02-19T11:02:25.054-0500][41.762s] GC(1) Old regions: 1->9
[2025-02-19T11:02:25.054-0500][41.762s] GC(1) Archive regions: 0->0
[2025-02-19T11:02:25.054-0500][41.762s] GC(1) Humongous regions: 4->4
[2025-02-19T11:02:25.054-0500][41.762s] GC(1) Metaspace: 18587K(19008K)->18587K(19008K) NonClass: 16432K(16640K)->16432K(16640K) Class: 2155K(2368K)->2155K(2368K)
[2025-02-19T11:02:25.054-0500][41.762s] GC(1) Pause Young (Normal) (G1 Evacuation Pause) 45M->18M(512M) 18.510ms
[2025-02-19T11:02:25.054-0500][41.762s] GC(1) User=0.08s Sys=0.06s Real=0.02s
[2025-02-19T11:02:28.588-0500][45.298s] GC(2) Pause Young (Concurrent Start) (Metadata GC Threshold)
[2025-02-19T11:02:28.588-0500][45.298s] GC(2) Using 8 workers of 8 for evacuation
[2025-02-19T11:02:28.608-0500][45.315s] GC(2)   Pre Evacuate Collection Set: 0.8ms
[2025-02-19T11:02:28.608-0500][45.315s] GC(2)   Merge Heap Roots: 0.3ms
[2025-02-19T11:02:28.608-0500][45.315s] GC(2)   Evacuate Collection Set: 13.7ms
[2025-02-19T11:02:28.608-0500][45.315s] GC(2)   Post Evacuate Collection Set: 1.4ms
[2025-02-19T11:02:28.608-0500][45.315s] GC(2)   Other: 0.4ms
[2025-02-19T11:02:28.608-0500][45.315s] GC(2) Eden regions: 44->0(295)
[2025-02-19T11:02:28.608-0500][45.315s] GC(2) Survivor regions: 6->12(22)
[2025-02-19T11:02:28.608-0500][45.315s] GC(2) Old regions: 9->9
[2025-02-19T11:02:28.608-0500][45.315s] GC(2) Archive regions: 0->0
[2025-02-19T11:02:28.608-0500][45.315s] GC(2) Humongous regions: 4->4
[2025-02-19T11:02:28.608-0500][45.315s] GC(2) Metaspace: 21097K(21504K)->21097K(21504K) NonClass: 18667K(18880K)->18667K(18880K) Class: 2429K(2624K)->2429K(2624K)
[2025-02-19T11:02:28.608-0500][45.316s] GC(2) Pause Young (Concurrent Start) (Metadata GC Threshold) 62M->23M(512M) 17.782ms
[2025-02-19T11:02:28.608-0500][45.316s] GC(2) User=0.00s Sys=0.11s Real=0.02s
[2025-02-19T11:02:28.608-0500][45.316s] GC(3) Concurrent Mark Cycle
[2025-02-19T11:02:28.611-0500][45.316s] GC(3) Concurrent Clear Claimed Marks
[2025-02-19T11:02:28.611-0500][45.316s] GC(3) Concurrent Clear Claimed Marks 0.095ms
[2025-02-19T11:02:28.611-0500][45.316s] GC(3) Concurrent Scan Root Regions
[2025-02-19T11:02:28.619-0500][45.325s] GC(3) Concurrent Scan Root Regions 9.080ms
[2025-02-19T11:02:28.619-0500][45.325s] GC(3) Concurrent Mark
[2025-02-19T11:02:28.619-0500][45.325s] GC(3) Concurrent Mark From Roots
[2025-02-19T11:02:28.619-0500][45.325s] GC(3) Using 2 workers of 2 for marking
[2025-02-19T11:02:28.638-0500][45.352s] GC(3) Concurrent Mark From Roots 26.619ms
[2025-02-19T11:02:28.638-0500][45.352s] GC(3) Concurrent Preclean
[2025-02-19T11:02:28.638-0500][45.352s] GC(3) Concurrent Preclean 0.066ms
[2025-02-19T11:02:28.638-0500][45.352s] GC(3) Pause Remark
[2025-02-19T11:02:28.638-0500][45.356s] GC(3) Pause Remark 24M->24M(512M) 3.422ms
[2025-02-19T11:02:28.638-0500][45.356s] GC(3) User=0.03s Sys=0.02s Real=0.00s
[2025-02-19T11:02:28.638-0500][45.356s] GC(3) Concurrent Mark 30.688ms
[2025-02-19T11:02:28.638-0500][45.356s] GC(3) Concurrent Rebuild Remembered Sets
[2025-02-19T11:02:28.660-0500][45.367s] GC(3) Concurrent Rebuild Remembered Sets 10.699ms
[2025-02-19T11:02:28.660-0500][45.367s] GC(3) Pause Cleanup
[2025-02-19T11:02:28.660-0500][45.367s] GC(3) Pause Cleanup 24M->24M(512M) 0.217ms
[2025-02-19T11:02:28.660-0500][45.367s] GC(3) User=0.00s Sys=0.00s Real=0.00s
[2025-02-19T11:02:28.667-0500][45.379s] GC(3) Concurrent Cleanup for Next Mark
[2025-02-19T11:02:28.667-0500][45.381s] GC(3) Concurrent Cleanup for Next Mark 1.492ms
[2025-02-19T11:02:28.667-0500][45.381s] GC(3) Concurrent Mark Cycle 65.144ms
[2025-02-19T11:02:40.716-0500][57.423s] GC(4) Pause Young (Concurrent Start) (Metadata GC Threshold)
[2025-02-19T11:02:40.716-0500][57.423s] GC(4) Using 8 workers of 8 for evacuation
[2025-02-19T11:02:40.729-0500][57.436s] GC(4)   Pre Evacuate Collection Set: 0.2ms
[2025-02-19T11:02:40.729-0500][57.436s] GC(4)   Merge Heap Roots: 0.1ms
[2025-02-19T11:02:40.729-0500][57.436s] GC(4)   Evacuate Collection Set: 10.5ms
[2025-02-19T11:02:40.729-0500][57.436s] GC(4)   Post Evacuate Collection Set: 1.1ms
[2025-02-19T11:02:40.729-0500][57.436s] GC(4)   Other: 0.2ms
[2025-02-19T11:02:40.729-0500][57.436s] GC(4) Eden regions: 82->0(291)
[2025-02-19T11:02:40.729-0500][57.436s] GC(4) Survivor regions: 12->16(39)
[2025-02-19T11:02:40.729-0500][57.436s] GC(4) Old regions: 9->9
[2025-02-19T11:02:40.729-0500][57.436s] GC(4) Archive regions: 0->0
[2025-02-19T11:02:40.729-0500][57.436s] GC(4) Humongous regions: 4->4
[2025-02-19T11:02:40.729-0500][57.436s] GC(4) Metaspace: 35531K(35968K)->35531K(35968K) NonClass: 31350K(31552K)->31350K(31552K) Class: 4181K(4416K)->4181K(4416K)
[2025-02-19T11:02:40.729-0500][57.436s] GC(4) Pause Young (Concurrent Start) (Metadata GC Threshold) 105M->28M(512M) 12.686ms
[2025-02-19T11:02:40.729-0500][57.436s] GC(4) User=0.11s Sys=0.02s Real=0.01s
[2025-02-19T11:02:40.729-0500][57.436s] GC(5) Concurrent Mark Cycle
[2025-02-19T11:02:40.731-0500][57.436s] GC(5) Concurrent Clear Claimed Marks
[2025-02-19T11:02:40.731-0500][57.436s] GC(5) Concurrent Clear Claimed Marks 0.060ms
[2025-02-19T11:02:40.731-0500][57.436s] GC(5) Concurrent Scan Root Regions
[2025-02-19T11:02:40.735-0500][57.443s] GC(5) Concurrent Scan Root Regions 6.247ms
[2025-02-19T11:02:40.735-0500][57.443s] GC(5) Concurrent Mark
[2025-02-19T11:02:40.735-0500][57.443s] GC(5) Concurrent Mark From Roots
[2025-02-19T11:02:40.735-0500][57.443s] GC(5) Using 2 workers of 2 for marking
[2025-02-19T11:02:40.753-0500][57.458s] GC(5) Concurrent Mark From Roots 15.826ms
[2025-02-19T11:02:40.753-0500][57.459s] GC(5) Concurrent Preclean
[2025-02-19T11:02:40.753-0500][57.459s] GC(5) Concurrent Preclean 0.052ms
[2025-02-19T11:02:40.753-0500][57.459s] GC(5) Pause Remark
[2025-02-19T11:02:40.753-0500][57.461s] GC(5) Pause Remark 30M->30M(512M) 2.645ms
[2025-02-19T11:02:40.753-0500][57.461s] GC(5) User=0.00s Sys=0.00s Real=0.00s
[2025-02-19T11:02:40.753-0500][57.462s] GC(5) Concurrent Mark 18.967ms
[2025-02-19T11:02:40.753-0500][57.462s] GC(5) Concurrent Rebuild Remembered Sets
[2025-02-19T11:02:40.762-0500][57.468s] GC(5) Concurrent Rebuild Remembered Sets 6.389ms
[2025-02-19T11:02:40.762-0500][57.468s] GC(5) Pause Cleanup
[2025-02-19T11:02:40.762-0500][57.468s] GC(5) Pause Cleanup 30M->30M(512M) 0.184ms
[2025-02-19T11:02:40.762-0500][57.468s] GC(5) User=0.00s Sys=0.00s Real=0.00s
[2025-02-19T11:02:40.762-0500][57.468s] GC(5) Concurrent Cleanup for Next Mark
[2025-02-19T11:02:40.762-0500][57.469s] GC(5) Concurrent Cleanup for Next Mark 0.923ms
[2025-02-19T11:02:40.762-0500][57.469s] GC(5) Concurrent Mark Cycle 33.390ms
[2025-02-19T11:03:01.600-0500][78.308s] GC(6) Pause Young (Normal) (G1 Evacuation Pause)
[2025-02-19T11:03:01.600-0500][78.308s] GC(6) Using 8 workers of 8 for evacuation
[2025-02-19T11:03:01.641-0500][78.349s] GC(6)   Pre Evacuate Collection Set: 0.2ms
[2025-02-19T11:03:01.641-0500][78.349s] GC(6)   Merge Heap Roots: 0.2ms
[2025-02-19T11:03:01.641-0500][78.349s] GC(6)   Evacuate Collection Set: 37.8ms
[2025-02-19T11:03:01.641-0500][78.349s] GC(6)   Post Evacuate Collection Set: 2.4ms
[2025-02-19T11:03:01.641-0500][78.349s] GC(6)   Other: 0.3ms
[2025-02-19T11:03:01.641-0500][78.349s] GC(6) Eden regions: 291->0(221)
[2025-02-19T11:03:01.641-0500][78.349s] GC(6) Survivor regions: 16->39(39)
[2025-02-19T11:03:01.641-0500][78.349s] GC(6) Old regions: 9->15
[2025-02-19T11:03:01.641-0500][78.349s] GC(6) Archive regions: 0->0
[2025-02-19T11:03:01.641-0500][78.349s] GC(6) Humongous regions: 4->4
[2025-02-19T11:03:01.641-0500][78.349s] GC(6) Metaspace: 57159K(57856K)->57159K(57856K) NonClass: 50095K(50432K)->50095K(50432K) Class: 7063K(7424K)->7063K(7424K)
[2025-02-19T11:03:01.641-0500][78.350s] GC(6) Pause Young (Normal) (G1 Evacuation Pause) 319M->57M(512M) 41.583ms
[2025-02-19T11:03:01.641-0500][78.350s] GC(6) User=0.25s Sys=0.00s Real=0.04s
[2025-02-19T15:11:29.594-0500][14986.300s] GC(7) Pause Young (Concurrent Start) (Metadata GC Threshold)
[2025-02-19T15:11:30.002-0500][14986.707s] GC(7) Using 8 workers of 8 for evacuation
[2025-02-19T15:11:37.186-0500][14993.902s] GC(7) MMU target violated: 251.0ms (250.0ms/251.0ms)
[2025-02-19T15:11:37.186-0500][14993.902s] GC(7)   Pre Evacuate Collection Set: 252.2ms
[2025-02-19T15:11:37.186-0500][14993.902s] GC(7)   Merge Heap Roots: 261.7ms
[2025-02-19T15:11:37.186-0500][14993.903s] GC(7)   Evacuate Collection Set: 6597.8ms
[2025-02-19T15:11:37.186-0500][14993.903s] GC(7)   Post Evacuate Collection Set: 36.2ms
[2025-02-19T15:11:37.186-0500][14993.903s] GC(7)   Other: 179.9ms
[2025-02-19T15:11:37.186-0500][14993.903s] GC(7) Eden regions: 148->0(16)
[2025-02-19T15:11:37.186-0500][14993.903s] GC(7) Survivor regions: 39->9(31)
[2025-02-19T15:11:37.186-0500][14993.903s] GC(7) Old regions: 15->53
[2025-02-19T15:11:37.186-0500][14993.903s] GC(7) Archive regions: 0->0
[2025-02-19T15:11:37.186-0500][14993.903s] GC(7) Humongous regions: 4->4
[2025-02-19T15:11:37.203-0500][14993.909s] GC(7) Metaspace: 59370K(60096K)->59370K(60096K) NonClass: 52083K(52480K)->52083K(52480K) Class: 7286K(7616K)->7286K(7616K)
[2025-02-19T15:11:37.203-0500][14993.909s] GC(7) Pause Young (Concurrent Start) (Metadata GC Threshold) 204M->65M(512M) 7634.085ms
[2025-02-19T15:11:37.203-0500][14993.910s] GC(7) User=0.94s Sys=0.44s Real=7.63s
[2025-02-19T15:11:37.203-0500][14993.922s] GC(8) Concurrent Mark Cycle
[2025-02-19T15:11:37.203-0500][14993.922s] GC(8) Concurrent Clear Claimed Marks
[2025-02-19T15:11:37.203-0500][14993.922s] GC(8) Concurrent Clear Claimed Marks 0.179ms
[2025-02-19T15:11:37.203-0500][14993.922s] GC(8) Concurrent Scan Root Regions
[2025-02-19T15:11:37.543-0500][14994.254s] GC(8) Concurrent Scan Root Regions 332.045ms
[2025-02-19T15:11:37.543-0500][14994.254s] GC(8) Concurrent Mark
[2025-02-19T15:11:37.543-0500][14994.254s] GC(8) Concurrent Mark From Roots
[2025-02-19T15:11:37.543-0500][14994.254s] GC(8) Using 2 workers of 2 for marking
[2025-02-19T15:11:37.846-0500][14994.552s] GC(8) Concurrent Mark From Roots 297.247ms
[2025-02-19T15:11:37.846-0500][14994.552s] GC(8) Concurrent Preclean
[2025-02-19T15:11:37.846-0500][14994.552s] GC(8) Concurrent Preclean 0.177ms
[2025-02-19T15:11:37.913-0500][14994.619s] GC(8) Pause Remark
[2025-02-19T15:11:45.751-0500][15002.457s] GC(8) MMU target violated: 251.0ms (250.0ms/251.0ms)
[2025-02-19T15:11:45.751-0500][15002.457s] GC(8) Pause Remark 66M->66M(512M) 7837.633ms
[2025-02-19T15:11:45.751-0500][15002.457s] GC(8) User=0.36s Sys=0.33s Real=7.84s
[2025-02-19T15:11:45.751-0500][15002.457s] GC(8) Concurrent Mark 8202.896ms
[2025-02-19T15:11:45.751-0500][15002.457s] GC(8) Concurrent Rebuild Remembered Sets
[2025-02-19T15:11:46.891-0500][15003.597s] GC(8) Concurrent Rebuild Remembered Sets 1139.695ms
[2025-02-19T15:11:47.061-0500][15003.767s] GC(8) Pause Cleanup
[2025-02-19T15:11:47.062-0500][15003.767s] GC(8) Pause Cleanup 67M->67M(512M) 0.879ms
[2025-02-19T15:11:47.062-0500][15003.768s] GC(8) User=0.00s Sys=0.00s Real=0.00s
[2025-02-19T15:11:47.062-0500][15003.768s] GC(8) Concurrent Cleanup for Next Mark
[2025-02-19T15:11:47.068-0500][15003.774s] GC(8) Concurrent Cleanup for Next Mark 6.131ms
[2025-02-19T15:11:47.068-0500][15003.774s] GC(8) Concurrent Mark Cycle 9852.764ms
[2025-02-19T15:13:46.917-0500][15123.623s] GC(9) Pause Young (Normal) (G1 Evacuation Pause)
[2025-02-19T15:13:46.917-0500][15123.623s] GC(9) Using 8 workers of 8 for evacuation
[2025-02-19T15:13:46.966-0500][15123.672s] GC(9)   Pre Evacuate Collection Set: 0.4ms
[2025-02-19T15:13:46.966-0500][15123.672s] GC(9)   Merge Heap Roots: 0.3ms
[2025-02-19T15:13:46.966-0500][15123.672s] GC(9)   Evacuate Collection Set: 27.3ms
[2025-02-19T15:13:46.966-0500][15123.672s] GC(9)   Post Evacuate Collection Set: 20.7ms
[2025-02-19T15:13:46.966-0500][15123.672s] GC(9)   Other: 0.2ms
[2025-02-19T15:13:46.966-0500][15123.672s] GC(9) Eden regions: 16->0(22)
[2025-02-19T15:13:46.966-0500][15123.672s] GC(9) Survivor regions: 9->3(4)
[2025-02-19T15:13:46.966-0500][15123.672s] GC(9) Old regions: 53->61
[2025-02-19T15:13:46.966-0500][15123.672s] GC(9) Archive regions: 0->0
[2025-02-19T15:13:46.966-0500][15123.672s] GC(9) Humongous regions: 4->4
[2025-02-19T15:13:46.966-0500][15123.672s] GC(9) Metaspace: 59799K(60544K)->59799K(60544K) NonClass: 52448K(52864K)->52448K(52864K) Class: 7351K(7680K)->7351K(7680K)
[2025-02-19T15:13:46.985-0500][15123.691s] GC(9) Pause Young (Normal) (G1 Evacuation Pause) 81M->67M(512M) 67.477ms
[2025-02-19T15:13:46.985-0500][15123.691s] GC(9) User=0.02s Sys=0.08s Real=0.07s
[2025-02-19T20:35:15.166-0500][34433.463s] GC(10) Pause Young (Normal) (G1 Evacuation Pause)
[2025-02-19T20:35:15.218-0500][34433.515s] GC(10) Using 8 workers of 8 for evacuation
[2025-02-19T20:35:16.393-0500][34434.692s] GC(10) MMU target violated: 251.0ms (250.0ms/251.0ms)
[2025-02-19T20:35:16.393-0500][34434.692s] GC(10)   Pre Evacuate Collection Set: 95.5ms
[2025-02-19T20:35:16.393-0500][34434.693s] GC(10)   Merge Heap Roots: 20.3ms
[2025-02-19T20:35:16.393-0500][34434.693s] GC(10)   Evacuate Collection Set: 973.4ms
[2025-02-19T20:35:16.393-0500][34434.693s] GC(10)   Post Evacuate Collection Set: 40.9ms
[2025-02-19T20:35:16.393-0500][34434.693s] GC(10)   Other: 96.9ms
[2025-02-19T20:35:16.396-0500][34434.694s] GC(10) Eden regions: 22->0(23)
[2025-02-19T20:35:16.396-0500][34434.694s] GC(10) Survivor regions: 3->2(4)
[2025-02-19T20:35:16.396-0500][34434.694s] GC(10) Old regions: 61->61
[2025-02-19T20:35:16.396-0500][34434.694s] GC(10) Archive regions: 0->0
[2025-02-19T20:35:16.396-0500][34434.694s] GC(10) Humongous regions: 4->4
[2025-02-19T20:35:16.396-0500][34434.694s] GC(10) Metaspace: 60233K(60928K)->60233K(60928K) NonClass: 52854K(53248K)->52854K(53248K) Class: 7378K(7680K)->7378K(7680K)
[2025-02-19T20:35:16.398-0500][34434.695s] GC(10) Pause Young (Normal) (G1 Evacuation Pause) 89M->66M(512M) 1231.594ms
[2025-02-19T20:35:16.398-0500][34434.696s] GC(10) User=0.09s Sys=0.20s Real=1.24s
[2025-02-19T20:58:17.473-0500][35815.773s] GC(11) Pause Young (Normal) (G1 Evacuation Pause)
[2025-02-19T20:58:17.502-0500][35815.808s] GC(11) Using 8 workers of 8 for evacuation
[2025-02-19T20:58:18.773-0500][35817.070s] GC(11) MMU target violated: 251.0ms (250.0ms/251.0ms)
[2025-02-19T20:58:18.787-0500][35817.084s] GC(11)   Pre Evacuate Collection Set: 40.1ms
[2025-02-19T20:58:18.787-0500][35817.084s] GC(11)   Merge Heap Roots: 1.9ms
[2025-02-19T20:58:18.787-0500][35817.084s] GC(11)   Evacuate Collection Set: 1199.6ms
[2025-02-19T20:58:18.787-0500][35817.084s] GC(11)   Post Evacuate Collection Set: 18.0ms
[2025-02-19T20:58:18.787-0500][35817.084s] GC(11)   Other: 5.2ms
[2025-02-19T20:58:18.787-0500][35817.085s] GC(11) Eden regions: 23->0(22)
[2025-02-19T20:58:18.787-0500][35817.085s] GC(11) Survivor regions: 2->3(4)
[2025-02-19T20:58:18.787-0500][35817.085s] GC(11) Old regions: 61->61
[2025-02-19T20:58:18.787-0500][35817.085s] GC(11) Archive regions: 0->0
[2025-02-19T20:58:18.787-0500][35817.085s] GC(11) Humongous regions: 4->4
[2025-02-19T20:58:18.787-0500][35817.085s] GC(11) Metaspace: 61991K(62848K)->61991K(62848K) NonClass: 54420K(54848K)->54420K(54848K) Class: 7571K(8000K)->7571K(8000K)
[2025-02-19T20:58:18.787-0500][35817.085s] GC(11) Pause Young (Normal) (G1 Evacuation Pause) 89M->67M(512M) 1312.167ms
[2025-02-19T20:58:18.787-0500][35817.085s] GC(11) User=0.30s Sys=0.45s Real=1.31s
[2025-02-19T20:58:41.078-0500][35839.376s] GC(12) Pause Young (Normal) (G1 Evacuation Pause)
[2025-02-19T20:58:41.096-0500][35839.393s] GC(12) Using 8 workers of 8 for evacuation
[2025-02-19T20:58:41.178-0500][35839.483s] GC(12)   Pre Evacuate Collection Set: 0.5ms
[2025-02-19T20:58:41.178-0500][35839.484s] GC(12)   Merge Heap Roots: 0.5ms
[2025-02-19T20:58:41.178-0500][35839.484s] GC(12)   Evacuate Collection Set: 50.5ms
[2025-02-19T20:58:41.178-0500][35839.484s] GC(12)   Post Evacuate Collection Set: 1.4ms
[2025-02-19T20:58:41.178-0500][35839.484s] GC(12)   Other: 37.6ms
[2025-02-19T20:58:41.178-0500][35839.484s] GC(12) Eden regions: 22->0(23)
[2025-02-19T20:58:41.178-0500][35839.484s] GC(12) Survivor regions: 3->2(4)
[2025-02-19T20:58:41.178-0500][35839.484s] GC(12) Old regions: 61->62
[2025-02-19T20:58:41.178-0500][35839.484s] GC(12) Archive regions: 0->0
[2025-02-19T20:58:41.178-0500][35839.484s] GC(12) Humongous regions: 4->4
[2025-02-19T20:58:41.178-0500][35839.484s] GC(12) Metaspace: 62037K(62912K)->62037K(62912K) NonClass: 54463K(54912K)->54463K(54912K) Class: 7574K(8000K)->7574K(8000K)
[2025-02-19T20:58:41.178-0500][35839.484s] GC(12) Pause Young (Normal) (G1 Evacuation Pause) 89M->67M(512M) 108.356ms
[2025-02-19T20:58:41.178-0500][35839.484s] GC(12) User=0.02s Sys=0.03s Real=0.10s
[2025-02-19T20:59:28.309-0500][35886.617s] GC(13) Pause Young (Normal) (G1 Evacuation Pause)
[2025-02-19T20:59:28.309-0500][35886.617s] GC(13) Using 8 workers of 8 for evacuation
[2025-02-19T20:59:28.374-0500][35886.684s] GC(13)   Pre Evacuate Collection Set: 0.4ms
[2025-02-19T20:59:28.374-0500][35886.684s] GC(13)   Merge Heap Roots: 37.0ms
[2025-02-19T20:59:28.374-0500][35886.684s] GC(13)   Evacuate Collection Set: 10.5ms
[2025-02-19T20:59:28.374-0500][35886.684s] GC(13)   Post Evacuate Collection Set: 1.3ms
[2025-02-19T20:59:28.374-0500][35886.684s] GC(13)   Other: 17.6ms
[2025-02-19T20:59:28.374-0500][35886.684s] GC(13) Eden regions: 23->0(23)
[2025-02-19T20:59:28.374-0500][35886.684s] GC(13) Survivor regions: 2->2(4)
[2025-02-19T20:59:28.374-0500][35886.685s] GC(13) Old regions: 62->62
[2025-02-19T20:59:28.374-0500][35886.685s] GC(13) Archive regions: 0->0
[2025-02-19T20:59:28.374-0500][35886.685s] GC(13) Humongous regions: 4->4
[2025-02-19T20:59:28.374-0500][35886.685s] GC(13) Metaspace: 62076K(62976K)->62076K(62976K) NonClass: 54501K(54976K)->54501K(54976K) Class: 7574K(8000K)->7574K(8000K)
[2025-02-19T20:59:28.388-0500][35886.697s] GC(13) Pause Young (Normal) (G1 Evacuation Pause) 90M->67M(512M) 80.335ms
[2025-02-19T20:59:28.388-0500][35886.697s] GC(13) User=0.11s Sys=0.03s Real=0.08s
[2025-02-19T21:00:25.010-0500][35943.312s] GC(14) Pause Young (Normal) (G1 Evacuation Pause)
[2025-02-19T21:00:25.010-0500][35943.312s] GC(14) Using 8 workers of 8 for evacuation
[2025-02-19T21:00:25.281-0500][35943.583s] GC(14) MMU target violated: 251.0ms (250.0ms/251.0ms)
[2025-02-19T21:00:25.281-0500][35943.583s] GC(14)   Pre Evacuate Collection Set: 0.2ms
[2025-02-19T21:00:25.281-0500][35943.583s] GC(14)   Merge Heap Roots: 0.1ms
[2025-02-19T21:00:25.281-0500][35943.583s] GC(14)   Evacuate Collection Set: 268.9ms
[2025-02-19T21:00:25.281-0500][35943.583s] GC(14)   Post Evacuate Collection Set: 1.0ms
[2025-02-19T21:00:25.281-0500][35943.583s] GC(14)   Other: 0.4ms
[2025-02-19T21:00:25.281-0500][35943.583s] GC(14) Eden regions: 23->0(21)
[2025-02-19T21:00:25.281-0500][35943.583s] GC(14) Survivor regions: 2->4(4)
[2025-02-19T21:00:25.281-0500][35943.583s] GC(14) Old regions: 62->62
[2025-02-19T21:00:25.281-0500][35943.583s] GC(14) Archive regions: 0->0
[2025-02-19T21:00:25.281-0500][35943.583s] GC(14) Humongous regions: 4->4
[2025-02-19T21:00:25.281-0500][35943.583s] GC(14) Metaspace: 62110K(62976K)->62110K(62976K) NonClass: 54535K(54976K)->54535K(54976K) Class: 7574K(8000K)->7574K(8000K)
[2025-02-19T21:00:25.281-0500][35943.583s] GC(14) Pause Young (Normal) (G1 Evacuation Pause) 90M->69M(512M) 271.343ms
[2025-02-19T21:00:25.281-0500][35943.583s] GC(14) User=0.12s Sys=0.08s Real=0.27s
[2025-02-19T21:00:27.942-0500][35946.240s] GC(15) Pause Young (Normal) (G1 Evacuation Pause)
[2025-02-19T21:00:27.942-0500][35946.241s] GC(15) Using 8 workers of 8 for evacuation
[2025-02-19T21:00:27.946-0500][35946.246s] GC(15)   Pre Evacuate Collection Set: 0.5ms
[2025-02-19T21:00:27.946-0500][35946.246s] GC(15)   Merge Heap Roots: 0.2ms
[2025-02-19T21:00:27.946-0500][35946.246s] GC(15)   Evacuate Collection Set: 2.3ms
[2025-02-19T21:00:27.946-0500][35946.246s] GC(15)   Post Evacuate Collection Set: 1.8ms
[2025-02-19T21:00:27.946-0500][35946.246s] GC(15)   Other: 0.5ms
[2025-02-19T21:00:27.946-0500][35946.247s] GC(15) Eden regions: 21->0(23)
[2025-02-19T21:00:27.946-0500][35946.247s] GC(15) Survivor regions: 4->2(4)
[2025-02-19T21:00:27.946-0500][35946.247s] GC(15) Old regions: 62->63
[2025-02-19T21:00:27.946-0500][35946.247s] GC(15) Archive regions: 0->0
[2025-02-19T21:00:27.946-0500][35946.247s] GC(15) Humongous regions: 4->4
[2025-02-19T21:00:27.946-0500][35946.247s] GC(15) Metaspace: 62147K(62976K)->62147K(62976K) NonClass: 54571K(54976K)->54571K(54976K) Class: 7575K(8000K)->7575K(8000K)
[2025-02-19T21:00:27.946-0500][35946.248s] GC(15) Pause Young (Normal) (G1 Evacuation Pause) 90M->68M(512M) 7.549ms
[2025-02-19T21:00:27.946-0500][35946.248s] GC(15) User=0.11s Sys=0.02s Real=0.00s
[2025-02-19T21:08:44.783-0500][36443.081s] GC(16) Pause Young (Normal) (G1 Evacuation Pause)
[2025-02-19T21:08:44.784-0500][36443.082s] GC(16) Using 8 workers of 8 for evacuation
[2025-02-19T21:08:44.909-0500][36443.207s] GC(16)   Pre Evacuate Collection Set: 2.7ms
[2025-02-19T21:08:44.909-0500][36443.208s] GC(16)   Merge Heap Roots: 0.8ms
[2025-02-19T21:08:44.910-0500][36443.208s] GC(16)   Evacuate Collection Set: 112.0ms
[2025-02-19T21:08:44.910-0500][36443.208s] GC(16)   Post Evacuate Collection Set: 7.8ms
[2025-02-19T21:08:44.910-0500][36443.208s] GC(16)   Other: 2.4ms
[2025-02-19T21:08:44.910-0500][36443.208s] GC(16) Eden regions: 23->0(22)
[2025-02-19T21:08:44.910-0500][36443.209s] GC(16) Survivor regions: 2->3(4)
[2025-02-19T21:08:44.910-0500][36443.209s] GC(16) Old regions: 63->63
[2025-02-19T21:08:44.912-0500][36443.209s] GC(16) Archive regions: 0->0
[2025-02-19T21:08:44.912-0500][36443.209s] GC(16) Humongous regions: 4->4
[2025-02-19T21:08:44.912-0500][36443.209s] GC(16) Metaspace: 62165K(62976K)->62165K(62976K) NonClass: 54590K(54976K)->54590K(54976K) Class: 7575K(8000K)->7575K(8000K)
[2025-02-19T21:08:44.912-0500][36443.209s] GC(16) Pause Young (Normal) (G1 Evacuation Pause) 91M->68M(512M) 128.690ms
[2025-02-19T21:08:44.912-0500][36443.210s] GC(16) User=0.14s Sys=0.03s Real=0.13s
[2025-02-19T21:10:29.905-0500][36548.202s] GC(17) Pause Young (Normal) (G1 Evacuation Pause)
[2025-02-19T21:10:29.905-0500][36548.202s] GC(17) Using 8 workers of 8 for evacuation
[2025-02-19T21:10:29.931-0500][36548.229s] GC(17)   Pre Evacuate Collection Set: 0.1ms
[2025-02-19T21:10:29.931-0500][36548.229s] GC(17)   Merge Heap Roots: 0.1ms
[2025-02-19T21:10:29.931-0500][36548.229s] GC(17)   Evacuate Collection Set: 25.5ms
[2025-02-19T21:10:29.931-0500][36548.229s] GC(17)   Post Evacuate Collection Set: 0.5ms
[2025-02-19T21:10:29.931-0500][36548.229s] GC(17)   Other: 0.2ms
[2025-02-19T21:10:29.931-0500][36548.229s] GC(17) Eden regions: 22->0(24)
[2025-02-19T21:10:29.931-0500][36548.229s] GC(17) Survivor regions: 3->1(4)
[2025-02-19T21:10:29.931-0500][36548.229s] GC(17) Old regions: 63->63
[2025-02-19T21:10:29.931-0500][36548.229s] GC(17) Archive regions: 0->0
[2025-02-19T21:10:29.931-0500][36548.229s] GC(17) Humongous regions: 4->4
[2025-02-19T21:10:29.931-0500][36548.229s] GC(17) Metaspace: 62185K(63040K)->62185K(63040K) NonClass: 54610K(55040K)->54610K(55040K) Class: 7575K(8000K)->7575K(8000K)
[2025-02-19T21:10:29.931-0500][36548.229s] GC(17) Pause Young (Normal) (G1 Evacuation Pause) 90M->66M(512M) 26.860ms
[2025-02-19T21:10:29.931-0500][36548.229s] GC(17) User=0.02s Sys=0.00s Real=0.03s
[2025-02-19T21:13:38.708-0500][36737.006s] GC(18) Pause Young (Normal) (G1 Evacuation Pause)
[2025-02-19T21:13:38.708-0500][36737.006s] GC(18) Using 8 workers of 8 for evacuation
[2025-02-19T21:13:38.769-0500][36737.067s] GC(18)   Pre Evacuate Collection Set: 0.2ms
[2025-02-19T21:13:38.769-0500][36737.067s] GC(18)   Merge Heap Roots: 0.1ms
[2025-02-19T21:13:38.769-0500][36737.067s] GC(18)   Evacuate Collection Set: 46.5ms
[2025-02-19T21:13:38.769-0500][36737.067s] GC(18)   Post Evacuate Collection Set: 13.7ms
[2025-02-19T21:13:38.769-0500][36737.067s] GC(18)   Other: 0.2ms
[2025-02-19T21:13:38.769-0500][36737.067s] GC(18) Eden regions: 24->0(32)
[2025-02-19T21:13:38.769-0500][36737.067s] GC(18) Survivor regions: 1->2(4)
[2025-02-19T21:13:38.769-0500][36737.067s] GC(18) Old regions: 63->63
[2025-02-19T21:13:38.769-0500][36737.067s] GC(18) Archive regions: 0->0
[2025-02-19T21:13:38.769-0500][36737.067s] GC(18) Humongous regions: 4->4
[2025-02-19T21:13:38.769-0500][36737.067s] GC(18) Metaspace: 62201K(63040K)->62201K(63040K) NonClass: 54625K(55040K)->54625K(55040K) Class: 7576K(8000K)->7576K(8000K)
[2025-02-19T21:13:38.770-0500][36737.067s] GC(18) Pause Young (Normal) (G1 Evacuation Pause) 90M->67M(512M) 61.333ms
[2025-02-19T21:13:38.770-0500][36737.067s] GC(18) User=0.05s Sys=0.00s Real=0.06s
[2025-02-19T21:15:28.391-0500][36846.689s] GC(19) Pause Young (Normal) (G1 Evacuation Pause)
[2025-02-19T21:15:28.391-0500][36846.689s] GC(19) Using 8 workers of 8 for evacuation
[2025-02-19T21:15:28.566-0500][36846.864s] GC(19)   Pre Evacuate Collection Set: 0.1ms
[2025-02-19T21:15:28.566-0500][36846.864s] GC(19)   Merge Heap Roots: 0.1ms
[2025-02-19T21:15:28.566-0500][36846.864s] GC(19)   Evacuate Collection Set: 174.0ms
[2025-02-19T21:15:28.566-0500][36846.864s] GC(19)   Post Evacuate Collection Set: 0.7ms
[2025-02-19T21:15:28.566-0500][36846.865s] GC(19)   Other: 0.2ms
[2025-02-19T21:15:28.566-0500][36846.865s] GC(19) Eden regions: 32->0(24)
[2025-02-19T21:15:28.566-0500][36846.865s] GC(19) Survivor regions: 2->3(5)
[2025-02-19T21:15:28.566-0500][36846.865s] GC(19) Old regions: 63->63
[2025-02-19T21:15:28.566-0500][36846.865s] GC(19) Archive regions: 0->0
[2025-02-19T21:15:28.566-0500][36846.865s] GC(19) Humongous regions: 4->4
[2025-02-19T21:15:28.568-0500][36846.865s] GC(19) Metaspace: 62219K(63040K)->62219K(63040K) NonClass: 54643K(55040K)->54643K(55040K) Class: 7576K(8000K)->7576K(8000K)
[2025-02-19T21:15:28.568-0500][36846.865s] GC(19) Pause Young (Normal) (G1 Evacuation Pause) 99M->68M(512M) 175.728ms
[2025-02-19T21:15:28.568-0500][36846.865s] GC(19) User=0.03s Sys=0.00s Real=0.18s
[2025-02-19T21:18:26.477-0500][37024.787s] GC(20) Pause Young (Normal) (G1 Evacuation Pause)
[2025-02-19T21:18:26.477-0500][37024.788s] GC(20) Using 8 workers of 8 for evacuation
[2025-02-19T21:18:26.509-0500][37024.814s] GC(20)   Pre Evacuate Collection Set: 0.2ms
[2025-02-19T21:18:26.509-0500][37024.815s] GC(20)   Merge Heap Roots: 0.2ms
[2025-02-19T21:18:26.509-0500][37024.815s] GC(20)   Evacuate Collection Set: 25.3ms
[2025-02-19T21:18:26.509-0500][37024.815s] GC(20)   Post Evacuate Collection Set: 1.0ms
[2025-02-19T21:18:26.509-0500][37024.815s] GC(20)   Other: 0.2ms
[2025-02-19T21:18:26.509-0500][37024.815s] GC(20) Eden regions: 24->0(62)
[2025-02-19T21:18:26.509-0500][37024.815s] GC(20) Survivor regions: 3->1(4)
[2025-02-19T21:18:26.509-0500][37024.815s] GC(20) Old regions: 63->63
[2025-02-19T21:18:26.509-0500][37024.815s] GC(20) Archive regions: 0->0
[2025-02-19T21:18:26.509-0500][37024.815s] GC(20) Humongous regions: 4->4
[2025-02-19T21:18:26.509-0500][37024.815s] GC(20) Metaspace: 62420K(63296K)->62420K(63296K) NonClass: 54816K(55296K)->54816K(55296K) Class: 7603K(8000K)->7603K(8000K)
[2025-02-19T21:18:26.509-0500][37024.815s] GC(20) Pause Young (Normal) (G1 Evacuation Pause) 92M->66M(512M) 27.618ms
[2025-02-19T21:18:26.509-0500][37024.815s] GC(20) User=0.03s Sys=0.03s Real=0.03s
[2025-02-19T21:24:03.341-0500][37361.639s] GC(21) Pause Young (Normal) (G1 Evacuation Pause)
[2025-02-19T21:24:03.341-0500][37361.640s] GC(21) Using 8 workers of 8 for evacuation
[2025-02-19T21:24:03.538-0500][37361.837s] GC(21)   Pre Evacuate Collection Set: 1.1ms
[2025-02-19T21:24:03.538-0500][37361.837s] GC(21)   Merge Heap Roots: 0.5ms
[2025-02-19T21:24:03.538-0500][37361.838s] GC(21)   Evacuate Collection Set: 193.2ms
[2025-02-19T21:24:03.538-0500][37361.838s] GC(21)   Post Evacuate Collection Set: 2.3ms
[2025-02-19T21:24:03.538-0500][37361.838s] GC(21)   Other: 0.7ms
[2025-02-19T21:24:03.538-0500][37361.838s] GC(21) Eden regions: 62->0(39)
[2025-02-19T21:24:03.538-0500][37361.838s] GC(21) Survivor regions: 1->3(8)
[2025-02-19T21:24:03.538-0500][37361.838s] GC(21) Old regions: 63->63
[2025-02-19T21:24:03.538-0500][37361.838s] GC(21) Archive regions: 0->0
[2025-02-19T21:24:03.538-0500][37361.838s] GC(21) Humongous regions: 4->4
[2025-02-19T21:24:03.538-0500][37361.839s] GC(21) Metaspace: 63261K(64128K)->63261K(64128K) NonClass: 55562K(56000K)->55562K(56000K) Class: 7698K(8128K)->7698K(8128K)
[2025-02-19T21:24:03.538-0500][37361.839s] GC(21) Pause Young (Normal) (G1 Evacuation Pause) 128M->68M(512M) 200.157ms
[2025-02-19T21:24:03.538-0500][37361.839s] GC(21) User=0.06s Sys=0.02s Real=0.20s
[2025-02-19T21:25:48.118-0500][37466.418s] GC(22) Pause Young (Normal) (G1 Evacuation Pause)
[2025-02-19T21:25:48.118-0500][37466.418s] GC(22) Using 8 workers of 8 for evacuation
[2025-02-19T21:25:48.123-0500][37466.422s] GC(22)   Pre Evacuate Collection Set: 0.1ms
[2025-02-19T21:25:48.125-0500][37466.422s] GC(22)   Merge Heap Roots: 0.1ms
[2025-02-19T21:25:48.125-0500][37466.422s] GC(22)   Evacuate Collection Set: 2.7ms
[2025-02-19T21:25:48.125-0500][37466.422s] GC(22)   Post Evacuate Collection Set: 1.0ms
[2025-02-19T21:25:48.125-0500][37466.422s] GC(22)   Other: 0.2ms
[2025-02-19T21:25:48.125-0500][37466.422s] GC(22) Eden regions: 39->0(39)
[2025-02-19T21:25:48.125-0500][37466.422s] GC(22) Survivor regions: 3->4(6)
[2025-02-19T21:25:48.125-0500][37466.422s] GC(22) Old regions: 63->63
[2025-02-19T21:25:48.125-0500][37466.422s] GC(22) Archive regions: 0->0
[2025-02-19T21:25:48.125-0500][37466.422s] GC(22) Humongous regions: 4->4
[2025-02-19T21:25:48.125-0500][37466.422s] GC(22) Metaspace: 63280K(64128K)->63280K(64128K) NonClass: 55581K(56000K)->55581K(56000K) Class: 7698K(8128K)->7698K(8128K)
[2025-02-19T21:25:48.125-0500][37466.423s] GC(22) Pause Young (Normal) (G1 Evacuation Pause) 107M->69M(512M) 4.842ms
[2025-02-19T21:25:48.125-0500][37466.423s] GC(22) User=0.00s Sys=0.00s Real=0.01s
[2025-02-19T21:29:23.272-0500][37681.569s] GC(23) Pause Young (Normal) (G1 Evacuation Pause)
[2025-02-19T21:29:23.272-0500][37681.569s] GC(23) Using 8 workers of 8 for evacuation
[2025-02-19T21:29:23.300-0500][37681.598s] GC(23)   Pre Evacuate Collection Set: 0.2ms
[2025-02-19T21:29:23.300-0500][37681.598s] GC(23)   Merge Heap Roots: 0.1ms
[2025-02-19T21:29:23.300-0500][37681.599s] GC(23)   Evacuate Collection Set: 27.5ms
[2025-02-19T21:29:23.300-0500][37681.599s] GC(23)   Post Evacuate Collection Set: 0.9ms
[2025-02-19T21:29:23.300-0500][37681.599s] GC(23)   Other: 0.2ms
[2025-02-19T21:29:23.300-0500][37681.599s] GC(23) Eden regions: 39->0(64)
[2025-02-19T21:29:23.300-0500][37681.599s] GC(23) Survivor regions: 4->4(6)
[2025-02-19T21:29:23.300-0500][37681.599s] GC(23) Old regions: 63->63
[2025-02-19T21:29:23.300-0500][37681.599s] GC(23) Archive regions: 0->0
[2025-02-19T21:29:23.300-0500][37681.599s] GC(23) Humongous regions: 4->4
[2025-02-19T21:29:23.300-0500][37681.599s] GC(23) Metaspace: 63348K(64256K)->63348K(64256K) NonClass: 55647K(56128K)->55647K(56128K) Class: 7700K(8128K)->7700K(8128K)
[2025-02-19T21:29:23.300-0500][37681.599s] GC(23) Pause Young (Normal) (G1 Evacuation Pause) 108M->69M(512M) 29.610ms
[2025-02-19T21:29:23.300-0500][37681.599s] GC(23) User=0.03s Sys=0.05s Real=0.03s
[2025-02-19T21:34:01.771-0500][37960.076s] GC(24) Pause Young (Normal) (G1 Evacuation Pause)
[2025-02-19T21:34:01.771-0500][37960.077s] GC(24) Using 8 workers of 8 for evacuation
[2025-02-19T21:34:02.176-0500][37960.475s] GC(24) MMU target violated: 251.0ms (250.0ms/251.0ms)
[2025-02-19T21:34:02.176-0500][37960.475s] GC(24)   Pre Evacuate Collection Set: 0.2ms
[2025-02-19T21:34:02.176-0500][37960.475s] GC(24)   Merge Heap Roots: 0.1ms
[2025-02-19T21:34:02.176-0500][37960.475s] GC(24)   Evacuate Collection Set: 397.1ms
[2025-02-19T21:34:02.176-0500][37960.475s] GC(24)   Post Evacuate Collection Set: 0.8ms
[2025-02-19T21:34:02.176-0500][37960.475s] GC(24)   Other: 0.3ms
[2025-02-19T21:34:02.176-0500][37960.475s] GC(24) Eden regions: 64->0(20)
[2025-02-19T21:34:02.176-0500][37960.475s] GC(24) Survivor regions: 4->5(9)
[2025-02-19T21:34:02.176-0500][37960.475s] GC(24) Old regions: 63->63
[2025-02-19T21:34:02.176-0500][37960.475s] GC(24) Archive regions: 0->0
[2025-02-19T21:34:02.176-0500][37960.475s] GC(24) Humongous regions: 4->4
[2025-02-19T21:34:02.176-0500][37960.475s] GC(24) Metaspace: 63438K(64320K)->63438K(64320K) NonClass: 55737K(56192K)->55737K(56192K) Class: 7700K(8128K)->7700K(8128K)
[2025-02-19T21:34:02.176-0500][37960.476s] GC(24) Pause Young (Normal) (G1 Evacuation Pause) 133M->70M(512M) 399.166ms
[2025-02-19T21:34:02.176-0500][37960.476s] GC(24) User=0.05s Sys=0.00s Real=0.41s
[2025-02-19T21:34:30.799-0500][37989.097s] GC(25) Pause Young (Normal) (G1 Evacuation Pause)
[2025-02-19T21:34:30.799-0500][37989.097s] GC(25) Using 8 workers of 8 for evacuation
[2025-02-19T21:34:32.560-0500][37990.857s] GC(25) MMU target violated: 251.0ms (250.0ms/251.0ms)
[2025-02-19T21:34:32.560-0500][37990.857s] GC(25)   Pre Evacuate Collection Set: 0.1ms
[2025-02-19T21:34:32.560-0500][37990.857s] GC(25)   Merge Heap Roots: 0.1ms
[2025-02-19T21:34:32.560-0500][37990.857s] GC(25)   Evacuate Collection Set: 1758.9ms
[2025-02-19T21:34:32.560-0500][37990.857s] GC(25)   Post Evacuate Collection Set: 0.8ms
[2025-02-19T21:34:32.560-0500][37990.857s] GC(25)   Other: 0.3ms
[2025-02-19T21:34:32.560-0500][37990.857s] GC(25) Eden regions: 20->0(56)
[2025-02-19T21:34:32.560-0500][37990.857s] GC(25) Survivor regions: 5->3(4)
[2025-02-19T21:34:32.560-0500][37990.858s] GC(25) Old regions: 63->65
[2025-02-19T21:34:32.560-0500][37990.858s] GC(25) Archive regions: 0->0
[2025-02-19T21:34:32.560-0500][37990.858s] GC(25) Humongous regions: 4->4
[2025-02-19T21:34:32.560-0500][37990.858s] GC(25) Metaspace: 63467K(64320K)->63467K(64320K) NonClass: 55767K(56192K)->55767K(56192K) Class: 7700K(8128K)->7700K(8128K)
[2025-02-19T21:34:32.560-0500][37990.858s] GC(25) Pause Young (Normal) (G1 Evacuation Pause) 90M->71M(512M) 1760.977ms
[2025-02-19T21:34:32.560-0500][37990.858s] GC(25) User=1.20s Sys=0.05s Real=1.76s
[2025-02-19T21:35:33.298-0500][38051.596s] GC(26) Pause Young (Normal) (G1 Evacuation Pause)
[2025-02-19T21:35:33.298-0500][38051.596s] GC(26) Using 8 workers of 8 for evacuation
[2025-02-19T21:35:35.640-0500][38053.939s] GC(26) MMU target violated: 251.0ms (250.0ms/251.0ms)
[2025-02-19T21:35:35.640-0500][38053.939s] GC(26)   Pre Evacuate Collection Set: 0.2ms
[2025-02-19T21:35:35.640-0500][38053.939s] GC(26)   Merge Heap Roots: 0.1ms
[2025-02-19T21:35:35.640-0500][38053.939s] GC(26)   Evacuate Collection Set: 2341.3ms
[2025-02-19T21:35:35.640-0500][38053.939s] GC(26)   Post Evacuate Collection Set: 1.2ms
[2025-02-19T21:35:35.640-0500][38053.939s] GC(26)   Other: 0.3ms
[2025-02-19T21:35:35.640-0500][38053.939s] GC(26) Eden regions: 56->0(49)
[2025-02-19T21:35:35.640-0500][38053.940s] GC(26) Survivor regions: 3->5(8)
[2025-02-19T21:35:35.640-0500][38053.940s] GC(26) Old regions: 65->65
[2025-02-19T21:35:35.640-0500][38053.940s] GC(26) Archive regions: 0->0
[2025-02-19T21:35:35.640-0500][38053.940s] GC(26) Humongous regions: 4->4
[2025-02-19T21:35:35.640-0500][38053.940s] GC(26) Metaspace: 63524K(64384K)->63524K(64384K) NonClass: 55823K(56256K)->55823K(56256K) Class: 7700K(8128K)->7700K(8128K)
[2025-02-19T21:35:35.640-0500][38053.940s] GC(26) Pause Young (Normal) (G1 Evacuation Pause) 127M->73M(512M) 2343.754ms
[2025-02-19T21:35:35.640-0500][38053.940s] GC(26) User=1.61s Sys=0.05s Real=2.34s
[2025-02-19T21:54:54.346-0500][39212.644s] GC(27) Pause Young (Normal) (G1 Evacuation Pause)
[2025-02-19T21:54:54.346-0500][39212.645s] GC(27) Using 8 workers of 8 for evacuation
[2025-02-19T21:54:54.474-0500][39212.772s] GC(27)   Pre Evacuate Collection Set: 1.8ms
[2025-02-19T21:54:54.474-0500][39212.773s] GC(27)   Merge Heap Roots: 0.7ms
[2025-02-19T21:54:54.474-0500][39212.773s] GC(27)   Evacuate Collection Set: 120.4ms
[2025-02-19T21:54:54.474-0500][39212.773s] GC(27)   Post Evacuate Collection Set: 3.4ms
[2025-02-19T21:54:54.474-0500][39212.773s] GC(27)   Other: 1.6ms
[2025-02-19T21:54:54.474-0500][39212.773s] GC(27) Eden regions: 49->0(26)
[2025-02-19T21:54:54.474-0500][39212.773s] GC(27) Survivor regions: 5->7(7)
[2025-02-19T21:54:54.474-0500][39212.773s] GC(27) Old regions: 65->66
[2025-02-19T21:54:54.474-0500][39212.773s] GC(27) Archive regions: 0->0
[2025-02-19T21:54:54.474-0500][39212.773s] GC(27) Humongous regions: 4->4
[2025-02-19T21:54:54.474-0500][39212.773s] GC(27) Metaspace: 63801K(64640K)->63801K(64640K) NonClass: 56068K(56512K)->56068K(56512K) Class: 7732K(8128K)->7732K(8128K)
[2025-02-19T21:54:54.474-0500][39212.774s] GC(27) Pause Young (Normal) (G1 Evacuation Pause) 122M->76M(512M) 129.831ms
[2025-02-19T21:54:54.474-0500][39212.774s] GC(27) User=0.27s Sys=0.08s Real=0.13s
[2025-02-19T21:54:58.104-0500][39216.410s] Heap
[2025-02-19T21:54:58.104-0500][39216.410s]  garbage-first heap   total 524288K, used 92491K [0x00000000e0000000, 0x0000000100000000)
[2025-02-19T21:54:58.104-0500][39216.411s]   region size 1024K, 22 young (22528K), 7 survivors (7168K)
[2025-02-19T21:54:58.104-0500][39216.411s]  Metaspace       used 63880K, committed 64640K, reserved 1114112K
[2025-02-19T21:54:58.104-0500][39216.411s]   class space    used 7744K, committed 8128K, reserved 1048576K
[2025-02-19T21:55:08.437-0500][0.069s] CardTable entry size: 512
[2025-02-19T21:55:08.437-0500][0.070s] Using G1
[2025-02-19T21:55:08.690-0500][0.335s] Version: 18.0.1+10-24 (release)
[2025-02-19T21:55:08.690-0500][0.335s] CPUs: 8 total, 8 available
[2025-02-19T21:55:08.690-0500][0.335s] Memory: 7992M
[2025-02-19T21:55:08.690-0500][0.335s] Large Page Support: Disabled
[2025-02-19T21:55:08.690-0500][0.335s] NUMA Support: Disabled
[2025-02-19T21:55:08.690-0500][0.335s] Compressed Oops: Enabled (32-bit)
[2025-02-19T21:55:08.690-0500][0.335s] Heap Region Size: 1M
[2025-02-19T21:55:08.690-0500][0.335s] Heap Min Capacity: 512M
[2025-02-19T21:55:08.690-0500][0.335s] Heap Initial Capacity: 512M
[2025-02-19T21:55:08.690-0500][0.335s] Heap Max Capacity: 512M
[2025-02-19T21:55:08.690-0500][0.335s] Pre-touch: Enabled
[2025-02-19T21:55:08.690-0500][0.335s] Parallel Workers: 8
[2025-02-19T21:55:08.690-0500][0.335s] Concurrent Workers: 2
[2025-02-19T21:55:08.690-0500][0.335s] Concurrent Refinement Workers: 8
[2025-02-19T21:55:08.690-0500][0.335s] Periodic GC: Disabled
[2025-02-19T21:55:08.769-0500][0.399s] CDS archive(s) mapped at: [0x0000000800000000-0x0000000800b90000-0x0000000800b90000), size 12124160, SharedBaseAddress: 0x0000000800000000, ArchiveRelocationMode: 0.
[2025-02-19T21:55:08.769-0500][0.399s] Compressed class space mapped at: 0x0000000800c00000-0x0000000840c00000, reserved size: 1073741824
[2025-02-19T21:55:08.770-0500][0.400s] Narrow klass base: 0x0000000800000000, Narrow klass shift: 0, Narrow klass range: 0x100000000
[2025-02-19T21:55:31.709-0500][23.340s] GC(0) Pause Young (Normal) (G1 Evacuation Pause)
[2025-02-19T21:55:31.709-0500][23.341s] GC(0) Using 8 workers of 8 for evacuation
[2025-02-19T21:55:31.716-0500][23.349s] GC(0)   Pre Evacuate Collection Set: 0.2ms
[2025-02-19T21:55:31.716-0500][23.349s] GC(0)   Merge Heap Roots: 0.2ms
[2025-02-19T21:55:31.716-0500][23.349s] GC(0)   Evacuate Collection Set: 6.1ms
[2025-02-19T21:55:31.716-0500][23.349s] GC(0)   Post Evacuate Collection Set: 1.1ms
[2025-02-19T21:55:31.716-0500][23.349s] GC(0)   Other: 1.3ms
[2025-02-19T21:55:31.716-0500][23.349s] GC(0) Eden regions: 29->0(39)
[2025-02-19T21:55:31.716-0500][23.349s] GC(0) Survivor regions: 0->4(4)
[2025-02-19T21:55:31.716-0500][23.350s] GC(0) Old regions: 0->1
[2025-02-19T21:55:31.716-0500][23.350s] GC(0) Archive regions: 0->0
[2025-02-19T21:55:31.716-0500][23.350s] GC(0) Humongous regions: 0->0
[2025-02-19T21:55:31.716-0500][23.350s] GC(0) Metaspace: 10033K(10304K)->10033K(10304K) NonClass: 8883K(9024K)->8883K(9024K) Class: 1150K(1280K)->1150K(1280K)
[2025-02-19T21:55:31.716-0500][23.350s] GC(0) Pause Young (Normal) (G1 Evacuation Pause) 29M->4M(512M) 10.319ms
[2025-02-19T21:55:31.716-0500][23.350s] GC(0) User=0.02s Sys=0.02s Real=0.01s
[2025-02-19T21:55:41.632-0500][33.266s] GC(1) Pause Young (Normal) (G1 Evacuation Pause)
[2025-02-19T21:55:41.632-0500][33.267s] GC(1) Using 8 workers of 8 for evacuation
[2025-02-19T21:55:41.652-0500][33.284s] GC(1)   Pre Evacuate Collection Set: 0.2ms
[2025-02-19T21:55:41.652-0500][33.284s] GC(1)   Merge Heap Roots: 0.2ms
[2025-02-19T21:55:41.652-0500][33.285s] GC(1)   Evacuate Collection Set: 16.2ms
[2025-02-19T21:55:41.652-0500][33.285s] GC(1)   Post Evacuate Collection Set: 1.2ms
[2025-02-19T21:55:41.652-0500][33.285s] GC(1)   Other: 0.1ms
[2025-02-19T21:55:41.652-0500][33.285s] GC(1) Eden regions: 37->0(166)
[2025-02-19T21:55:41.652-0500][33.285s] GC(1) Survivor regions: 4->6(6)
[2025-02-19T21:55:41.652-0500][33.285s] GC(1) Old regions: 1->9
[2025-02-19T21:55:41.652-0500][33.285s] GC(1) Archive regions: 0->0
[2025-02-19T21:55:41.652-0500][33.285s] GC(1) Humongous regions: 4->4
[2025-02-19T21:55:41.652-0500][33.285s] GC(1) Metaspace: 18551K(18944K)->18551K(18944K) NonClass: 16396K(16576K)->16396K(16576K) Class: 2155K(2368K)->2155K(2368K)
[2025-02-19T21:55:41.652-0500][33.285s] GC(1) Pause Young (Normal) (G1 Evacuation Pause) 45M->18M(512M) 18.578ms
[2025-02-19T21:55:41.652-0500][33.285s] GC(1) User=0.05s Sys=0.06s Real=0.02s
[2025-02-19T21:55:44.610-0500][36.242s] GC(2) Pause Young (Concurrent Start) (Metadata GC Threshold)
[2025-02-19T21:55:44.610-0500][36.242s] GC(2) Using 8 workers of 8 for evacuation
[2025-02-19T21:55:44.620-0500][36.250s] GC(2)   Pre Evacuate Collection Set: 0.4ms
[2025-02-19T21:55:44.620-0500][36.250s] GC(2)   Merge Heap Roots: 0.2ms
[2025-02-19T21:55:44.620-0500][36.250s] GC(2)   Evacuate Collection Set: 6.7ms
[2025-02-19T21:55:44.620-0500][36.251s] GC(2)   Post Evacuate Collection Set: 0.9ms
[2025-02-19T21:55:44.620-0500][36.251s] GC(2)   Other: 0.2ms
[2025-02-19T21:55:44.620-0500][36.251s] GC(2) Eden regions: 44->0(296)
[2025-02-19T21:55:44.620-0500][36.251s] GC(2) Survivor regions: 6->11(22)
[2025-02-19T21:55:44.620-0500][36.251s] GC(2) Old regions: 9->9
[2025-02-19T21:55:44.620-0500][36.251s] GC(2) Archive regions: 0->0
[2025-02-19T21:55:44.620-0500][36.251s] GC(2) Humongous regions: 4->4
[2025-02-19T21:55:44.620-0500][36.251s] GC(2) Metaspace: 21098K(21504K)->21098K(21504K) NonClass: 18667K(18880K)->18667K(18880K) Class: 2431K(2624K)->2431K(2624K)
[2025-02-19T21:55:44.620-0500][36.251s] GC(2) Pause Young (Concurrent Start) (Metadata GC Threshold) 62M->23M(512M) 8.810ms
[2025-02-19T21:55:44.620-0500][36.251s] GC(2) User=0.05s Sys=0.08s Real=0.01s
[2025-02-19T21:55:44.620-0500][36.251s] GC(3) Concurrent Mark Cycle
[2025-02-19T21:55:44.620-0500][36.251s] GC(3) Concurrent Clear Claimed Marks
[2025-02-19T21:55:44.620-0500][36.251s] GC(3) Concurrent Clear Claimed Marks 0.074ms
[2025-02-19T21:55:44.620-0500][36.251s] GC(3) Concurrent Scan Root Regions
[2025-02-19T21:55:44.620-0500][36.258s] GC(3) Concurrent Scan Root Regions 6.613ms
[2025-02-19T21:55:44.620-0500][36.258s] GC(3) Concurrent Mark
[2025-02-19T21:55:44.620-0500][36.258s] GC(3) Concurrent Mark From Roots
[2025-02-19T21:55:44.620-0500][36.258s] GC(3) Using 2 workers of 2 for marking
[2025-02-19T21:55:44.649-0500][36.288s] GC(3) Concurrent Mark From Roots 30.276ms
[2025-02-19T21:55:44.649-0500][36.288s] GC(3) Concurrent Preclean
[2025-02-19T21:55:44.649-0500][36.288s] GC(3) Concurrent Preclean 0.075ms
[2025-02-19T21:55:44.649-0500][36.288s] GC(3) Pause Remark
[2025-02-19T21:55:44.649-0500][36.292s] GC(3) Pause Remark 24M->24M(512M) 3.818ms
[2025-02-19T21:55:44.649-0500][36.292s] GC(3) User=0.00s Sys=0.00s Real=0.00s
[2025-02-19T21:55:44.649-0500][36.293s] GC(3) Concurrent Mark 34.733ms
[2025-02-19T21:55:44.649-0500][36.293s] GC(3) Concurrent Rebuild Remembered Sets
[2025-02-19T21:55:44.665-0500][36.303s] GC(3) Concurrent Rebuild Remembered Sets 10.259ms
[2025-02-19T21:55:44.682-0500][36.315s] GC(3) Pause Cleanup
[2025-02-19T21:55:44.682-0500][36.315s] GC(3) Pause Cleanup 24M->24M(512M) 0.280ms
[2025-02-19T21:55:44.682-0500][36.315s] GC(3) User=0.00s Sys=0.00s Real=0.00s
[2025-02-19T21:55:44.682-0500][36.315s] GC(3) Concurrent Cleanup for Next Mark
[2025-02-19T21:55:44.682-0500][36.317s] GC(3) Concurrent Cleanup for Next Mark 1.361ms
[2025-02-19T21:55:44.682-0500][36.317s] GC(3) Concurrent Mark Cycle 65.979ms
[2025-02-19T21:55:51.089-0500][42.723s] GC(4) Pause Young (Concurrent Start) (Metadata GC Threshold)
[2025-02-19T21:55:51.089-0500][42.723s] GC(4) Using 8 workers of 8 for evacuation
[2025-02-19T21:55:51.105-0500][42.738s] GC(4)   Pre Evacuate Collection Set: 0.2ms
[2025-02-19T21:55:51.105-0500][42.738s] GC(4)   Merge Heap Roots: 0.1ms
[2025-02-19T21:55:51.105-0500][42.738s] GC(4)   Evacuate Collection Set: 12.8ms
[2025-02-19T21:55:51.105-0500][42.738s] GC(4)   Post Evacuate Collection Set: 1.6ms
[2025-02-19T21:55:51.105-0500][42.738s] GC(4)   Other: 0.2ms
[2025-02-19T21:55:51.105-0500][42.738s] GC(4) Eden regions: 83->0(291)
[2025-02-19T21:55:51.105-0500][42.738s] GC(4) Survivor regions: 11->16(39)
[2025-02-19T21:55:51.105-0500][42.738s] GC(4) Old regions: 9->9
[2025-02-19T21:55:51.105-0500][42.738s] GC(4) Archive regions: 0->0
[2025-02-19T21:55:51.105-0500][42.738s] GC(4) Humongous regions: 4->4
[2025-02-19T21:55:51.105-0500][42.738s] GC(4) Metaspace: 35679K(36096K)->35679K(36096K) NonClass: 31474K(31680K)->31474K(31680K) Class: 4204K(4416K)->4204K(4416K)
[2025-02-19T21:55:51.105-0500][42.738s] GC(4) Pause Young (Concurrent Start) (Metadata GC Threshold) 106M->28M(512M) 15.702ms
[2025-02-19T21:55:51.105-0500][42.738s] GC(4) User=0.06s Sys=0.05s Real=0.02s
[2025-02-19T21:55:51.105-0500][42.738s] GC(5) Concurrent Mark Cycle
[2025-02-19T21:55:51.105-0500][42.738s] GC(5) Concurrent Clear Claimed Marks
[2025-02-19T21:55:51.105-0500][42.739s] GC(5) Concurrent Clear Claimed Marks 0.077ms
[2025-02-19T21:55:51.105-0500][42.739s] GC(5) Concurrent Scan Root Regions
[2025-02-19T21:55:51.121-0500][42.751s] GC(5) Concurrent Scan Root Regions 12.406ms
[2025-02-19T21:55:51.121-0500][42.751s] GC(5) Concurrent Mark
[2025-02-19T21:55:51.121-0500][42.751s] GC(5) Concurrent Mark From Roots
[2025-02-19T21:55:51.121-0500][42.751s] GC(5) Using 2 workers of 2 for marking
[2025-02-19T21:55:51.137-0500][42.776s] GC(5) Concurrent Mark From Roots 25.195ms
[2025-02-19T21:55:51.137-0500][42.776s] GC(5) Concurrent Preclean
[2025-02-19T21:55:51.137-0500][42.777s] GC(5) Concurrent Preclean 0.115ms
[2025-02-19T21:55:51.153-0500][42.783s] GC(5) Pause Remark
[2025-02-19T21:55:51.155-0500][42.788s] GC(5) Pause Remark 29M->29M(512M) 5.104ms
[2025-02-19T21:55:51.155-0500][42.788s] GC(5) User=0.00s Sys=0.00s Real=0.00s
[2025-02-19T21:55:51.155-0500][42.788s] GC(5) Concurrent Mark 37.006ms
[2025-02-19T21:55:51.155-0500][42.788s] GC(5) Concurrent Rebuild Remembered Sets
[2025-02-19T21:55:51.170-0500][42.800s] GC(5) Concurrent Rebuild Remembered Sets 12.299ms
[2025-02-19T21:55:51.170-0500][42.801s] GC(5) Pause Cleanup
[2025-02-19T21:55:51.170-0500][42.801s] GC(5) Pause Cleanup 29M->29M(512M) 0.256ms
[2025-02-19T21:55:51.170-0500][42.801s] GC(5) User=0.00s Sys=0.00s Real=0.00s
[2025-02-19T21:55:51.170-0500][42.801s] GC(5) Concurrent Cleanup for Next Mark
[2025-02-19T21:55:51.170-0500][42.803s] GC(5) Concurrent Cleanup for Next Mark 1.346ms
[2025-02-19T21:55:51.173-0500][42.803s] GC(5) Concurrent Mark Cycle 64.426ms
[2025-02-19T21:56:09.356-0500][60.987s] GC(6) Pause Young (Normal) (G1 Evacuation Pause)
[2025-02-19T21:56:09.356-0500][60.988s] GC(6) Using 8 workers of 8 for evacuation
[2025-02-19T21:56:09.440-0500][61.073s] GC(6)   Pre Evacuate Collection Set: 0.5ms
[2025-02-19T21:56:09.440-0500][61.074s] GC(6)   Merge Heap Roots: 0.5ms
[2025-02-19T21:56:09.440-0500][61.074s] GC(6)   Evacuate Collection Set: 81.2ms
[2025-02-19T21:56:09.440-0500][61.074s] GC(6)   Post Evacuate Collection Set: 2.7ms
[2025-02-19T21:56:09.440-0500][61.074s] GC(6)   Other: 0.8ms
[2025-02-19T21:56:09.440-0500][61.074s] GC(6) Eden regions: 291->0(198)
[2025-02-19T21:56:09.440-0500][61.074s] GC(6) Survivor regions: 16->39(39)
[2025-02-19T21:56:09.440-0500][61.074s] GC(6) Old regions: 9->17
[2025-02-19T21:56:09.440-0500][61.074s] GC(6) Archive regions: 0->0
[2025-02-19T21:56:09.440-0500][61.074s] GC(6) Humongous regions: 4->4
[2025-02-19T21:56:09.440-0500][61.074s] GC(6) Metaspace: 54465K(55168K)->54465K(55168K) NonClass: 47759K(48128K)->47759K(48128K) Class: 6706K(7040K)->6706K(7040K)
[2025-02-19T21:56:09.440-0500][61.074s] GC(6) Pause Young (Normal) (G1 Evacuation Pause) 319M->59M(512M) 86.913ms
[2025-02-19T21:56:09.440-0500][61.074s] GC(6) User=0.55s Sys=0.02s Real=0.08s
[2025-02-19T21:56:17.703-0500][69.339s] GC(7) Pause Young (Normal) (G1 Evacuation Pause)
[2025-02-19T21:56:17.703-0500][69.339s] GC(7) Using 8 workers of 8 for evacuation
[2025-02-19T21:56:17.742-0500][69.374s] GC(7)   Pre Evacuate Collection Set: 0.1ms
[2025-02-19T21:56:17.742-0500][69.374s] GC(7)   Merge Heap Roots: 0.2ms
[2025-02-19T21:56:17.742-0500][69.374s] GC(7)   Evacuate Collection Set: 32.5ms
[2025-02-19T21:56:17.742-0500][69.374s] GC(7)   Post Evacuate Collection Set: 1.7ms
[2025-02-19T21:56:17.742-0500][69.374s] GC(7)   Other: 0.2ms
[2025-02-19T21:56:17.742-0500][69.374s] GC(7) Eden regions: 165->0(292)
[2025-02-19T21:56:17.742-0500][69.374s] GC(7) Survivor regions: 39->7(26)
[2025-02-19T21:56:17.742-0500][69.374s] GC(7) Old regions: 17->56
[2025-02-19T21:56:17.742-0500][69.374s] GC(7) Archive regions: 0->0
[2025-02-19T21:56:17.742-0500][69.374s] GC(7) Humongous regions: 4->4
[2025-02-19T21:56:17.742-0500][69.374s] GC(7) Metaspace: 57402K(58176K)->57402K(58176K) NonClass: 50334K(50752K)->50334K(50752K) Class: 7067K(7424K)->7067K(7424K)
[2025-02-19T21:56:17.742-0500][69.374s] GC(7) Pause Young (Normal) (G1 Evacuation Pause) 224M->66M(512M) 35.367ms
[2025-02-19T21:56:17.742-0500][69.374s] GC(7) User=0.23s Sys=0.02s Real=0.04s
[2025-02-19T21:56:19.228-0500][70.867s] GC(8) Pause Young (Normal) (G1 Evacuation Pause)
[2025-02-19T21:56:19.228-0500][70.867s] GC(8) Using 8 workers of 8 for evacuation
[2025-02-19T21:56:19.240-0500][70.871s] GC(8)   Pre Evacuate Collection Set: 0.2ms
[2025-02-19T21:56:19.240-0500][70.871s] GC(8)   Merge Heap Roots: 0.2ms
[2025-02-19T21:56:19.240-0500][70.872s] GC(8)   Evacuate Collection Set: 3.2ms
[2025-02-19T21:56:19.240-0500][70.872s] GC(8)   Post Evacuate Collection Set: 1.0ms
[2025-02-19T21:56:19.240-0500][70.872s] GC(8)   Other: 0.2ms
[2025-02-19T21:56:19.240-0500][70.872s] GC(8) Eden regions: 292->0(299)
[2025-02-19T21:56:19.240-0500][70.872s] GC(8) Survivor regions: 7->8(38)
[2025-02-19T21:56:19.240-0500][70.872s] GC(8) Old regions: 56->56
[2025-02-19T21:56:19.240-0500][70.872s] GC(8) Archive regions: 0->0
[2025-02-19T21:56:19.240-0500][70.872s] GC(8) Humongous regions: 5->5
[2025-02-19T21:56:19.240-0500][70.872s] GC(8) Metaspace: 57417K(58176K)->57417K(58176K) NonClass: 50349K(50752K)->50349K(50752K) Class: 7068K(7424K)->7068K(7424K)
[2025-02-19T21:56:19.240-0500][70.872s] GC(8) Pause Young (Normal) (G1 Evacuation Pause) 359M->68M(512M) 5.166ms
[2025-02-19T21:56:19.240-0500][70.872s] GC(8) User=0.00s Sys=0.00s Real=0.01s
[2025-02-19T21:56:39.899-0500][91.531s] GC(9) Pause Young (Concurrent Start) (Metadata GC Threshold)
[2025-02-19T21:56:39.899-0500][91.531s] GC(9) Using 8 workers of 8 for evacuation
[2025-02-19T21:56:39.908-0500][91.539s] GC(9)   Pre Evacuate Collection Set: 0.2ms
[2025-02-19T21:56:39.908-0500][91.539s] GC(9)   Merge Heap Roots: 0.1ms
[2025-02-19T21:56:39.908-0500][91.539s] GC(9)   Evacuate Collection Set: 7.1ms
[2025-02-19T21:56:39.908-0500][91.539s] GC(9)   Post Evacuate Collection Set: 0.7ms
[2025-02-19T21:56:39.908-0500][91.539s] GC(9)   Other: 0.2ms
[2025-02-19T21:56:39.908-0500][91.539s] GC(9) Eden regions: 128->0(299)
[2025-02-19T21:56:39.908-0500][91.539s] GC(9) Survivor regions: 8->8(39)
[2025-02-19T21:56:39.908-0500][91.539s] GC(9) Old regions: 56->56
[2025-02-19T21:56:39.908-0500][91.539s] GC(9) Archive regions: 0->0
[2025-02-19T21:56:39.908-0500][91.539s] GC(9) Humongous regions: 5->4
[2025-02-19T21:56:39.908-0500][91.539s] GC(9) Metaspace: 59639K(60416K)->59639K(60416K) NonClass: 52334K(52736K)->52334K(52736K) Class: 7304K(7680K)->7304K(7680K)
[2025-02-19T21:56:39.908-0500][91.540s] GC(9) Pause Young (Concurrent Start) (Metadata GC Threshold) 195M->67M(512M) 8.957ms
[2025-02-19T21:56:39.908-0500][91.540s] GC(9) User=0.00s Sys=0.00s Real=0.01s
[2025-02-19T21:56:39.908-0500][91.540s] GC(10) Concurrent Mark Cycle
[2025-02-19T21:56:39.908-0500][91.540s] GC(10) Concurrent Clear Claimed Marks
[2025-02-19T21:56:39.910-0500][91.540s] GC(10) Concurrent Clear Claimed Marks 0.097ms
[2025-02-19T21:56:39.910-0500][91.540s] GC(10) Concurrent Scan Root Regions
[2025-02-19T21:56:39.915-0500][91.546s] GC(10) Concurrent Scan Root Regions 6.375ms
[2025-02-19T21:56:39.915-0500][91.546s] GC(10) Concurrent Mark
[2025-02-19T21:56:39.915-0500][91.546s] GC(10) Concurrent Mark From Roots
[2025-02-19T21:56:39.915-0500][91.546s] GC(10) Using 2 workers of 2 for marking
[2025-02-19T21:56:40.035-0500][91.665s] GC(10) Concurrent Mark From Roots 118.791ms
[2025-02-19T21:56:40.035-0500][91.665s] GC(10) Concurrent Preclean
[2025-02-19T21:56:40.035-0500][91.666s] GC(10) Concurrent Preclean 0.284ms
[2025-02-19T21:56:40.035-0500][91.666s] GC(10) Pause Remark
[2025-02-19T21:56:40.047-0500][91.681s] GC(10) Pause Remark 68M->68M(512M) 15.193ms
[2025-02-19T21:56:40.047-0500][91.681s] GC(10) User=0.11s Sys=0.00s Real=0.01s
[2025-02-19T21:56:40.047-0500][91.681s] GC(10) Concurrent Mark 134.778ms
[2025-02-19T21:56:40.047-0500][91.681s] GC(10) Concurrent Rebuild Remembered Sets
[2025-02-19T21:56:40.102-0500][91.732s] GC(10) Concurrent Rebuild Remembered Sets 50.648ms
[2025-02-19T21:56:40.102-0500][91.732s] GC(10) Pause Cleanup
[2025-02-19T21:56:40.102-0500][91.732s] GC(10) Pause Cleanup 68M->68M(512M) 0.296ms
[2025-02-19T21:56:40.102-0500][91.733s] GC(10) User=0.02s Sys=0.00s Real=0.00s
[2025-02-19T21:56:40.102-0500][91.733s] GC(10) Concurrent Cleanup for Next Mark
[2025-02-19T21:56:40.102-0500][91.733s] GC(10) Concurrent Cleanup for Next Mark 0.594ms
[2025-02-19T21:56:40.102-0500][91.733s] GC(10) Concurrent Mark Cycle 193.701ms
