[2024-06-20T16:59:16.923-0400][0.133s] Using G1
[2024-06-20T16:59:17.378-0400][0.576s] Version: 16.0.1+9-24 (release)
[2024-06-20T16:59:17.378-0400][0.576s] CPUs: 8 total, 8 available
[2024-06-20T16:59:17.378-0400][0.576s] Memory: 7992M
[2024-06-20T16:59:17.378-0400][0.576s] Large Page Support: Disabled
[2024-06-20T16:59:17.378-0400][0.576s] NUMA Support: Disabled
[2024-06-20T16:59:17.378-0400][0.577s] Compressed Oops: Enabled (32-bit)
[2024-06-20T16:59:17.378-0400][0.577s] Heap Region Size: 1M
[2024-06-20T16:59:17.378-0400][0.577s] Heap Min Capacity: 512M
[2024-06-20T16:59:17.378-0400][0.577s] Heap Initial Capacity: 512M
[2024-06-20T16:59:17.378-0400][0.577s] Heap Max Capacity: 512M
[2024-06-20T16:59:17.378-0400][0.577s] Pre-touch: Enabled
[2024-06-20T16:59:17.378-0400][0.577s] Parallel Workers: 8
[2024-06-20T16:59:17.378-0400][0.577s] Concurrent Workers: 2
[2024-06-20T16:59:17.378-0400][0.577s] Concurrent Refinement Workers: 8
[2024-06-20T16:59:17.378-0400][0.577s] Periodic GC: Disabled
[2024-06-20T16:59:17.393-0400][0.595s] CDS archive(s) mapped at: [0x0000000800000000-0x0000000800bb0000-0x0000000800bb0000), size 12255232, SharedBaseAddress: 0x0000000800000000, ArchiveRelocationMode: 0.
[2024-06-20T16:59:17.393-0400][0.595s] Compressed class space mapped at: 0x0000000800c00000-0x0000000840c00000, reserved size: 1073741824
[2024-06-20T16:59:17.393-0400][0.595s] Narrow klass base: 0x0000000800000000, Narrow klass shift: 3, Narrow klass range: 0x100000000
[2024-06-20T16:59:29.262-0400][12.468s] GC(0) Pause Young (Normal) (G1 Evacuation Pause)
[2024-06-20T16:59:29.262-0400][12.468s] GC(0) Using 8 workers of 8 for evacuation
[2024-06-20T16:59:29.309-0400][12.511s] GC(0)   Pre Evacuate Collection Set: 10.3ms
[2024-06-20T16:59:29.309-0400][12.511s] GC(0)   Merge Heap Roots: 0.0ms
[2024-06-20T16:59:29.309-0400][12.511s] GC(0)   Evacuate Collection Set: 2.7ms
[2024-06-20T16:59:29.309-0400][12.511s] GC(0)   Post Evacuate Collection Set: 28.7ms
[2024-06-20T16:59:29.341-0400][12.542s] GC(0)   Other: 1.9ms
[2024-06-20T16:59:29.341-0400][12.542s] GC(0) Eden regions: 29->0(40)
[2024-06-20T16:59:29.341-0400][12.543s] GC(0) Survivor regions: 0->4(4)
[2024-06-20T16:59:29.341-0400][12.543s] GC(0) Old regions: 0->0
[2024-06-20T16:59:29.341-0400][12.543s] GC(0) Archive regions: 0->0
[2024-06-20T16:59:29.341-0400][12.543s] GC(0) Humongous regions: 0->0
[2024-06-20T16:59:29.341-0400][12.543s] GC(0) Metaspace: 6650K(6848K)->6650K(6848K) NonClass: 5898K(6016K)->5898K(6016K) Class: 752K(832K)->752K(832K)
[2024-06-20T16:59:29.341-0400][12.543s] GC(0) Pause Young (Normal) (G1 Evacuation Pause) 29M->3M(512M) 75.029ms
[2024-06-20T16:59:29.341-0400][12.543s] GC(0) User=0.00s Sys=0.00s Real=0.08s
[2024-06-20T16:59:33.999-0400][17.208s] GC(1) Pause Young (Normal) (G1 Evacuation Pause)
[2024-06-20T16:59:33.999-0400][17.208s] GC(1) Using 8 workers of 8 for evacuation
[2024-06-20T16:59:34.013-0400][17.219s] GC(1)   Pre Evacuate Collection Set: 0.1ms
[2024-06-20T16:59:34.013-0400][17.219s] GC(1)   Merge Heap Roots: 0.1ms
[2024-06-20T16:59:34.013-0400][17.219s] GC(1)   Evacuate Collection Set: 9.7ms
[2024-06-20T16:59:34.013-0400][17.219s] GC(1)   Post Evacuate Collection Set: 0.6ms
[2024-06-20T16:59:34.013-0400][17.219s] GC(1)   Other: 0.2ms
[2024-06-20T16:59:34.013-0400][17.219s] GC(1) Eden regions: 40->0(232)
[2024-06-20T16:59:34.013-0400][17.219s] GC(1) Survivor regions: 4->6(6)
[2024-06-20T16:59:34.013-0400][17.219s] GC(1) Old regions: 0->9
[2024-06-20T16:59:34.013-0400][17.219s] GC(1) Archive regions: 0->0
[2024-06-20T16:59:34.013-0400][17.219s] GC(1) Humongous regions: 4->4
[2024-06-20T16:59:34.013-0400][17.219s] GC(1) Metaspace: 18490K(18816K)->18490K(18816K) NonClass: 16343K(16512K)->16343K(16512K) Class: 2147K(2304K)->2147K(2304K)
[2024-06-20T16:59:34.013-0400][17.219s] GC(1) Pause Young (Normal) (G1 Evacuation Pause) 47M->18M(512M) 10.847ms
[2024-06-20T16:59:34.013-0400][17.219s] GC(1) User=0.00s Sys=0.00s Real=0.01s
[2024-06-20T16:59:35.967-0400][19.175s] GC(2) Pause Young (Concurrent Start) (Metadata GC Threshold)
[2024-06-20T16:59:35.967-0400][19.175s] GC(2) Using 8 workers of 8 for evacuation
[2024-06-20T16:59:35.982-0400][19.186s] GC(2)   Pre Evacuate Collection Set: 0.2ms
[2024-06-20T16:59:35.982-0400][19.186s] GC(2)   Merge Heap Roots: 0.1ms
[2024-06-20T16:59:35.982-0400][19.187s] GC(2)   Evacuate Collection Set: 5.7ms
[2024-06-20T16:59:35.982-0400][19.187s] GC(2)   Post Evacuate Collection Set: 0.7ms
[2024-06-20T16:59:35.982-0400][19.187s] GC(2)   Other: 5.2ms
[2024-06-20T16:59:35.982-0400][19.187s] GC(2) Eden regions: 50->0(111)
[2024-06-20T16:59:35.982-0400][19.187s] GC(2) Survivor regions: 6->12(27)
[2024-06-20T16:59:35.982-0400][19.187s] GC(2) Old regions: 9->9
[2024-06-20T16:59:35.982-0400][19.187s] GC(2) Archive regions: 0->0
[2024-06-20T16:59:35.982-0400][19.187s] GC(2) Humongous regions: 4->4
[2024-06-20T16:59:35.982-0400][19.187s] GC(2) Metaspace: 20992K(21248K)->20992K(21248K) NonClass: 18565K(18688K)->18565K(18688K) Class: 2426K(2560K)->2426K(2560K)
[2024-06-20T16:59:35.982-0400][19.187s] GC(2) Pause Young (Concurrent Start) (Metadata GC Threshold) 68M->23M(512M) 12.073ms
[2024-06-20T16:59:35.982-0400][19.187s] GC(2) User=0.00s Sys=0.00s Real=0.02s
[2024-06-20T16:59:35.982-0400][19.187s] GC(3) Concurrent Mark Cycle
[2024-06-20T16:59:35.982-0400][19.187s] GC(3) Concurrent Clear Claimed Marks
[2024-06-20T16:59:35.982-0400][19.187s] GC(3) Concurrent Clear Claimed Marks 0.049ms
[2024-06-20T16:59:35.982-0400][19.187s] GC(3) Concurrent Scan Root Regions
[2024-06-20T16:59:35.982-0400][19.191s] GC(3) Concurrent Scan Root Regions 4.103ms
[2024-06-20T16:59:35.982-0400][19.191s] GC(3) Concurrent Mark
[2024-06-20T16:59:35.982-0400][19.191s] GC(3) Concurrent Mark From Roots
[2024-06-20T16:59:35.982-0400][19.191s] GC(3) Using 2 workers of 2 for marking
[2024-06-20T16:59:36.018-0400][19.219s] GC(3) Concurrent Mark From Roots 27.273ms
[2024-06-20T16:59:36.018-0400][19.219s] GC(3) Concurrent Preclean
[2024-06-20T16:59:36.018-0400][19.219s] GC(3) Concurrent Preclean 0.319ms
[2024-06-20T16:59:36.018-0400][19.219s] GC(3) Pause Remark
[2024-06-20T16:59:36.050-0400][19.245s] GC(3) Pause Remark 25M->25M(512M) 25.697ms
[2024-06-20T16:59:36.050-0400][19.245s] GC(3) User=0.00s Sys=0.00s Real=0.03s
[2024-06-20T16:59:36.050-0400][19.245s] GC(3) Concurrent Mark 53.973ms
[2024-06-20T16:59:36.050-0400][19.245s] GC(3) Concurrent Rebuild Remembered Sets
[2024-06-20T16:59:36.050-0400][19.251s] GC(3) Concurrent Rebuild Remembered Sets 5.693ms
[2024-06-20T16:59:36.081-0400][19.276s] GC(3) Pause Cleanup
[2024-06-20T16:59:36.081-0400][19.276s] GC(3) Pause Cleanup 25M->25M(512M) 0.110ms
[2024-06-20T16:59:36.081-0400][19.276s] GC(3) User=0.00s Sys=0.00s Real=0.00s
[2024-06-20T16:59:36.081-0400][19.276s] GC(3) Concurrent Cleanup for Next Mark
[2024-06-20T16:59:36.081-0400][19.277s] GC(3) Concurrent Cleanup for Next Mark 0.387ms
[2024-06-20T16:59:36.081-0400][19.277s] GC(3) Concurrent Mark Cycle 89.969ms
[2024-06-20T16:59:39.307-0400][22.505s] GC(4) Pause Young (Concurrent Start) (Metadata GC Threshold)
[2024-06-20T16:59:39.307-0400][22.505s] GC(4) Using 8 workers of 8 for evacuation
[2024-06-20T16:59:39.307-0400][22.514s] GC(4)   Pre Evacuate Collection Set: 0.1ms
[2024-06-20T16:59:39.307-0400][22.514s] GC(4)   Merge Heap Roots: 0.1ms
[2024-06-20T16:59:39.307-0400][22.514s] GC(4)   Evacuate Collection Set: 8.3ms
[2024-06-20T16:59:39.307-0400][22.514s] GC(4)   Post Evacuate Collection Set: 0.8ms
[2024-06-20T16:59:39.307-0400][22.514s] GC(4)   Other: 0.2ms
[2024-06-20T16:59:39.307-0400][22.514s] GC(4) Eden regions: 90->0(296)
[2024-06-20T16:59:39.307-0400][22.514s] GC(4) Survivor regions: 12->11(16)
[2024-06-20T16:59:39.307-0400][22.514s] GC(4) Old regions: 9->15
[2024-06-20T16:59:39.307-0400][22.514s] GC(4) Archive regions: 0->0
[2024-06-20T16:59:39.307-0400][22.514s] GC(4) Humongous regions: 4->4
[2024-06-20T16:59:39.307-0400][22.514s] GC(4) Metaspace: 35314K(35648K)->35314K(35648K) NonClass: 31138K(31296K)->31138K(31296K) Class: 4175K(4352K)->4175K(4352K)
[2024-06-20T16:59:39.307-0400][22.514s] GC(4) Pause Young (Concurrent Start) (Metadata GC Threshold) 113M->28M(512M) 9.717ms
[2024-06-20T16:59:39.319-0400][22.515s] GC(4) User=0.00s Sys=0.00s Real=0.01s
[2024-06-20T16:59:39.319-0400][22.515s] GC(5) Concurrent Mark Cycle
[2024-06-20T16:59:39.319-0400][22.515s] GC(5) Concurrent Clear Claimed Marks
[2024-06-20T16:59:39.319-0400][22.515s] GC(5) Concurrent Clear Claimed Marks 0.053ms
[2024-06-20T16:59:39.319-0400][22.515s] GC(5) Concurrent Scan Root Regions
[2024-06-20T16:59:39.319-0400][22.521s] GC(5) Concurrent Scan Root Regions 6.299ms
[2024-06-20T16:59:39.319-0400][22.521s] GC(5) Concurrent Mark
[2024-06-20T16:59:39.319-0400][22.521s] GC(5) Concurrent Mark From Roots
[2024-06-20T16:59:39.319-0400][22.521s] GC(5) Using 2 workers of 2 for marking
[2024-06-20T16:59:39.335-0400][22.532s] GC(5) Concurrent Mark From Roots 10.547ms
[2024-06-20T16:59:39.335-0400][22.532s] GC(5) Concurrent Preclean
[2024-06-20T16:59:39.335-0400][22.532s] GC(5) Concurrent Preclean 0.278ms
[2024-06-20T16:59:39.335-0400][22.532s] GC(5) Pause Remark
[2024-06-20T16:59:39.335-0400][22.535s] GC(5) Pause Remark 29M->29M(512M) 2.490ms
[2024-06-20T16:59:39.335-0400][22.535s] GC(5) User=0.00s Sys=0.00s Real=0.00s
[2024-06-20T16:59:39.335-0400][22.535s] GC(5) Concurrent Mark 13.827ms
[2024-06-20T16:59:39.335-0400][22.535s] GC(5) Concurrent Rebuild Remembered Sets
[2024-06-20T16:59:39.351-0400][22.546s] GC(5) Concurrent Rebuild Remembered Sets 11.059ms
[2024-06-20T16:59:39.351-0400][22.546s] GC(5) Pause Cleanup
[2024-06-20T16:59:39.351-0400][22.546s] GC(5) Pause Cleanup 29M->29M(512M) 0.162ms
[2024-06-20T16:59:39.351-0400][22.547s] GC(5) User=0.00s Sys=0.00s Real=0.00s
[2024-06-20T16:59:39.351-0400][22.547s] GC(5) Concurrent Cleanup for Next Mark
[2024-06-20T16:59:39.351-0400][22.547s] GC(5) Concurrent Cleanup for Next Mark 0.385ms
[2024-06-20T16:59:39.351-0400][22.547s] GC(5) Concurrent Mark Cycle 32.423ms
