[2025-04-11T12:34:51.033-0400][0.016s] CardTable entry size: 512
[2025-04-11T12:34:51.033-0400][0.016s] Using G1
[2025-04-11T12:34:51.128-0400][0.106s] Version: 18.0.1+10-24 (release)
[2025-04-11T12:34:51.128-0400][0.106s] CPUs: 8 total, 8 available
[2025-04-11T12:34:51.128-0400][0.106s] Memory: 7992M
[2025-04-11T12:34:51.128-0400][0.106s] Large Page Support: Disabled
[2025-04-11T12:34:51.128-0400][0.106s] NUMA Support: Disabled
[2025-04-11T12:34:51.128-0400][0.106s] Compressed Oops: Enabled (32-bit)
[2025-04-11T12:34:51.128-0400][0.106s] Heap Region Size: 1M
[2025-04-11T12:34:51.128-0400][0.106s] Heap Min Capacity: 512M
[2025-04-11T12:34:51.128-0400][0.106s] Heap Initial Capacity: 512M
[2025-04-11T12:34:51.128-0400][0.106s] Heap Max Capacity: 512M
[2025-04-11T12:34:51.144-0400][0.125s] Pre-touch: Enabled
[2025-04-11T12:34:51.144-0400][0.125s] Parallel Workers: 8
[2025-04-11T12:34:51.144-0400][0.125s] Concurrent Workers: 2
[2025-04-11T12:34:51.144-0400][0.125s] Concurrent Refinement Workers: 8
[2025-04-11T12:34:51.144-0400][0.125s] Periodic GC: Disabled
[2025-04-11T12:34:51.144-0400][0.127s] CDS archive(s) mapped at: [0x0000000800000000-0x0000000800b90000-0x0000000800b90000), size 12124160, SharedBaseAddress: 0x0000000800000000, ArchiveRelocationMode: 0.
[2025-04-11T12:34:51.144-0400][0.127s] Compressed class space mapped at: 0x0000000800c00000-0x0000000840c00000, reserved size: 1073741824
[2025-04-11T12:34:51.144-0400][0.127s] Narrow klass base: 0x0000000800000000, Narrow klass shift: 0, Narrow klass range: 0x100000000
[2025-04-11T12:34:52.281-0400][1.252s] GC(0) Pause Young (Normal) (G1 Evacuation Pause)
[2025-04-11T12:34:52.282-0400][1.253s] GC(0) Using 8 workers of 8 for evacuation
[2025-04-11T12:34:52.285-0400][1.258s] GC(0)   Pre Evacuate Collection Set: 0.1ms
[2025-04-11T12:34:52.285-0400][1.258s] GC(0)   Merge Heap Roots: 0.1ms
[2025-04-11T12:34:52.285-0400][1.258s] GC(0)   Evacuate Collection Set: 3.9ms
[2025-04-11T12:34:52.285-0400][1.258s] GC(0)   Post Evacuate Collection Set: 0.6ms
[2025-04-11T12:34:52.285-0400][1.258s] GC(0)   Other: 0.5ms
[2025-04-11T12:34:52.285-0400][1.258s] GC(0) Eden regions: 29->0(39)
[2025-04-11T12:34:52.285-0400][1.258s] GC(0) Survivor regions: 0->4(4)
[2025-04-11T12:34:52.285-0400][1.258s] GC(0) Old regions: 0->2
[2025-04-11T12:34:52.285-0400][1.258s] GC(0) Archive regions: 0->0
[2025-04-11T12:34:52.285-0400][1.258s] GC(0) Humongous regions: 0->0
[2025-04-11T12:34:52.285-0400][1.258s] GC(0) Metaspace: 10149K(10496K)->10149K(10496K) NonClass: 8964K(9152K)->8964K(9152K) Class: 1184K(1344K)->1184K(1344K)
[2025-04-11T12:34:52.285-0400][1.258s] GC(0) Pause Young (Normal) (G1 Evacuation Pause) 29M->5M(512M) 5.433ms
[2025-04-11T12:34:52.285-0400][1.258s] GC(0) User=0.00s Sys=0.00s Real=0.00s
[2025-04-11T12:34:52.915-0400][1.894s] GC(1) Pause Young (Normal) (G1 Evacuation Pause)
[2025-04-11T12:34:52.915-0400][1.894s] GC(1) Using 8 workers of 8 for evacuation
[2025-04-11T12:34:52.933-0400][1.904s] GC(1)   Pre Evacuate Collection Set: 0.1ms
[2025-04-11T12:34:52.933-0400][1.904s] GC(1)   Merge Heap Roots: 0.1ms
[2025-04-11T12:34:52.933-0400][1.904s] GC(1)   Evacuate Collection Set: 8.9ms
[2025-04-11T12:34:52.933-0400][1.904s] GC(1)   Post Evacuate Collection Set: 0.7ms
[2025-04-11T12:34:52.933-0400][1.904s] GC(1)   Other: 0.1ms
[2025-04-11T12:34:52.933-0400][1.904s] GC(1) Eden regions: 34->0(47)
[2025-04-11T12:34:52.933-0400][1.904s] GC(1) Survivor regions: 4->5(5)
[2025-04-11T12:34:52.933-0400][1.904s] GC(1) Old regions: 2->10
[2025-04-11T12:34:52.933-0400][1.904s] GC(1) Archive regions: 0->0
[2025-04-11T12:34:52.933-0400][1.904s] GC(1) Humongous regions: 4->4
[2025-04-11T12:34:52.933-0400][1.904s] GC(1) Metaspace: 18060K(18496K)->18060K(18496K) NonClass: 15959K(16192K)->15959K(16192K) Class: 2101K(2304K)->2101K(2304K)
[2025-04-11T12:34:52.933-0400][1.904s] GC(1) Pause Young (Normal) (G1 Evacuation Pause) 43M->18M(512M) 10.197ms
[2025-04-11T12:34:52.933-0400][1.904s] GC(1) User=0.05s Sys=0.08s Real=0.02s
[2025-04-11T12:34:53.327-0400][2.307s] GC(2) Pause Young (Concurrent Start) (Metadata GC Threshold)
[2025-04-11T12:34:53.327-0400][2.307s] GC(2) Using 8 workers of 8 for evacuation
[2025-04-11T12:34:53.340-0400][2.312s] GC(2)   Pre Evacuate Collection Set: 0.2ms
[2025-04-11T12:34:53.340-0400][2.312s] GC(2)   Merge Heap Roots: 0.1ms
[2025-04-11T12:34:53.340-0400][2.312s] GC(2)   Evacuate Collection Set: 4.0ms
[2025-04-11T12:34:53.340-0400][2.312s] GC(2)   Post Evacuate Collection Set: 0.7ms
[2025-04-11T12:34:53.340-0400][2.312s] GC(2)   Other: 0.1ms
[2025-04-11T12:34:53.340-0400][2.312s] GC(2) Eden regions: 31->0(55)
[2025-04-11T12:34:53.340-0400][2.312s] GC(2) Survivor regions: 5->5(7)
[2025-04-11T12:34:53.340-0400][2.312s] GC(2) Old regions: 10->16
[2025-04-11T12:34:53.340-0400][2.312s] GC(2) Archive regions: 0->0
[2025-04-11T12:34:53.340-0400][2.312s] GC(2) Humongous regions: 4->4
[2025-04-11T12:34:53.340-0400][2.312s] GC(2) Metaspace: 21092K(21504K)->21092K(21504K) NonClass: 18638K(18880K)->18638K(18880K) Class: 2453K(2624K)->2453K(2624K)
[2025-04-11T12:34:53.340-0400][2.312s] GC(2) Pause Young (Concurrent Start) (Metadata GC Threshold) 49M->23M(512M) 5.474ms
[2025-04-11T12:34:53.340-0400][2.312s] GC(2) User=0.08s Sys=0.03s Real=0.01s
[2025-04-11T12:34:53.340-0400][2.312s] GC(3) Concurrent Mark Cycle
[2025-04-11T12:34:53.340-0400][2.312s] GC(3) Concurrent Clear Claimed Marks
[2025-04-11T12:34:53.340-0400][2.312s] GC(3) Concurrent Clear Claimed Marks 0.031ms
[2025-04-11T12:34:53.340-0400][2.312s] GC(3) Concurrent Scan Root Regions
[2025-04-11T12:34:53.343-0400][2.314s] GC(3) Concurrent Scan Root Regions 2.183ms
[2025-04-11T12:34:53.343-0400][2.314s] GC(3) Concurrent Mark
[2025-04-11T12:34:53.343-0400][2.314s] GC(3) Concurrent Mark From Roots
[2025-04-11T12:34:53.343-0400][2.314s] GC(3) Using 2 workers of 2 for marking
[2025-04-11T12:34:53.350-0400][2.322s] GC(3) Concurrent Mark From Roots 7.837ms
[2025-04-11T12:34:53.350-0400][2.322s] GC(3) Concurrent Preclean
[2025-04-11T12:34:53.350-0400][2.322s] GC(3) Concurrent Preclean 0.026ms
[2025-04-11T12:34:53.350-0400][2.323s] GC(3) Pause Remark
[2025-04-11T12:34:53.350-0400][2.325s] GC(3) Pause Remark 24M->24M(512M) 2.207ms
[2025-04-11T12:34:53.350-0400][2.325s] GC(3) User=0.09s Sys=0.03s Real=0.00s
[2025-04-11T12:34:53.350-0400][2.325s] GC(3) Concurrent Mark 10.753ms
[2025-04-11T12:34:53.350-0400][2.325s] GC(3) Concurrent Rebuild Remembered Sets
[2025-04-11T12:34:53.361-0400][2.331s] GC(3) Concurrent Rebuild Remembered Sets 5.737ms
[2025-04-11T12:34:53.361-0400][2.331s] GC(3) Pause Cleanup
[2025-04-11T12:34:53.361-0400][2.331s] GC(3) Pause Cleanup 25M->25M(512M) 0.186ms
[2025-04-11T12:34:53.361-0400][2.331s] GC(3) User=0.00s Sys=0.00s Real=0.00s
[2025-04-11T12:34:53.361-0400][2.332s] GC(3) Concurrent Cleanup for Next Mark
[2025-04-11T12:34:53.361-0400][2.332s] GC(3) Concurrent Cleanup for Next Mark 0.361ms
[2025-04-11T12:34:53.361-0400][2.332s] GC(3) Concurrent Mark Cycle 19.839ms
[2025-04-11T12:34:54.102-0400][3.083s] GC(4) Pause Young (Normal) (G1 Evacuation Pause)
[2025-04-11T12:34:54.102-0400][3.083s] GC(4) Using 8 workers of 8 for evacuation
[2025-04-11T12:34:54.115-0400][3.086s] GC(4)   Pre Evacuate Collection Set: 0.1ms
[2025-04-11T12:34:54.115-0400][3.086s] GC(4)   Merge Heap Roots: 0.2ms
[2025-04-11T12:34:54.115-0400][3.086s] GC(4)   Evacuate Collection Set: 2.2ms
[2025-04-11T12:34:54.115-0400][3.087s] GC(4)   Post Evacuate Collection Set: 0.8ms
[2025-04-11T12:34:54.115-0400][3.087s] GC(4)   Other: 0.1ms
[2025-04-11T12:34:54.115-0400][3.087s] GC(4) Eden regions: 55->0(301)
[2025-04-11T12:34:54.115-0400][3.087s] GC(4) Survivor regions: 5->6(8)
[2025-04-11T12:34:54.115-0400][3.087s] GC(4) Old regions: 16->16
[2025-04-11T12:34:54.115-0400][3.087s] GC(4) Archive regions: 0->0
[2025-04-11T12:34:54.115-0400][3.087s] GC(4) Humongous regions: 4->4
[2025-04-11T12:34:54.115-0400][3.087s] GC(4) Metaspace: 28392K(28800K)->28392K(28800K) NonClass: 25066K(25280K)->25066K(25280K) Class: 3325K(3520K)->3325K(3520K)
[2025-04-11T12:34:54.115-0400][3.087s] GC(4) Pause Young (Normal) (G1 Evacuation Pause) 78M->25M(512M) 3.597ms
[2025-04-11T12:34:54.115-0400][3.087s] GC(4) User=0.00s Sys=0.00s Real=0.01s
[2025-04-11T12:34:54.818-0400][3.791s] GC(5) Pause Young (Concurrent Start) (Metadata GC Threshold)
[2025-04-11T12:34:54.818-0400][3.791s] GC(5) Using 8 workers of 8 for evacuation
[2025-04-11T12:34:54.827-0400][3.799s] GC(5)   Pre Evacuate Collection Set: 0.2ms
[2025-04-11T12:34:54.827-0400][3.799s] GC(5)   Merge Heap Roots: 0.1ms
[2025-04-11T12:34:54.827-0400][3.799s] GC(5)   Evacuate Collection Set: 6.8ms
[2025-04-11T12:34:54.827-0400][3.799s] GC(5)   Post Evacuate Collection Set: 0.7ms
[2025-04-11T12:34:54.827-0400][3.799s] GC(5)   Other: 0.1ms
[2025-04-11T12:34:54.827-0400][3.799s] GC(5) Eden regions: 34->0(297)
[2025-04-11T12:34:54.827-0400][3.799s] GC(5) Survivor regions: 6->10(39)
[2025-04-11T12:34:54.827-0400][3.799s] GC(5) Old regions: 16->16
[2025-04-11T12:34:54.827-0400][3.799s] GC(5) Archive regions: 0->0
[2025-04-11T12:34:54.827-0400][3.799s] GC(5) Humongous regions: 4->4
[2025-04-11T12:34:54.827-0400][3.799s] GC(5) Metaspace: 35772K(36160K)->35772K(36160K) NonClass: 31531K(31744K)->31531K(31744K) Class: 4241K(4416K)->4241K(4416K)
[2025-04-11T12:34:54.827-0400][3.799s] GC(5) Pause Young (Concurrent Start) (Metadata GC Threshold) 59M->28M(512M) 7.993ms
[2025-04-11T12:34:54.827-0400][3.799s] GC(5) User=0.03s Sys=0.00s Real=0.01s
[2025-04-11T12:34:54.827-0400][3.799s] GC(6) Concurrent Mark Cycle
[2025-04-11T12:34:54.827-0400][3.799s] GC(6) Concurrent Clear Claimed Marks
[2025-04-11T12:34:54.827-0400][3.799s] GC(6) Concurrent Clear Claimed Marks 0.040ms
[2025-04-11T12:34:54.827-0400][3.799s] GC(6) Concurrent Scan Root Regions
[2025-04-11T12:34:54.829-0400][3.803s] GC(6) Concurrent Scan Root Regions 3.861ms
[2025-04-11T12:34:54.833-0400][3.803s] GC(6) Concurrent Mark
[2025-04-11T12:34:54.833-0400][3.803s] GC(6) Concurrent Mark From Roots
[2025-04-11T12:34:54.833-0400][3.803s] GC(6) Using 2 workers of 2 for marking
[2025-04-11T12:34:54.849-0400][3.822s] GC(6) Concurrent Mark From Roots 18.775ms
[2025-04-11T12:34:54.849-0400][3.822s] GC(6) Concurrent Preclean
[2025-04-11T12:34:54.849-0400][3.822s] GC(6) Concurrent Preclean 0.053ms
[2025-04-11T12:34:54.849-0400][3.823s] GC(6) Pause Remark
[2025-04-11T12:34:54.849-0400][3.826s] GC(6) Pause Remark 30M->30M(512M) 3.198ms
[2025-04-11T12:34:54.849-0400][3.826s] GC(6) User=0.05s Sys=0.06s Real=0.00s
[2025-04-11T12:34:54.849-0400][3.826s] GC(6) Concurrent Mark 22.974ms
[2025-04-11T12:34:54.849-0400][3.826s] GC(6) Concurrent Rebuild Remembered Sets
[2025-04-11T12:34:54.864-0400][3.835s] GC(6) Concurrent Rebuild Remembered Sets 8.931ms
[2025-04-11T12:34:54.865-0400][3.835s] GC(6) Pause Cleanup
[2025-04-11T12:34:54.865-0400][3.836s] GC(6) Pause Cleanup 31M->31M(512M) 0.164ms
[2025-04-11T12:34:54.865-0400][3.836s] GC(6) User=0.00s Sys=0.00s Real=0.00s
[2025-04-11T12:34:54.865-0400][3.836s] GC(6) Concurrent Cleanup for Next Mark
[2025-04-11T12:34:54.866-0400][3.836s] GC(6) Concurrent Cleanup for Next Mark 0.564ms
[2025-04-11T12:34:54.866-0400][3.836s] GC(6) Concurrent Mark Cycle 37.215ms
[2025-04-11T12:34:56.759-0400][5.731s] GC(7) Pause Young (Prepare Mixed) (GCLocker Initiated GC)
[2025-04-11T12:34:56.759-0400][5.731s] GC(7) Using 8 workers of 8 for evacuation
[2025-04-11T12:34:56.775-0400][5.747s] GC(7)   Pre Evacuate Collection Set: 0.1ms
[2025-04-11T12:34:56.775-0400][5.747s] GC(7)   Merge Heap Roots: 0.1ms
[2025-04-11T12:34:56.775-0400][5.747s] GC(7)   Evacuate Collection Set: 14.0ms
[2025-04-11T12:34:56.775-0400][5.747s] GC(7)   Post Evacuate Collection Set: 1.2ms
[2025-04-11T12:34:56.775-0400][5.747s] GC(7)   Other: 0.1ms
[2025-04-11T12:34:56.775-0400][5.747s] GC(7) Eden regions: 297->0(1)
[2025-04-11T12:34:56.775-0400][5.747s] GC(7) Survivor regions: 10->33(39)
[2025-04-11T12:34:56.775-0400][5.747s] GC(7) Old regions: 16->16
[2025-04-11T12:34:56.775-0400][5.747s] GC(7) Archive regions: 0->0
[2025-04-11T12:34:56.775-0400][5.747s] GC(7) Humongous regions: 4->4
[2025-04-11T12:34:56.775-0400][5.747s] GC(7) Metaspace: 51901K(52544K)->51901K(52544K) NonClass: 45528K(45888K)->45528K(45888K) Class: 6373K(6656K)->6373K(6656K)
[2025-04-11T12:34:56.775-0400][5.747s] GC(7) Pause Young (Prepare Mixed) (GCLocker Initiated GC) 325M->51M(512M) 15.804ms
[2025-04-11T12:34:56.775-0400][5.747s] GC(7) User=0.11s Sys=0.02s Real=0.02s
[2025-04-11T12:34:56.777-0400][5.748s] GC(8) Pause Young (Mixed) (G1 Evacuation Pause)
[2025-04-11T12:34:56.777-0400][5.748s] GC(8) Using 8 workers of 8 for evacuation
[2025-04-11T12:34:56.790-0400][5.760s] GC(8)   Pre Evacuate Collection Set: 0.1ms
[2025-04-11T12:34:56.790-0400][5.760s] GC(8)   Merge Heap Roots: 0.1ms
[2025-04-11T12:34:56.790-0400][5.760s] GC(8)   Evacuate Collection Set: 11.8ms
[2025-04-11T12:34:56.790-0400][5.761s] GC(8)   Post Evacuate Collection Set: 0.6ms
[2025-04-11T12:34:56.790-0400][5.761s] GC(8)   Other: 0.1ms
[2025-04-11T12:34:56.790-0400][5.761s] GC(8) Eden regions: 1->0(305)
[2025-04-11T12:34:56.790-0400][5.761s] GC(8) Survivor regions: 33->2(5)
[2025-04-11T12:34:56.790-0400][5.761s] GC(8) Old regions: 16->48
[2025-04-11T12:34:56.790-0400][5.761s] GC(8) Archive regions: 0->0
[2025-04-11T12:34:56.790-0400][5.761s] GC(8) Humongous regions: 4->4
[2025-04-11T12:34:56.790-0400][5.761s] GC(8) Metaspace: 51915K(52544K)->51915K(52544K) NonClass: 45541K(45888K)->45541K(45888K) Class: 6374K(6656K)->6374K(6656K)
[2025-04-11T12:34:56.790-0400][5.761s] GC(8) Pause Young (Mixed) (G1 Evacuation Pause) 52M->52M(512M) 12.849ms
[2025-04-11T12:34:56.790-0400][5.761s] GC(8) User=0.00s Sys=0.00s Real=0.01s
[2025-04-11T12:34:57.851-0400][6.822s] Heap
[2025-04-11T12:34:57.851-0400][6.822s]  garbage-first heap   total 524288K, used 225041K [0x00000000e0000000, 0x0000000100000000)
[2025-04-11T12:34:57.851-0400][6.822s]   region size 1024K, 169 young (173056K), 2 survivors (2048K)
[2025-04-11T12:34:57.851-0400][6.822s]  Metaspace       used 53862K, committed 54656K, reserved 1114112K
[2025-04-11T12:34:57.851-0400][6.822s]   class space    used 6665K, committed 7040K, reserved 1048576K
[2025-04-11T12:39:18.456-0400][0.019s] CardTable entry size: 512
[2025-04-11T12:39:18.456-0400][0.019s] Using G1
[2025-04-11T12:39:18.665-0400][0.219s] Version: 18.0.1+10-24 (release)
[2025-04-11T12:39:18.665-0400][0.219s] CPUs: 8 total, 8 available
[2025-04-11T12:39:18.665-0400][0.219s] Memory: 7992M
[2025-04-11T12:39:18.665-0400][0.219s] Large Page Support: Disabled
[2025-04-11T12:39:18.665-0400][0.219s] NUMA Support: Disabled
[2025-04-11T12:39:18.665-0400][0.219s] Compressed Oops: Enabled (32-bit)
[2025-04-11T12:39:18.665-0400][0.219s] Heap Region Size: 1M
[2025-04-11T12:39:18.665-0400][0.219s] Heap Min Capacity: 512M
[2025-04-11T12:39:18.665-0400][0.219s] Heap Initial Capacity: 512M
[2025-04-11T12:39:18.665-0400][0.219s] Heap Max Capacity: 512M
[2025-04-11T12:39:18.665-0400][0.219s] Pre-touch: Enabled
[2025-04-11T12:39:18.665-0400][0.219s] Parallel Workers: 8
[2025-04-11T12:39:18.665-0400][0.219s] Concurrent Workers: 2
[2025-04-11T12:39:18.665-0400][0.219s] Concurrent Refinement Workers: 8
[2025-04-11T12:39:18.665-0400][0.219s] Periodic GC: Disabled
[2025-04-11T12:39:18.665-0400][0.221s] CDS archive(s) mapped at: [0x0000000800000000-0x0000000800b90000-0x0000000800b90000), size 12124160, SharedBaseAddress: 0x0000000800000000, ArchiveRelocationMode: 0.
[2025-04-11T12:39:18.665-0400][0.221s] Compressed class space mapped at: 0x0000000800c00000-0x0000000840c00000, reserved size: 1073741824
[2025-04-11T12:39:18.665-0400][0.221s] Narrow klass base: 0x0000000800000000, Narrow klass shift: 0, Narrow klass range: 0x100000000
[2025-04-11T12:39:20.003-0400][1.570s] GC(0) Pause Young (Normal) (G1 Evacuation Pause)
[2025-04-11T12:39:20.018-0400][1.570s] GC(0) Using 8 workers of 8 for evacuation
[2025-04-11T12:39:20.023-0400][1.576s] GC(0)   Pre Evacuate Collection Set: 0.1ms
[2025-04-11T12:39:20.023-0400][1.576s] GC(0)   Merge Heap Roots: 0.2ms
[2025-04-11T12:39:20.023-0400][1.576s] GC(0)   Evacuate Collection Set: 3.8ms
[2025-04-11T12:39:20.023-0400][1.576s] GC(0)   Post Evacuate Collection Set: 0.8ms
[2025-04-11T12:39:20.023-0400][1.576s] GC(0)   Other: 0.6ms
[2025-04-11T12:39:20.023-0400][1.576s] GC(0) Eden regions: 29->0(38)
[2025-04-11T12:39:20.023-0400][1.576s] GC(0) Survivor regions: 0->4(4)
[2025-04-11T12:39:20.023-0400][1.576s] GC(0) Old regions: 0->2
[2025-04-11T12:39:20.023-0400][1.576s] GC(0) Archive regions: 0->0
[2025-04-11T12:39:20.023-0400][1.576s] GC(0) Humongous regions: 0->0
[2025-04-11T12:39:20.023-0400][1.576s] GC(0) Metaspace: 10200K(10496K)->10200K(10496K) NonClass: 9005K(9152K)->9005K(9152K) Class: 1195K(1344K)->1195K(1344K)
[2025-04-11T12:39:20.023-0400][1.576s] GC(0) Pause Young (Normal) (G1 Evacuation Pause) 29M->5M(512M) 6.090ms
[2025-04-11T12:39:20.023-0400][1.576s] GC(0) User=0.00s Sys=0.00s Real=0.02s
[2025-04-11T12:39:20.933-0400][2.485s] GC(1) Pause Young (Normal) (G1 Evacuation Pause)
[2025-04-11T12:39:20.933-0400][2.485s] GC(1) Using 8 workers of 8 for evacuation
[2025-04-11T12:39:20.945-0400][2.497s] GC(1)   Pre Evacuate Collection Set: 0.1ms
[2025-04-11T12:39:20.945-0400][2.498s] GC(1)   Merge Heap Roots: 0.1ms
[2025-04-11T12:39:20.945-0400][2.498s] GC(1)   Evacuate Collection Set: 11.1ms
[2025-04-11T12:39:20.945-0400][2.498s] GC(1)   Post Evacuate Collection Set: 0.8ms
[2025-04-11T12:39:20.945-0400][2.498s] GC(1)   Other: 0.1ms
[2025-04-11T12:39:20.945-0400][2.498s] GC(1) Eden regions: 35->0(49)
[2025-04-11T12:39:20.945-0400][2.498s] GC(1) Survivor regions: 4->5(5)
[2025-04-11T12:39:20.945-0400][2.498s] GC(1) Old regions: 2->11
[2025-04-11T12:39:20.945-0400][2.498s] GC(1) Archive regions: 0->0
[2025-04-11T12:39:20.945-0400][2.498s] GC(1) Humongous regions: 4->4
[2025-04-11T12:39:20.945-0400][2.498s] GC(1) Metaspace: 18023K(18432K)->18023K(18432K) NonClass: 15918K(16128K)->15918K(16128K) Class: 2105K(2304K)->2105K(2304K)
[2025-04-11T12:39:20.945-0400][2.498s] GC(1) Pause Young (Normal) (G1 Evacuation Pause) 43M->19M(512M) 12.553ms
[2025-04-11T12:39:20.945-0400][2.498s] GC(1) User=0.02s Sys=0.00s Real=0.01s
[2025-04-11T12:39:21.452-0400][3.010s] GC(2) Pause Young (Concurrent Start) (Metadata GC Threshold)
[2025-04-11T12:39:21.452-0400][3.010s] GC(2) Using 8 workers of 8 for evacuation
[2025-04-11T12:39:21.461-0400][3.015s] GC(2)   Pre Evacuate Collection Set: 0.2ms
[2025-04-11T12:39:21.461-0400][3.015s] GC(2)   Merge Heap Roots: 0.2ms
[2025-04-11T12:39:21.461-0400][3.015s] GC(2)   Evacuate Collection Set: 3.7ms
[2025-04-11T12:39:21.461-0400][3.015s] GC(2)   Post Evacuate Collection Set: 0.7ms
[2025-04-11T12:39:21.461-0400][3.015s] GC(2)   Other: 0.3ms
[2025-04-11T12:39:21.461-0400][3.015s] GC(2) Eden regions: 31->0(64)
[2025-04-11T12:39:21.461-0400][3.015s] GC(2) Survivor regions: 5->5(7)
[2025-04-11T12:39:21.461-0400][3.015s] GC(2) Old regions: 11->16
[2025-04-11T12:39:21.461-0400][3.015s] GC(2) Archive regions: 0->0
[2025-04-11T12:39:21.461-0400][3.015s] GC(2) Humongous regions: 4->4
[2025-04-11T12:39:21.461-0400][3.015s] GC(2) Metaspace: 21103K(21504K)->21103K(21504K) NonClass: 18640K(18816K)->18640K(18816K) Class: 2463K(2688K)->2463K(2688K)
[2025-04-11T12:39:21.461-0400][3.015s] GC(2) Pause Young (Concurrent Start) (Metadata GC Threshold) 49M->24M(512M) 5.462ms
[2025-04-11T12:39:21.461-0400][3.015s] GC(2) User=0.00s Sys=0.00s Real=0.01s
[2025-04-11T12:39:21.461-0400][3.015s] GC(3) Concurrent Mark Cycle
[2025-04-11T12:39:21.461-0400][3.016s] GC(3) Concurrent Clear Claimed Marks
[2025-04-11T12:39:21.461-0400][3.016s] GC(3) Concurrent Clear Claimed Marks 0.046ms
[2025-04-11T12:39:21.461-0400][3.016s] GC(3) Concurrent Scan Root Regions
[2025-04-11T12:39:21.461-0400][3.018s] GC(3) Concurrent Scan Root Regions 2.187ms
[2025-04-11T12:39:21.461-0400][3.018s] GC(3) Concurrent Mark
[2025-04-11T12:39:21.461-0400][3.018s] GC(3) Concurrent Mark From Roots
[2025-04-11T12:39:21.461-0400][3.018s] GC(3) Using 2 workers of 2 for marking
[2025-04-11T12:39:21.477-0400][3.030s] GC(3) Concurrent Mark From Roots 11.800ms
[2025-04-11T12:39:21.477-0400][3.030s] GC(3) Concurrent Preclean
[2025-04-11T12:39:21.477-0400][3.030s] GC(3) Concurrent Preclean 0.032ms
[2025-04-11T12:39:21.477-0400][3.030s] GC(3) Pause Remark
[2025-04-11T12:39:21.477-0400][3.033s] GC(3) Pause Remark 25M->25M(512M) 2.649ms
[2025-04-11T12:39:21.477-0400][3.033s] GC(3) User=0.00s Sys=0.00s Real=0.00s
[2025-04-11T12:39:21.477-0400][3.033s] GC(3) Concurrent Mark 14.998ms
[2025-04-11T12:39:21.477-0400][3.033s] GC(3) Concurrent Rebuild Remembered Sets
[2025-04-11T12:39:21.483-0400][3.039s] GC(3) Concurrent Rebuild Remembered Sets 6.294ms
[2025-04-11T12:39:21.483-0400][3.039s] GC(3) Pause Cleanup
[2025-04-11T12:39:21.483-0400][3.040s] GC(3) Pause Cleanup 25M->25M(512M) 0.170ms
[2025-04-11T12:39:21.483-0400][3.040s] GC(3) User=0.00s Sys=0.00s Real=0.00s
[2025-04-11T12:39:21.483-0400][3.040s] GC(3) Concurrent Cleanup for Next Mark
[2025-04-11T12:39:21.483-0400][3.040s] GC(3) Concurrent Cleanup for Next Mark 0.456ms
[2025-04-11T12:39:21.483-0400][3.040s] GC(3) Concurrent Mark Cycle 24.762ms
[2025-04-11T12:39:22.687-0400][4.244s] GC(4) Pause Young (Prepare Mixed) (G1 Evacuation Pause)
[2025-04-11T12:39:22.687-0400][4.244s] GC(4) Using 8 workers of 8 for evacuation
[2025-04-11T12:39:22.694-0400][4.248s] GC(4)   Pre Evacuate Collection Set: 0.1ms
[2025-04-11T12:39:22.694-0400][4.248s] GC(4)   Merge Heap Roots: 0.1ms
[2025-04-11T12:39:22.694-0400][4.248s] GC(4)   Evacuate Collection Set: 3.1ms
[2025-04-11T12:39:22.694-0400][4.249s] GC(4)   Post Evacuate Collection Set: 0.9ms
[2025-04-11T12:39:22.694-0400][4.249s] GC(4)   Other: 0.1ms
[2025-04-11T12:39:22.694-0400][4.249s] GC(4) Eden regions: 64->0(19)
[2025-04-11T12:39:22.694-0400][4.249s] GC(4) Survivor regions: 5->6(9)
[2025-04-11T12:39:22.694-0400][4.249s] GC(4) Old regions: 16->16
[2025-04-11T12:39:22.694-0400][4.249s] GC(4) Archive regions: 0->0
[2025-04-11T12:39:22.694-0400][4.249s] GC(4) Humongous regions: 4->4
[2025-04-11T12:39:22.694-0400][4.249s] GC(4) Metaspace: 29441K(29888K)->29441K(29888K) NonClass: 25964K(26176K)->25964K(26176K) Class: 3476K(3712K)->3476K(3712K)
[2025-04-11T12:39:22.694-0400][4.249s] GC(4) Pause Young (Prepare Mixed) (G1 Evacuation Pause) 88M->25M(512M) 4.706ms
[2025-04-11T12:39:22.694-0400][4.249s] GC(4) User=0.00s Sys=0.00s Real=0.01s
[2025-04-11T12:39:23.244-0400][4.796s] GC(5) Pause Young (Mixed) (G1 Evacuation Pause)
[2025-04-11T12:39:23.244-0400][4.797s] GC(5) Using 8 workers of 8 for evacuation
[2025-04-11T12:39:23.248-0400][4.802s] GC(5)   Pre Evacuate Collection Set: 0.1ms
[2025-04-11T12:39:23.248-0400][4.802s] GC(5)   Merge Heap Roots: 0.1ms
[2025-04-11T12:39:23.248-0400][4.802s] GC(5)   Evacuate Collection Set: 4.2ms
[2025-04-11T12:39:23.248-0400][4.802s] GC(5)   Post Evacuate Collection Set: 0.9ms
[2025-04-11T12:39:23.248-0400][4.802s] GC(5)   Other: 0.1ms
[2025-04-11T12:39:23.248-0400][4.802s] GC(5) Eden regions: 19->0(303)
[2025-04-11T12:39:23.248-0400][4.802s] GC(5) Survivor regions: 6->4(4)
[2025-04-11T12:39:23.248-0400][4.802s] GC(5) Old regions: 16->20
[2025-04-11T12:39:23.248-0400][4.802s] GC(5) Archive regions: 0->0
[2025-04-11T12:39:23.248-0400][4.802s] GC(5) Humongous regions: 4->4
[2025-04-11T12:39:23.248-0400][4.802s] GC(5) Metaspace: 34562K(35072K)->34562K(35072K) NonClass: 30486K(30784K)->30486K(30784K) Class: 4076K(4288K)->4076K(4288K)
[2025-04-11T12:39:23.248-0400][4.802s] GC(5) Pause Young (Mixed) (G1 Evacuation Pause) 44M->27M(512M) 5.672ms
[2025-04-11T12:39:23.248-0400][4.802s] GC(5) User=0.08s Sys=0.05s Real=0.00s
[2025-04-11T12:39:23.488-0400][5.042s] GC(6) Pause Young (Concurrent Start) (Metadata GC Threshold)
[2025-04-11T12:39:23.488-0400][5.042s] GC(6) Using 8 workers of 8 for evacuation
[2025-04-11T12:39:23.493-0400][5.047s] GC(6)   Pre Evacuate Collection Set: 0.1ms
[2025-04-11T12:39:23.493-0400][5.047s] GC(6)   Merge Heap Roots: 0.1ms
[2025-04-11T12:39:23.493-0400][5.047s] GC(6)   Evacuate Collection Set: 4.3ms
[2025-04-11T12:39:23.493-0400][5.047s] GC(6)   Post Evacuate Collection Set: 0.4ms
[2025-04-11T12:39:23.493-0400][5.047s] GC(6)   Other: 0.1ms
[2025-04-11T12:39:23.493-0400][5.047s] GC(6) Eden regions: 11->0(301)
[2025-04-11T12:39:23.493-0400][5.047s] GC(6) Survivor regions: 4->6(39)
[2025-04-11T12:39:23.493-0400][5.047s] GC(6) Old regions: 20->20
[2025-04-11T12:39:23.493-0400][5.047s] GC(6) Archive regions: 0->0
[2025-04-11T12:39:23.493-0400][5.047s] GC(6) Humongous regions: 4->4
[2025-04-11T12:39:23.493-0400][5.047s] GC(6) Metaspace: 35736K(36160K)->35736K(36160K) NonClass: 31496K(31744K)->31496K(31744K) Class: 4240K(4416K)->4240K(4416K)
[2025-04-11T12:39:23.493-0400][5.047s] GC(6) Pause Young (Concurrent Start) (Metadata GC Threshold) 38M->29M(512M) 5.386ms
[2025-04-11T12:39:23.493-0400][5.047s] GC(6) User=0.00s Sys=0.00s Real=0.01s
[2025-04-11T12:39:23.493-0400][5.047s] GC(7) Concurrent Mark Cycle
[2025-04-11T12:39:23.493-0400][5.047s] GC(7) Concurrent Clear Claimed Marks
[2025-04-11T12:39:23.493-0400][5.047s] GC(7) Concurrent Clear Claimed Marks 0.059ms
[2025-04-11T12:39:23.493-0400][5.047s] GC(7) Concurrent Scan Root Regions
[2025-04-11T12:39:23.499-0400][5.051s] GC(7) Concurrent Scan Root Regions 3.813ms
[2025-04-11T12:39:23.499-0400][5.051s] GC(7) Concurrent Mark
[2025-04-11T12:39:23.499-0400][5.051s] GC(7) Concurrent Mark From Roots
[2025-04-11T12:39:23.499-0400][5.051s] GC(7) Using 2 workers of 2 for marking
[2025-04-11T12:39:23.523-0400][5.075s] GC(7) Concurrent Mark From Roots 23.511ms
[2025-04-11T12:39:23.523-0400][5.075s] GC(7) Concurrent Preclean
[2025-04-11T12:39:23.523-0400][5.075s] GC(7) Concurrent Preclean 0.082ms
[2025-04-11T12:39:23.528-0400][5.080s] GC(7) Pause Remark
[2025-04-11T12:39:23.531-0400][5.083s] GC(7) Pause Remark 31M->31M(512M) 3.377ms
[2025-04-11T12:39:23.531-0400][5.083s] GC(7) User=0.05s Sys=0.08s Real=0.00s
[2025-04-11T12:39:23.531-0400][5.083s] GC(7) Concurrent Mark 32.022ms
[2025-04-11T12:39:23.531-0400][5.083s] GC(7) Concurrent Rebuild Remembered Sets
[2025-04-11T12:39:23.543-0400][5.096s] GC(7) Concurrent Rebuild Remembered Sets 12.219ms
[2025-04-11T12:39:23.552-0400][5.104s] GC(7) Pause Cleanup
[2025-04-11T12:39:23.552-0400][5.104s] GC(7) Pause Cleanup 32M->32M(512M) 0.219ms
[2025-04-11T12:39:23.552-0400][5.104s] GC(7) User=0.00s Sys=0.00s Real=0.00s
[2025-04-11T12:39:23.552-0400][5.105s] GC(7) Concurrent Cleanup for Next Mark
[2025-04-11T12:39:23.553-0400][5.105s] GC(7) Concurrent Cleanup for Next Mark 0.608ms
[2025-04-11T12:39:23.553-0400][5.105s] GC(7) Concurrent Mark Cycle 57.989ms
[2025-04-11T12:39:25.824-0400][7.378s] GC(8) Pause Young (Prepare Mixed) (G1 Evacuation Pause)
[2025-04-11T12:39:25.824-0400][7.378s] GC(8) Using 8 workers of 8 for evacuation
[2025-04-11T12:39:25.848-0400][7.400s] GC(8)   Pre Evacuate Collection Set: 0.1ms
[2025-04-11T12:39:25.848-0400][7.400s] GC(8)   Merge Heap Roots: 0.1ms
[2025-04-11T12:39:25.848-0400][7.400s] GC(8)   Evacuate Collection Set: 20.1ms
[2025-04-11T12:39:25.848-0400][7.400s] GC(8)   Post Evacuate Collection Set: 1.4ms
[2025-04-11T12:39:25.848-0400][7.400s] GC(8)   Other: 0.1ms
[2025-04-11T12:39:25.848-0400][7.400s] GC(8) Eden regions: 301->0(1)
[2025-04-11T12:39:25.848-0400][7.400s] GC(8) Survivor regions: 6->32(39)
[2025-04-11T12:39:25.848-0400][7.400s] GC(8) Old regions: 20->20
[2025-04-11T12:39:25.848-0400][7.400s] GC(8) Archive regions: 0->0
[2025-04-11T12:39:25.848-0400][7.400s] GC(8) Humongous regions: 4->4
[2025-04-11T12:39:25.848-0400][7.401s] GC(8) Metaspace: 50127K(50752K)->50127K(50752K) NonClass: 43983K(44352K)->43983K(44352K) Class: 6143K(6400K)->6143K(6400K)
[2025-04-11T12:39:25.848-0400][7.401s] GC(8) Pause Young (Prepare Mixed) (G1 Evacuation Pause) 330M->55M(512M) 22.166ms
[2025-04-11T12:39:25.848-0400][7.401s] GC(8) User=0.11s Sys=0.03s Real=0.02s
[2025-04-11T12:39:25.856-0400][7.408s] GC(9) Pause Young (Mixed) (G1 Evacuation Pause)
[2025-04-11T12:39:25.856-0400][7.408s] GC(9) Using 8 workers of 8 for evacuation
[2025-04-11T12:39:25.874-0400][7.427s] GC(9)   Pre Evacuate Collection Set: 0.1ms
[2025-04-11T12:39:25.874-0400][7.427s] GC(9)   Merge Heap Roots: 0.1ms
[2025-04-11T12:39:25.874-0400][7.427s] GC(9)   Evacuate Collection Set: 18.2ms
[2025-04-11T12:39:25.874-0400][7.427s] GC(9)   Post Evacuate Collection Set: 0.7ms
[2025-04-11T12:39:25.874-0400][7.427s] GC(9)   Other: 0.1ms
[2025-04-11T12:39:25.874-0400][7.427s] GC(9) Eden regions: 1->0(304)
[2025-04-11T12:39:25.874-0400][7.427s] GC(9) Survivor regions: 32->2(5)
[2025-04-11T12:39:25.874-0400][7.427s] GC(9) Old regions: 20->51
[2025-04-11T12:39:25.874-0400][7.427s] GC(9) Archive regions: 0->0
[2025-04-11T12:39:25.874-0400][7.427s] GC(9) Humongous regions: 4->4
[2025-04-11T12:39:25.874-0400][7.427s] GC(9) Metaspace: 50147K(50752K)->50147K(50752K) NonClass: 44001K(44352K)->44001K(44352K) Class: 6146K(6400K)->6146K(6400K)
[2025-04-11T12:39:25.874-0400][7.427s] GC(9) Pause Young (Mixed) (G1 Evacuation Pause) 56M->56M(512M) 19.668ms
[2025-04-11T12:39:25.874-0400][7.428s] GC(9) User=0.19s Sys=0.06s Real=0.02s
[2025-04-11T12:39:27.106-0400][8.672s] Heap
[2025-04-11T12:39:27.106-0400][8.672s]  garbage-first heap   total 524288K, used 225537K [0x00000000e0000000, 0x0000000100000000)
[2025-04-11T12:39:27.106-0400][8.672s]   region size 1024K, 166 young (169984K), 2 survivors (2048K)
[2025-04-11T12:39:27.106-0400][8.672s]  Metaspace       used 53839K, committed 54592K, reserved 1114112K
[2025-04-11T12:39:27.106-0400][8.672s]   class space    used 6677K, committed 7040K, reserved 1048576K
