[2025-03-26T10:17:17.407-0400][0.027s] CardTable entry size: 512
[2025-03-26T10:17:17.407-0400][0.028s] Using G1
[2025-03-26T10:17:17.493-0400][0.115s] Version: 18.0.1+10-24 (release)
[2025-03-26T10:17:17.493-0400][0.116s] CPUs: 8 total, 8 available
[2025-03-26T10:17:17.493-0400][0.116s] Memory: 7992M
[2025-03-26T10:17:17.493-0400][0.116s] Large Page Support: Disabled
[2025-03-26T10:17:17.493-0400][0.116s] NUMA Support: Disabled
[2025-03-26T10:17:17.493-0400][0.116s] Compressed Oops: Enabled (32-bit)
[2025-03-26T10:17:17.493-0400][0.116s] Heap Region Size: 1M
[2025-03-26T10:17:17.493-0400][0.116s] Heap Min Capacity: 512M
[2025-03-26T10:17:17.493-0400][0.116s] Heap Initial Capacity: 512M
[2025-03-26T10:17:17.493-0400][0.116s] Heap Max Capacity: 512M
[2025-03-26T10:17:17.493-0400][0.116s] Pre-touch: Enabled
[2025-03-26T10:17:17.493-0400][0.116s] Parallel Workers: 8
[2025-03-26T10:17:17.493-0400][0.116s] Concurrent Workers: 2
[2025-03-26T10:17:17.493-0400][0.116s] Concurrent Refinement Workers: 8
[2025-03-26T10:17:17.493-0400][0.116s] Periodic GC: Disabled
[2025-03-26T10:17:17.497-0400][0.118s] CDS archive(s) mapped at: [0x0000000800000000-0x0000000800b90000-0x0000000800b90000), size 12124160, SharedBaseAddress: 0x0000000800000000, ArchiveRelocationMode: 0.
[2025-03-26T10:17:17.497-0400][0.118s] Compressed class space mapped at: 0x0000000800c00000-0x0000000840c00000, reserved size: 1073741824
[2025-03-26T10:17:17.497-0400][0.118s] Narrow klass base: 0x0000000800000000, Narrow klass shift: 0, Narrow klass range: 0x100000000
[2025-03-26T10:17:18.581-0400][1.202s] GC(0) Pause Young (Normal) (G1 Evacuation Pause)
[2025-03-26T10:17:18.583-0400][1.202s] GC(0) Using 8 workers of 8 for evacuation
[2025-03-26T10:17:18.587-0400][1.207s] GC(0)   Pre Evacuate Collection Set: 0.1ms
[2025-03-26T10:17:18.587-0400][1.207s] GC(0)   Merge Heap Roots: 0.1ms
[2025-03-26T10:17:18.587-0400][1.207s] GC(0)   Evacuate Collection Set: 4.1ms
[2025-03-26T10:17:18.587-0400][1.207s] GC(0)   Post Evacuate Collection Set: 0.6ms
[2025-03-26T10:17:18.587-0400][1.207s] GC(0)   Other: 0.4ms
[2025-03-26T10:17:18.587-0400][1.207s] GC(0) Eden regions: 29->0(39)
[2025-03-26T10:17:18.587-0400][1.207s] GC(0) Survivor regions: 0->4(4)
[2025-03-26T10:17:18.587-0400][1.207s] GC(0) Old regions: 0->2
[2025-03-26T10:17:18.587-0400][1.207s] GC(0) Archive regions: 0->0
[2025-03-26T10:17:18.587-0400][1.207s] GC(0) Humongous regions: 0->0
[2025-03-26T10:17:18.587-0400][1.207s] GC(0) Metaspace: 10179K(10496K)->10179K(10496K) NonClass: 8994K(9152K)->8994K(9152K) Class: 1185K(1344K)->1185K(1344K)
[2025-03-26T10:17:18.587-0400][1.207s] GC(0) Pause Young (Normal) (G1 Evacuation Pause) 29M->5M(512M) 5.751ms
[2025-03-26T10:17:18.587-0400][1.207s] GC(0) User=0.06s Sys=0.05s Real=0.01s
[2025-03-26T10:17:19.607-0400][2.227s] GC(1) Pause Young (Normal) (G1 Evacuation Pause)
[2025-03-26T10:17:19.607-0400][2.227s] GC(1) Using 8 workers of 8 for evacuation
[2025-03-26T10:17:19.615-0400][2.237s] GC(1)   Pre Evacuate Collection Set: 0.1ms
[2025-03-26T10:17:19.615-0400][2.237s] GC(1)   Merge Heap Roots: 0.2ms
[2025-03-26T10:17:19.615-0400][2.237s] GC(1)   Evacuate Collection Set: 8.5ms
[2025-03-26T10:17:19.615-0400][2.237s] GC(1)   Post Evacuate Collection Set: 0.8ms
[2025-03-26T10:17:19.615-0400][2.237s] GC(1)   Other: 0.1ms
[2025-03-26T10:17:19.615-0400][2.237s] GC(1) Eden regions: 35->0(48)
[2025-03-26T10:17:19.615-0400][2.237s] GC(1) Survivor regions: 4->5(5)
[2025-03-26T10:17:19.615-0400][2.237s] GC(1) Old regions: 2->11
[2025-03-26T10:17:19.615-0400][2.237s] GC(1) Archive regions: 0->0
[2025-03-26T10:17:19.615-0400][2.237s] GC(1) Humongous regions: 4->4
[2025-03-26T10:17:19.615-0400][2.237s] GC(1) Metaspace: 18057K(18496K)->18057K(18496K) NonClass: 15955K(16192K)->15955K(16192K) Class: 2102K(2304K)->2102K(2304K)
[2025-03-26T10:17:19.615-0400][2.237s] GC(1) Pause Young (Normal) (G1 Evacuation Pause) 44M->19M(512M) 9.865ms
[2025-03-26T10:17:19.615-0400][2.237s] GC(1) User=0.12s Sys=0.00s Real=0.01s
[2025-03-26T10:17:20.083-0400][2.703s] GC(2) Pause Young (Concurrent Start) (Metadata GC Threshold)
[2025-03-26T10:17:20.083-0400][2.703s] GC(2) Using 8 workers of 8 for evacuation
[2025-03-26T10:17:20.087-0400][2.708s] GC(2)   Pre Evacuate Collection Set: 0.3ms
[2025-03-26T10:17:20.087-0400][2.708s] GC(2)   Merge Heap Roots: 0.2ms
[2025-03-26T10:17:20.087-0400][2.708s] GC(2)   Evacuate Collection Set: 4.3ms
[2025-03-26T10:17:20.087-0400][2.708s] GC(2)   Post Evacuate Collection Set: 0.6ms
[2025-03-26T10:17:20.087-0400][2.708s] GC(2)   Other: 0.2ms
[2025-03-26T10:17:20.087-0400][2.709s] GC(2) Eden regions: 30->0(56)
[2025-03-26T10:17:20.087-0400][2.709s] GC(2) Survivor regions: 5->4(7)
[2025-03-26T10:17:20.087-0400][2.709s] GC(2) Old regions: 11->16
[2025-03-26T10:17:20.087-0400][2.709s] GC(2) Archive regions: 0->0
[2025-03-26T10:17:20.087-0400][2.709s] GC(2) Humongous regions: 4->4
[2025-03-26T10:17:20.087-0400][2.709s] GC(2) Metaspace: 21103K(21504K)->21103K(21504K) NonClass: 18649K(18816K)->18649K(18816K) Class: 2454K(2688K)->2454K(2688K)
[2025-03-26T10:17:20.087-0400][2.709s] GC(2) Pause Young (Concurrent Start) (Metadata GC Threshold) 49M->24M(512M) 5.929ms
[2025-03-26T10:17:20.087-0400][2.709s] GC(2) User=0.08s Sys=0.05s Real=0.00s
[2025-03-26T10:17:20.087-0400][2.709s] GC(3) Concurrent Mark Cycle
[2025-03-26T10:17:20.087-0400][2.709s] GC(3) Concurrent Clear Claimed Marks
[2025-03-26T10:17:20.087-0400][2.709s] GC(3) Concurrent Clear Claimed Marks 0.036ms
[2025-03-26T10:17:20.087-0400][2.709s] GC(3) Concurrent Scan Root Regions
[2025-03-26T10:17:20.090-0400][2.711s] GC(3) Concurrent Scan Root Regions 2.599ms
[2025-03-26T10:17:20.090-0400][2.711s] GC(3) Concurrent Mark
[2025-03-26T10:17:20.090-0400][2.711s] GC(3) Concurrent Mark From Roots
[2025-03-26T10:17:20.090-0400][2.711s] GC(3) Using 2 workers of 2 for marking
[2025-03-26T10:17:20.105-0400][2.725s] GC(3) Concurrent Mark From Roots 13.149ms
[2025-03-26T10:17:20.105-0400][2.725s] GC(3) Concurrent Preclean
[2025-03-26T10:17:20.105-0400][2.725s] GC(3) Concurrent Preclean 0.041ms
[2025-03-26T10:17:20.105-0400][2.725s] GC(3) Pause Remark
[2025-03-26T10:17:20.107-0400][2.727s] GC(3) Pause Remark 25M->25M(512M) 1.980ms
[2025-03-26T10:17:20.107-0400][2.727s] GC(3) User=0.00s Sys=0.00s Real=0.00s
[2025-03-26T10:17:20.107-0400][2.727s] GC(3) Concurrent Mark 15.612ms
[2025-03-26T10:17:20.107-0400][2.727s] GC(3) Concurrent Rebuild Remembered Sets
[2025-03-26T10:17:20.120-0400][2.741s] GC(3) Concurrent Rebuild Remembered Sets 14.287ms
[2025-03-26T10:17:20.120-0400][2.742s] GC(3) Pause Cleanup
[2025-03-26T10:17:20.120-0400][2.742s] GC(3) Pause Cleanup 26M->26M(512M) 0.203ms
[2025-03-26T10:17:20.120-0400][2.742s] GC(3) User=0.00s Sys=0.00s Real=0.00s
[2025-03-26T10:17:20.120-0400][2.742s] GC(3) Concurrent Cleanup for Next Mark
[2025-03-26T10:17:20.120-0400][2.743s] GC(3) Concurrent Cleanup for Next Mark 0.485ms
[2025-03-26T10:17:20.120-0400][2.743s] GC(3) Concurrent Mark Cycle 33.914ms
[2025-03-26T10:17:21.328-0400][3.948s] GC(4) Pause Young (Normal) (G1 Evacuation Pause)
[2025-03-26T10:17:21.328-0400][3.948s] GC(4) Using 8 workers of 8 for evacuation
[2025-03-26T10:17:21.331-0400][3.952s] GC(4)   Pre Evacuate Collection Set: 0.1ms
[2025-03-26T10:17:21.331-0400][3.952s] GC(4)   Merge Heap Roots: 0.1ms
[2025-03-26T10:17:21.331-0400][3.952s] GC(4)   Evacuate Collection Set: 3.3ms
[2025-03-26T10:17:21.331-0400][3.952s] GC(4)   Post Evacuate Collection Set: 0.7ms
[2025-03-26T10:17:21.331-0400][3.952s] GC(4)   Other: 0.1ms
[2025-03-26T10:17:21.331-0400][3.952s] GC(4) Eden regions: 56->0(300)
[2025-03-26T10:17:21.333-0400][3.952s] GC(4) Survivor regions: 4->7(8)
[2025-03-26T10:17:21.333-0400][3.952s] GC(4) Old regions: 16->16
[2025-03-26T10:17:21.333-0400][3.952s] GC(4) Archive regions: 0->0
[2025-03-26T10:17:21.333-0400][3.952s] GC(4) Humongous regions: 4->4
[2025-03-26T10:17:21.333-0400][3.952s] GC(4) Metaspace: 32510K(32960K)->32510K(32960K) NonClass: 28718K(28928K)->28718K(28928K) Class: 3792K(4032K)->3792K(4032K)
[2025-03-26T10:17:21.333-0400][3.952s] GC(4) Pause Young (Normal) (G1 Evacuation Pause) 80M->26M(512M) 4.528ms
[2025-03-26T10:17:21.333-0400][3.952s] GC(4) User=0.00s Sys=0.00s Real=0.00s
[2025-03-26T10:17:21.789-0400][4.409s] GC(5) Pause Young (Concurrent Start) (Metadata GC Threshold)
[2025-03-26T10:17:21.789-0400][4.409s] GC(5) Using 8 workers of 8 for evacuation
[2025-03-26T10:17:21.793-0400][4.415s] GC(5)   Pre Evacuate Collection Set: 0.2ms
[2025-03-26T10:17:21.793-0400][4.415s] GC(5)   Merge Heap Roots: 0.1ms
[2025-03-26T10:17:21.793-0400][4.415s] GC(5)   Evacuate Collection Set: 4.6ms
[2025-03-26T10:17:21.793-0400][4.415s] GC(5)   Post Evacuate Collection Set: 0.7ms
[2025-03-26T10:17:21.793-0400][4.415s] GC(5)   Other: 0.2ms
[2025-03-26T10:17:21.793-0400][4.415s] GC(5) Eden regions: 23->0(297)
[2025-03-26T10:17:21.793-0400][4.415s] GC(5) Survivor regions: 7->10(39)
[2025-03-26T10:17:21.793-0400][4.415s] GC(5) Old regions: 16->16
[2025-03-26T10:17:21.793-0400][4.415s] GC(5) Archive regions: 0->0
[2025-03-26T10:17:21.793-0400][4.415s] GC(5) Humongous regions: 4->4
[2025-03-26T10:17:21.793-0400][4.415s] GC(5) Metaspace: 35796K(36160K)->35796K(36160K) NonClass: 31552K(31744K)->31552K(31744K) Class: 4244K(4416K)->4244K(4416K)
[2025-03-26T10:17:21.793-0400][4.415s] GC(5) Pause Young (Concurrent Start) (Metadata GC Threshold) 49M->29M(512M) 5.962ms
[2025-03-26T10:17:21.796-0400][4.415s] GC(5) User=0.00s Sys=0.00s Real=0.00s
[2025-03-26T10:17:21.796-0400][4.415s] GC(6) Concurrent Mark Cycle
[2025-03-26T10:17:21.796-0400][4.415s] GC(6) Concurrent Clear Claimed Marks
[2025-03-26T10:17:21.796-0400][4.415s] GC(6) Concurrent Clear Claimed Marks 0.036ms
[2025-03-26T10:17:21.796-0400][4.416s] GC(6) Concurrent Scan Root Regions
[2025-03-26T10:17:21.797-0400][4.419s] GC(6) Concurrent Scan Root Regions 3.135ms
[2025-03-26T10:17:21.797-0400][4.419s] GC(6) Concurrent Mark
[2025-03-26T10:17:21.797-0400][4.419s] GC(6) Concurrent Mark From Roots
[2025-03-26T10:17:21.797-0400][4.419s] GC(6) Using 2 workers of 2 for marking
[2025-03-26T10:17:21.835-0400][4.455s] GC(6) Concurrent Mark From Roots 36.606ms
[2025-03-26T10:17:21.835-0400][4.455s] GC(6) Concurrent Preclean
[2025-03-26T10:17:21.837-0400][4.456s] GC(6) Concurrent Preclean 0.599ms
[2025-03-26T10:17:21.841-0400][4.461s] GC(6) Pause Remark
[2025-03-26T10:17:21.843-0400][4.463s] GC(6) Pause Remark 32M->32M(512M) 2.380ms
[2025-03-26T10:17:21.843-0400][4.463s] GC(6) User=0.00s Sys=0.00s Real=0.00s
[2025-03-26T10:17:21.843-0400][4.463s] GC(6) Concurrent Mark 44.368ms
[2025-03-26T10:17:21.843-0400][4.463s] GC(6) Concurrent Rebuild Remembered Sets
[2025-03-26T10:17:21.855-0400][4.476s] GC(6) Concurrent Rebuild Remembered Sets 12.433ms
[2025-03-26T10:17:21.856-0400][4.476s] GC(6) Pause Cleanup
[2025-03-26T10:17:21.856-0400][4.476s] GC(6) Pause Cleanup 33M->33M(512M) 0.151ms
[2025-03-26T10:17:21.856-0400][4.476s] GC(6) User=0.00s Sys=0.00s Real=0.00s
[2025-03-26T10:17:21.856-0400][4.476s] GC(6) Concurrent Cleanup for Next Mark
[2025-03-26T10:17:21.856-0400][4.477s] GC(6) Concurrent Cleanup for Next Mark 0.486ms
[2025-03-26T10:17:21.857-0400][4.477s] GC(6) Concurrent Mark Cycle 61.379ms
[2025-03-26T10:17:23.606-0400][6.227s] GC(7) Pause Young (Normal) (G1 Evacuation Pause)
[2025-03-26T10:17:23.606-0400][6.227s] GC(7) Using 8 workers of 8 for evacuation
[2025-03-26T10:17:23.628-0400][6.248s] GC(7)   Pre Evacuate Collection Set: 0.1ms
[2025-03-26T10:17:23.628-0400][6.248s] GC(7)   Merge Heap Roots: 0.1ms
[2025-03-26T10:17:23.628-0400][6.248s] GC(7)   Evacuate Collection Set: 19.9ms
[2025-03-26T10:17:23.628-0400][6.248s] GC(7)   Post Evacuate Collection Set: 1.2ms
[2025-03-26T10:17:23.628-0400][6.249s] GC(7)   Other: 0.2ms
[2025-03-26T10:17:23.628-0400][6.249s] GC(7) Eden regions: 297->0(271)
[2025-03-26T10:17:23.628-0400][6.249s] GC(7) Survivor regions: 10->36(39)
[2025-03-26T10:17:23.628-0400][6.249s] GC(7) Old regions: 16->16
[2025-03-26T10:17:23.628-0400][6.249s] GC(7) Archive regions: 0->0
[2025-03-26T10:17:23.628-0400][6.249s] GC(7) Humongous regions: 4->4
[2025-03-26T10:17:23.628-0400][6.249s] GC(7) Metaspace: 54737K(55488K)->54737K(55488K) NonClass: 47954K(48320K)->47954K(48320K) Class: 6782K(7168K)->6782K(7168K)
[2025-03-26T10:17:23.628-0400][6.249s] GC(7) Pause Young (Normal) (G1 Evacuation Pause) 326M->56M(512M) 22.009ms
[2025-03-26T10:17:23.628-0400][6.249s] GC(7) User=0.09s Sys=0.02s Real=0.02s
[2025-03-26T10:17:24.922-0400][7.542s] GC(8) Pause Young (Normal) (G1 Evacuation Pause)
[2025-03-26T10:17:24.922-0400][7.542s] GC(8) Using 8 workers of 8 for evacuation
[2025-03-26T10:17:24.940-0400][7.562s] GC(8)   Pre Evacuate Collection Set: 0.1ms
[2025-03-26T10:17:24.940-0400][7.562s] GC(8)   Merge Heap Roots: 0.2ms
[2025-03-26T10:17:24.940-0400][7.562s] GC(8)   Evacuate Collection Set: 18.1ms
[2025-03-26T10:17:24.940-0400][7.562s] GC(8)   Post Evacuate Collection Set: 1.3ms
[2025-03-26T10:17:24.940-0400][7.562s] GC(8)   Other: 0.1ms
[2025-03-26T10:17:24.940-0400][7.562s] GC(8) Eden regions: 271->0(287)
[2025-03-26T10:17:24.940-0400][7.562s] GC(8) Survivor regions: 36->20(39)
[2025-03-26T10:17:24.940-0400][7.562s] GC(8) Old regions: 16->44
[2025-03-26T10:17:24.940-0400][7.562s] GC(8) Archive regions: 0->0
[2025-03-26T10:17:24.940-0400][7.562s] GC(8) Humongous regions: 4->4
[2025-03-26T10:17:24.940-0400][7.562s] GC(8) Metaspace: 56880K(57664K)->56880K(57664K) NonClass: 49890K(50304K)->49890K(50304K) Class: 6989K(7360K)->6989K(7360K)
[2025-03-26T10:17:24.940-0400][7.562s] GC(8) Pause Young (Normal) (G1 Evacuation Pause) 327M->67M(512M) 20.020ms
[2025-03-26T10:17:24.940-0400][7.562s] GC(8) User=0.12s Sys=0.00s Real=0.02s
[2025-03-26T10:17:25.663-0400][8.285s] GC(9) Pause Young (Normal) (G1 Evacuation Pause)
[2025-03-26T10:17:25.663-0400][8.285s] GC(9) Using 8 workers of 8 for evacuation
[2025-03-26T10:17:25.670-0400][8.291s] GC(9)   Pre Evacuate Collection Set: 0.1ms
[2025-03-26T10:17:25.670-0400][8.291s] GC(9)   Merge Heap Roots: 0.1ms
[2025-03-26T10:17:25.670-0400][8.291s] GC(9)   Evacuate Collection Set: 5.2ms
[2025-03-26T10:17:25.670-0400][8.291s] GC(9)   Post Evacuate Collection Set: 0.7ms
[2025-03-26T10:17:25.670-0400][8.291s] GC(9)   Other: 0.1ms
[2025-03-26T10:17:25.670-0400][8.291s] GC(9) Eden regions: 287->0(284)
[2025-03-26T10:17:25.670-0400][8.291s] GC(9) Survivor regions: 20->23(39)
[2025-03-26T10:17:25.670-0400][8.291s] GC(9) Old regions: 44->44
[2025-03-26T10:17:25.670-0400][8.291s] GC(9) Archive regions: 0->0
[2025-03-26T10:17:25.670-0400][8.291s] GC(9) Humongous regions: 5->5
[2025-03-26T10:17:25.670-0400][8.291s] GC(9) Metaspace: 56900K(57728K)->56900K(57728K) NonClass: 49909K(50368K)->49909K(50368K) Class: 6990K(7360K)->6990K(7360K)
[2025-03-26T10:17:25.670-0400][8.291s] GC(9) Pause Young (Normal) (G1 Evacuation Pause) 355M->71M(512M) 6.381ms
[2025-03-26T10:17:25.670-0400][8.291s] GC(9) User=0.00s Sys=0.00s Real=0.01s
[2025-03-26T10:17:26.361-0400][8.982s] GC(10) Pause Young (Normal) (G1 Evacuation Pause)
[2025-03-26T10:17:26.361-0400][8.982s] GC(10) Using 8 workers of 8 for evacuation
[2025-03-26T10:17:26.369-0400][8.989s] GC(10)   Pre Evacuate Collection Set: 0.1ms
[2025-03-26T10:17:26.369-0400][8.989s] GC(10)   Merge Heap Roots: 0.1ms
[2025-03-26T10:17:26.369-0400][8.989s] GC(10)   Evacuate Collection Set: 6.5ms
[2025-03-26T10:17:26.369-0400][8.989s] GC(10)   Post Evacuate Collection Set: 0.6ms
[2025-03-26T10:17:26.369-0400][8.989s] GC(10)   Other: 0.1ms
[2025-03-26T10:17:26.369-0400][8.989s] GC(10) Eden regions: 284->0(297)
[2025-03-26T10:17:26.369-0400][8.989s] GC(10) Survivor regions: 23->10(39)
[2025-03-26T10:17:26.369-0400][8.989s] GC(10) Old regions: 44->62
[2025-03-26T10:17:26.369-0400][8.989s] GC(10) Archive regions: 0->0
[2025-03-26T10:17:26.369-0400][8.989s] GC(10) Humongous regions: 5->5
[2025-03-26T10:17:26.369-0400][8.989s] GC(10) Metaspace: 56903K(57728K)->56903K(57728K) NonClass: 49913K(50368K)->49913K(50368K) Class: 6990K(7360K)->6990K(7360K)
[2025-03-26T10:17:26.369-0400][8.989s] GC(10) Pause Young (Normal) (G1 Evacuation Pause) 355M->75M(512M) 7.662ms
[2025-03-26T10:17:26.369-0400][8.989s] GC(10) User=0.12s Sys=0.00s Real=0.01s
