[2025-03-26T08:48:00.889-0400][0.015s] CardTable entry size: 512
[2025-03-26T08:48:00.889-0400][0.015s] Using G1
[2025-03-26T08:48:01.008-0400][0.130s] Version: 18.0.1+10-24 (release)
[2025-03-26T08:48:01.008-0400][0.130s] CPUs: 8 total, 8 available
[2025-03-26T08:48:01.008-0400][0.130s] Memory: 7992M
[2025-03-26T08:48:01.008-0400][0.130s] Large Page Support: Disabled
[2025-03-26T08:48:01.008-0400][0.130s] NUMA Support: Disabled
[2025-03-26T08:48:01.008-0400][0.130s] Compressed Oops: Enabled (32-bit)
[2025-03-26T08:48:01.008-0400][0.130s] Heap Region Size: 1M
[2025-03-26T08:48:01.008-0400][0.130s] Heap Min Capacity: 512M
[2025-03-26T08:48:01.008-0400][0.130s] Heap Initial Capacity: 512M
[2025-03-26T08:48:01.008-0400][0.130s] Heap Max Capacity: 512M
[2025-03-26T08:48:01.010-0400][0.132s] Pre-touch: Enabled
[2025-03-26T08:48:01.010-0400][0.132s] Parallel Workers: 8
[2025-03-26T08:48:01.010-0400][0.132s] Concurrent Workers: 2
[2025-03-26T08:48:01.010-0400][0.132s] Concurrent Refinement Workers: 8
[2025-03-26T08:48:01.010-0400][0.132s] Periodic GC: Disabled
[2025-03-26T08:48:01.012-0400][0.134s] CDS archive(s) mapped at: [0x0000000800000000-0x0000000800b90000-0x0000000800b90000), size 12124160, SharedBaseAddress: 0x0000000800000000, ArchiveRelocationMode: 0.
[2025-03-26T08:48:01.012-0400][0.134s] Compressed class space mapped at: 0x0000000800c00000-0x0000000840c00000, reserved size: 1073741824
[2025-03-26T08:48:01.012-0400][0.134s] Narrow klass base: 0x0000000800000000, Narrow klass shift: 0, Narrow klass range: 0x100000000
[2025-03-26T08:48:02.076-0400][1.199s] GC(0) Pause Young (Normal) (G1 Evacuation Pause)
[2025-03-26T08:48:02.078-0400][1.199s] GC(0) Using 8 workers of 8 for evacuation
[2025-03-26T08:48:02.082-0400][1.204s] GC(0)   Pre Evacuate Collection Set: 0.1ms
[2025-03-26T08:48:02.082-0400][1.204s] GC(0)   Merge Heap Roots: 0.0ms
[2025-03-26T08:48:02.082-0400][1.204s] GC(0)   Evacuate Collection Set: 3.4ms
[2025-03-26T08:48:02.082-0400][1.204s] GC(0)   Post Evacuate Collection Set: 0.7ms
[2025-03-26T08:48:02.082-0400][1.204s] GC(0)   Other: 0.5ms
[2025-03-26T08:48:02.082-0400][1.204s] GC(0) Eden regions: 29->0(40)
[2025-03-26T08:48:02.082-0400][1.204s] GC(0) Survivor regions: 0->4(4)
[2025-03-26T08:48:02.082-0400][1.204s] GC(0) Old regions: 0->1
[2025-03-26T08:48:02.082-0400][1.204s] GC(0) Archive regions: 0->0
[2025-03-26T08:48:02.082-0400][1.204s] GC(0) Humongous regions: 0->0
[2025-03-26T08:48:02.082-0400][1.204s] GC(0) Metaspace: 10084K(10368K)->10084K(10368K) NonClass: 8927K(9088K)->8927K(9088K) Class: 1156K(1280K)->1156K(1280K)
[2025-03-26T08:48:02.082-0400][1.204s] GC(0) Pause Young (Normal) (G1 Evacuation Pause) 29M->4M(512M) 5.161ms
[2025-03-26T08:48:02.082-0400][1.204s] GC(0) User=0.00s Sys=0.00s Real=0.01s
[2025-03-26T08:48:02.851-0400][1.979s] GC(1) Pause Young (Normal) (G1 Evacuation Pause)
[2025-03-26T08:48:02.851-0400][1.979s] GC(1) Using 8 workers of 8 for evacuation
[2025-03-26T08:48:02.866-0400][1.989s] GC(1)   Pre Evacuate Collection Set: 0.1ms
[2025-03-26T08:48:02.866-0400][1.989s] GC(1)   Merge Heap Roots: 0.3ms
[2025-03-26T08:48:02.866-0400][1.989s] GC(1)   Evacuate Collection Set: 9.4ms
[2025-03-26T08:48:02.866-0400][1.989s] GC(1)   Post Evacuate Collection Set: 0.7ms
[2025-03-26T08:48:02.866-0400][1.989s] GC(1)   Other: 0.1ms
[2025-03-26T08:48:02.866-0400][1.989s] GC(1) Eden regions: 37->0(128)
[2025-03-26T08:48:02.866-0400][1.989s] GC(1) Survivor regions: 4->6(6)
[2025-03-26T08:48:02.866-0400][1.989s] GC(1) Old regions: 1->9
[2025-03-26T08:48:02.866-0400][1.989s] GC(1) Archive regions: 0->0
[2025-03-26T08:48:02.866-0400][1.989s] GC(1) Humongous regions: 4->4
[2025-03-26T08:48:02.866-0400][1.989s] GC(1) Metaspace: 18511K(18880K)->18511K(18880K) NonClass: 16357K(16576K)->16357K(16576K) Class: 2153K(2304K)->2153K(2304K)
[2025-03-26T08:48:02.866-0400][1.989s] GC(1) Pause Young (Normal) (G1 Evacuation Pause) 45M->18M(512M) 10.712ms
[2025-03-26T08:48:02.866-0400][1.989s] GC(1) User=0.11s Sys=0.02s Real=0.01s
[2025-03-26T08:48:03.826-0400][2.960s] GC(2) Pause Young (Concurrent Start) (Metadata GC Threshold)
[2025-03-26T08:48:03.826-0400][2.961s] GC(2) Using 8 workers of 8 for evacuation
[2025-03-26T08:48:03.867-0400][2.989s] GC(2)   Pre Evacuate Collection Set: 0.9ms
[2025-03-26T08:48:03.867-0400][2.989s] GC(2)   Merge Heap Roots: 0.5ms
[2025-03-26T08:48:03.867-0400][2.989s] GC(2)   Evacuate Collection Set: 24.2ms
[2025-03-26T08:48:03.867-0400][2.989s] GC(2)   Post Evacuate Collection Set: 2.2ms
[2025-03-26T08:48:03.867-0400][2.989s] GC(2)   Other: 0.6ms
[2025-03-26T08:48:03.867-0400][2.989s] GC(2) Eden regions: 44->0(296)
[2025-03-26T08:48:03.867-0400][2.990s] GC(2) Survivor regions: 6->11(16)
[2025-03-26T08:48:03.867-0400][2.990s] GC(2) Old regions: 9->9
[2025-03-26T08:48:03.869-0400][2.990s] GC(2) Archive regions: 0->0
[2025-03-26T08:48:03.869-0400][2.990s] GC(2) Humongous regions: 4->4
[2025-03-26T08:48:03.869-0400][2.990s] GC(2) Metaspace: 21154K(21504K)->21154K(21504K) NonClass: 18707K(18880K)->18707K(18880K) Class: 2447K(2624K)->2447K(2624K)
[2025-03-26T08:48:03.869-0400][2.990s] GC(2) Pause Young (Concurrent Start) (Metadata GC Threshold) 62M->23M(512M) 29.713ms
[2025-03-26T08:48:03.869-0400][2.990s] GC(2) User=0.12s Sys=0.02s Real=0.04s
[2025-03-26T08:48:03.869-0400][2.990s] GC(3) Concurrent Mark Cycle
[2025-03-26T08:48:03.869-0400][2.990s] GC(3) Concurrent Clear Claimed Marks
[2025-03-26T08:48:03.869-0400][2.990s] GC(3) Concurrent Clear Claimed Marks 0.117ms
[2025-03-26T08:48:03.869-0400][2.990s] GC(3) Concurrent Scan Root Regions
[2025-03-26T08:48:03.874-0400][3.004s] GC(3) Concurrent Scan Root Regions 13.994ms
[2025-03-26T08:48:03.874-0400][3.005s] GC(3) Concurrent Mark
[2025-03-26T08:48:03.874-0400][3.005s] GC(3) Concurrent Mark From Roots
[2025-03-26T08:48:03.874-0400][3.005s] GC(3) Using 2 workers of 2 for marking
[2025-03-26T08:48:03.915-0400][3.037s] GC(3) Concurrent Mark From Roots 32.521ms
[2025-03-26T08:48:03.915-0400][3.037s] GC(3) Concurrent Preclean
[2025-03-26T08:48:03.915-0400][3.037s] GC(3) Concurrent Preclean 0.081ms
[2025-03-26T08:48:03.915-0400][3.038s] GC(3) Pause Remark
[2025-03-26T08:48:03.921-0400][3.042s] GC(3) Pause Remark 24M->24M(512M) 4.026ms
[2025-03-26T08:48:03.921-0400][3.042s] GC(3) User=0.00s Sys=0.00s Real=0.01s
[2025-03-26T08:48:03.921-0400][3.042s] GC(3) Concurrent Mark 37.393ms
[2025-03-26T08:48:03.921-0400][3.042s] GC(3) Concurrent Rebuild Remembered Sets
[2025-03-26T08:48:03.930-0400][3.051s] GC(3) Concurrent Rebuild Remembered Sets 8.643ms
[2025-03-26T08:48:03.930-0400][3.051s] GC(3) Pause Cleanup
[2025-03-26T08:48:03.930-0400][3.051s] GC(3) Pause Cleanup 24M->24M(512M) 0.222ms
[2025-03-26T08:48:03.930-0400][3.051s] GC(3) User=0.00s Sys=0.00s Real=0.00s
[2025-03-26T08:48:03.930-0400][3.051s] GC(3) Concurrent Cleanup for Next Mark
[2025-03-26T08:48:03.931-0400][3.052s] GC(3) Concurrent Cleanup for Next Mark 0.583ms
[2025-03-26T08:48:03.931-0400][3.052s] GC(3) Concurrent Mark Cycle 61.993ms
[2025-03-26T08:48:05.692-0400][4.813s] GC(4) Pause Young (Concurrent Start) (Metadata GC Threshold)
[2025-03-26T08:48:05.692-0400][4.813s] GC(4) Using 8 workers of 8 for evacuation
[2025-03-26T08:48:05.698-0400][4.821s] GC(4)   Pre Evacuate Collection Set: 0.1ms
[2025-03-26T08:48:05.698-0400][4.821s] GC(4)   Merge Heap Roots: 0.1ms
[2025-03-26T08:48:05.698-0400][4.821s] GC(4)   Evacuate Collection Set: 6.9ms
[2025-03-26T08:48:05.698-0400][4.821s] GC(4)   Post Evacuate Collection Set: 0.9ms
[2025-03-26T08:48:05.698-0400][4.821s] GC(4)   Other: 0.1ms
[2025-03-26T08:48:05.698-0400][4.821s] GC(4) Eden regions: 93->0(290)
[2025-03-26T08:48:05.698-0400][4.821s] GC(4) Survivor regions: 11->17(39)
[2025-03-26T08:48:05.698-0400][4.821s] GC(4) Old regions: 9->9
[2025-03-26T08:48:05.698-0400][4.821s] GC(4) Archive regions: 0->0
[2025-03-26T08:48:05.698-0400][4.821s] GC(4) Humongous regions: 4->4
[2025-03-26T08:48:05.698-0400][4.821s] GC(4) Metaspace: 35858K(36288K)->35858K(36288K) NonClass: 31618K(31808K)->31618K(31808K) Class: 4240K(4480K)->4240K(4480K)
[2025-03-26T08:48:05.698-0400][4.821s] GC(4) Pause Young (Concurrent Start) (Metadata GC Threshold) 115M->29M(512M) 8.289ms
[2025-03-26T08:48:05.698-0400][4.821s] GC(4) User=0.08s Sys=0.05s Real=0.01s
[2025-03-26T08:48:05.700-0400][4.821s] GC(5) Concurrent Mark Cycle
[2025-03-26T08:48:05.700-0400][4.821s] GC(5) Concurrent Clear Claimed Marks
[2025-03-26T08:48:05.700-0400][4.821s] GC(5) Concurrent Clear Claimed Marks 0.041ms
[2025-03-26T08:48:05.700-0400][4.821s] GC(5) Concurrent Scan Root Regions
[2025-03-26T08:48:05.707-0400][4.827s] GC(5) Concurrent Scan Root Regions 6.080ms
[2025-03-26T08:48:05.707-0400][4.828s] GC(5) Concurrent Mark
[2025-03-26T08:48:05.707-0400][4.828s] GC(5) Concurrent Mark From Roots
[2025-03-26T08:48:05.707-0400][4.828s] GC(5) Using 2 workers of 2 for marking
[2025-03-26T08:48:05.717-0400][4.839s] GC(5) Concurrent Mark From Roots 11.513ms
[2025-03-26T08:48:05.717-0400][4.839s] GC(5) Concurrent Preclean
[2025-03-26T08:48:05.717-0400][4.839s] GC(5) Concurrent Preclean 0.057ms
[2025-03-26T08:48:05.717-0400][4.839s] GC(5) Pause Remark
[2025-03-26T08:48:05.721-0400][4.842s] GC(5) Pause Remark 31M->31M(512M) 3.037ms
[2025-03-26T08:48:05.721-0400][4.842s] GC(5) User=0.00s Sys=0.00s Real=0.00s
[2025-03-26T08:48:05.724-0400][4.845s] GC(5) Concurrent Mark 17.450ms
[2025-03-26T08:48:05.724-0400][4.845s] GC(5) Concurrent Rebuild Remembered Sets
[2025-03-26T08:48:05.729-0400][4.852s] GC(5) Concurrent Rebuild Remembered Sets 6.658ms
[2025-03-26T08:48:05.729-0400][4.852s] GC(5) Pause Cleanup
[2025-03-26T08:48:05.729-0400][4.852s] GC(5) Pause Cleanup 31M->31M(512M) 0.179ms
[2025-03-26T08:48:05.729-0400][4.852s] GC(5) User=0.00s Sys=0.00s Real=0.00s
[2025-03-26T08:48:05.731-0400][4.853s] GC(5) Concurrent Cleanup for Next Mark
[2025-03-26T08:48:05.731-0400][4.853s] GC(5) Concurrent Cleanup for Next Mark 0.461ms
[2025-03-26T08:48:05.731-0400][4.853s] GC(5) Concurrent Mark Cycle 31.765ms
[2025-03-26T08:48:07.219-0400][6.341s] GC(6) Pause Young (Normal) (G1 Evacuation Pause)
[2025-03-26T08:48:07.219-0400][6.341s] GC(6) Using 8 workers of 8 for evacuation
[2025-03-26T08:48:07.238-0400][6.360s] GC(6)   Pre Evacuate Collection Set: 0.1ms
[2025-03-26T08:48:07.238-0400][6.360s] GC(6)   Merge Heap Roots: 0.1ms
[2025-03-26T08:48:07.238-0400][6.360s] GC(6)   Evacuate Collection Set: 17.3ms
[2025-03-26T08:48:07.238-0400][6.360s] GC(6)   Post Evacuate Collection Set: 1.2ms
[2025-03-26T08:48:07.238-0400][6.360s] GC(6)   Other: 0.1ms
[2025-03-26T08:48:07.238-0400][6.360s] GC(6) Eden regions: 290->0(268)
[2025-03-26T08:48:07.238-0400][6.360s] GC(6) Survivor regions: 17->39(39)
[2025-03-26T08:48:07.238-0400][6.360s] GC(6) Old regions: 9->10
[2025-03-26T08:48:07.238-0400][6.360s] GC(6) Archive regions: 0->0
[2025-03-26T08:48:07.238-0400][6.360s] GC(6) Humongous regions: 4->4
[2025-03-26T08:48:07.238-0400][6.360s] GC(6) Metaspace: 50846K(51520K)->50846K(51520K) NonClass: 44611K(44992K)->44611K(44992K) Class: 6234K(6528K)->6234K(6528K)
[2025-03-26T08:48:07.238-0400][6.360s] GC(6) Pause Young (Normal) (G1 Evacuation Pause) 319M->52M(512M) 18.950ms
[2025-03-26T08:48:07.238-0400][6.360s] GC(6) User=0.12s Sys=0.00s Real=0.02s
[2025-03-26T08:48:08.307-0400][7.429s] GC(7) Pause Young (Normal) (G1 Evacuation Pause)
[2025-03-26T08:48:08.307-0400][7.429s] GC(7) Using 8 workers of 8 for evacuation
[2025-03-26T08:48:08.326-0400][7.450s] GC(7)   Pre Evacuate Collection Set: 0.1ms
[2025-03-26T08:48:08.326-0400][7.450s] GC(7)   Merge Heap Roots: 0.1ms
[2025-03-26T08:48:08.326-0400][7.450s] GC(7)   Evacuate Collection Set: 19.7ms
[2025-03-26T08:48:08.326-0400][7.450s] GC(7)   Post Evacuate Collection Set: 1.3ms
[2025-03-26T08:48:08.326-0400][7.450s] GC(7)   Other: 0.1ms
[2025-03-26T08:48:08.326-0400][7.450s] GC(7) Eden regions: 268->0(286)
[2025-03-26T08:48:08.326-0400][7.450s] GC(7) Survivor regions: 39->21(39)
[2025-03-26T08:48:08.326-0400][7.450s] GC(7) Old regions: 10->41
[2025-03-26T08:48:08.326-0400][7.450s] GC(7) Archive regions: 0->0
[2025-03-26T08:48:08.326-0400][7.450s] GC(7) Humongous regions: 4->4
[2025-03-26T08:48:08.326-0400][7.450s] GC(7) Metaspace: 56225K(56960K)->56225K(56960K) NonClass: 49287K(49664K)->49287K(49664K) Class: 6938K(7296K)->6938K(7296K)
[2025-03-26T08:48:08.326-0400][7.450s] GC(7) Pause Young (Normal) (G1 Evacuation Pause) 320M->65M(512M) 21.533ms
[2025-03-26T08:48:08.326-0400][7.450s] GC(7) User=0.12s Sys=0.00s Real=0.02s
[2025-03-26T08:48:09.229-0400][8.351s] GC(8) Pause Young (Normal) (G1 Evacuation Pause)
[2025-03-26T08:48:09.229-0400][8.351s] GC(8) Using 8 workers of 8 for evacuation
[2025-03-26T08:48:09.240-0400][8.361s] GC(8)   Pre Evacuate Collection Set: 0.1ms
[2025-03-26T08:48:09.240-0400][8.361s] GC(8)   Merge Heap Roots: 0.1ms
[2025-03-26T08:48:09.240-0400][8.361s] GC(8)   Evacuate Collection Set: 9.7ms
[2025-03-26T08:48:09.240-0400][8.361s] GC(8)   Post Evacuate Collection Set: 0.8ms
[2025-03-26T08:48:09.240-0400][8.361s] GC(8)   Other: 0.1ms
[2025-03-26T08:48:09.240-0400][8.361s] GC(8) Eden regions: 286->0(280)
[2025-03-26T08:48:09.240-0400][8.361s] GC(8) Survivor regions: 21->27(39)
[2025-03-26T08:48:09.240-0400][8.361s] GC(8) Old regions: 41->41
[2025-03-26T08:48:09.240-0400][8.361s] GC(8) Archive regions: 0->0
[2025-03-26T08:48:09.240-0400][8.361s] GC(8) Humongous regions: 4->4
[2025-03-26T08:48:09.240-0400][8.361s] GC(8) Metaspace: 57538K(58240K)->57538K(58240K) NonClass: 50468K(50816K)->50468K(50816K) Class: 7069K(7424K)->7069K(7424K)
[2025-03-26T08:48:09.240-0400][8.362s] GC(8) Pause Young (Normal) (G1 Evacuation Pause) 351M->71M(512M) 10.924ms
[2025-03-26T08:48:09.240-0400][8.362s] GC(8) User=0.00s Sys=0.00s Real=0.01s
[2025-03-26T08:48:09.590-0400][8.711s] GC(9) Pause Young (Normal) (G1 Evacuation Pause)
[2025-03-26T08:48:09.590-0400][8.711s] GC(9) Using 8 workers of 8 for evacuation
[2025-03-26T08:48:09.597-0400][8.719s] GC(9)   Pre Evacuate Collection Set: 0.1ms
[2025-03-26T08:48:09.597-0400][8.719s] GC(9)   Merge Heap Roots: 0.2ms
[2025-03-26T08:48:09.597-0400][8.719s] GC(9)   Evacuate Collection Set: 7.1ms
[2025-03-26T08:48:09.597-0400][8.719s] GC(9)   Post Evacuate Collection Set: 0.9ms
[2025-03-26T08:48:09.597-0400][8.719s] GC(9)   Other: 0.1ms
[2025-03-26T08:48:09.597-0400][8.719s] GC(9) Eden regions: 280->0(295)
[2025-03-26T08:48:09.597-0400][8.719s] GC(9) Survivor regions: 27->12(39)
[2025-03-26T08:48:09.597-0400][8.720s] GC(9) Old regions: 41->60
[2025-03-26T08:48:09.597-0400][8.720s] GC(9) Archive regions: 0->0
[2025-03-26T08:48:09.597-0400][8.720s] GC(9) Humongous regions: 5->5
[2025-03-26T08:48:09.597-0400][8.720s] GC(9) Metaspace: 57547K(58240K)->57547K(58240K) NonClass: 50477K(50816K)->50477K(50816K) Class: 7069K(7424K)->7069K(7424K)
[2025-03-26T08:48:09.597-0400][8.720s] GC(9) Pause Young (Normal) (G1 Evacuation Pause) 352M->76M(512M) 8.669ms
[2025-03-26T08:48:09.597-0400][8.720s] GC(9) User=0.00s Sys=0.00s Real=0.01s
[2025-03-26T10:10:05.736-0400][4924.856s] Heap
[2025-03-26T10:10:05.736-0400][4924.857s]  garbage-first heap   total 524288K, used 322009K [0x00000000e0000000, 0x0000000100000000)
[2025-03-26T10:10:05.736-0400][4924.858s]   region size 1024K, 249 young (254976K), 12 survivors (12288K)
[2025-03-26T10:10:05.736-0400][4924.858s]  Metaspace       used 58984K, committed 59712K, reserved 1114112K
[2025-03-26T10:10:05.736-0400][4924.858s]   class space    used 7210K, committed 7552K, reserved 1048576K
