[2025-03-26T10:10:11.988-0400][0.156s] CardTable entry size: 512
[2025-03-26T10:10:11.997-0400][0.169s] Using G1
[2025-03-26T10:10:12.163-0400][0.332s] Version: 18.0.1+10-24 (release)
[2025-03-26T10:10:12.163-0400][0.332s] CPUs: 8 total, 8 available
[2025-03-26T10:10:12.165-0400][0.332s] Memory: 7992M
[2025-03-26T10:10:12.165-0400][0.332s] Large Page Support: Disabled
[2025-03-26T10:10:12.165-0400][0.332s] NUMA Support: Disabled
[2025-03-26T10:10:12.165-0400][0.332s] Compressed Oops: Enabled (32-bit)
[2025-03-26T10:10:12.165-0400][0.332s] Heap Region Size: 1M
[2025-03-26T10:10:12.165-0400][0.332s] Heap Min Capacity: 512M
[2025-03-26T10:10:12.165-0400][0.332s] Heap Initial Capacity: 512M
[2025-03-26T10:10:12.165-0400][0.332s] Heap Max Capacity: 512M
[2025-03-26T10:10:12.165-0400][0.333s] Pre-touch: Enabled
[2025-03-26T10:10:12.165-0400][0.333s] Parallel Workers: 8
[2025-03-26T10:10:12.165-0400][0.333s] Concurrent Workers: 2
[2025-03-26T10:10:12.165-0400][0.333s] Concurrent Refinement Workers: 8
[2025-03-26T10:10:12.165-0400][0.333s] Periodic GC: Disabled
[2025-03-26T10:10:12.167-0400][0.335s] CDS archive(s) mapped at: [0x0000000800000000-0x0000000800b90000-0x0000000800b90000), size 12124160, SharedBaseAddress: 0x0000000800000000, ArchiveRelocationMode: 0.
[2025-03-26T10:10:12.167-0400][0.335s] Compressed class space mapped at: 0x0000000800c00000-0x0000000840c00000, reserved size: 1073741824
[2025-03-26T10:10:12.167-0400][0.335s] Narrow klass base: 0x0000000800000000, Narrow klass shift: 0, Narrow klass range: 0x100000000
[2025-03-26T10:10:13.462-0400][1.629s] GC(0) Pause Young (Normal) (G1 Evacuation Pause)
[2025-03-26T10:10:13.462-0400][1.630s] GC(0) Using 8 workers of 8 for evacuation
[2025-03-26T10:10:13.465-0400][1.634s] GC(0)   Pre Evacuate Collection Set: 0.1ms
[2025-03-26T10:10:13.465-0400][1.634s] GC(0)   Merge Heap Roots: 0.1ms
[2025-03-26T10:10:13.465-0400][1.634s] GC(0)   Evacuate Collection Set: 3.6ms
[2025-03-26T10:10:13.465-0400][1.634s] GC(0)   Post Evacuate Collection Set: 0.7ms
[2025-03-26T10:10:13.465-0400][1.634s] GC(0)   Other: 0.4ms
[2025-03-26T10:10:13.465-0400][1.634s] GC(0) Eden regions: 29->0(40)
[2025-03-26T10:10:13.465-0400][1.634s] GC(0) Survivor regions: 0->4(4)
[2025-03-26T10:10:13.465-0400][1.634s] GC(0) Old regions: 0->1
[2025-03-26T10:10:13.465-0400][1.634s] GC(0) Archive regions: 0->0
[2025-03-26T10:10:13.465-0400][1.634s] GC(0) Humongous regions: 0->0
[2025-03-26T10:10:13.465-0400][1.634s] GC(0) Metaspace: 10102K(10368K)->10102K(10368K) NonClass: 8946K(9088K)->8946K(9088K) Class: 1156K(1280K)->1156K(1280K)
[2025-03-26T10:10:13.465-0400][1.634s] GC(0) Pause Young (Normal) (G1 Evacuation Pause) 29M->4M(512M) 5.067ms
[2025-03-26T10:10:13.465-0400][1.634s] GC(0) User=0.00s Sys=0.00s Real=0.00s
[2025-03-26T10:10:14.751-0400][2.918s] GC(1) Pause Young (Normal) (G1 Evacuation Pause)
[2025-03-26T10:10:14.751-0400][2.918s] GC(1) Using 8 workers of 8 for evacuation
[2025-03-26T10:10:14.760-0400][2.928s] GC(1)   Pre Evacuate Collection Set: 0.1ms
[2025-03-26T10:10:14.760-0400][2.928s] GC(1)   Merge Heap Roots: 0.2ms
[2025-03-26T10:10:14.760-0400][2.928s] GC(1)   Evacuate Collection Set: 9.3ms
[2025-03-26T10:10:14.760-0400][2.928s] GC(1)   Post Evacuate Collection Set: 0.8ms
[2025-03-26T10:10:14.760-0400][2.928s] GC(1)   Other: 0.1ms
[2025-03-26T10:10:14.760-0400][2.928s] GC(1) Eden regions: 38->0(120)
[2025-03-26T10:10:14.762-0400][2.928s] GC(1) Survivor regions: 4->6(6)
[2025-03-26T10:10:14.762-0400][2.928s] GC(1) Old regions: 1->9
[2025-03-26T10:10:14.762-0400][2.928s] GC(1) Archive regions: 0->0
[2025-03-26T10:10:14.762-0400][2.928s] GC(1) Humongous regions: 4->4
[2025-03-26T10:10:14.762-0400][2.929s] GC(1) Metaspace: 18541K(18944K)->18541K(18944K) NonClass: 16387K(16640K)->16387K(16640K) Class: 2153K(2304K)->2153K(2304K)
[2025-03-26T10:10:14.762-0400][2.929s] GC(1) Pause Young (Normal) (G1 Evacuation Pause) 46M->18M(512M) 10.754ms
[2025-03-26T10:10:14.762-0400][2.929s] GC(1) User=0.03s Sys=0.09s Real=0.01s
[2025-03-26T10:10:15.808-0400][3.978s] GC(2) Pause Young (Concurrent Start) (Metadata GC Threshold)
[2025-03-26T10:10:15.808-0400][3.978s] GC(2) Using 8 workers of 8 for evacuation
[2025-03-26T10:10:15.824-0400][3.995s] GC(2)   Pre Evacuate Collection Set: 0.3ms
[2025-03-26T10:10:15.824-0400][3.995s] GC(2)   Merge Heap Roots: 0.1ms
[2025-03-26T10:10:15.824-0400][3.995s] GC(2)   Evacuate Collection Set: 9.5ms
[2025-03-26T10:10:15.824-0400][3.995s] GC(2)   Post Evacuate Collection Set: 1.9ms
[2025-03-26T10:10:15.824-0400][3.995s] GC(2)   Other: 4.4ms
[2025-03-26T10:10:15.824-0400][3.995s] GC(2) Eden regions: 43->0(296)
[2025-03-26T10:10:15.824-0400][3.995s] GC(2) Survivor regions: 6->11(15)
[2025-03-26T10:10:15.824-0400][3.995s] GC(2) Old regions: 9->9
[2025-03-26T10:10:15.824-0400][3.995s] GC(2) Archive regions: 0->0
[2025-03-26T10:10:15.824-0400][3.995s] GC(2) Humongous regions: 4->4
[2025-03-26T10:10:15.824-0400][3.995s] GC(2) Metaspace: 21136K(21504K)->21136K(21504K) NonClass: 18699K(18880K)->18699K(18880K) Class: 2437K(2624K)->2437K(2624K)
[2025-03-26T10:10:15.824-0400][3.995s] GC(2) Pause Young (Concurrent Start) (Metadata GC Threshold) 61M->23M(512M) 17.422ms
[2025-03-26T10:10:15.824-0400][3.996s] GC(2) User=0.06s Sys=0.06s Real=0.02s
[2025-03-26T10:10:15.824-0400][3.996s] GC(3) Concurrent Mark Cycle
[2025-03-26T10:10:15.824-0400][3.996s] GC(3) Concurrent Clear Claimed Marks
[2025-03-26T10:10:15.824-0400][3.996s] GC(3) Concurrent Clear Claimed Marks 0.117ms
[2025-03-26T10:10:15.824-0400][3.996s] GC(3) Concurrent Scan Root Regions
[2025-03-26T10:10:15.840-0400][4.011s] GC(3) Concurrent Scan Root Regions 14.960ms
[2025-03-26T10:10:15.840-0400][4.011s] GC(3) Concurrent Mark
[2025-03-26T10:10:15.840-0400][4.011s] GC(3) Concurrent Mark From Roots
[2025-03-26T10:10:15.840-0400][4.011s] GC(3) Using 2 workers of 2 for marking
[2025-03-26T10:10:15.891-0400][4.059s] GC(3) Concurrent Mark From Roots 48.180ms
[2025-03-26T10:10:15.891-0400][4.060s] GC(3) Concurrent Preclean
[2025-03-26T10:10:15.891-0400][4.060s] GC(3) Concurrent Preclean 0.096ms
[2025-03-26T10:10:15.891-0400][4.060s] GC(3) Pause Remark
[2025-03-26T10:10:15.947-0400][4.116s] GC(3) Pause Remark 24M->24M(512M) 56.086ms
[2025-03-26T10:10:15.947-0400][4.116s] GC(3) User=0.00s Sys=0.00s Real=0.06s
[2025-03-26T10:10:15.949-0400][4.116s] GC(3) Concurrent Mark 105.147ms
[2025-03-26T10:10:15.949-0400][4.116s] GC(3) Concurrent Rebuild Remembered Sets
[2025-03-26T10:10:15.957-0400][4.125s] GC(3) Concurrent Rebuild Remembered Sets 8.146ms
[2025-03-26T10:10:15.957-0400][4.125s] GC(3) Pause Cleanup
[2025-03-26T10:10:15.957-0400][4.125s] GC(3) Pause Cleanup 24M->24M(512M) 0.286ms
[2025-03-26T10:10:15.957-0400][4.125s] GC(3) User=0.00s Sys=0.00s Real=0.00s
[2025-03-26T10:10:15.957-0400][4.125s] GC(3) Concurrent Cleanup for Next Mark
[2025-03-26T10:10:15.959-0400][4.126s] GC(3) Concurrent Cleanup for Next Mark 0.635ms
[2025-03-26T10:10:15.959-0400][4.126s] GC(3) Concurrent Mark Cycle 130.433ms
[2025-03-26T10:10:18.712-0400][6.881s] GC(4) Pause Young (Concurrent Start) (Metadata GC Threshold)
[2025-03-26T10:10:18.712-0400][6.881s] GC(4) Using 8 workers of 8 for evacuation
[2025-03-26T10:10:18.723-0400][6.890s] GC(4)   Pre Evacuate Collection Set: 0.1ms
[2025-03-26T10:10:18.723-0400][6.890s] GC(4)   Merge Heap Roots: 0.1ms
[2025-03-26T10:10:18.723-0400][6.890s] GC(4)   Evacuate Collection Set: 7.9ms
[2025-03-26T10:10:18.723-0400][6.890s] GC(4)   Post Evacuate Collection Set: 0.8ms
[2025-03-26T10:10:18.723-0400][6.890s] GC(4)   Other: 0.1ms
[2025-03-26T10:10:18.723-0400][6.890s] GC(4) Eden regions: 82->0(290)
[2025-03-26T10:10:18.723-0400][6.890s] GC(4) Survivor regions: 11->17(39)
[2025-03-26T10:10:18.723-0400][6.890s] GC(4) Old regions: 9->9
[2025-03-26T10:10:18.723-0400][6.890s] GC(4) Archive regions: 0->0
[2025-03-26T10:10:18.723-0400][6.891s] GC(4) Humongous regions: 4->4
[2025-03-26T10:10:18.723-0400][6.891s] GC(4) Metaspace: 35705K(36160K)->35705K(36160K) NonClass: 31487K(31680K)->31487K(31680K) Class: 4218K(4480K)->4218K(4480K)
[2025-03-26T10:10:18.723-0400][6.891s] GC(4) Pause Young (Concurrent Start) (Metadata GC Threshold) 105M->28M(512M) 9.277ms
[2025-03-26T10:10:18.723-0400][6.891s] GC(4) User=0.00s Sys=0.00s Real=0.01s
[2025-03-26T10:10:18.723-0400][6.891s] GC(5) Concurrent Mark Cycle
[2025-03-26T10:10:18.723-0400][6.891s] GC(5) Concurrent Clear Claimed Marks
[2025-03-26T10:10:18.724-0400][6.891s] GC(5) Concurrent Clear Claimed Marks 0.043ms
[2025-03-26T10:10:18.724-0400][6.891s] GC(5) Concurrent Scan Root Regions
[2025-03-26T10:10:18.728-0400][6.896s] GC(5) Concurrent Scan Root Regions 5.124ms
[2025-03-26T10:10:18.728-0400][6.896s] GC(5) Concurrent Mark
[2025-03-26T10:10:18.728-0400][6.896s] GC(5) Concurrent Mark From Roots
[2025-03-26T10:10:18.728-0400][6.896s] GC(5) Using 2 workers of 2 for marking
[2025-03-26T10:10:18.735-0400][6.906s] GC(5) Concurrent Mark From Roots 10.103ms
[2025-03-26T10:10:18.735-0400][6.906s] GC(5) Concurrent Preclean
[2025-03-26T10:10:18.735-0400][6.906s] GC(5) Concurrent Preclean 0.039ms
[2025-03-26T10:10:18.735-0400][6.906s] GC(5) Pause Remark
[2025-03-26T10:10:18.740-0400][6.908s] GC(5) Pause Remark 29M->29M(512M) 2.004ms
[2025-03-26T10:10:18.740-0400][6.908s] GC(5) User=0.00s Sys=0.00s Real=0.01s
[2025-03-26T10:10:18.740-0400][6.908s] GC(5) Concurrent Mark 12.508ms
[2025-03-26T10:10:18.740-0400][6.908s] GC(5) Concurrent Rebuild Remembered Sets
[2025-03-26T10:10:18.748-0400][6.915s] GC(5) Concurrent Rebuild Remembered Sets 6.977ms
[2025-03-26T10:10:18.748-0400][6.916s] GC(5) Pause Cleanup
[2025-03-26T10:10:18.748-0400][6.916s] GC(5) Pause Cleanup 29M->29M(512M) 0.124ms
[2025-03-26T10:10:18.748-0400][6.916s] GC(5) User=0.00s Sys=0.00s Real=0.00s
[2025-03-26T10:10:18.748-0400][6.916s] GC(5) Concurrent Cleanup for Next Mark
[2025-03-26T10:10:18.748-0400][6.916s] GC(5) Concurrent Cleanup for Next Mark 0.581ms
[2025-03-26T10:10:18.748-0400][6.917s] GC(5) Concurrent Mark Cycle 25.880ms
[2025-03-26T10:10:22.500-0400][10.668s] GC(6) Pause Young (Normal) (G1 Evacuation Pause)
[2025-03-26T10:10:22.500-0400][10.668s] GC(6) Using 8 workers of 8 for evacuation
[2025-03-26T10:10:22.518-0400][10.686s] GC(6)   Pre Evacuate Collection Set: 0.1ms
[2025-03-26T10:10:22.518-0400][10.686s] GC(6)   Merge Heap Roots: 0.1ms
[2025-03-26T10:10:22.518-0400][10.686s] GC(6)   Evacuate Collection Set: 15.9ms
[2025-03-26T10:10:22.518-0400][10.686s] GC(6)   Post Evacuate Collection Set: 1.5ms
[2025-03-26T10:10:22.518-0400][10.686s] GC(6)   Other: 0.1ms
[2025-03-26T10:10:22.518-0400][10.686s] GC(6) Eden regions: 290->0(272)
[2025-03-26T10:10:22.518-0400][10.686s] GC(6) Survivor regions: 17->35(39)
[2025-03-26T10:10:22.518-0400][10.686s] GC(6) Old regions: 9->9
[2025-03-26T10:10:22.518-0400][10.686s] GC(6) Archive regions: 0->0
[2025-03-26T10:10:22.518-0400][10.686s] GC(6) Humongous regions: 4->4
[2025-03-26T10:10:22.518-0400][10.686s] GC(6) Metaspace: 47667K(48256K)->47667K(48256K) NonClass: 41899K(42240K)->41899K(42240K) Class: 5768K(6016K)->5768K(6016K)
[2025-03-26T10:10:22.518-0400][10.686s] GC(6) Pause Young (Normal) (G1 Evacuation Pause) 318M->47M(512M) 17.957ms
[2025-03-26T10:10:22.518-0400][10.686s] GC(6) User=0.09s Sys=0.03s Real=0.02s
