[2024-06-19T11:35:34.775-0400][0.056s] Using G1
[2024-06-19T11:35:35.212-0400][0.492s] Version: 16.0.1+9-24 (release)
[2024-06-19T11:35:35.212-0400][0.492s] CPUs: 8 total, 8 available
[2024-06-19T11:35:35.212-0400][0.492s] Memory: 7992M
[2024-06-19T11:35:35.212-0400][0.492s] Large Page Support: Disabled
[2024-06-19T11:35:35.212-0400][0.493s] NUMA Support: Disabled
[2024-06-19T11:35:35.212-0400][0.493s] Compressed Oops: Enabled (32-bit)
[2024-06-19T11:35:35.212-0400][0.493s] Heap Region Size: 1M
[2024-06-19T11:35:35.212-0400][0.493s] Heap Min Capacity: 512M
[2024-06-19T11:35:35.212-0400][0.493s] Heap Initial Capacity: 512M
[2024-06-19T11:35:35.212-0400][0.493s] Heap Max Capacity: 512M
[2024-06-19T11:35:35.212-0400][0.493s] Pre-touch: Enabled
[2024-06-19T11:35:35.212-0400][0.493s] Parallel Workers: 8
[2024-06-19T11:35:35.212-0400][0.493s] Concurrent Workers: 2
[2024-06-19T11:35:35.212-0400][0.493s] Concurrent Refinement Workers: 8
[2024-06-19T11:35:35.212-0400][0.493s] Periodic GC: Disabled
[2024-06-19T11:35:35.212-0400][0.494s] CDS archive(s) mapped at: [0x0000000800000000-0x0000000800bb0000-0x0000000800bb0000), size 12255232, SharedBaseAddress: 0x0000000800000000, ArchiveRelocationMode: 0.
[2024-06-19T11:35:35.212-0400][0.494s] Compressed class space mapped at: 0x0000000800c00000-0x0000000840c00000, reserved size: 1073741824
[2024-06-19T11:35:35.212-0400][0.494s] Narrow klass base: 0x0000000800000000, Narrow klass shift: 3, Narrow klass range: 0x100000000
[2024-06-19T11:35:45.298-0400][10.576s] GC(0) Pause Young (Normal) (G1 Evacuation Pause)
[2024-06-19T11:35:45.298-0400][10.577s] GC(0) Using 8 workers of 8 for evacuation
[2024-06-19T11:35:45.298-0400][10.582s] GC(0)   Pre Evacuate Collection Set: 0.1ms
[2024-06-19T11:35:45.298-0400][10.582s] GC(0)   Merge Heap Roots: 0.3ms
[2024-06-19T11:35:45.298-0400][10.582s] GC(0)   Evacuate Collection Set: 4.0ms
[2024-06-19T11:35:45.298-0400][10.582s] GC(0)   Post Evacuate Collection Set: 0.6ms
[2024-06-19T11:35:45.298-0400][10.582s] GC(0)   Other: 0.9ms
[2024-06-19T11:35:45.298-0400][10.583s] GC(0) Eden regions: 29->0(42)
[2024-06-19T11:35:45.298-0400][10.583s] GC(0) Survivor regions: 0->4(4)
[2024-06-19T11:35:45.298-0400][10.583s] GC(0) Old regions: 0->0
[2024-06-19T11:35:45.298-0400][10.583s] GC(0) Archive regions: 0->0
[2024-06-19T11:35:45.298-0400][10.583s] GC(0) Humongous regions: 0->0
[2024-06-19T11:35:45.298-0400][10.583s] GC(0) Metaspace: 6648K(6848K)->6648K(6848K) NonClass: 5896K(6016K)->5896K(6016K) Class: 752K(832K)->752K(832K)
[2024-06-19T11:35:45.298-0400][10.583s] GC(0) Pause Young (Normal) (G1 Evacuation Pause) 29M->3M(512M) 6.335ms
[2024-06-19T11:35:45.298-0400][10.583s] GC(0) User=0.00s Sys=0.00s Real=0.00s
[2024-06-19T11:35:50.363-0400][15.647s] GC(1) Pause Young (Normal) (G1 Evacuation Pause)
[2024-06-19T11:35:50.363-0400][15.647s] GC(1) Using 8 workers of 8 for evacuation
[2024-06-19T11:35:50.378-0400][15.658s] GC(1)   Pre Evacuate Collection Set: 0.1ms
[2024-06-19T11:35:50.378-0400][15.658s] GC(1)   Merge Heap Roots: 0.1ms
[2024-06-19T11:35:50.378-0400][15.658s] GC(1)   Evacuate Collection Set: 9.4ms
[2024-06-19T11:35:50.378-0400][15.658s] GC(1)   Post Evacuate Collection Set: 0.7ms
[2024-06-19T11:35:50.378-0400][15.658s] GC(1)   Other: 0.2ms
[2024-06-19T11:35:50.378-0400][15.658s] GC(1) Eden regions: 42->0(246)
[2024-06-19T11:35:50.378-0400][15.658s] GC(1) Survivor regions: 4->6(6)
[2024-06-19T11:35:50.378-0400][15.658s] GC(1) Old regions: 0->9
[2024-06-19T11:35:50.378-0400][15.658s] GC(1) Archive regions: 0->0
[2024-06-19T11:35:50.378-0400][15.658s] GC(1) Humongous regions: 4->4
[2024-06-19T11:35:50.378-0400][15.658s] GC(1) Metaspace: 18619K(18944K)->18619K(18944K) NonClass: 16457K(16640K)->16457K(16640K) Class: 2161K(2304K)->2161K(2304K)
[2024-06-19T11:35:50.378-0400][15.658s] GC(1) Pause Young (Normal) (G1 Evacuation Pause) 49M->18M(512M) 10.727ms
[2024-06-19T11:35:50.378-0400][15.658s] GC(1) User=0.02s Sys=0.00s Real=0.02s
[2024-06-19T11:35:52.572-0400][17.850s] GC(2) Pause Young (Concurrent Start) (Metadata GC Threshold)
[2024-06-19T11:35:52.572-0400][17.850s] GC(2) Using 8 workers of 8 for evacuation
[2024-06-19T11:35:52.587-0400][17.857s] GC(2)   Pre Evacuate Collection Set: 0.2ms
[2024-06-19T11:35:52.587-0400][17.857s] GC(2)   Merge Heap Roots: 0.1ms
[2024-06-19T11:35:52.587-0400][17.857s] GC(2)   Evacuate Collection Set: 6.0ms
[2024-06-19T11:35:52.587-0400][17.857s] GC(2)   Post Evacuate Collection Set: 0.6ms
[2024-06-19T11:35:52.587-0400][17.857s] GC(2)   Other: 0.4ms
[2024-06-19T11:35:52.587-0400][17.857s] GC(2) Eden regions: 48->0(295)
[2024-06-19T11:35:52.587-0400][17.857s] GC(2) Survivor regions: 6->12(27)
[2024-06-19T11:35:52.587-0400][17.857s] GC(2) Old regions: 9->9
[2024-06-19T11:35:52.587-0400][17.858s] GC(2) Archive regions: 0->0
[2024-06-19T11:35:52.587-0400][17.858s] GC(2) Humongous regions: 4->4
[2024-06-19T11:35:52.587-0400][17.858s] GC(2) Metaspace: 20997K(21248K)->20997K(21248K) NonClass: 18572K(18688K)->18572K(18688K) Class: 2425K(2560K)->2425K(2560K)
[2024-06-19T11:35:52.587-0400][17.858s] GC(2) Pause Young (Concurrent Start) (Metadata GC Threshold) 65M->23M(512M) 7.567ms
[2024-06-19T11:35:52.587-0400][17.858s] GC(2) User=0.00s Sys=0.00s Real=0.01s
[2024-06-19T11:35:52.587-0400][17.858s] GC(3) Concurrent Mark Cycle
[2024-06-19T11:35:52.587-0400][17.858s] GC(3) Concurrent Clear Claimed Marks
[2024-06-19T11:35:52.587-0400][17.858s] GC(3) Concurrent Clear Claimed Marks 0.046ms
[2024-06-19T11:35:52.587-0400][17.858s] GC(3) Concurrent Scan Root Regions
[2024-06-19T11:35:52.587-0400][17.863s] GC(3) Concurrent Scan Root Regions 4.667ms
[2024-06-19T11:35:52.587-0400][17.863s] GC(3) Concurrent Mark
[2024-06-19T11:35:52.587-0400][17.863s] GC(3) Concurrent Mark From Roots
[2024-06-19T11:35:52.587-0400][17.863s] GC(3) Using 2 workers of 2 for marking
[2024-06-19T11:35:52.603-0400][17.879s] GC(3) Concurrent Mark From Roots 16.688ms
[2024-06-19T11:35:52.603-0400][17.879s] GC(3) Concurrent Preclean
[2024-06-19T11:35:52.603-0400][17.880s] GC(3) Concurrent Preclean 0.273ms
[2024-06-19T11:35:52.603-0400][17.880s] GC(3) Pause Remark
[2024-06-19T11:35:52.603-0400][17.882s] GC(3) Pause Remark 25M->25M(512M) 1.960ms
[2024-06-19T11:35:52.603-0400][17.882s] GC(3) User=0.00s Sys=0.00s Real=0.00s
[2024-06-19T11:35:52.603-0400][17.882s] GC(3) Concurrent Mark 19.282ms
[2024-06-19T11:35:52.603-0400][17.882s] GC(3) Concurrent Rebuild Remembered Sets
[2024-06-19T11:35:52.619-0400][17.889s] GC(3) Concurrent Rebuild Remembered Sets 7.370ms
[2024-06-19T11:35:52.665-0400][17.935s] GC(3) Pause Cleanup
[2024-06-19T11:35:52.665-0400][17.935s] GC(3) Pause Cleanup 25M->25M(512M) 0.176ms
[2024-06-19T11:35:52.665-0400][17.936s] GC(3) User=0.00s Sys=0.00s Real=0.00s
[2024-06-19T11:35:52.665-0400][17.936s] GC(3) Concurrent Cleanup for Next Mark
[2024-06-19T11:35:52.665-0400][17.936s] GC(3) Concurrent Cleanup for Next Mark 0.878ms
[2024-06-19T11:35:52.665-0400][17.937s] GC(3) Concurrent Mark Cycle 78.807ms
[2024-06-19T11:35:56.689-0400][21.970s] GC(4) Pause Young (Concurrent Start) (Metadata GC Threshold)
[2024-06-19T11:35:56.689-0400][21.970s] GC(4) Using 8 workers of 8 for evacuation
[2024-06-19T11:35:56.705-0400][21.980s] GC(4)   Pre Evacuate Collection Set: 0.2ms
[2024-06-19T11:35:56.705-0400][21.980s] GC(4)   Merge Heap Roots: 0.1ms
[2024-06-19T11:35:56.705-0400][21.980s] GC(4)   Evacuate Collection Set: 8.8ms
[2024-06-19T11:35:56.705-0400][21.980s] GC(4)   Post Evacuate Collection Set: 0.8ms
[2024-06-19T11:35:56.705-0400][21.980s] GC(4)   Other: 0.2ms
[2024-06-19T11:35:56.705-0400][21.980s] GC(4) Eden regions: 97->0(290)
[2024-06-19T11:35:56.705-0400][21.980s] GC(4) Survivor regions: 12->17(39)
[2024-06-19T11:35:56.705-0400][21.980s] GC(4) Old regions: 9->9
[2024-06-19T11:35:56.705-0400][21.980s] GC(4) Archive regions: 0->0
[2024-06-19T11:35:56.705-0400][21.980s] GC(4) Humongous regions: 4->4
[2024-06-19T11:35:56.705-0400][21.980s] GC(4) Metaspace: 35298K(35648K)->35298K(35648K) NonClass: 31127K(31296K)->31127K(31296K) Class: 4171K(4352K)->4171K(4352K)
[2024-06-19T11:35:56.705-0400][21.980s] GC(4) Pause Young (Concurrent Start) (Metadata GC Threshold) 120M->28M(512M) 10.530ms
[2024-06-19T11:35:56.705-0400][21.980s] GC(4) User=0.03s Sys=0.00s Real=0.02s
[2024-06-19T11:35:56.705-0400][21.980s] GC(5) Concurrent Mark Cycle
[2024-06-19T11:35:56.705-0400][21.981s] GC(5) Concurrent Clear Claimed Marks
[2024-06-19T11:35:56.705-0400][21.981s] GC(5) Concurrent Clear Claimed Marks 0.083ms
[2024-06-19T11:35:56.705-0400][21.981s] GC(5) Concurrent Scan Root Regions
[2024-06-19T11:35:56.705-0400][21.987s] GC(5) Concurrent Scan Root Regions 6.669ms
[2024-06-19T11:35:56.705-0400][21.987s] GC(5) Concurrent Mark
[2024-06-19T11:35:56.705-0400][21.987s] GC(5) Concurrent Mark From Roots
[2024-06-19T11:35:56.705-0400][21.987s] GC(5) Using 2 workers of 2 for marking
[2024-06-19T11:35:56.721-0400][22.004s] GC(5) Concurrent Mark From Roots 17.005ms
[2024-06-19T11:35:56.721-0400][22.004s] GC(5) Concurrent Preclean
[2024-06-19T11:35:56.721-0400][22.005s] GC(5) Concurrent Preclean 0.197ms
[2024-06-19T11:35:56.721-0400][22.005s] GC(5) Pause Remark
[2024-06-19T11:35:56.737-0400][22.007s] GC(5) Pause Remark 29M->29M(512M) 2.120ms
[2024-06-19T11:35:56.737-0400][22.007s] GC(5) User=0.00s Sys=0.00s Real=0.02s
[2024-06-19T11:35:56.737-0400][22.007s] GC(5) Concurrent Mark 19.766ms
[2024-06-19T11:35:56.737-0400][22.007s] GC(5) Concurrent Rebuild Remembered Sets
[2024-06-19T11:35:56.737-0400][22.014s] GC(5) Concurrent Rebuild Remembered Sets 7.281ms
[2024-06-19T11:35:56.737-0400][22.015s] GC(5) Pause Cleanup
[2024-06-19T11:35:56.737-0400][22.015s] GC(5) Pause Cleanup 29M->29M(512M) 0.138ms
[2024-06-19T11:35:56.737-0400][22.015s] GC(5) User=0.00s Sys=0.00s Real=0.00s
[2024-06-19T11:35:56.737-0400][22.015s] GC(5) Concurrent Cleanup for Next Mark
[2024-06-19T11:35:56.737-0400][22.016s] GC(5) Concurrent Cleanup for Next Mark 0.782ms
[2024-06-19T11:35:56.737-0400][22.016s] GC(5) Concurrent Mark Cycle 35.348ms
