[2024-06-11T09:57:10.930-0400][0.130s] Using G1
[2024-06-11T09:57:11.408-0400][0.608s] Version: 16.0.1+9-24 (release)
[2024-06-11T09:57:11.409-0400][0.608s] CPUs: 8 total, 8 available
[2024-06-11T09:57:11.409-0400][0.608s] Memory: 7992M
[2024-06-11T09:57:11.409-0400][0.608s] Large Page Support: Disabled
[2024-06-11T09:57:11.409-0400][0.608s] NUMA Support: Disabled
[2024-06-11T09:57:11.409-0400][0.608s] Compressed Oops: Enabled (32-bit)
[2024-06-11T09:57:11.409-0400][0.608s] Heap Region Size: 1M
[2024-06-11T09:57:11.409-0400][0.608s] Heap Min Capacity: 512M
[2024-06-11T09:57:11.409-0400][0.608s] Heap Initial Capacity: 512M
[2024-06-11T09:57:11.409-0400][0.608s] Heap Max Capacity: 512M
[2024-06-11T09:57:11.409-0400][0.608s] Pre-touch: Enabled
[2024-06-11T09:57:11.409-0400][0.609s] Parallel Workers: 8
[2024-06-11T09:57:11.409-0400][0.609s] Concurrent Workers: 2
[2024-06-11T09:57:11.409-0400][0.609s] Concurrent Refinement Workers: 8
[2024-06-11T09:57:11.409-0400][0.609s] Periodic GC: Disabled
[2024-06-11T09:57:11.410-0400][0.609s] CDS archive(s) mapped at: [0x0000000800000000-0x0000000800bb0000-0x0000000800bb0000), size 12255232, SharedBaseAddress: 0x0000000800000000, ArchiveRelocationMode: 0.
[2024-06-11T09:57:11.410-0400][0.609s] Compressed class space mapped at: 0x0000000800c00000-0x0000000840c00000, reserved size: 1073741824
[2024-06-11T09:57:11.410-0400][0.609s] Narrow klass base: 0x0000000800000000, Narrow klass shift: 3, Narrow klass range: 0x100000000
[2024-06-11T09:57:20.603-0400][9.802s] GC(0) Pause Young (Normal) (G1 Evacuation Pause)
[2024-06-11T09:57:20.603-0400][9.802s] GC(0) Using 8 workers of 8 for evacuation
[2024-06-11T09:57:20.608-0400][9.807s] GC(0)   Pre Evacuate Collection Set: 0.1ms
[2024-06-11T09:57:20.608-0400][9.807s] GC(0)   Merge Heap Roots: 0.0ms
[2024-06-11T09:57:20.608-0400][9.807s] GC(0)   Evacuate Collection Set: 4.0ms
[2024-06-11T09:57:20.608-0400][9.807s] GC(0)   Post Evacuate Collection Set: 0.4ms
[2024-06-11T09:57:20.608-0400][9.807s] GC(0)   Other: 0.8ms
[2024-06-11T09:57:20.608-0400][9.807s] GC(0) Eden regions: 29->0(42)
[2024-06-11T09:57:20.608-0400][9.807s] GC(0) Survivor regions: 0->4(4)
[2024-06-11T09:57:20.608-0400][9.807s] GC(0) Old regions: 0->0
[2024-06-11T09:57:20.608-0400][9.807s] GC(0) Archive regions: 0->0
[2024-06-11T09:57:20.608-0400][9.807s] GC(0) Humongous regions: 0->0
[2024-06-11T09:57:20.608-0400][9.807s] GC(0) Metaspace: 6652K(6848K)->6652K(6848K) NonClass: 5900K(6016K)->5900K(6016K) Class: 752K(832K)->752K(832K)
[2024-06-11T09:57:20.608-0400][9.808s] GC(0) Pause Young (Normal) (G1 Evacuation Pause) 29M->3M(512M) 5.717ms
[2024-06-11T09:57:20.608-0400][9.808s] GC(0) User=0.00s Sys=0.00s Real=0.01s
[2024-06-11T09:57:23.318-0400][12.518s] GC(1) Pause Young (Normal) (G1 Evacuation Pause)
[2024-06-11T09:57:23.318-0400][12.518s] GC(1) Using 8 workers of 8 for evacuation
[2024-06-11T09:57:23.330-0400][12.530s] GC(1)   Pre Evacuate Collection Set: 0.1ms
[2024-06-11T09:57:23.330-0400][12.530s] GC(1)   Merge Heap Roots: 0.0ms
[2024-06-11T09:57:23.330-0400][12.530s] GC(1)   Evacuate Collection Set: 10.9ms
[2024-06-11T09:57:23.330-0400][12.530s] GC(1)   Post Evacuate Collection Set: 0.5ms
[2024-06-11T09:57:23.330-0400][12.530s] GC(1)   Other: 0.2ms
[2024-06-11T09:57:23.330-0400][12.530s] GC(1) Eden regions: 42->0(209)
[2024-06-11T09:57:23.330-0400][12.530s] GC(1) Survivor regions: 4->6(6)
[2024-06-11T09:57:23.330-0400][12.530s] GC(1) Old regions: 0->9
[2024-06-11T09:57:23.330-0400][12.530s] GC(1) Archive regions: 0->0
[2024-06-11T09:57:23.330-0400][12.530s] GC(1) Humongous regions: 4->4
[2024-06-11T09:57:23.330-0400][12.530s] GC(1) Metaspace: 18601K(18944K)->18601K(18944K) NonClass: 16446K(16640K)->16446K(16640K) Class: 2155K(2304K)->2155K(2304K)
[2024-06-11T09:57:23.330-0400][12.530s] GC(1) Pause Young (Normal) (G1 Evacuation Pause) 49M->18M(512M) 11.953ms
[2024-06-11T09:57:23.330-0400][12.530s] GC(1) User=0.02s Sys=0.00s Real=0.01s
[2024-06-11T09:57:27.267-0400][16.467s] GC(2) Pause Young (Concurrent Start) (Metadata GC Threshold)
[2024-06-11T09:57:27.267-0400][16.468s] GC(2) Using 8 workers of 8 for evacuation
[2024-06-11T09:57:27.273-0400][16.473s] GC(2)   Pre Evacuate Collection Set: 0.1ms
[2024-06-11T09:57:27.274-0400][16.474s] GC(2)   Merge Heap Roots: 0.1ms
[2024-06-11T09:57:27.274-0400][16.474s] GC(2)   Evacuate Collection Set: 4.9ms
[2024-06-11T09:57:27.274-0400][16.474s] GC(2)   Post Evacuate Collection Set: 0.6ms
[2024-06-11T09:57:27.274-0400][16.474s] GC(2)   Other: 0.4ms
[2024-06-11T09:57:27.274-0400][16.474s] GC(2) Eden regions: 48->0(296)
[2024-06-11T09:57:27.274-0400][16.474s] GC(2) Survivor regions: 6->11(23)
[2024-06-11T09:57:27.274-0400][16.474s] GC(2) Old regions: 9->9
[2024-06-11T09:57:27.274-0400][16.474s] GC(2) Archive regions: 0->0
[2024-06-11T09:57:27.274-0400][16.474s] GC(2) Humongous regions: 4->4
[2024-06-11T09:57:27.274-0400][16.474s] GC(2) Metaspace: 20961K(21248K)->20961K(21248K) NonClass: 18541K(18688K)->18541K(18688K) Class: 2419K(2560K)->2419K(2560K)
[2024-06-11T09:57:27.274-0400][16.474s] GC(2) Pause Young (Concurrent Start) (Metadata GC Threshold) 65M->23M(512M) 7.006ms
[2024-06-11T09:57:27.274-0400][16.474s] GC(2) User=0.00s Sys=0.00s Real=0.01s
[2024-06-11T09:57:27.274-0400][16.475s] GC(3) Concurrent Mark Cycle
[2024-06-11T09:57:27.274-0400][16.475s] GC(3) Concurrent Clear Claimed Marks
[2024-06-11T09:57:27.275-0400][16.475s] GC(3) Concurrent Clear Claimed Marks 0.049ms
[2024-06-11T09:57:27.275-0400][16.475s] GC(3) Concurrent Scan Root Regions
[2024-06-11T09:57:27.279-0400][16.479s] GC(3) Concurrent Scan Root Regions 4.269ms
[2024-06-11T09:57:27.279-0400][16.479s] GC(3) Concurrent Mark
[2024-06-11T09:57:27.279-0400][16.479s] GC(3) Concurrent Mark From Roots
[2024-06-11T09:57:27.279-0400][16.479s] GC(3) Using 2 workers of 2 for marking
[2024-06-11T09:57:27.296-0400][16.496s] GC(3) Concurrent Mark From Roots 17.129ms
[2024-06-11T09:57:27.296-0400][16.496s] GC(3) Concurrent Preclean
[2024-06-11T09:57:27.296-0400][16.496s] GC(3) Concurrent Preclean 0.242ms
[2024-06-11T09:57:27.296-0400][16.497s] GC(3) Pause Remark
[2024-06-11T09:57:27.298-0400][16.498s] GC(3) Pause Remark 24M->24M(512M) 1.647ms
[2024-06-11T09:57:27.298-0400][16.498s] GC(3) User=0.02s Sys=0.00s Real=0.00s
[2024-06-11T09:57:27.298-0400][16.498s] GC(3) Concurrent Mark 19.348ms
[2024-06-11T09:57:27.298-0400][16.498s] GC(3) Concurrent Rebuild Remembered Sets
[2024-06-11T09:57:27.307-0400][16.507s] GC(3) Concurrent Rebuild Remembered Sets 8.603ms
[2024-06-11T09:57:27.307-0400][16.507s] GC(3) Pause Cleanup
[2024-06-11T09:57:27.307-0400][16.507s] GC(3) Pause Cleanup 25M->25M(512M) 0.144ms
[2024-06-11T09:57:27.307-0400][16.507s] GC(3) User=0.00s Sys=0.00s Real=0.00s
[2024-06-11T09:57:27.307-0400][16.507s] GC(3) Concurrent Cleanup for Next Mark
[2024-06-11T09:57:27.308-0400][16.508s] GC(3) Concurrent Cleanup for Next Mark 0.864ms
[2024-06-11T09:57:27.308-0400][16.508s] GC(3) Concurrent Mark Cycle 33.844ms
[2024-06-11T09:57:29.371-0400][18.571s] GC(4) Pause Young (Concurrent Start) (Metadata GC Threshold)
[2024-06-11T09:57:29.371-0400][18.571s] GC(4) Using 8 workers of 8 for evacuation
[2024-06-11T09:57:29.371-0400][18.579s] GC(4)   Pre Evacuate Collection Set: 0.1ms
[2024-06-11T09:57:29.371-0400][18.579s] GC(4)   Merge Heap Roots: 0.1ms
[2024-06-11T09:57:29.371-0400][18.579s] GC(4)   Evacuate Collection Set: 7.3ms
[2024-06-11T09:57:29.371-0400][18.579s] GC(4)   Post Evacuate Collection Set: 0.7ms
[2024-06-11T09:57:29.371-0400][18.579s] GC(4)   Other: 0.2ms
[2024-06-11T09:57:29.371-0400][18.579s] GC(4) Eden regions: 90->0(290)
[2024-06-11T09:57:29.371-0400][18.579s] GC(4) Survivor regions: 11->17(39)
[2024-06-11T09:57:29.371-0400][18.579s] GC(4) Old regions: 9->9
[2024-06-11T09:57:29.371-0400][18.579s] GC(4) Archive regions: 0->0
[2024-06-11T09:57:29.371-0400][18.579s] GC(4) Humongous regions: 4->4
[2024-06-11T09:57:29.371-0400][18.579s] GC(4) Metaspace: 35320K(35648K)->35320K(35648K) NonClass: 31147K(31296K)->31147K(31296K) Class: 4173K(4352K)->4173K(4352K)
[2024-06-11T09:57:29.371-0400][18.579s] GC(4) Pause Young (Concurrent Start) (Metadata GC Threshold) 113M->28M(512M) 8.774ms
[2024-06-11T09:57:29.371-0400][18.579s] GC(4) User=0.00s Sys=0.00s Real=0.00s
[2024-06-11T09:57:29.380-0400][18.580s] GC(5) Concurrent Mark Cycle
[2024-06-11T09:57:29.380-0400][18.580s] GC(5) Concurrent Clear Claimed Marks
[2024-06-11T09:57:29.380-0400][18.580s] GC(5) Concurrent Clear Claimed Marks 0.068ms
[2024-06-11T09:57:29.380-0400][18.580s] GC(5) Concurrent Scan Root Regions
[2024-06-11T09:57:29.380-0400][18.586s] GC(5) Concurrent Scan Root Regions 6.350ms
[2024-06-11T09:57:29.380-0400][18.586s] GC(5) Concurrent Mark
[2024-06-11T09:57:29.380-0400][18.586s] GC(5) Concurrent Mark From Roots
[2024-06-11T09:57:29.380-0400][18.586s] GC(5) Using 2 workers of 2 for marking
[2024-06-11T09:57:29.396-0400][18.602s] GC(5) Concurrent Mark From Roots 16.071ms
[2024-06-11T09:57:29.396-0400][18.602s] GC(5) Concurrent Preclean
[2024-06-11T09:57:29.396-0400][18.603s] GC(5) Concurrent Preclean 0.277ms
[2024-06-11T09:57:29.396-0400][18.603s] GC(5) Pause Remark
[2024-06-11T09:57:29.396-0400][18.605s] GC(5) Pause Remark 29M->29M(512M) 2.087ms
[2024-06-11T09:57:29.396-0400][18.605s] GC(5) User=0.00s Sys=0.00s Real=0.00s
[2024-06-11T09:57:29.396-0400][18.605s] GC(5) Concurrent Mark 18.761ms
[2024-06-11T09:57:29.396-0400][18.605s] GC(5) Concurrent Rebuild Remembered Sets
[2024-06-11T09:57:29.412-0400][18.614s] GC(5) Concurrent Rebuild Remembered Sets 8.848ms
[2024-06-11T09:57:29.412-0400][18.614s] GC(5) Pause Cleanup
[2024-06-11T09:57:29.412-0400][18.614s] GC(5) Pause Cleanup 30M->30M(512M) 0.136ms
[2024-06-11T09:57:29.412-0400][18.614s] GC(5) User=0.00s Sys=0.00s Real=0.00s
[2024-06-11T09:57:29.412-0400][18.614s] GC(5) Concurrent Cleanup for Next Mark
[2024-06-11T09:57:29.412-0400][18.615s] GC(5) Concurrent Cleanup for Next Mark 0.839ms
[2024-06-11T09:57:29.412-0400][18.615s] GC(5) Concurrent Mark Cycle 35.589ms
